[2026-01-15T18:36:41.428+0530][0.008s][info][gc,init] CardTable entry size: 512
[2026-01-15T18:36:41.429+0530][0.009s][info][gc     ] Using G1
[2026-01-15T18:36:41.430+0530][0.010s][info][gc,init] Version: 21.0.9+7-LTS-jvmci-23.1-b79 (release)
[2026-01-15T18:36:41.430+0530][0.010s][info][gc,init] CPUs: 8 total, 8 available
[2026-01-15T18:36:41.430+0530][0.011s][info][gc,init] Memory: 16167M
[2026-01-15T18:36:41.430+0530][0.011s][info][gc,init] Large Page Support: Disabled
[2026-01-15T18:36:41.430+0530][0.011s][info][gc,init] NUMA Support: Disabled
[2026-01-15T18:36:41.430+0530][0.011s][info][gc,init] Compressed Oops: Enabled (32-bit)
[2026-01-15T18:36:41.430+0530][0.011s][info][gc,init] Heap Region Size: 1M
[2026-01-15T18:36:41.431+0530][0.011s][info][gc,init] Heap Min Capacity: 256M
[2026-01-15T18:36:41.431+0530][0.011s][info][gc,init] Heap Initial Capacity: 256M
[2026-01-15T18:36:41.431+0530][0.011s][info][gc,init] Heap Max Capacity: 256M
[2026-01-15T18:36:41.431+0530][0.011s][info][gc,init] Pre-touch: Disabled
[2026-01-15T18:36:41.431+0530][0.011s][info][gc,init] Parallel Workers: 8
[2026-01-15T18:36:41.431+0530][0.011s][info][gc,init] Concurrent Workers: 2
[2026-01-15T18:36:41.431+0530][0.011s][info][gc,init] Concurrent Refinement Workers: 8
[2026-01-15T18:36:41.431+0530][0.011s][info][gc,init] Periodic GC: Disabled
[2026-01-15T18:36:41.439+0530][0.020s][info][gc,metaspace] CDS archive(s) mapped at: [0x000001e180000000-0x000001e180c90000-0x000001e180c90000), size 13172736, SharedBaseAddress: 0x000001e180000000, ArchiveRelocationMode: 1.
[2026-01-15T18:36:41.439+0530][0.020s][info][gc,metaspace] Compressed class space mapped at: 0x000001e181000000-0x000001e1c1000000, reserved size: 1073741824
[2026-01-15T18:36:41.439+0530][0.020s][info][gc,metaspace] Narrow klass base: 0x000001e180000000, Narrow klass shift: 0, Narrow klass range: 0x100000000
[2026-01-15T18:36:41.491+0530][0.071s][info][gc,start    ] GC(0) Pause Young (Concurrent Start) (G1 Humongous Allocation)
[2026-01-15T18:36:41.491+0530][0.071s][info][gc,task     ] GC(0) Using 6 workers of 8 for evacuation
[2026-01-15T18:36:41.494+0530][0.073s][info][gc,phases   ] GC(0)   Pre Evacuate Collection Set: 1.0ms
[2026-01-15T18:36:41.494+0530][0.073s][info][gc,phases   ] GC(0)   Merge Heap Roots: 0.1ms
[2026-01-15T18:36:41.494+0530][0.073s][info][gc,phases   ] GC(0)   Evacuate Collection Set: 0.6ms
[2026-01-15T18:36:41.494+0530][0.073s][info][gc,phases   ] GC(0)   Post Evacuate Collection Set: 0.5ms
[2026-01-15T18:36:41.494+0530][0.074s][info][gc,phases   ] GC(0)   Other: 0.2ms
[2026-01-15T18:36:41.494+0530][0.074s][info][gc,heap     ] GC(0) Eden regions: 4->0(19)
[2026-01-15T18:36:41.494+0530][0.074s][info][gc,heap     ] GC(0) Survivor regions: 0->1(3)
[2026-01-15T18:36:41.494+0530][0.074s][info][gc,heap     ] GC(0) Old regions: 0->0
[2026-01-15T18:36:41.494+0530][0.074s][info][gc,heap     ] GC(0) Humongous regions: 116->116
[2026-01-15T18:36:41.494+0530][0.074s][info][gc,metaspace] GC(0) Metaspace: 279K(512K)->279K(512K) NonClass: 272K(384K)->272K(384K) Class: 7K(128K)->7K(128K)
[2026-01-15T18:36:41.494+0530][0.074s][info][gc          ] GC(0) Pause Young (Concurrent Start) (G1 Humongous Allocation) 119M->116M(256M) 3.004ms
[2026-01-15T18:36:41.494+0530][0.074s][info][gc,cpu      ] GC(0) User=0.00s Sys=0.02s Real=0.00s
[2026-01-15T18:36:41.494+0530][0.074s][info][gc          ] GC(1) Concurrent Mark Cycle
[2026-01-15T18:36:41.494+0530][0.074s][info][gc,marking  ] GC(1) Concurrent Scan Root Regions
[2026-01-15T18:36:41.494+0530][0.074s][info][gc,marking  ] GC(1) Concurrent Scan Root Regions 0.598ms
[2026-01-15T18:36:41.494+0530][0.074s][info][gc,marking  ] GC(1) Concurrent Mark
[2026-01-15T18:36:41.494+0530][0.074s][info][gc,marking  ] GC(1) Concurrent Mark From Roots
[2026-01-15T18:36:41.494+0530][0.074s][info][gc,task     ] GC(1) Using 2 workers of 2 for marking
[2026-01-15T18:36:41.495+0530][0.075s][info][gc,marking  ] GC(1) Concurrent Mark From Roots 0.437ms
[2026-01-15T18:36:41.495+0530][0.075s][info][gc,marking  ] GC(1) Concurrent Preclean
[2026-01-15T18:36:41.495+0530][0.075s][info][gc,marking  ] GC(1) Concurrent Preclean 0.073ms
[2026-01-15T18:36:41.495+0530][0.075s][info][gc,start    ] GC(1) Pause Remark
[2026-01-15T18:36:41.496+0530][0.076s][info][gc          ] GC(1) Pause Remark 128M->128M(256M) 1.381ms
[2026-01-15T18:36:41.496+0530][0.076s][info][gc,cpu      ] GC(1) User=0.00s Sys=0.00s Real=0.00s
[2026-01-15T18:36:41.497+0530][0.076s][info][gc,marking  ] GC(1) Concurrent Mark 2.113ms
[2026-01-15T18:36:41.497+0530][0.076s][info][gc,marking  ] GC(1) Concurrent Rebuild Remembered Sets and Scrub Regions
[2026-01-15T18:36:41.497+0530][0.077s][info][gc,marking  ] GC(1) Concurrent Rebuild Remembered Sets and Scrub Regions 0.038ms
[2026-01-15T18:36:41.497+0530][0.077s][info][gc,start    ] GC(1) Pause Cleanup
[2026-01-15T18:36:41.497+0530][0.077s][info][gc          ] GC(1) Pause Cleanup 130M->130M(256M) 0.017ms
[2026-01-15T18:36:41.497+0530][0.077s][info][gc,cpu      ] GC(1) User=0.00s Sys=0.00s Real=0.00s
[2026-01-15T18:36:41.497+0530][0.077s][info][gc,marking  ] GC(1) Concurrent Clear Claimed Marks
[2026-01-15T18:36:41.497+0530][0.077s][info][gc,marking  ] GC(1) Concurrent Clear Claimed Marks 0.025ms
[2026-01-15T18:36:41.497+0530][0.077s][info][gc,marking  ] GC(1) Concurrent Cleanup for Next Mark
[2026-01-15T18:36:41.498+0530][0.078s][info][gc,marking  ] GC(1) Concurrent Cleanup for Next Mark 0.675ms
[2026-01-15T18:36:41.498+0530][0.078s][info][gc          ] GC(1) Concurrent Mark Cycle 3.909ms
[2026-01-15T18:36:41.498+0530][0.078s][info][gc,start    ] GC(2) Pause Young (Concurrent Start) (G1 Humongous Allocation)
[2026-01-15T18:36:41.498+0530][0.078s][info][gc,task     ] GC(2) Using 6 workers of 8 for evacuation
[2026-01-15T18:36:41.499+0530][0.079s][info][gc,phases   ] GC(2)   Pre Evacuate Collection Set: 0.2ms
[2026-01-15T18:36:41.499+0530][0.079s][info][gc,phases   ] GC(2)   Merge Heap Roots: 0.1ms
[2026-01-15T18:36:41.499+0530][0.079s][info][gc,phases   ] GC(2)   Evacuate Collection Set: 0.5ms
[2026-01-15T18:36:41.499+0530][0.079s][info][gc,phases   ] GC(2)   Post Evacuate Collection Set: 0.3ms
[2026-01-15T18:36:41.499+0530][0.079s][info][gc,phases   ] GC(2)   Other: 0.1ms
[2026-01-15T18:36:41.499+0530][0.079s][info][gc,heap     ] GC(2) Eden regions: 0->0(31)
[2026-01-15T18:36:41.499+0530][0.079s][info][gc,heap     ] GC(2) Survivor regions: 1->1(3)
[2026-01-15T18:36:41.499+0530][0.079s][info][gc,heap     ] GC(2) Old regions: 0->0
[2026-01-15T18:36:41.499+0530][0.079s][info][gc,heap     ] GC(2) Humongous regions: 138->138
[2026-01-15T18:36:41.499+0530][0.079s][info][gc,metaspace] GC(2) Metaspace: 279K(512K)->279K(512K) NonClass: 272K(384K)->272K(384K) Class: 7K(128K)->7K(128K)
[2026-01-15T18:36:41.499+0530][0.079s][info][gc          ] GC(2) Pause Young (Concurrent Start) (G1 Humongous Allocation) 138M->138M(256M) 1.337ms
[2026-01-15T18:36:41.499+0530][0.079s][info][gc,cpu      ] GC(2) User=0.00s Sys=0.00s Real=0.00s
[2026-01-15T18:36:41.499+0530][0.079s][info][gc          ] GC(3) Concurrent Mark Cycle
[2026-01-15T18:36:41.499+0530][0.079s][info][gc,marking  ] GC(3) Concurrent Scan Root Regions
[2026-01-15T18:36:41.500+0530][0.080s][info][gc,marking  ] GC(3) Concurrent Scan Root Regions 0.494ms
[2026-01-15T18:36:41.500+0530][0.080s][info][gc,marking  ] GC(3) Concurrent Mark
[2026-01-15T18:36:41.500+0530][0.080s][info][gc,marking  ] GC(3) Concurrent Mark From Roots
[2026-01-15T18:36:41.500+0530][0.080s][info][gc,task     ] GC(3) Using 2 workers of 2 for marking
[2026-01-15T18:36:41.500+0530][0.080s][info][gc,marking  ] GC(3) Concurrent Mark From Roots 0.121ms
[2026-01-15T18:36:41.500+0530][0.080s][info][gc,marking  ] GC(3) Concurrent Preclean
[2026-01-15T18:36:41.500+0530][0.080s][info][gc,marking  ] GC(3) Concurrent Preclean 0.009ms
[2026-01-15T18:36:41.500+0530][0.080s][info][gc,start    ] GC(3) Pause Remark
[2026-01-15T18:36:41.501+0530][0.081s][info][gc          ] GC(3) Pause Remark 148M->148M(256M) 0.826ms
[2026-01-15T18:36:41.501+0530][0.081s][info][gc,cpu      ] GC(3) User=0.00s Sys=0.00s Real=0.00s
[2026-01-15T18:36:41.501+0530][0.081s][info][gc,marking  ] GC(3) Concurrent Mark 1.325ms
[2026-01-15T18:36:41.501+0530][0.081s][info][gc,marking  ] GC(3) Concurrent Rebuild Remembered Sets and Scrub Regions
[2026-01-15T18:36:41.501+0530][0.081s][info][gc,marking  ] GC(3) Concurrent Rebuild Remembered Sets and Scrub Regions 0.093ms
[2026-01-15T18:36:41.501+0530][0.081s][info][gc,start    ] GC(3) Pause Cleanup
[2026-01-15T18:36:41.501+0530][0.081s][info][gc          ] GC(3) Pause Cleanup 151M->151M(256M) 0.017ms
[2026-01-15T18:36:41.501+0530][0.081s][info][gc,cpu      ] GC(3) User=0.00s Sys=0.00s Real=0.00s
[2026-01-15T18:36:41.501+0530][0.081s][info][gc,marking  ] GC(3) Concurrent Clear Claimed Marks
[2026-01-15T18:36:41.501+0530][0.081s][info][gc,marking  ] GC(3) Concurrent Clear Claimed Marks 0.025ms
[2026-01-15T18:36:41.501+0530][0.081s][info][gc,marking  ] GC(3) Concurrent Cleanup for Next Mark
[2026-01-15T18:36:41.502+0530][0.082s][info][gc,marking  ] GC(3) Concurrent Cleanup for Next Mark 0.351ms
[2026-01-15T18:36:41.502+0530][0.082s][info][gc          ] GC(3) Concurrent Mark Cycle 2.647ms
[2026-01-15T18:36:41.502+0530][0.082s][info][gc,start    ] GC(4) Pause Young (Concurrent Start) (G1 Humongous Allocation)
[2026-01-15T18:36:41.502+0530][0.082s][info][gc,task     ] GC(4) Using 6 workers of 8 for evacuation
[2026-01-15T18:36:41.503+0530][0.083s][info][gc,phases   ] GC(4)   Pre Evacuate Collection Set: 0.1ms
[2026-01-15T18:36:41.503+0530][0.083s][info][gc,phases   ] GC(4)   Merge Heap Roots: 0.0ms
[2026-01-15T18:36:41.503+0530][0.083s][info][gc,phases   ] GC(4)   Evacuate Collection Set: 0.5ms
[2026-01-15T18:36:41.503+0530][0.083s][info][gc,phases   ] GC(4)   Post Evacuate Collection Set: 0.1ms
[2026-01-15T18:36:41.503+0530][0.083s][info][gc,phases   ] GC(4)   Other: 0.0ms
[2026-01-15T18:36:41.503+0530][0.083s][info][gc,heap     ] GC(4) Eden regions: 1->0(47)
[2026-01-15T18:36:41.503+0530][0.083s][info][gc,heap     ] GC(4) Survivor regions: 1->1(4)
[2026-01-15T18:36:41.503+0530][0.083s][info][gc,heap     ] GC(4) Old regions: 0->0
[2026-01-15T18:36:41.503+0530][0.083s][info][gc,heap     ] GC(4) Humongous regions: 156->156
[2026-01-15T18:36:41.503+0530][0.083s][info][gc,metaspace] GC(4) Metaspace: 279K(512K)->279K(512K) NonClass: 272K(384K)->272K(384K) Class: 7K(128K)->7K(128K)
[2026-01-15T18:36:41.503+0530][0.083s][info][gc          ] GC(4) Pause Young (Concurrent Start) (G1 Humongous Allocation) 157M->156M(256M) 0.908ms
[2026-01-15T18:36:41.503+0530][0.083s][info][gc,cpu      ] GC(4) User=0.00s Sys=0.00s Real=0.00s
[2026-01-15T18:36:41.503+0530][0.083s][info][gc          ] GC(5) Concurrent Mark Cycle
[2026-01-15T18:36:41.503+0530][0.083s][info][gc,marking  ] GC(5) Concurrent Scan Root Regions
[2026-01-15T18:36:41.503+0530][0.083s][info][gc,marking  ] GC(5) Concurrent Scan Root Regions 0.418ms
[2026-01-15T18:36:41.503+0530][0.083s][info][gc,marking  ] GC(5) Concurrent Mark
[2026-01-15T18:36:41.503+0530][0.083s][info][gc,marking  ] GC(5) Concurrent Mark From Roots
[2026-01-15T18:36:41.503+0530][0.083s][info][gc,task     ] GC(5) Using 2 workers of 2 for marking
[2026-01-15T18:36:41.503+0530][0.083s][info][gc,marking  ] GC(5) Concurrent Mark From Roots 0.089ms
[2026-01-15T18:36:41.503+0530][0.083s][info][gc,marking  ] GC(5) Concurrent Preclean
[2026-01-15T18:36:41.503+0530][0.083s][info][gc,marking  ] GC(5) Concurrent Preclean 0.008ms
[2026-01-15T18:36:41.504+0530][0.084s][info][gc,start    ] GC(5) Pause Remark
[2026-01-15T18:36:41.504+0530][0.084s][info][gc          ] GC(5) Pause Remark 164M->164M(256M) 0.222ms
[2026-01-15T18:36:41.504+0530][0.084s][info][gc,cpu      ] GC(5) User=0.00s Sys=0.00s Real=0.00s
[2026-01-15T18:36:41.504+0530][0.084s][info][gc,marking  ] GC(5) Concurrent Mark 0.517ms
[2026-01-15T18:36:41.504+0530][0.084s][info][gc,marking  ] GC(5) Concurrent Rebuild Remembered Sets and Scrub Regions
[2026-01-15T18:36:41.504+0530][0.084s][info][gc,marking  ] GC(5) Concurrent Rebuild Remembered Sets and Scrub Regions 0.028ms
[2026-01-15T18:36:41.504+0530][0.084s][info][gc,start    ] GC(5) Pause Cleanup
[2026-01-15T18:36:41.504+0530][0.084s][info][gc          ] GC(5) Pause Cleanup 166M->166M(256M) 0.017ms
[2026-01-15T18:36:41.504+0530][0.084s][info][gc,cpu      ] GC(5) User=0.00s Sys=0.00s Real=0.00s
[2026-01-15T18:36:41.504+0530][0.084s][info][gc,marking  ] GC(5) Concurrent Clear Claimed Marks
[2026-01-15T18:36:41.504+0530][0.084s][info][gc,marking  ] GC(5) Concurrent Clear Claimed Marks 0.009ms
[2026-01-15T18:36:41.504+0530][0.084s][info][gc,marking  ] GC(5) Concurrent Cleanup for Next Mark
[2026-01-15T18:36:41.504+0530][0.084s][info][gc,marking  ] GC(5) Concurrent Cleanup for Next Mark 0.375ms
[2026-01-15T18:36:41.504+0530][0.084s][info][gc          ] GC(5) Concurrent Mark Cycle 1.592ms
[2026-01-15T18:36:41.505+0530][0.085s][info][gc,start    ] GC(6) Pause Young (Concurrent Start) (G1 Humongous Allocation)
[2026-01-15T18:36:41.505+0530][0.085s][info][gc,task     ] GC(6) Using 6 workers of 8 for evacuation
[2026-01-15T18:36:41.505+0530][0.085s][info][gc,phases   ] GC(6)   Pre Evacuate Collection Set: 0.1ms
[2026-01-15T18:36:41.505+0530][0.085s][info][gc,phases   ] GC(6)   Merge Heap Roots: 0.0ms
[2026-01-15T18:36:41.505+0530][0.085s][info][gc,phases   ] GC(6)   Evacuate Collection Set: 0.5ms
[2026-01-15T18:36:41.505+0530][0.085s][info][gc,phases   ] GC(6)   Post Evacuate Collection Set: 0.1ms
[2026-01-15T18:36:41.505+0530][0.085s][info][gc,phases   ] GC(6)   Other: 0.0ms
[2026-01-15T18:36:41.505+0530][0.085s][info][gc,heap     ] GC(6) Eden regions: 0->0(39)
[2026-01-15T18:36:41.505+0530][0.085s][info][gc,heap     ] GC(6) Survivor regions: 1->1(6)
[2026-01-15T18:36:41.505+0530][0.085s][info][gc,heap     ] GC(6) Old regions: 0->0
[2026-01-15T18:36:41.505+0530][0.085s][info][gc,heap     ] GC(6) Humongous regions: 172->172
[2026-01-15T18:36:41.505+0530][0.085s][info][gc,metaspace] GC(6) Metaspace: 279K(512K)->279K(512K) NonClass: 272K(384K)->272K(384K) Class: 7K(128K)->7K(128K)
[2026-01-15T18:36:41.506+0530][0.085s][info][gc          ] GC(6) Pause Young (Concurrent Start) (G1 Humongous Allocation) 172M->172M(256M) 0.856ms
[2026-01-15T18:36:41.506+0530][0.085s][info][gc,cpu      ] GC(6) User=0.00s Sys=0.00s Real=0.00s
[2026-01-15T18:36:41.506+0530][0.085s][info][gc          ] GC(7) Concurrent Mark Cycle
[2026-01-15T18:36:41.506+0530][0.085s][info][gc,marking  ] GC(7) Concurrent Scan Root Regions
[2026-01-15T18:36:41.506+0530][0.086s][info][gc,marking  ] GC(7) Concurrent Scan Root Regions 0.401ms
[2026-01-15T18:36:41.506+0530][0.086s][info][gc,marking  ] GC(7) Concurrent Mark
[2026-01-15T18:36:41.506+0530][0.086s][info][gc,marking  ] GC(7) Concurrent Mark From Roots
[2026-01-15T18:36:41.506+0530][0.086s][info][gc,task     ] GC(7) Using 2 workers of 2 for marking
[2026-01-15T18:36:41.506+0530][0.086s][info][gc,marking  ] GC(7) Concurrent Mark From Roots 0.086ms
[2026-01-15T18:36:41.506+0530][0.086s][info][gc,marking  ] GC(7) Concurrent Preclean
[2026-01-15T18:36:41.506+0530][0.086s][info][gc,marking  ] GC(7) Concurrent Preclean 0.008ms
[2026-01-15T18:36:41.506+0530][0.086s][info][gc,start    ] GC(7) Pause Remark
[2026-01-15T18:36:41.506+0530][0.086s][info][gc          ] GC(7) Pause Remark 180M->180M(256M) 0.207ms
[2026-01-15T18:36:41.506+0530][0.086s][info][gc,cpu      ] GC(7) User=0.00s Sys=0.00s Real=0.00s
[2026-01-15T18:36:41.506+0530][0.086s][info][gc,marking  ] GC(7) Concurrent Mark 0.490ms
[2026-01-15T18:36:41.506+0530][0.086s][info][gc,marking  ] GC(7) Concurrent Rebuild Remembered Sets and Scrub Regions
[2026-01-15T18:36:41.506+0530][0.086s][info][gc,marking  ] GC(7) Concurrent Rebuild Remembered Sets and Scrub Regions 0.026ms
[2026-01-15T18:36:41.507+0530][0.087s][info][gc,start    ] GC(7) Pause Cleanup
[2026-01-15T18:36:41.507+0530][0.087s][info][gc          ] GC(7) Pause Cleanup 182M->182M(256M) 0.012ms
[2026-01-15T18:36:41.507+0530][0.087s][info][gc,cpu      ] GC(7) User=0.00s Sys=0.00s Real=0.00s
[2026-01-15T18:36:41.507+0530][0.087s][info][gc,marking  ] GC(7) Concurrent Clear Claimed Marks
[2026-01-15T18:36:41.507+0530][0.087s][info][gc,marking  ] GC(7) Concurrent Clear Claimed Marks 0.009ms
[2026-01-15T18:36:41.507+0530][0.087s][info][gc,marking  ] GC(7) Concurrent Cleanup for Next Mark
[2026-01-15T18:36:41.507+0530][0.087s][info][gc,marking  ] GC(7) Concurrent Cleanup for Next Mark 0.349ms
[2026-01-15T18:36:41.507+0530][0.087s][info][gc          ] GC(7) Concurrent Mark Cycle 1.554ms
[2026-01-15T18:36:41.507+0530][0.087s][info][gc,start    ] GC(8) Pause Young (Concurrent Start) (G1 Humongous Allocation)
[2026-01-15T18:36:41.507+0530][0.087s][info][gc,task     ] GC(8) Using 6 workers of 8 for evacuation
[2026-01-15T18:36:41.508+0530][0.088s][info][gc,phases   ] GC(8)   Pre Evacuate Collection Set: 0.1ms
[2026-01-15T18:36:41.508+0530][0.088s][info][gc,phases   ] GC(8)   Merge Heap Roots: 0.0ms
[2026-01-15T18:36:41.508+0530][0.088s][info][gc,phases   ] GC(8)   Evacuate Collection Set: 0.5ms
[2026-01-15T18:36:41.508+0530][0.088s][info][gc,phases   ] GC(8)   Post Evacuate Collection Set: 0.1ms
[2026-01-15T18:36:41.508+0530][0.088s][info][gc,phases   ] GC(8)   Other: 0.0ms
[2026-01-15T18:36:41.508+0530][0.088s][info][gc,heap     ] GC(8) Eden regions: 0->0(32)
[2026-01-15T18:36:41.508+0530][0.088s][info][gc,heap     ] GC(8) Survivor regions: 1->1(5)
[2026-01-15T18:36:41.508+0530][0.088s][info][gc,heap     ] GC(8) Old regions: 0->0
[2026-01-15T18:36:41.508+0530][0.088s][info][gc,heap     ] GC(8) Humongous regions: 188->188
[2026-01-15T18:36:41.508+0530][0.088s][info][gc,metaspace] GC(8) Metaspace: 279K(512K)->279K(512K) NonClass: 272K(384K)->272K(384K) Class: 7K(128K)->7K(128K)
[2026-01-15T18:36:41.508+0530][0.088s][info][gc          ] GC(8) Pause Young (Concurrent Start) (G1 Humongous Allocation) 188M->188M(256M) 0.887ms
[2026-01-15T18:36:41.508+0530][0.088s][info][gc,cpu      ] GC(8) User=0.00s Sys=0.00s Real=0.00s
[2026-01-15T18:36:41.508+0530][0.088s][info][gc          ] GC(9) Concurrent Mark Cycle
[2026-01-15T18:36:41.508+0530][0.088s][info][gc,marking  ] GC(9) Concurrent Scan Root Regions
[2026-01-15T18:36:41.509+0530][0.088s][info][gc,marking  ] GC(9) Concurrent Scan Root Regions 0.404ms
[2026-01-15T18:36:41.509+0530][0.088s][info][gc,marking  ] GC(9) Concurrent Mark
[2026-01-15T18:36:41.509+0530][0.088s][info][gc,marking  ] GC(9) Concurrent Mark From Roots
[2026-01-15T18:36:41.509+0530][0.088s][info][gc,task     ] GC(9) Using 2 workers of 2 for marking
[2026-01-15T18:36:41.509+0530][0.089s][info][gc,marking  ] GC(9) Concurrent Mark From Roots 0.088ms
[2026-01-15T18:36:41.509+0530][0.089s][info][gc,marking  ] GC(9) Concurrent Preclean
[2026-01-15T18:36:41.509+0530][0.089s][info][gc,marking  ] GC(9) Concurrent Preclean 0.008ms
[2026-01-15T18:36:41.509+0530][0.089s][info][gc,start    ] GC(9) Pause Remark
[2026-01-15T18:36:41.509+0530][0.089s][info][gc          ] GC(9) Pause Remark 196M->196M(256M) 0.206ms
[2026-01-15T18:36:41.509+0530][0.089s][info][gc,cpu      ] GC(9) User=0.00s Sys=0.00s Real=0.00s
[2026-01-15T18:36:41.509+0530][0.089s][info][gc,marking  ] GC(9) Concurrent Mark 0.490ms
[2026-01-15T18:36:41.509+0530][0.089s][info][gc,marking  ] GC(9) Concurrent Rebuild Remembered Sets and Scrub Regions
[2026-01-15T18:36:41.509+0530][0.089s][info][gc,marking  ] GC(9) Concurrent Rebuild Remembered Sets and Scrub Regions 0.025ms
[2026-01-15T18:36:41.509+0530][0.089s][info][gc,start    ] GC(9) Pause Cleanup
[2026-01-15T18:36:41.509+0530][0.089s][info][gc          ] GC(9) Pause Cleanup 198M->198M(256M) 0.012ms
[2026-01-15T18:36:41.509+0530][0.089s][info][gc,cpu      ] GC(9) User=0.00s Sys=0.00s Real=0.00s
[2026-01-15T18:36:41.509+0530][0.089s][info][gc,marking  ] GC(9) Concurrent Clear Claimed Marks
[2026-01-15T18:36:41.509+0530][0.089s][info][gc,marking  ] GC(9) Concurrent Clear Claimed Marks 0.009ms
[2026-01-15T18:36:41.509+0530][0.089s][info][gc,marking  ] GC(9) Concurrent Cleanup for Next Mark
[2026-01-15T18:36:41.510+0530][0.089s][info][gc,marking  ] GC(9) Concurrent Cleanup for Next Mark 0.334ms
[2026-01-15T18:36:41.510+0530][0.090s][info][gc          ] GC(9) Concurrent Mark Cycle 1.497ms
[2026-01-15T18:36:41.526+0530][0.106s][info][gc,start    ] GC(10) Pause Young (Concurrent Start) (G1 Humongous Allocation)
[2026-01-15T18:36:41.526+0530][0.106s][info][gc,task     ] GC(10) Using 6 workers of 8 for evacuation
[2026-01-15T18:36:41.527+0530][0.107s][info][gc,phases   ] GC(10)   Pre Evacuate Collection Set: 0.1ms
[2026-01-15T18:36:41.527+0530][0.107s][info][gc,phases   ] GC(10)   Merge Heap Roots: 0.1ms
[2026-01-15T18:36:41.527+0530][0.107s][info][gc,phases   ] GC(10)   Evacuate Collection Set: 0.7ms
[2026-01-15T18:36:41.527+0530][0.107s][info][gc,phases   ] GC(10)   Post Evacuate Collection Set: 0.4ms
[2026-01-15T18:36:41.527+0530][0.107s][info][gc,phases   ] GC(10)   Other: 0.2ms
[2026-01-15T18:36:41.527+0530][0.107s][info][gc,heap     ] GC(10) Eden regions: 2->0(149)
[2026-01-15T18:36:41.527+0530][0.108s][info][gc,heap     ] GC(10) Survivor regions: 1->1(5)
[2026-01-15T18:36:41.527+0530][0.108s][info][gc,heap     ] GC(10) Old regions: 0->0
[2026-01-15T18:36:41.527+0530][0.108s][info][gc,heap     ] GC(10) Humongous regions: 200->0
[2026-01-15T18:36:41.527+0530][0.108s][info][gc,metaspace] GC(10) Metaspace: 337K(512K)->337K(512K) NonClass: 327K(384K)->327K(384K) Class: 10K(128K)->10K(128K)
[2026-01-15T18:36:41.527+0530][0.108s][info][gc          ] GC(10) Pause Young (Concurrent Start) (G1 Humongous Allocation) 202M->0M(256M) 1.741ms
[2026-01-15T18:36:41.527+0530][0.108s][info][gc,cpu      ] GC(10) User=0.00s Sys=0.00s Real=0.00s
[2026-01-15T18:36:41.527+0530][0.108s][info][gc          ] GC(11) Concurrent Undo Cycle
[2026-01-15T18:36:41.527+0530][0.108s][info][gc,marking  ] GC(11) Concurrent Clear Claimed Marks
[2026-01-15T18:36:41.527+0530][0.108s][info][gc,marking  ] GC(11) Concurrent Clear Claimed Marks 0.016ms
[2026-01-15T18:36:41.527+0530][0.108s][info][gc,marking  ] GC(11) Concurrent Cleanup for Next Mark
[2026-01-15T18:36:41.528+0530][0.108s][info][gc,marking  ] GC(11) Concurrent Cleanup for Next Mark 0.064ms
[2026-01-15T18:36:41.528+0530][0.108s][info][gc          ] GC(11) Concurrent Undo Cycle 0.169ms
[2026-01-15T18:36:41.840+0530][0.420s][info][gc,start    ] GC(12) Pause Young (Concurrent Start) (G1 Humongous Allocation)
[2026-01-15T18:36:41.841+0530][0.420s][info][gc,task     ] GC(12) Using 6 workers of 8 for evacuation
[2026-01-15T18:36:41.843+0530][0.422s][info][gc,phases   ] GC(12)   Pre Evacuate Collection Set: 0.3ms
[2026-01-15T18:36:41.843+0530][0.422s][info][gc,phases   ] GC(12)   Merge Heap Roots: 0.0ms
[2026-01-15T18:36:41.843+0530][0.422s][info][gc,phases   ] GC(12)   Evacuate Collection Set: 1.0ms
[2026-01-15T18:36:41.843+0530][0.422s][info][gc,phases   ] GC(12)   Post Evacuate Collection Set: 0.7ms
[2026-01-15T18:36:41.843+0530][0.422s][info][gc,phases   ] GC(12)   Other: 0.1ms
[2026-01-15T18:36:41.843+0530][0.422s][info][gc,heap     ] GC(12) Eden regions: 4->0(78)
[2026-01-15T18:36:41.843+0530][0.422s][info][gc,heap     ] GC(12) Survivor regions: 1->2(19)
[2026-01-15T18:36:41.843+0530][0.422s][info][gc,heap     ] GC(12) Old regions: 0->0
[2026-01-15T18:36:41.843+0530][0.422s][info][gc,heap     ] GC(12) Humongous regions: 116->116
[2026-01-15T18:36:41.843+0530][0.422s][info][gc,metaspace] GC(12) Metaspace: 810K(960K)->810K(960K) NonClass: 756K(832K)->756K(832K) Class: 53K(128K)->53K(128K)
[2026-01-15T18:36:41.843+0530][0.423s][info][gc          ] GC(12) Pause Young (Concurrent Start) (G1 Humongous Allocation) 120M->117M(256M) 2.327ms
[2026-01-15T18:36:41.843+0530][0.423s][info][gc,cpu      ] GC(12) User=0.00s Sys=0.00s Real=0.00s
[2026-01-15T18:36:41.843+0530][0.423s][info][gc          ] GC(13) Concurrent Mark Cycle
[2026-01-15T18:36:41.843+0530][0.423s][info][gc,marking  ] GC(13) Concurrent Scan Root Regions
[2026-01-15T18:36:41.843+0530][0.423s][info][gc,marking  ] GC(13) Concurrent Scan Root Regions 0.763ms
[2026-01-15T18:36:41.843+0530][0.423s][info][gc,marking  ] GC(13) Concurrent Mark
[2026-01-15T18:36:41.843+0530][0.423s][info][gc,marking  ] GC(13) Concurrent Mark From Roots
[2026-01-15T18:36:41.843+0530][0.423s][info][gc,task     ] GC(13) Using 2 workers of 2 for marking
[2026-01-15T18:36:41.844+0530][0.424s][info][gc,marking  ] GC(13) Concurrent Mark From Roots 0.226ms
[2026-01-15T18:36:41.844+0530][0.424s][info][gc,marking  ] GC(13) Concurrent Preclean
[2026-01-15T18:36:41.844+0530][0.424s][info][gc,marking  ] GC(13) Concurrent Preclean 0.009ms
[2026-01-15T18:36:41.844+0530][0.424s][info][gc,start    ] GC(13) Pause Remark
[2026-01-15T18:36:41.845+0530][0.425s][info][gc          ] GC(13) Pause Remark 121M->121M(256M) 1.149ms
[2026-01-15T18:36:41.845+0530][0.425s][info][gc,cpu      ] GC(13) User=0.00s Sys=0.00s Real=0.00s
[2026-01-15T18:36:41.845+0530][0.425s][info][gc,marking  ] GC(13) Concurrent Mark 1.579ms
[2026-01-15T18:36:41.845+0530][0.425s][info][gc,marking  ] GC(13) Concurrent Rebuild Remembered Sets and Scrub Regions
[2026-01-15T18:36:41.845+0530][0.425s][info][gc,marking  ] GC(13) Concurrent Rebuild Remembered Sets and Scrub Regions 0.144ms
[2026-01-15T18:36:41.845+0530][0.425s][info][gc,start    ] GC(13) Pause Cleanup
[2026-01-15T18:36:41.845+0530][0.425s][info][gc          ] GC(13) Pause Cleanup 121M->121M(256M) 0.025ms
[2026-01-15T18:36:41.845+0530][0.425s][info][gc,cpu      ] GC(13) User=0.00s Sys=0.00s Real=0.00s
[2026-01-15T18:36:41.845+0530][0.425s][info][gc,marking  ] GC(13) Concurrent Clear Claimed Marks
[2026-01-15T18:36:41.845+0530][0.425s][info][gc,marking  ] GC(13) Concurrent Clear Claimed Marks 0.022ms
[2026-01-15T18:36:41.845+0530][0.425s][info][gc,marking  ] GC(13) Concurrent Cleanup for Next Mark
[2026-01-15T18:36:41.846+0530][0.426s][info][gc,marking  ] GC(13) Concurrent Cleanup for Next Mark 0.409ms
[2026-01-15T18:36:41.846+0530][0.426s][info][gc          ] GC(13) Concurrent Mark Cycle 3.238ms
[2026-01-15T18:36:41.903+0530][0.483s][info][gc,start    ] GC(14) Pause Young (Concurrent Start) (G1 Humongous Allocation)
[2026-01-15T18:36:41.903+0530][0.483s][info][gc,task     ] GC(14) Using 6 workers of 8 for evacuation
[2026-01-15T18:36:41.905+0530][0.484s][info][gc,phases   ] GC(14)   Pre Evacuate Collection Set: 0.1ms
[2026-01-15T18:36:41.905+0530][0.484s][info][gc,phases   ] GC(14)   Merge Heap Roots: 0.0ms
[2026-01-15T18:36:41.905+0530][0.484s][info][gc,phases   ] GC(14)   Evacuate Collection Set: 0.9ms
[2026-01-15T18:36:41.905+0530][0.484s][info][gc,phases   ] GC(14)   Post Evacuate Collection Set: 0.6ms
[2026-01-15T18:36:41.905+0530][0.484s][info][gc,phases   ] GC(14)   Other: 0.2ms
[2026-01-15T18:36:41.905+0530][0.484s][info][gc,heap     ] GC(14) Eden regions: 0->0(144)
[2026-01-15T18:36:41.905+0530][0.484s][info][gc,heap     ] GC(14) Survivor regions: 2->2(10)
[2026-01-15T18:36:41.905+0530][0.484s][info][gc,heap     ] GC(14) Old regions: 0->0
[2026-01-15T18:36:41.905+0530][0.485s][info][gc,heap     ] GC(14) Humongous regions: 120->0
[2026-01-15T18:36:41.905+0530][0.485s][info][gc,metaspace] GC(14) Metaspace: 810K(960K)->810K(960K) NonClass: 756K(832K)->756K(832K) Class: 53K(128K)->53K(128K)
[2026-01-15T18:36:41.905+0530][0.485s][info][gc          ] GC(14) Pause Young (Concurrent Start) (G1 Humongous Allocation) 121M->1M(256M) 2.033ms
[2026-01-15T18:36:41.905+0530][0.485s][info][gc,cpu      ] GC(14) User=0.00s Sys=0.00s Real=0.00s
[2026-01-15T18:36:41.905+0530][0.485s][info][gc          ] GC(15) Concurrent Undo Cycle
[2026-01-15T18:36:41.905+0530][0.485s][info][gc,marking  ] GC(15) Concurrent Clear Claimed Marks
[2026-01-15T18:36:41.905+0530][0.485s][info][gc,marking  ] GC(15) Concurrent Clear Claimed Marks 0.012ms
[2026-01-15T18:36:41.905+0530][0.485s][info][gc,marking  ] GC(15) Concurrent Cleanup for Next Mark
[2026-01-15T18:36:41.905+0530][0.485s][info][gc,marking  ] GC(15) Concurrent Cleanup for Next Mark 0.159ms
[2026-01-15T18:36:41.905+0530][0.485s][info][gc          ] GC(15) Concurrent Undo Cycle 0.298ms
[2026-01-15T18:36:42.212+0530][0.792s][info][gc,start    ] GC(16) Pause Young (Concurrent Start) (G1 Humongous Allocation)
[2026-01-15T18:36:42.213+0530][0.792s][info][gc,task     ] GC(16) Using 6 workers of 8 for evacuation
[2026-01-15T18:36:42.215+0530][0.795s][info][gc,phases   ] GC(16)   Pre Evacuate Collection Set: 0.2ms
[2026-01-15T18:36:42.215+0530][0.795s][info][gc,phases   ] GC(16)   Merge Heap Roots: 0.1ms
[2026-01-15T18:36:42.215+0530][0.795s][info][gc,phases   ] GC(16)   Evacuate Collection Set: 1.4ms
[2026-01-15T18:36:42.215+0530][0.795s][info][gc,phases   ] GC(16)   Post Evacuate Collection Set: 0.6ms
[2026-01-15T18:36:42.215+0530][0.795s][info][gc,phases   ] GC(16)   Other: 0.2ms
[2026-01-15T18:36:42.215+0530][0.795s][info][gc,heap     ] GC(16) Eden regions: 0->0(78)
[2026-01-15T18:36:42.215+0530][0.795s][info][gc,heap     ] GC(16) Survivor regions: 2->2(19)
[2026-01-15T18:36:42.215+0530][0.795s][info][gc,heap     ] GC(16) Old regions: 0->0
[2026-01-15T18:36:42.215+0530][0.795s][info][gc,heap     ] GC(16) Humongous regions: 116->116
[2026-01-15T18:36:42.215+0530][0.795s][info][gc,metaspace] GC(16) Metaspace: 810K(960K)->810K(960K) NonClass: 756K(832K)->756K(832K) Class: 53K(128K)->53K(128K)
[2026-01-15T18:36:42.215+0530][0.795s][info][gc          ] GC(16) Pause Young (Concurrent Start) (G1 Humongous Allocation) 117M->117M(256M) 2.755ms
[2026-01-15T18:36:42.215+0530][0.795s][info][gc,cpu      ] GC(16) User=0.00s Sys=0.00s Real=0.00s
[2026-01-15T18:36:42.215+0530][0.795s][info][gc          ] GC(17) Concurrent Mark Cycle
[2026-01-15T18:36:42.215+0530][0.795s][info][gc,marking  ] GC(17) Concurrent Scan Root Regions
[2026-01-15T18:36:42.217+0530][0.796s][info][gc,marking  ] GC(17) Concurrent Scan Root Regions 1.156ms
[2026-01-15T18:36:42.217+0530][0.796s][info][gc,marking  ] GC(17) Concurrent Mark
[2026-01-15T18:36:42.217+0530][0.796s][info][gc,marking  ] GC(17) Concurrent Mark From Roots
[2026-01-15T18:36:42.217+0530][0.796s][info][gc,task     ] GC(17) Using 2 workers of 2 for marking
[2026-01-15T18:36:42.217+0530][0.797s][info][gc,marking  ] GC(17) Concurrent Mark From Roots 0.235ms
[2026-01-15T18:36:42.217+0530][0.797s][info][gc,marking  ] GC(17) Concurrent Preclean
[2026-01-15T18:36:42.217+0530][0.797s][info][gc,marking  ] GC(17) Concurrent Preclean 0.009ms
[2026-01-15T18:36:42.217+0530][0.797s][info][gc,start    ] GC(17) Pause Remark
[2026-01-15T18:36:42.218+0530][0.798s][info][gc          ] GC(17) Pause Remark 121M->121M(256M) 1.128ms
[2026-01-15T18:36:42.218+0530][0.798s][info][gc,cpu      ] GC(17) User=0.00s Sys=0.00s Real=0.00s
[2026-01-15T18:36:42.218+0530][0.798s][info][gc,marking  ] GC(17) Concurrent Mark 1.563ms
[2026-01-15T18:36:42.218+0530][0.798s][info][gc,marking  ] GC(17) Concurrent Rebuild Remembered Sets and Scrub Regions
[2026-01-15T18:36:42.218+0530][0.798s][info][gc,marking  ] GC(17) Concurrent Rebuild Remembered Sets and Scrub Regions 0.154ms
[2026-01-15T18:36:42.218+0530][0.798s][info][gc,start    ] GC(17) Pause Cleanup
[2026-01-15T18:36:42.218+0530][0.798s][info][gc          ] GC(17) Pause Cleanup 121M->121M(256M) 0.025ms
[2026-01-15T18:36:42.218+0530][0.798s][info][gc,cpu      ] GC(17) User=0.00s Sys=0.00s Real=0.00s
[2026-01-15T18:36:42.218+0530][0.798s][info][gc,marking  ] GC(17) Concurrent Clear Claimed Marks
[2026-01-15T18:36:42.218+0530][0.798s][info][gc,marking  ] GC(17) Concurrent Clear Claimed Marks 0.022ms
[2026-01-15T18:36:42.218+0530][0.798s][info][gc,marking  ] GC(17) Concurrent Cleanup for Next Mark
[2026-01-15T18:36:42.219+0530][0.799s][info][gc,marking  ] GC(17) Concurrent Cleanup for Next Mark 0.412ms
[2026-01-15T18:36:42.219+0530][0.799s][info][gc          ] GC(17) Concurrent Mark Cycle 3.615ms
[2026-01-15T18:36:42.275+0530][0.854s][info][gc,start    ] GC(18) Pause Young (Concurrent Start) (G1 Humongous Allocation)
[2026-01-15T18:36:42.275+0530][0.854s][info][gc,task     ] GC(18) Using 6 workers of 8 for evacuation
[2026-01-15T18:36:42.277+0530][0.856s][info][gc,phases   ] GC(18)   Pre Evacuate Collection Set: 0.2ms
[2026-01-15T18:36:42.277+0530][0.856s][info][gc,phases   ] GC(18)   Merge Heap Roots: 0.1ms
[2026-01-15T18:36:42.277+0530][0.856s][info][gc,phases   ] GC(18)   Evacuate Collection Set: 0.9ms
[2026-01-15T18:36:42.277+0530][0.856s][info][gc,phases   ] GC(18)   Post Evacuate Collection Set: 0.6ms
[2026-01-15T18:36:42.277+0530][0.856s][info][gc,phases   ] GC(18)   Other: 0.1ms
[2026-01-15T18:36:42.277+0530][0.856s][info][gc,heap     ] GC(18) Eden regions: 0->0(144)
[2026-01-15T18:36:42.277+0530][0.856s][info][gc,heap     ] GC(18) Survivor regions: 2->2(10)
[2026-01-15T18:36:42.277+0530][0.856s][info][gc,heap     ] GC(18) Old regions: 0->0
[2026-01-15T18:36:42.277+0530][0.856s][info][gc,heap     ] GC(18) Humongous regions: 120->0
[2026-01-15T18:36:42.277+0530][0.856s][info][gc,metaspace] GC(18) Metaspace: 810K(960K)->810K(960K) NonClass: 756K(832K)->756K(832K) Class: 53K(128K)->53K(128K)
[2026-01-15T18:36:42.277+0530][0.856s][info][gc          ] GC(18) Pause Young (Concurrent Start) (G1 Humongous Allocation) 121M->1M(256M) 2.116ms
[2026-01-15T18:36:42.277+0530][0.856s][info][gc,cpu      ] GC(18) User=0.00s Sys=0.00s Real=0.00s
[2026-01-15T18:36:42.277+0530][0.856s][info][gc          ] GC(19) Concurrent Undo Cycle
[2026-01-15T18:36:42.277+0530][0.856s][info][gc,marking  ] GC(19) Concurrent Clear Claimed Marks
[2026-01-15T18:36:42.277+0530][0.856s][info][gc,marking  ] GC(19) Concurrent Clear Claimed Marks 0.009ms
[2026-01-15T18:36:42.277+0530][0.856s][info][gc,marking  ] GC(19) Concurrent Cleanup for Next Mark
[2026-01-15T18:36:42.277+0530][0.857s][info][gc,marking  ] GC(19) Concurrent Cleanup for Next Mark 0.130ms
[2026-01-15T18:36:42.277+0530][0.857s][info][gc          ] GC(19) Concurrent Undo Cycle 0.219ms
[2026-01-15T18:36:42.584+0530][1.165s][info][gc,start    ] GC(20) Pause Young (Concurrent Start) (G1 Humongous Allocation)
[2026-01-15T18:36:42.584+0530][1.165s][info][gc,task     ] GC(20) Using 6 workers of 8 for evacuation
[2026-01-15T18:36:42.586+0530][1.166s][info][gc,phases   ] GC(20)   Pre Evacuate Collection Set: 0.1ms
[2026-01-15T18:36:42.586+0530][1.167s][info][gc,phases   ] GC(20)   Merge Heap Roots: 0.1ms
[2026-01-15T18:36:42.586+0530][1.167s][info][gc,phases   ] GC(20)   Evacuate Collection Set: 1.0ms
[2026-01-15T18:36:42.586+0530][1.167s][info][gc,phases   ] GC(20)   Post Evacuate Collection Set: 0.4ms
[2026-01-15T18:36:42.586+0530][1.167s][info][gc,phases   ] GC(20)   Other: 0.1ms
[2026-01-15T18:36:42.586+0530][1.167s][info][gc,heap     ] GC(20) Eden regions: 0->0(78)
[2026-01-15T18:36:42.586+0530][1.167s][info][gc,heap     ] GC(20) Survivor regions: 2->2(19)
[2026-01-15T18:36:42.586+0530][1.167s][info][gc,heap     ] GC(20) Old regions: 0->0
[2026-01-15T18:36:42.586+0530][1.167s][info][gc,heap     ] GC(20) Humongous regions: 116->116
[2026-01-15T18:36:42.586+0530][1.167s][info][gc,metaspace] GC(20) Metaspace: 810K(960K)->810K(960K) NonClass: 756K(832K)->756K(832K) Class: 53K(128K)->53K(128K)
[2026-01-15T18:36:42.586+0530][1.167s][info][gc          ] GC(20) Pause Young (Concurrent Start) (G1 Humongous Allocation) 117M->117M(256M) 1.945ms
[2026-01-15T18:36:42.586+0530][1.167s][info][gc,cpu      ] GC(20) User=0.00s Sys=0.00s Real=0.00s
[2026-01-15T18:36:42.586+0530][1.167s][info][gc          ] GC(21) Concurrent Mark Cycle
[2026-01-15T18:36:42.586+0530][1.167s][info][gc,marking  ] GC(21) Concurrent Scan Root Regions
[2026-01-15T18:36:42.587+0530][1.167s][info][gc,marking  ] GC(21) Concurrent Scan Root Regions 0.632ms
[2026-01-15T18:36:42.587+0530][1.167s][info][gc,marking  ] GC(21) Concurrent Mark
[2026-01-15T18:36:42.587+0530][1.167s][info][gc,marking  ] GC(21) Concurrent Mark From Roots
[2026-01-15T18:36:42.587+0530][1.167s][info][gc,task     ] GC(21) Using 2 workers of 2 for marking
[2026-01-15T18:36:42.587+0530][1.168s][info][gc,marking  ] GC(21) Concurrent Mark From Roots 0.143ms
[2026-01-15T18:36:42.587+0530][1.168s][info][gc,marking  ] GC(21) Concurrent Preclean
[2026-01-15T18:36:42.587+0530][1.168s][info][gc,marking  ] GC(21) Concurrent Preclean 0.010ms
[2026-01-15T18:36:42.587+0530][1.168s][info][gc,start    ] GC(21) Pause Remark
[2026-01-15T18:36:42.588+0530][1.169s][info][gc          ] GC(21) Pause Remark 121M->121M(256M) 0.879ms
[2026-01-15T18:36:42.588+0530][1.169s][info][gc,cpu      ] GC(21) User=0.00s Sys=0.00s Real=0.00s
[2026-01-15T18:36:42.588+0530][1.169s][info][gc,marking  ] GC(21) Concurrent Mark 1.233ms
[2026-01-15T18:36:42.588+0530][1.169s][info][gc,marking  ] GC(21) Concurrent Rebuild Remembered Sets and Scrub Regions
[2026-01-15T18:36:42.589+0530][1.169s][info][gc,marking  ] GC(21) Concurrent Rebuild Remembered Sets and Scrub Regions 0.133ms
[2026-01-15T18:36:42.589+0530][1.169s][info][gc,start    ] GC(21) Pause Cleanup
[2026-01-15T18:36:42.589+0530][1.169s][info][gc          ] GC(21) Pause Cleanup 121M->121M(256M) 0.029ms
[2026-01-15T18:36:42.589+0530][1.169s][info][gc,cpu      ] GC(21) User=0.00s Sys=0.00s Real=0.00s
[2026-01-15T18:36:42.589+0530][1.169s][info][gc,marking  ] GC(21) Concurrent Clear Claimed Marks
[2026-01-15T18:36:42.589+0530][1.169s][info][gc,marking  ] GC(21) Concurrent Clear Claimed Marks 0.025ms
[2026-01-15T18:36:42.589+0530][1.169s][info][gc,marking  ] GC(21) Concurrent Cleanup for Next Mark
[2026-01-15T18:36:42.589+0530][1.169s][info][gc,marking  ] GC(21) Concurrent Cleanup for Next Mark 0.399ms
[2026-01-15T18:36:42.589+0530][1.169s][info][gc          ] GC(21) Concurrent Mark Cycle 2.745ms
[2026-01-15T18:36:42.648+0530][1.228s][info][gc,start    ] GC(22) Pause Young (Concurrent Start) (G1 Humongous Allocation)
[2026-01-15T18:36:42.648+0530][1.228s][info][gc,task     ] GC(22) Using 6 workers of 8 for evacuation
[2026-01-15T18:36:42.651+0530][1.231s][info][gc,phases   ] GC(22)   Pre Evacuate Collection Set: 0.2ms
[2026-01-15T18:36:42.651+0530][1.231s][info][gc,phases   ] GC(22)   Merge Heap Roots: 0.2ms
[2026-01-15T18:36:42.651+0530][1.231s][info][gc,phases   ] GC(22)   Evacuate Collection Set: 1.6ms
[2026-01-15T18:36:42.651+0530][1.231s][info][gc,phases   ] GC(22)   Post Evacuate Collection Set: 0.7ms
[2026-01-15T18:36:42.651+0530][1.231s][info][gc,phases   ] GC(22)   Other: 0.2ms
[2026-01-15T18:36:42.651+0530][1.231s][info][gc,heap     ] GC(22) Eden regions: 0->0(144)
[2026-01-15T18:36:42.651+0530][1.231s][info][gc,heap     ] GC(22) Survivor regions: 2->2(10)
[2026-01-15T18:36:42.651+0530][1.231s][info][gc,heap     ] GC(22) Old regions: 0->0
[2026-01-15T18:36:42.651+0530][1.231s][info][gc,heap     ] GC(22) Humongous regions: 120->0
[2026-01-15T18:36:42.651+0530][1.231s][info][gc,metaspace] GC(22) Metaspace: 810K(960K)->810K(960K) NonClass: 756K(832K)->756K(832K) Class: 53K(128K)->53K(128K)
[2026-01-15T18:36:42.651+0530][1.231s][info][gc          ] GC(22) Pause Young (Concurrent Start) (G1 Humongous Allocation) 121M->1M(256M) 3.172ms
[2026-01-15T18:36:42.651+0530][1.231s][info][gc,cpu      ] GC(22) User=0.00s Sys=0.00s Real=0.00s
[2026-01-15T18:36:42.651+0530][1.231s][info][gc          ] GC(23) Concurrent Undo Cycle
[2026-01-15T18:36:42.651+0530][1.231s][info][gc,marking  ] GC(23) Concurrent Clear Claimed Marks
[2026-01-15T18:36:42.651+0530][1.231s][info][gc,marking  ] GC(23) Concurrent Clear Claimed Marks 0.017ms
[2026-01-15T18:36:42.651+0530][1.231s][info][gc,marking  ] GC(23) Concurrent Cleanup for Next Mark
[2026-01-15T18:36:42.651+0530][1.231s][info][gc,marking  ] GC(23) Concurrent Cleanup for Next Mark 0.141ms
[2026-01-15T18:36:42.651+0530][1.231s][info][gc          ] GC(23) Concurrent Undo Cycle 0.272ms
[2026-01-15T18:36:42.961+0530][1.541s][info][gc,start    ] GC(24) Pause Young (Concurrent Start) (G1 Humongous Allocation)
[2026-01-15T18:36:42.961+0530][1.541s][info][gc,task     ] GC(24) Using 6 workers of 8 for evacuation
[2026-01-15T18:36:42.966+0530][1.545s][info][gc,phases   ] GC(24)   Pre Evacuate Collection Set: 0.5ms
[2026-01-15T18:36:42.966+0530][1.545s][info][gc,phases   ] GC(24)   Merge Heap Roots: 0.2ms
[2026-01-15T18:36:42.966+0530][1.545s][info][gc,phases   ] GC(24)   Evacuate Collection Set: 2.4ms
[2026-01-15T18:36:42.966+0530][1.545s][info][gc,phases   ] GC(24)   Post Evacuate Collection Set: 1.0ms
[2026-01-15T18:36:42.966+0530][1.546s][info][gc,phases   ] GC(24)   Other: 0.4ms
[2026-01-15T18:36:42.966+0530][1.546s][info][gc,heap     ] GC(24) Eden regions: 0->0(78)
[2026-01-15T18:36:42.966+0530][1.546s][info][gc,heap     ] GC(24) Survivor regions: 2->2(19)
[2026-01-15T18:36:42.966+0530][1.546s][info][gc,heap     ] GC(24) Old regions: 0->0
[2026-01-15T18:36:42.966+0530][1.546s][info][gc,heap     ] GC(24) Humongous regions: 116->116
[2026-01-15T18:36:42.966+0530][1.546s][info][gc,metaspace] GC(24) Metaspace: 810K(960K)->810K(960K) NonClass: 756K(832K)->756K(832K) Class: 53K(128K)->53K(128K)
[2026-01-15T18:36:42.966+0530][1.546s][info][gc          ] GC(24) Pause Young (Concurrent Start) (G1 Humongous Allocation) 117M->117M(256M) 4.976ms
[2026-01-15T18:36:42.966+0530][1.546s][info][gc,cpu      ] GC(24) User=0.00s Sys=0.00s Real=0.01s
[2026-01-15T18:36:42.966+0530][1.546s][info][gc          ] GC(25) Concurrent Mark Cycle
[2026-01-15T18:36:42.966+0530][1.546s][info][gc,marking  ] GC(25) Concurrent Scan Root Regions
[2026-01-15T18:36:42.967+0530][1.547s][info][gc,marking  ] GC(25) Concurrent Scan Root Regions 0.936ms
[2026-01-15T18:36:42.967+0530][1.547s][info][gc,marking  ] GC(25) Concurrent Mark
[2026-01-15T18:36:42.967+0530][1.547s][info][gc,marking  ] GC(25) Concurrent Mark From Roots
[2026-01-15T18:36:42.967+0530][1.547s][info][gc,task     ] GC(25) Using 2 workers of 2 for marking
[2026-01-15T18:36:42.967+0530][1.547s][info][gc,marking  ] GC(25) Concurrent Mark From Roots 0.103ms
[2026-01-15T18:36:42.967+0530][1.547s][info][gc,marking  ] GC(25) Concurrent Preclean
[2026-01-15T18:36:42.967+0530][1.547s][info][gc,marking  ] GC(25) Concurrent Preclean 0.009ms
[2026-01-15T18:36:42.967+0530][1.547s][info][gc,start    ] GC(25) Pause Remark
[2026-01-15T18:36:42.968+0530][1.548s][info][gc          ] GC(25) Pause Remark 121M->121M(256M) 0.832ms
[2026-01-15T18:36:42.968+0530][1.548s][info][gc,cpu      ] GC(25) User=0.00s Sys=0.00s Real=0.00s
[2026-01-15T18:36:42.968+0530][1.548s][info][gc,marking  ] GC(25) Concurrent Mark 1.151ms
[2026-01-15T18:36:42.968+0530][1.548s][info][gc,marking  ] GC(25) Concurrent Rebuild Remembered Sets and Scrub Regions
[2026-01-15T18:36:42.968+0530][1.548s][info][gc,marking  ] GC(25) Concurrent Rebuild Remembered Sets and Scrub Regions 0.121ms
[2026-01-15T18:36:42.968+0530][1.548s][info][gc,start    ] GC(25) Pause Cleanup
[2026-01-15T18:36:42.968+0530][1.548s][info][gc          ] GC(25) Pause Cleanup 121M->121M(256M) 0.028ms
[2026-01-15T18:36:42.968+0530][1.548s][info][gc,cpu      ] GC(25) User=0.00s Sys=0.00s Real=0.00s
[2026-01-15T18:36:42.969+0530][1.548s][info][gc,marking  ] GC(25) Concurrent Clear Claimed Marks
[2026-01-15T18:36:42.969+0530][1.548s][info][gc,marking  ] GC(25) Concurrent Clear Claimed Marks 0.027ms
[2026-01-15T18:36:42.969+0530][1.548s][info][gc,marking  ] GC(25) Concurrent Cleanup for Next Mark
[2026-01-15T18:36:42.969+0530][1.549s][info][gc,marking  ] GC(25) Concurrent Cleanup for Next Mark 0.444ms
[2026-01-15T18:36:42.969+0530][1.549s][info][gc          ] GC(25) Concurrent Mark Cycle 3.072ms
[2026-01-15T18:36:43.023+0530][1.602s][info][gc,start    ] GC(26) Pause Young (Concurrent Start) (G1 Humongous Allocation)
[2026-01-15T18:36:43.023+0530][1.603s][info][gc,task     ] GC(26) Using 6 workers of 8 for evacuation
[2026-01-15T18:36:43.026+0530][1.606s][info][gc,phases   ] GC(26)   Pre Evacuate Collection Set: 0.4ms
[2026-01-15T18:36:43.026+0530][1.607s][info][gc,phases   ] GC(26)   Merge Heap Roots: 0.2ms
[2026-01-15T18:36:43.026+0530][1.607s][info][gc,phases   ] GC(26)   Evacuate Collection Set: 2.2ms
[2026-01-15T18:36:43.026+0530][1.607s][info][gc,phases   ] GC(26)   Post Evacuate Collection Set: 0.8ms
[2026-01-15T18:36:43.026+0530][1.607s][info][gc,phases   ] GC(26)   Other: 0.3ms
[2026-01-15T18:36:43.026+0530][1.607s][info][gc,heap     ] GC(26) Eden regions: 0->0(144)
[2026-01-15T18:36:43.026+0530][1.607s][info][gc,heap     ] GC(26) Survivor regions: 2->2(10)
[2026-01-15T18:36:43.026+0530][1.607s][info][gc,heap     ] GC(26) Old regions: 0->0
[2026-01-15T18:36:43.026+0530][1.607s][info][gc,heap     ] GC(26) Humongous regions: 120->0
[2026-01-15T18:36:43.026+0530][1.607s][info][gc,metaspace] GC(26) Metaspace: 810K(960K)->810K(960K) NonClass: 756K(832K)->756K(832K) Class: 53K(128K)->53K(128K)
[2026-01-15T18:36:43.026+0530][1.607s][info][gc          ] GC(26) Pause Young (Concurrent Start) (G1 Humongous Allocation) 121M->1M(256M) 4.340ms
[2026-01-15T18:36:43.026+0530][1.607s][info][gc,cpu      ] GC(26) User=0.00s Sys=0.00s Real=0.00s
[2026-01-15T18:36:43.027+0530][1.607s][info][gc          ] GC(27) Concurrent Undo Cycle
[2026-01-15T18:36:43.027+0530][1.607s][info][gc,marking  ] GC(27) Concurrent Clear Claimed Marks
[2026-01-15T18:36:43.027+0530][1.607s][info][gc,marking  ] GC(27) Concurrent Clear Claimed Marks 0.022ms
[2026-01-15T18:36:43.027+0530][1.607s][info][gc,marking  ] GC(27) Concurrent Cleanup for Next Mark
[2026-01-15T18:36:43.027+0530][1.607s][info][gc,marking  ] GC(27) Concurrent Cleanup for Next Mark 0.190ms
[2026-01-15T18:36:43.027+0530][1.607s][info][gc          ] GC(27) Concurrent Undo Cycle 0.356ms
[2026-01-15T18:36:43.334+0530][1.914s][info][gc,start    ] GC(28) Pause Young (Concurrent Start) (G1 Humongous Allocation)
[2026-01-15T18:36:43.334+0530][1.914s][info][gc,task     ] GC(28) Using 6 workers of 8 for evacuation
[2026-01-15T18:36:43.338+0530][1.918s][info][gc,phases   ] GC(28)   Pre Evacuate Collection Set: 0.4ms
[2026-01-15T18:36:43.338+0530][1.918s][info][gc,phases   ] GC(28)   Merge Heap Roots: 0.2ms
[2026-01-15T18:36:43.338+0530][1.918s][info][gc,phases   ] GC(28)   Evacuate Collection Set: 2.1ms
[2026-01-15T18:36:43.338+0530][1.918s][info][gc,phases   ] GC(28)   Post Evacuate Collection Set: 0.7ms
[2026-01-15T18:36:43.338+0530][1.918s][info][gc,phases   ] GC(28)   Other: 0.3ms
[2026-01-15T18:36:43.338+0530][1.918s][info][gc,heap     ] GC(28) Eden regions: 0->0(78)
[2026-01-15T18:36:43.338+0530][1.918s][info][gc,heap     ] GC(28) Survivor regions: 2->2(19)
[2026-01-15T18:36:43.338+0530][1.918s][info][gc,heap     ] GC(28) Old regions: 0->0
[2026-01-15T18:36:43.338+0530][1.918s][info][gc,heap     ] GC(28) Humongous regions: 116->116
[2026-01-15T18:36:43.338+0530][1.918s][info][gc,metaspace] GC(28) Metaspace: 810K(960K)->810K(960K) NonClass: 756K(832K)->756K(832K) Class: 53K(128K)->53K(128K)
[2026-01-15T18:36:43.338+0530][1.918s][info][gc          ] GC(28) Pause Young (Concurrent Start) (G1 Humongous Allocation) 117M->117M(256M) 4.055ms
[2026-01-15T18:36:43.338+0530][1.918s][info][gc,cpu      ] GC(28) User=0.00s Sys=0.00s Real=0.00s
[2026-01-15T18:36:43.339+0530][1.918s][info][gc          ] GC(29) Concurrent Mark Cycle
[2026-01-15T18:36:43.339+0530][1.918s][info][gc,marking  ] GC(29) Concurrent Scan Root Regions
[2026-01-15T18:36:43.340+0530][1.919s][info][gc,marking  ] GC(29) Concurrent Scan Root Regions 0.953ms
[2026-01-15T18:36:43.340+0530][1.919s][info][gc,marking  ] GC(29) Concurrent Mark
[2026-01-15T18:36:43.340+0530][1.919s][info][gc,marking  ] GC(29) Concurrent Mark From Roots
[2026-01-15T18:36:43.340+0530][1.919s][info][gc,task     ] GC(29) Using 2 workers of 2 for marking
[2026-01-15T18:36:43.340+0530][1.919s][info][gc,marking  ] GC(29) Concurrent Mark From Roots 0.197ms
[2026-01-15T18:36:43.340+0530][1.919s][info][gc,marking  ] GC(29) Concurrent Preclean
[2026-01-15T18:36:43.340+0530][1.919s][info][gc,marking  ] GC(29) Concurrent Preclean 0.014ms
[2026-01-15T18:36:43.340+0530][1.920s][info][gc,start    ] GC(29) Pause Remark
[2026-01-15T18:36:43.340+0530][1.921s][info][gc          ] GC(29) Pause Remark 121M->121M(256M) 1.032ms
[2026-01-15T18:36:43.340+0530][1.921s][info][gc,cpu      ] GC(29) User=0.00s Sys=0.00s Real=0.00s
[2026-01-15T18:36:43.340+0530][1.921s][info][gc,marking  ] GC(29) Concurrent Mark 1.492ms
[2026-01-15T18:36:43.340+0530][1.921s][info][gc,marking  ] GC(29) Concurrent Rebuild Remembered Sets and Scrub Regions
[2026-01-15T18:36:43.340+0530][1.921s][info][gc,marking  ] GC(29) Concurrent Rebuild Remembered Sets and Scrub Regions 0.139ms
[2026-01-15T18:36:43.341+0530][1.921s][info][gc,start    ] GC(29) Pause Cleanup
[2026-01-15T18:36:43.341+0530][1.921s][info][gc          ] GC(29) Pause Cleanup 121M->121M(256M) 0.039ms
[2026-01-15T18:36:43.341+0530][1.921s][info][gc,cpu      ] GC(29) User=0.00s Sys=0.00s Real=0.00s
[2026-01-15T18:36:43.341+0530][1.921s][info][gc,marking  ] GC(29) Concurrent Clear Claimed Marks
[2026-01-15T18:36:43.341+0530][1.921s][info][gc,marking  ] GC(29) Concurrent Clear Claimed Marks 0.042ms
[2026-01-15T18:36:43.341+0530][1.921s][info][gc,marking  ] GC(29) Concurrent Cleanup for Next Mark
[2026-01-15T18:36:43.341+0530][1.922s][info][gc,marking  ] GC(29) Concurrent Cleanup for Next Mark 0.458ms
[2026-01-15T18:36:43.341+0530][1.922s][info][gc          ] GC(29) Concurrent Mark Cycle 3.478ms
[2026-01-15T18:36:43.396+0530][1.976s][info][gc,start    ] GC(30) Pause Young (Concurrent Start) (G1 Humongous Allocation)
[2026-01-15T18:36:43.396+0530][1.976s][info][gc,task     ] GC(30) Using 6 workers of 8 for evacuation
[2026-01-15T18:36:43.400+0530][1.980s][info][gc,phases   ] GC(30)   Pre Evacuate Collection Set: 0.3ms
[2026-01-15T18:36:43.400+0530][1.980s][info][gc,phases   ] GC(30)   Merge Heap Roots: 0.2ms
[2026-01-15T18:36:43.400+0530][1.980s][info][gc,phases   ] GC(30)   Evacuate Collection Set: 2.5ms
[2026-01-15T18:36:43.400+0530][1.980s][info][gc,phases   ] GC(30)   Post Evacuate Collection Set: 0.8ms
[2026-01-15T18:36:43.400+0530][1.980s][info][gc,phases   ] GC(30)   Other: 0.1ms
[2026-01-15T18:36:43.400+0530][1.980s][info][gc,heap     ] GC(30) Eden regions: 0->0(144)
[2026-01-15T18:36:43.400+0530][1.980s][info][gc,heap     ] GC(30) Survivor regions: 2->1(10)
[2026-01-15T18:36:43.400+0530][1.980s][info][gc,heap     ] GC(30) Old regions: 0->1
[2026-01-15T18:36:43.400+0530][1.980s][info][gc,heap     ] GC(30) Humongous regions: 120->0
[2026-01-15T18:36:43.400+0530][1.980s][info][gc,metaspace] GC(30) Metaspace: 810K(960K)->810K(960K) NonClass: 756K(832K)->756K(832K) Class: 53K(128K)->53K(128K)
[2026-01-15T18:36:43.400+0530][1.980s][info][gc          ] GC(30) Pause Young (Concurrent Start) (G1 Humongous Allocation) 121M->1M(256M) 4.186ms
[2026-01-15T18:36:43.400+0530][1.980s][info][gc,cpu      ] GC(30) User=0.05s Sys=0.05s Real=0.00s
[2026-01-15T18:36:43.400+0530][1.980s][info][gc          ] GC(31) Concurrent Undo Cycle
[2026-01-15T18:36:43.400+0530][1.980s][info][gc,marking  ] GC(31) Concurrent Clear Claimed Marks
[2026-01-15T18:36:43.400+0530][1.980s][info][gc,marking  ] GC(31) Concurrent Clear Claimed Marks 0.017ms
[2026-01-15T18:36:43.400+0530][1.980s][info][gc,marking  ] GC(31) Concurrent Cleanup for Next Mark
[2026-01-15T18:36:43.400+0530][1.980s][info][gc,marking  ] GC(31) Concurrent Cleanup for Next Mark 0.148ms
[2026-01-15T18:36:43.400+0530][1.980s][info][gc          ] GC(31) Concurrent Undo Cycle 0.284ms
[2026-01-15T18:36:43.707+0530][2.287s][info][gc,start    ] GC(32) Pause Young (Concurrent Start) (G1 Humongous Allocation)
[2026-01-15T18:36:43.708+0530][2.287s][info][gc,task     ] GC(32) Using 6 workers of 8 for evacuation
[2026-01-15T18:36:43.710+0530][2.289s][info][gc,phases   ] GC(32)   Pre Evacuate Collection Set: 0.1ms
[2026-01-15T18:36:43.710+0530][2.289s][info][gc,phases   ] GC(32)   Merge Heap Roots: 0.1ms
[2026-01-15T18:36:43.710+0530][2.289s][info][gc,phases   ] GC(32)   Evacuate Collection Set: 0.5ms
[2026-01-15T18:36:43.710+0530][2.289s][info][gc,phases   ] GC(32)   Post Evacuate Collection Set: 0.7ms
[2026-01-15T18:36:43.710+0530][2.289s][info][gc,phases   ] GC(32)   Other: 0.2ms
[2026-01-15T18:36:43.710+0530][2.289s][info][gc,heap     ] GC(32) Eden regions: 0->0(79)
[2026-01-15T18:36:43.710+0530][2.289s][info][gc,heap     ] GC(32) Survivor regions: 1->1(19)
[2026-01-15T18:36:43.710+0530][2.289s][info][gc,heap     ] GC(32) Old regions: 1->1
[2026-01-15T18:36:43.710+0530][2.289s][info][gc,heap     ] GC(32) Humongous regions: 114->114
[2026-01-15T18:36:43.710+0530][2.289s][info][gc,metaspace] GC(32) Metaspace: 810K(960K)->810K(960K) NonClass: 756K(832K)->756K(832K) Class: 53K(128K)->53K(128K)
[2026-01-15T18:36:43.710+0530][2.290s][info][gc          ] GC(32) Pause Young (Concurrent Start) (G1 Humongous Allocation) 115M->115M(256M) 2.191ms
[2026-01-15T18:36:43.710+0530][2.290s][info][gc,cpu      ] GC(32) User=0.00s Sys=0.00s Real=0.00s
[2026-01-15T18:36:43.710+0530][2.290s][info][gc          ] GC(33) Concurrent Undo Cycle
[2026-01-15T18:36:43.710+0530][2.290s][info][gc,marking  ] GC(33) Concurrent Clear Claimed Marks
[2026-01-15T18:36:43.710+0530][2.290s][info][gc,marking  ] GC(33) Concurrent Clear Claimed Marks 0.031ms
[2026-01-15T18:36:43.710+0530][2.290s][info][gc,marking  ] GC(33) Concurrent Cleanup for Next Mark
[2026-01-15T18:36:43.711+0530][2.290s][info][gc,marking  ] GC(33) Concurrent Cleanup for Next Mark 0.146ms
[2026-01-15T18:36:43.711+0530][2.290s][info][gc          ] GC(33) Concurrent Undo Cycle 0.387ms
[2026-01-15T18:36:43.769+0530][2.349s][info][gc,start    ] GC(34) Pause Young (Concurrent Start) (G1 Humongous Allocation)
[2026-01-15T18:36:43.769+0530][2.349s][info][gc,task     ] GC(34) Using 6 workers of 8 for evacuation
[2026-01-15T18:36:43.773+0530][2.352s][info][gc,phases   ] GC(34)   Pre Evacuate Collection Set: 0.5ms
[2026-01-15T18:36:43.773+0530][2.352s][info][gc,phases   ] GC(34)   Merge Heap Roots: 0.2ms
[2026-01-15T18:36:43.773+0530][2.352s][info][gc,phases   ] GC(34)   Evacuate Collection Set: 1.0ms
[2026-01-15T18:36:43.773+0530][2.352s][info][gc,phases   ] GC(34)   Post Evacuate Collection Set: 0.9ms
[2026-01-15T18:36:43.773+0530][2.352s][info][gc,phases   ] GC(34)   Other: 0.3ms
[2026-01-15T18:36:43.773+0530][2.352s][info][gc,heap     ] GC(34) Eden regions: 0->0(144)
[2026-01-15T18:36:43.773+0530][2.352s][info][gc,heap     ] GC(34) Survivor regions: 1->1(10)
[2026-01-15T18:36:43.773+0530][2.352s][info][gc,heap     ] GC(34) Old regions: 1->1
[2026-01-15T18:36:43.773+0530][2.352s][info][gc,heap     ] GC(34) Humongous regions: 120->0
[2026-01-15T18:36:43.773+0530][2.352s][info][gc,metaspace] GC(34) Metaspace: 810K(960K)->810K(960K) NonClass: 756K(832K)->756K(832K) Class: 53K(128K)->53K(128K)
[2026-01-15T18:36:43.773+0530][2.353s][info][gc          ] GC(34) Pause Young (Concurrent Start) (G1 Humongous Allocation) 121M->1M(256M) 3.413ms
[2026-01-15T18:36:43.773+0530][2.353s][info][gc,cpu      ] GC(34) User=0.03s Sys=0.00s Real=0.00s
[2026-01-15T18:36:43.773+0530][2.353s][info][gc          ] GC(35) Concurrent Undo Cycle
[2026-01-15T18:36:43.773+0530][2.353s][info][gc,marking  ] GC(35) Concurrent Clear Claimed Marks
[2026-01-15T18:36:43.773+0530][2.353s][info][gc,marking  ] GC(35) Concurrent Clear Claimed Marks 0.029ms
[2026-01-15T18:36:43.773+0530][2.353s][info][gc,marking  ] GC(35) Concurrent Cleanup for Next Mark
[2026-01-15T18:36:43.773+0530][2.353s][info][gc,marking  ] GC(35) Concurrent Cleanup for Next Mark 0.203ms
[2026-01-15T18:36:43.774+0530][2.353s][info][gc          ] GC(35) Concurrent Undo Cycle 0.425ms
[2026-01-15T18:36:44.080+0530][2.660s][info][gc,start    ] GC(36) Pause Young (Concurrent Start) (G1 Humongous Allocation)
[2026-01-15T18:36:44.080+0530][2.660s][info][gc,task     ] GC(36) Using 6 workers of 8 for evacuation
[2026-01-15T18:36:44.082+0530][2.662s][info][gc,phases   ] GC(36)   Pre Evacuate Collection Set: 0.3ms
[2026-01-15T18:36:44.082+0530][2.662s][info][gc,phases   ] GC(36)   Merge Heap Roots: 0.1ms
[2026-01-15T18:36:44.082+0530][2.662s][info][gc,phases   ] GC(36)   Evacuate Collection Set: 0.6ms
[2026-01-15T18:36:44.082+0530][2.662s][info][gc,phases   ] GC(36)   Post Evacuate Collection Set: 0.6ms
[2026-01-15T18:36:44.082+0530][2.662s][info][gc,phases   ] GC(36)   Other: 0.2ms
[2026-01-15T18:36:44.082+0530][2.662s][info][gc,heap     ] GC(36) Eden regions: 0->0(79)
[2026-01-15T18:36:44.082+0530][2.662s][info][gc,heap     ] GC(36) Survivor regions: 1->1(19)
[2026-01-15T18:36:44.082+0530][2.662s][info][gc,heap     ] GC(36) Old regions: 1->1
[2026-01-15T18:36:44.082+0530][2.662s][info][gc,heap     ] GC(36) Humongous regions: 114->114
[2026-01-15T18:36:44.082+0530][2.662s][info][gc,metaspace] GC(36) Metaspace: 810K(960K)->810K(960K) NonClass: 756K(832K)->756K(832K) Class: 53K(128K)->53K(128K)
[2026-01-15T18:36:44.082+0530][2.662s][info][gc          ] GC(36) Pause Young (Concurrent Start) (G1 Humongous Allocation) 115M->115M(256M) 2.107ms
[2026-01-15T18:36:44.082+0530][2.662s][info][gc,cpu      ] GC(36) User=0.00s Sys=0.00s Real=0.00s
[2026-01-15T18:36:44.082+0530][2.662s][info][gc          ] GC(37) Concurrent Undo Cycle
[2026-01-15T18:36:44.082+0530][2.662s][info][gc,marking  ] GC(37) Concurrent Clear Claimed Marks
[2026-01-15T18:36:44.082+0530][2.662s][info][gc,marking  ] GC(37) Concurrent Clear Claimed Marks 0.015ms
[2026-01-15T18:36:44.082+0530][2.662s][info][gc,marking  ] GC(37) Concurrent Cleanup for Next Mark
[2026-01-15T18:36:44.082+0530][2.662s][info][gc,marking  ] GC(37) Concurrent Cleanup for Next Mark 0.143ms
[2026-01-15T18:36:44.082+0530][2.662s][info][gc          ] GC(37) Concurrent Undo Cycle 0.258ms
[2026-01-15T18:36:44.141+0530][2.721s][info][gc,start    ] GC(38) Pause Young (Concurrent Start) (G1 Humongous Allocation)
[2026-01-15T18:36:44.141+0530][2.721s][info][gc,task     ] GC(38) Using 6 workers of 8 for evacuation
[2026-01-15T18:36:44.143+0530][2.722s][info][gc,phases   ] GC(38)   Pre Evacuate Collection Set: 0.3ms
[2026-01-15T18:36:44.143+0530][2.723s][info][gc,phases   ] GC(38)   Merge Heap Roots: 0.1ms
[2026-01-15T18:36:44.143+0530][2.723s][info][gc,phases   ] GC(38)   Evacuate Collection Set: 0.4ms
[2026-01-15T18:36:44.143+0530][2.723s][info][gc,phases   ] GC(38)   Post Evacuate Collection Set: 0.6ms
[2026-01-15T18:36:44.143+0530][2.723s][info][gc,phases   ] GC(38)   Other: 0.2ms
[2026-01-15T18:36:44.143+0530][2.723s][info][gc,heap     ] GC(38) Eden regions: 0->0(144)
[2026-01-15T18:36:44.143+0530][2.723s][info][gc,heap     ] GC(38) Survivor regions: 1->1(10)
[2026-01-15T18:36:44.143+0530][2.723s][info][gc,heap     ] GC(38) Old regions: 1->1
[2026-01-15T18:36:44.143+0530][2.723s][info][gc,heap     ] GC(38) Humongous regions: 120->0
[2026-01-15T18:36:44.143+0530][2.723s][info][gc,metaspace] GC(38) Metaspace: 810K(960K)->810K(960K) NonClass: 756K(832K)->756K(832K) Class: 53K(128K)->53K(128K)
[2026-01-15T18:36:44.143+0530][2.723s][info][gc          ] GC(38) Pause Young (Concurrent Start) (G1 Humongous Allocation) 121M->1M(256M) 1.839ms
[2026-01-15T18:36:44.143+0530][2.723s][info][gc,cpu      ] GC(38) User=0.00s Sys=0.00s Real=0.00s
[2026-01-15T18:36:44.143+0530][2.723s][info][gc          ] GC(39) Concurrent Undo Cycle
[2026-01-15T18:36:44.143+0530][2.723s][info][gc,marking  ] GC(39) Concurrent Clear Claimed Marks
[2026-01-15T18:36:44.143+0530][2.723s][info][gc,marking  ] GC(39) Concurrent Clear Claimed Marks 0.020ms
[2026-01-15T18:36:44.143+0530][2.723s][info][gc,marking  ] GC(39) Concurrent Cleanup for Next Mark
[2026-01-15T18:36:44.143+0530][2.723s][info][gc,marking  ] GC(39) Concurrent Cleanup for Next Mark 0.107ms
[2026-01-15T18:36:44.143+0530][2.723s][info][gc          ] GC(39) Concurrent Undo Cycle 0.240ms
[2026-01-15T18:36:44.455+0530][3.035s][info][gc,start    ] GC(40) Pause Young (Concurrent Start) (G1 Humongous Allocation)
[2026-01-15T18:36:44.455+0530][3.035s][info][gc,task     ] GC(40) Using 6 workers of 8 for evacuation
[2026-01-15T18:36:44.457+0530][3.037s][info][gc,phases   ] GC(40)   Pre Evacuate Collection Set: 0.3ms
[2026-01-15T18:36:44.457+0530][3.037s][info][gc,phases   ] GC(40)   Merge Heap Roots: 0.1ms
[2026-01-15T18:36:44.457+0530][3.037s][info][gc,phases   ] GC(40)   Evacuate Collection Set: 0.4ms
[2026-01-15T18:36:44.457+0530][3.037s][info][gc,phases   ] GC(40)   Post Evacuate Collection Set: 0.6ms
[2026-01-15T18:36:44.457+0530][3.037s][info][gc,phases   ] GC(40)   Other: 0.2ms
[2026-01-15T18:36:44.457+0530][3.037s][info][gc,heap     ] GC(40) Eden regions: 0->0(79)
[2026-01-15T18:36:44.457+0530][3.037s][info][gc,heap     ] GC(40) Survivor regions: 1->1(19)
[2026-01-15T18:36:44.457+0530][3.037s][info][gc,heap     ] GC(40) Old regions: 1->1
[2026-01-15T18:36:44.457+0530][3.037s][info][gc,heap     ] GC(40) Humongous regions: 114->114
[2026-01-15T18:36:44.457+0530][3.037s][info][gc,metaspace] GC(40) Metaspace: 810K(960K)->810K(960K) NonClass: 756K(832K)->756K(832K) Class: 53K(128K)->53K(128K)
[2026-01-15T18:36:44.457+0530][3.037s][info][gc          ] GC(40) Pause Young (Concurrent Start) (G1 Humongous Allocation) 115M->115M(256M) 1.801ms
[2026-01-15T18:36:44.457+0530][3.037s][info][gc,cpu      ] GC(40) User=0.00s Sys=0.00s Real=0.00s
[2026-01-15T18:36:44.457+0530][3.037s][info][gc          ] GC(41) Concurrent Undo Cycle
[2026-01-15T18:36:44.457+0530][3.037s][info][gc,marking  ] GC(41) Concurrent Clear Claimed Marks
[2026-01-15T18:36:44.457+0530][3.037s][info][gc,marking  ] GC(41) Concurrent Clear Claimed Marks 0.010ms
[2026-01-15T18:36:44.457+0530][3.037s][info][gc,marking  ] GC(41) Concurrent Cleanup for Next Mark
[2026-01-15T18:36:44.457+0530][3.037s][info][gc,marking  ] GC(41) Concurrent Cleanup for Next Mark 0.124ms
[2026-01-15T18:36:44.457+0530][3.037s][info][gc          ] GC(41) Concurrent Undo Cycle 0.219ms
[2026-01-15T18:36:44.518+0530][3.098s][info][gc,start    ] GC(42) Pause Young (Concurrent Start) (G1 Humongous Allocation)
[2026-01-15T18:36:44.518+0530][3.098s][info][gc,task     ] GC(42) Using 6 workers of 8 for evacuation
[2026-01-15T18:36:44.521+0530][3.101s][info][gc,phases   ] GC(42)   Pre Evacuate Collection Set: 0.4ms
[2026-01-15T18:36:44.521+0530][3.101s][info][gc,phases   ] GC(42)   Merge Heap Roots: 0.2ms
[2026-01-15T18:36:44.521+0530][3.101s][info][gc,phases   ] GC(42)   Evacuate Collection Set: 1.4ms
[2026-01-15T18:36:44.521+0530][3.101s][info][gc,phases   ] GC(42)   Post Evacuate Collection Set: 0.9ms
[2026-01-15T18:36:44.521+0530][3.101s][info][gc,phases   ] GC(42)   Other: 0.2ms
[2026-01-15T18:36:44.521+0530][3.101s][info][gc,heap     ] GC(42) Eden regions: 0->0(144)
[2026-01-15T18:36:44.521+0530][3.101s][info][gc,heap     ] GC(42) Survivor regions: 1->0(10)
[2026-01-15T18:36:44.521+0530][3.101s][info][gc,heap     ] GC(42) Old regions: 1->2
[2026-01-15T18:36:44.521+0530][3.101s][info][gc,heap     ] GC(42) Humongous regions: 120->0
[2026-01-15T18:36:44.521+0530][3.101s][info][gc,metaspace] GC(42) Metaspace: 810K(960K)->810K(960K) NonClass: 756K(832K)->756K(832K) Class: 53K(128K)->53K(128K)
[2026-01-15T18:36:44.521+0530][3.101s][info][gc          ] GC(42) Pause Young (Concurrent Start) (G1 Humongous Allocation) 121M->1M(256M) 3.634ms
[2026-01-15T18:36:44.522+0530][3.101s][info][gc,cpu      ] GC(42) User=0.00s Sys=0.00s Real=0.00s
[2026-01-15T18:36:44.522+0530][3.101s][info][gc          ] GC(43) Concurrent Undo Cycle
[2026-01-15T18:36:44.522+0530][3.102s][info][gc,marking  ] GC(43) Concurrent Clear Claimed Marks
[2026-01-15T18:36:44.522+0530][3.102s][info][gc,marking  ] GC(43) Concurrent Clear Claimed Marks 0.031ms
[2026-01-15T18:36:44.522+0530][3.102s][info][gc,marking  ] GC(43) Concurrent Cleanup for Next Mark
[2026-01-15T18:36:44.522+0530][3.102s][info][gc,marking  ] GC(43) Concurrent Cleanup for Next Mark 0.233ms
[2026-01-15T18:36:44.522+0530][3.102s][info][gc          ] GC(43) Concurrent Undo Cycle 0.494ms
[2026-01-15T18:36:44.830+0530][3.410s][info][gc,start    ] GC(44) Pause Young (Concurrent Start) (G1 Humongous Allocation)
[2026-01-15T18:36:44.830+0530][3.410s][info][gc,task     ] GC(44) Using 6 workers of 8 for evacuation
[2026-01-15T18:36:44.831+0530][3.411s][info][gc,phases   ] GC(44)   Pre Evacuate Collection Set: 0.1ms
[2026-01-15T18:36:44.831+0530][3.411s][info][gc,phases   ] GC(44)   Merge Heap Roots: 0.0ms
[2026-01-15T18:36:44.831+0530][3.411s][info][gc,phases   ] GC(44)   Evacuate Collection Set: 0.3ms
[2026-01-15T18:36:44.831+0530][3.411s][info][gc,phases   ] GC(44)   Post Evacuate Collection Set: 0.4ms
[2026-01-15T18:36:44.831+0530][3.411s][info][gc,phases   ] GC(44)   Other: 0.1ms
[2026-01-15T18:36:44.831+0530][3.411s][info][gc,heap     ] GC(44) Eden regions: 0->0(79)
[2026-01-15T18:36:44.831+0530][3.411s][info][gc,heap     ] GC(44) Survivor regions: 0->0(18)
[2026-01-15T18:36:44.831+0530][3.411s][info][gc,heap     ] GC(44) Old regions: 2->2
[2026-01-15T18:36:44.831+0530][3.411s][info][gc,heap     ] GC(44) Humongous regions: 114->114
[2026-01-15T18:36:44.831+0530][3.411s][info][gc,metaspace] GC(44) Metaspace: 810K(960K)->810K(960K) NonClass: 756K(832K)->756K(832K) Class: 53K(128K)->53K(128K)
[2026-01-15T18:36:44.831+0530][3.411s][info][gc          ] GC(44) Pause Young (Concurrent Start) (G1 Humongous Allocation) 115M->115M(256M) 1.152ms
[2026-01-15T18:36:44.831+0530][3.411s][info][gc,cpu      ] GC(44) User=0.00s Sys=0.00s Real=0.00s
[2026-01-15T18:36:44.832+0530][3.411s][info][gc          ] GC(45) Concurrent Mark Cycle
[2026-01-15T18:36:44.832+0530][3.411s][info][gc,marking  ] GC(45) Concurrent Scan Root Regions
[2026-01-15T18:36:44.832+0530][3.411s][info][gc,marking  ] GC(45) Concurrent Scan Root Regions 0.010ms
[2026-01-15T18:36:44.832+0530][3.411s][info][gc,marking  ] GC(45) Concurrent Mark
[2026-01-15T18:36:44.832+0530][3.411s][info][gc,marking  ] GC(45) Concurrent Mark From Roots
[2026-01-15T18:36:44.832+0530][3.411s][info][gc,task     ] GC(45) Using 2 workers of 2 for marking
[2026-01-15T18:36:44.834+0530][3.414s][info][gc,marking  ] GC(45) Concurrent Mark From Roots 2.122ms
[2026-01-15T18:36:44.834+0530][3.414s][info][gc,marking  ] GC(45) Concurrent Preclean
[2026-01-15T18:36:44.834+0530][3.414s][info][gc,marking  ] GC(45) Concurrent Preclean 0.015ms
[2026-01-15T18:36:44.834+0530][3.414s][info][gc,start    ] GC(45) Pause Remark
[2026-01-15T18:36:44.835+0530][3.414s][info][gc          ] GC(45) Pause Remark 121M->121M(256M) 0.682ms
[2026-01-15T18:36:44.835+0530][3.414s][info][gc,cpu      ] GC(45) User=0.00s Sys=0.00s Real=0.00s
[2026-01-15T18:36:44.835+0530][3.414s][info][gc,marking  ] GC(45) Concurrent Mark 3.081ms
[2026-01-15T18:36:44.835+0530][3.415s][info][gc,marking  ] GC(45) Concurrent Rebuild Remembered Sets and Scrub Regions
[2026-01-15T18:36:44.835+0530][3.415s][info][gc,marking  ] GC(45) Concurrent Rebuild Remembered Sets and Scrub Regions 0.504ms
[2026-01-15T18:36:44.835+0530][3.415s][info][gc,start    ] GC(45) Pause Cleanup
[2026-01-15T18:36:44.835+0530][3.415s][info][gc          ] GC(45) Pause Cleanup 121M->121M(256M) 0.075ms
[2026-01-15T18:36:44.835+0530][3.415s][info][gc,cpu      ] GC(45) User=0.00s Sys=0.00s Real=0.00s
[2026-01-15T18:36:44.835+0530][3.415s][info][gc,marking  ] GC(45) Concurrent Clear Claimed Marks
[2026-01-15T18:36:44.835+0530][3.415s][info][gc,marking  ] GC(45) Concurrent Clear Claimed Marks 0.022ms
[2026-01-15T18:36:44.835+0530][3.415s][info][gc,marking  ] GC(45) Concurrent Cleanup for Next Mark
[2026-01-15T18:36:44.836+0530][3.416s][info][gc,marking  ] GC(45) Concurrent Cleanup for Next Mark 0.533ms
[2026-01-15T18:36:44.836+0530][3.416s][info][gc          ] GC(45) Concurrent Mark Cycle 4.477ms
[2026-01-15T18:36:44.894+0530][3.474s][info][gc,start    ] GC(46) Pause Young (Concurrent Start) (G1 Humongous Allocation)
[2026-01-15T18:36:44.894+0530][3.474s][info][gc,task     ] GC(46) Using 6 workers of 8 for evacuation
[2026-01-15T18:36:44.894+0530][3.474s][info][gc,phases   ] GC(46)   Pre Evacuate Collection Set: 0.1ms
[2026-01-15T18:36:44.894+0530][3.474s][info][gc,phases   ] GC(46)   Merge Heap Roots: 0.0ms
[2026-01-15T18:36:44.894+0530][3.474s][info][gc,phases   ] GC(46)   Evacuate Collection Set: 0.1ms
[2026-01-15T18:36:44.894+0530][3.474s][info][gc,phases   ] GC(46)   Post Evacuate Collection Set: 0.2ms
[2026-01-15T18:36:44.894+0530][3.474s][info][gc,phases   ] GC(46)   Other: 0.1ms
[2026-01-15T18:36:44.894+0530][3.474s][info][gc,heap     ] GC(46) Eden regions: 0->0(144)
[2026-01-15T18:36:44.894+0530][3.474s][info][gc,heap     ] GC(46) Survivor regions: 0->0(10)
[2026-01-15T18:36:44.895+0530][3.474s][info][gc,heap     ] GC(46) Old regions: 2->2
[2026-01-15T18:36:44.895+0530][3.474s][info][gc,heap     ] GC(46) Humongous regions: 120->0
[2026-01-15T18:36:44.895+0530][3.474s][info][gc,metaspace] GC(46) Metaspace: 810K(960K)->810K(960K) NonClass: 756K(832K)->756K(832K) Class: 53K(128K)->53K(128K)
[2026-01-15T18:36:44.895+0530][3.474s][info][gc          ] GC(46) Pause Young (Concurrent Start) (G1 Humongous Allocation) 121M->1M(256M) 0.822ms
[2026-01-15T18:36:44.895+0530][3.474s][info][gc,cpu      ] GC(46) User=0.00s Sys=0.00s Real=0.00s
[2026-01-15T18:36:44.895+0530][3.474s][info][gc          ] GC(47) Concurrent Undo Cycle
[2026-01-15T18:36:44.895+0530][3.475s][info][gc,marking  ] GC(47) Concurrent Clear Claimed Marks
[2026-01-15T18:36:44.895+0530][3.475s][info][gc,marking  ] GC(47) Concurrent Clear Claimed Marks 0.016ms
[2026-01-15T18:36:44.895+0530][3.475s][info][gc,marking  ] GC(47) Concurrent Cleanup for Next Mark
[2026-01-15T18:36:44.895+0530][3.475s][info][gc,marking  ] GC(47) Concurrent Cleanup for Next Mark 0.070ms
[2026-01-15T18:36:44.895+0530][3.475s][info][gc          ] GC(47) Concurrent Undo Cycle 0.215ms
[2026-01-15T18:36:45.208+0530][3.788s][info][gc,start    ] GC(48) Pause Young (Concurrent Start) (G1 Humongous Allocation)
[2026-01-15T18:36:45.209+0530][3.788s][info][gc,task     ] GC(48) Using 6 workers of 8 for evacuation
[2026-01-15T18:36:45.209+0530][3.789s][info][gc,phases   ] GC(48)   Pre Evacuate Collection Set: 0.1ms
[2026-01-15T18:36:45.209+0530][3.789s][info][gc,phases   ] GC(48)   Merge Heap Roots: 0.0ms
[2026-01-15T18:36:45.209+0530][3.789s][info][gc,phases   ] GC(48)   Evacuate Collection Set: 0.1ms
[2026-01-15T18:36:45.209+0530][3.789s][info][gc,phases   ] GC(48)   Post Evacuate Collection Set: 0.2ms
[2026-01-15T18:36:45.209+0530][3.789s][info][gc,phases   ] GC(48)   Other: 0.1ms
[2026-01-15T18:36:45.209+0530][3.789s][info][gc,heap     ] GC(48) Eden regions: 0->0(79)
[2026-01-15T18:36:45.209+0530][3.789s][info][gc,heap     ] GC(48) Survivor regions: 0->0(18)
[2026-01-15T18:36:45.209+0530][3.789s][info][gc,heap     ] GC(48) Old regions: 2->2
[2026-01-15T18:36:45.209+0530][3.789s][info][gc,heap     ] GC(48) Humongous regions: 114->114
[2026-01-15T18:36:45.209+0530][3.789s][info][gc,metaspace] GC(48) Metaspace: 810K(960K)->810K(960K) NonClass: 756K(832K)->756K(832K) Class: 53K(128K)->53K(128K)
[2026-01-15T18:36:45.209+0530][3.789s][info][gc          ] GC(48) Pause Young (Concurrent Start) (G1 Humongous Allocation) 115M->115M(256M) 0.885ms
[2026-01-15T18:36:45.209+0530][3.789s][info][gc,cpu      ] GC(48) User=0.00s Sys=0.00s Real=0.00s
[2026-01-15T18:36:45.209+0530][3.789s][info][gc          ] GC(49) Concurrent Mark Cycle
[2026-01-15T18:36:45.209+0530][3.789s][info][gc,marking  ] GC(49) Concurrent Scan Root Regions
[2026-01-15T18:36:45.209+0530][3.789s][info][gc,marking  ] GC(49) Concurrent Scan Root Regions 0.017ms
[2026-01-15T18:36:45.209+0530][3.789s][info][gc,marking  ] GC(49) Concurrent Mark
[2026-01-15T18:36:45.209+0530][3.789s][info][gc,marking  ] GC(49) Concurrent Mark From Roots
[2026-01-15T18:36:45.209+0530][3.789s][info][gc,task     ] GC(49) Using 2 workers of 2 for marking
[2026-01-15T18:36:45.211+0530][3.791s][info][gc,marking  ] GC(49) Concurrent Mark From Roots 1.724ms
[2026-01-15T18:36:45.211+0530][3.791s][info][gc,marking  ] GC(49) Concurrent Preclean
[2026-01-15T18:36:45.211+0530][3.791s][info][gc,marking  ] GC(49) Concurrent Preclean 0.011ms
[2026-01-15T18:36:45.211+0530][3.791s][info][gc,start    ] GC(49) Pause Remark
[2026-01-15T18:36:45.212+0530][3.792s][info][gc          ] GC(49) Pause Remark 121M->121M(256M) 0.740ms
[2026-01-15T18:36:45.212+0530][3.792s][info][gc,cpu      ] GC(49) User=0.00s Sys=0.00s Real=0.00s
[2026-01-15T18:36:45.212+0530][3.792s][info][gc,marking  ] GC(49) Concurrent Mark 2.692ms
[2026-01-15T18:36:45.212+0530][3.792s][info][gc,marking  ] GC(49) Concurrent Rebuild Remembered Sets and Scrub Regions
[2026-01-15T18:36:45.213+0530][3.793s][info][gc,marking  ] GC(49) Concurrent Rebuild Remembered Sets and Scrub Regions 0.752ms
[2026-01-15T18:36:45.213+0530][3.793s][info][gc,start    ] GC(49) Pause Cleanup
[2026-01-15T18:36:45.213+0530][3.793s][info][gc          ] GC(49) Pause Cleanup 121M->121M(256M) 0.174ms
[2026-01-15T18:36:45.213+0530][3.793s][info][gc,cpu      ] GC(49) User=0.00s Sys=0.00s Real=0.00s
[2026-01-15T18:36:45.213+0530][3.793s][info][gc,marking  ] GC(49) Concurrent Clear Claimed Marks
[2026-01-15T18:36:45.213+0530][3.793s][info][gc,marking  ] GC(49) Concurrent Clear Claimed Marks 0.025ms
[2026-01-15T18:36:45.213+0530][3.793s][info][gc,marking  ] GC(49) Concurrent Cleanup for Next Mark
[2026-01-15T18:36:45.214+0530][3.794s][info][gc,marking  ] GC(49) Concurrent Cleanup for Next Mark 0.670ms
[2026-01-15T18:36:45.214+0530][3.794s][info][gc          ] GC(49) Concurrent Mark Cycle 4.643ms
[2026-01-15T18:36:45.270+0530][3.849s][info][gc,start    ] GC(50) Pause Young (Concurrent Start) (G1 Humongous Allocation)
[2026-01-15T18:36:45.270+0530][3.850s][info][gc,task     ] GC(50) Using 6 workers of 8 for evacuation
[2026-01-15T18:36:45.271+0530][3.851s][info][gc,phases   ] GC(50)   Pre Evacuate Collection Set: 0.2ms
[2026-01-15T18:36:45.271+0530][3.851s][info][gc,phases   ] GC(50)   Merge Heap Roots: 0.0ms
[2026-01-15T18:36:45.271+0530][3.851s][info][gc,phases   ] GC(50)   Evacuate Collection Set: 0.2ms
[2026-01-15T18:36:45.271+0530][3.851s][info][gc,phases   ] GC(50)   Post Evacuate Collection Set: 0.6ms
[2026-01-15T18:36:45.271+0530][3.851s][info][gc,phases   ] GC(50)   Other: 0.1ms
[2026-01-15T18:36:45.271+0530][3.851s][info][gc,heap     ] GC(50) Eden regions: 0->0(144)
[2026-01-15T18:36:45.271+0530][3.851s][info][gc,heap     ] GC(50) Survivor regions: 0->0(10)
[2026-01-15T18:36:45.271+0530][3.851s][info][gc,heap     ] GC(50) Old regions: 2->2
[2026-01-15T18:36:45.271+0530][3.851s][info][gc,heap     ] GC(50) Humongous regions: 120->0
[2026-01-15T18:36:45.271+0530][3.851s][info][gc,metaspace] GC(50) Metaspace: 810K(960K)->810K(960K) NonClass: 756K(832K)->756K(832K) Class: 53K(128K)->53K(128K)
[2026-01-15T18:36:45.271+0530][3.851s][info][gc          ] GC(50) Pause Young (Concurrent Start) (G1 Humongous Allocation) 121M->1M(256M) 1.462ms
[2026-01-15T18:36:45.271+0530][3.851s][info][gc,cpu      ] GC(50) User=0.00s Sys=0.00s Real=0.00s
[2026-01-15T18:36:45.271+0530][3.851s][info][gc          ] GC(51) Concurrent Undo Cycle
[2026-01-15T18:36:45.271+0530][3.851s][info][gc,marking  ] GC(51) Concurrent Clear Claimed Marks
[2026-01-15T18:36:45.271+0530][3.851s][info][gc,marking  ] GC(51) Concurrent Clear Claimed Marks 0.010ms
[2026-01-15T18:36:45.271+0530][3.851s][info][gc,marking  ] GC(51) Concurrent Cleanup for Next Mark
[2026-01-15T18:36:45.272+0530][3.851s][info][gc,marking  ] GC(51) Concurrent Cleanup for Next Mark 0.097ms
[2026-01-15T18:36:45.272+0530][3.851s][info][gc          ] GC(51) Concurrent Undo Cycle 0.166ms
[2026-01-15T18:36:45.583+0530][4.164s][info][gc,start    ] GC(52) Pause Young (Concurrent Start) (G1 Humongous Allocation)
[2026-01-15T18:36:45.583+0530][4.164s][info][gc,task     ] GC(52) Using 6 workers of 8 for evacuation
[2026-01-15T18:36:45.585+0530][4.165s][info][gc,phases   ] GC(52)   Pre Evacuate Collection Set: 0.2ms
[2026-01-15T18:36:45.585+0530][4.165s][info][gc,phases   ] GC(52)   Merge Heap Roots: 0.1ms
[2026-01-15T18:36:45.585+0530][4.165s][info][gc,phases   ] GC(52)   Evacuate Collection Set: 0.2ms
[2026-01-15T18:36:45.585+0530][4.165s][info][gc,phases   ] GC(52)   Post Evacuate Collection Set: 0.5ms
[2026-01-15T18:36:45.585+0530][4.165s][info][gc,phases   ] GC(52)   Other: 0.2ms
[2026-01-15T18:36:45.585+0530][4.165s][info][gc,heap     ] GC(52) Eden regions: 0->0(79)
[2026-01-15T18:36:45.585+0530][4.165s][info][gc,heap     ] GC(52) Survivor regions: 0->0(18)
[2026-01-15T18:36:45.585+0530][4.165s][info][gc,heap     ] GC(52) Old regions: 2->2
[2026-01-15T18:36:45.585+0530][4.165s][info][gc,heap     ] GC(52) Humongous regions: 114->114
[2026-01-15T18:36:45.585+0530][4.165s][info][gc,metaspace] GC(52) Metaspace: 810K(960K)->810K(960K) NonClass: 756K(832K)->756K(832K) Class: 53K(128K)->53K(128K)
[2026-01-15T18:36:45.585+0530][4.165s][info][gc          ] GC(52) Pause Young (Concurrent Start) (G1 Humongous Allocation) 115M->115M(256M) 1.514ms
[2026-01-15T18:36:45.585+0530][4.165s][info][gc,cpu      ] GC(52) User=0.05s Sys=0.00s Real=0.00s
[2026-01-15T18:36:45.585+0530][4.165s][info][gc          ] GC(53) Concurrent Mark Cycle
[2026-01-15T18:36:45.585+0530][4.165s][info][gc,marking  ] GC(53) Concurrent Scan Root Regions
[2026-01-15T18:36:45.585+0530][4.165s][info][gc,marking  ] GC(53) Concurrent Scan Root Regions 0.014ms
[2026-01-15T18:36:45.585+0530][4.165s][info][gc,marking  ] GC(53) Concurrent Mark
[2026-01-15T18:36:45.585+0530][4.165s][info][gc,marking  ] GC(53) Concurrent Mark From Roots
[2026-01-15T18:36:45.585+0530][4.165s][info][gc,task     ] GC(53) Using 2 workers of 2 for marking
[2026-01-15T18:36:45.587+0530][4.168s][info][gc,marking  ] GC(53) Concurrent Mark From Roots 2.292ms
[2026-01-15T18:36:45.587+0530][4.168s][info][gc,marking  ] GC(53) Concurrent Preclean
[2026-01-15T18:36:45.587+0530][4.168s][info][gc,marking  ] GC(53) Concurrent Preclean 0.012ms
[2026-01-15T18:36:45.588+0530][4.168s][info][gc,start    ] GC(53) Pause Remark
[2026-01-15T18:36:45.589+0530][4.169s][info][gc          ] GC(53) Pause Remark 121M->121M(256M) 1.069ms
[2026-01-15T18:36:45.589+0530][4.169s][info][gc,cpu      ] GC(53) User=0.00s Sys=0.00s Real=0.00s
[2026-01-15T18:36:45.589+0530][4.169s][info][gc,marking  ] GC(53) Concurrent Mark 3.637ms
[2026-01-15T18:36:45.589+0530][4.169s][info][gc,marking  ] GC(53) Concurrent Rebuild Remembered Sets and Scrub Regions
[2026-01-15T18:36:45.591+0530][4.170s][info][gc,marking  ] GC(53) Concurrent Rebuild Remembered Sets and Scrub Regions 0.814ms
[2026-01-15T18:36:45.591+0530][4.170s][info][gc,start    ] GC(53) Pause Cleanup
[2026-01-15T18:36:45.591+0530][4.170s][info][gc          ] GC(53) Pause Cleanup 121M->121M(256M) 0.308ms
[2026-01-15T18:36:45.591+0530][4.170s][info][gc,cpu      ] GC(53) User=0.00s Sys=0.00s Real=0.00s
[2026-01-15T18:36:45.591+0530][4.171s][info][gc,marking  ] GC(53) Concurrent Clear Claimed Marks
[2026-01-15T18:36:45.591+0530][4.171s][info][gc,marking  ] GC(53) Concurrent Clear Claimed Marks 0.030ms
[2026-01-15T18:36:45.591+0530][4.171s][info][gc,marking  ] GC(53) Concurrent Cleanup for Next Mark
[2026-01-15T18:36:45.591+0530][4.171s][info][gc,marking  ] GC(53) Concurrent Cleanup for Next Mark 0.505ms
[2026-01-15T18:36:45.591+0530][4.171s][info][gc          ] GC(53) Concurrent Mark Cycle 5.803ms
[2026-01-15T18:36:45.645+0530][4.225s][info][gc,start    ] GC(54) Pause Young (Concurrent Start) (G1 Humongous Allocation)
[2026-01-15T18:36:45.645+0530][4.225s][info][gc,task     ] GC(54) Using 6 workers of 8 for evacuation
[2026-01-15T18:36:45.646+0530][4.226s][info][gc,phases   ] GC(54)   Pre Evacuate Collection Set: 0.2ms
[2026-01-15T18:36:45.646+0530][4.226s][info][gc,phases   ] GC(54)   Merge Heap Roots: 0.1ms
[2026-01-15T18:36:45.646+0530][4.226s][info][gc,phases   ] GC(54)   Evacuate Collection Set: 0.2ms
[2026-01-15T18:36:45.646+0530][4.226s][info][gc,phases   ] GC(54)   Post Evacuate Collection Set: 0.5ms
[2026-01-15T18:36:45.646+0530][4.226s][info][gc,phases   ] GC(54)   Other: 0.1ms
[2026-01-15T18:36:45.646+0530][4.226s][info][gc,heap     ] GC(54) Eden regions: 0->0(144)
[2026-01-15T18:36:45.646+0530][4.226s][info][gc,heap     ] GC(54) Survivor regions: 0->0(10)
[2026-01-15T18:36:45.646+0530][4.226s][info][gc,heap     ] GC(54) Old regions: 2->2
[2026-01-15T18:36:45.646+0530][4.226s][info][gc,heap     ] GC(54) Humongous regions: 120->0
[2026-01-15T18:36:45.646+0530][4.226s][info][gc,metaspace] GC(54) Metaspace: 810K(960K)->810K(960K) NonClass: 756K(832K)->756K(832K) Class: 53K(128K)->53K(128K)
[2026-01-15T18:36:45.646+0530][4.226s][info][gc          ] GC(54) Pause Young (Concurrent Start) (G1 Humongous Allocation) 121M->1M(256M) 1.418ms
[2026-01-15T18:36:45.646+0530][4.226s][info][gc,cpu      ] GC(54) User=0.00s Sys=0.00s Real=0.00s
[2026-01-15T18:36:45.646+0530][4.226s][info][gc          ] GC(55) Concurrent Undo Cycle
[2026-01-15T18:36:45.646+0530][4.226s][info][gc,marking  ] GC(55) Concurrent Clear Claimed Marks
[2026-01-15T18:36:45.646+0530][4.227s][info][gc,marking  ] GC(55) Concurrent Clear Claimed Marks 0.012ms
[2026-01-15T18:36:45.646+0530][4.227s][info][gc,marking  ] GC(55) Concurrent Cleanup for Next Mark
[2026-01-15T18:36:45.647+0530][4.227s][info][gc,marking  ] GC(55) Concurrent Cleanup for Next Mark 0.050ms
[2026-01-15T18:36:45.647+0530][4.227s][info][gc          ] GC(55) Concurrent Undo Cycle 0.136ms
[2026-01-15T18:36:45.956+0530][4.536s][info][gc,start    ] GC(56) Pause Young (Concurrent Start) (G1 Humongous Allocation)
[2026-01-15T18:36:45.956+0530][4.536s][info][gc,task     ] GC(56) Using 6 workers of 8 for evacuation
[2026-01-15T18:36:45.958+0530][4.538s][info][gc,phases   ] GC(56)   Pre Evacuate Collection Set: 0.2ms
[2026-01-15T18:36:45.958+0530][4.538s][info][gc,phases   ] GC(56)   Merge Heap Roots: 0.1ms
[2026-01-15T18:36:45.958+0530][4.538s][info][gc,phases   ] GC(56)   Evacuate Collection Set: 0.6ms
[2026-01-15T18:36:45.958+0530][4.538s][info][gc,phases   ] GC(56)   Post Evacuate Collection Set: 0.5ms
[2026-01-15T18:36:45.958+0530][4.538s][info][gc,phases   ] GC(56)   Other: 0.2ms
[2026-01-15T18:36:45.958+0530][4.538s][info][gc,heap     ] GC(56) Eden regions: 0->0(79)
[2026-01-15T18:36:45.958+0530][4.538s][info][gc,heap     ] GC(56) Survivor regions: 0->0(18)
[2026-01-15T18:36:45.958+0530][4.538s][info][gc,heap     ] GC(56) Old regions: 2->2
[2026-01-15T18:36:45.958+0530][4.538s][info][gc,heap     ] GC(56) Humongous regions: 114->114
[2026-01-15T18:36:45.958+0530][4.538s][info][gc,metaspace] GC(56) Metaspace: 810K(960K)->810K(960K) NonClass: 756K(832K)->756K(832K) Class: 53K(128K)->53K(128K)
[2026-01-15T18:36:45.958+0530][4.538s][info][gc          ] GC(56) Pause Young (Concurrent Start) (G1 Humongous Allocation) 115M->115M(256M) 1.871ms
[2026-01-15T18:36:45.958+0530][4.538s][info][gc,cpu      ] GC(56) User=0.00s Sys=0.00s Real=0.00s
[2026-01-15T18:36:45.958+0530][4.538s][info][gc          ] GC(57) Concurrent Mark Cycle
[2026-01-15T18:36:45.958+0530][4.538s][info][gc,marking  ] GC(57) Concurrent Scan Root Regions
[2026-01-15T18:36:45.958+0530][4.538s][info][gc,marking  ] GC(57) Concurrent Scan Root Regions 0.009ms
[2026-01-15T18:36:45.958+0530][4.538s][info][gc,marking  ] GC(57) Concurrent Mark
[2026-01-15T18:36:45.958+0530][4.538s][info][gc,marking  ] GC(57) Concurrent Mark From Roots
[2026-01-15T18:36:45.958+0530][4.538s][info][gc,task     ] GC(57) Using 2 workers of 2 for marking
[2026-01-15T18:36:45.960+0530][4.540s][info][gc,marking  ] GC(57) Concurrent Mark From Roots 1.600ms
[2026-01-15T18:36:45.960+0530][4.540s][info][gc,marking  ] GC(57) Concurrent Preclean
[2026-01-15T18:36:45.960+0530][4.540s][info][gc,marking  ] GC(57) Concurrent Preclean 0.012ms
[2026-01-15T18:36:45.960+0530][4.540s][info][gc,start    ] GC(57) Pause Remark
[2026-01-15T18:36:45.961+0530][4.541s][info][gc          ] GC(57) Pause Remark 121M->121M(256M) 1.030ms
[2026-01-15T18:36:45.961+0530][4.541s][info][gc,cpu      ] GC(57) User=0.00s Sys=0.00s Real=0.00s
[2026-01-15T18:36:45.961+0530][4.541s][info][gc,marking  ] GC(57) Concurrent Mark 2.901ms
[2026-01-15T18:36:45.961+0530][4.541s][info][gc,marking  ] GC(57) Concurrent Rebuild Remembered Sets and Scrub Regions
[2026-01-15T18:36:45.962+0530][4.542s][info][gc,marking  ] GC(57) Concurrent Rebuild Remembered Sets and Scrub Regions 0.601ms
[2026-01-15T18:36:45.962+0530][4.542s][info][gc,start    ] GC(57) Pause Cleanup
[2026-01-15T18:36:45.962+0530][4.542s][info][gc          ] GC(57) Pause Cleanup 121M->121M(256M) 0.232ms
[2026-01-15T18:36:45.962+0530][4.542s][info][gc,cpu      ] GC(57) User=0.00s Sys=0.00s Real=0.00s
[2026-01-15T18:36:45.962+0530][4.542s][info][gc,marking  ] GC(57) Concurrent Clear Claimed Marks
[2026-01-15T18:36:45.962+0530][4.542s][info][gc,marking  ] GC(57) Concurrent Clear Claimed Marks 0.023ms
[2026-01-15T18:36:45.962+0530][4.542s][info][gc,marking  ] GC(57) Concurrent Cleanup for Next Mark
[2026-01-15T18:36:45.963+0530][4.543s][info][gc,marking  ] GC(57) Concurrent Cleanup for Next Mark 0.363ms
[2026-01-15T18:36:45.963+0530][4.543s][info][gc          ] GC(57) Concurrent Mark Cycle 4.443ms
[2026-01-15T18:36:46.018+0530][4.599s][info][gc,start    ] GC(58) Pause Young (Concurrent Start) (G1 Humongous Allocation)
[2026-01-15T18:36:46.019+0530][4.599s][info][gc,task     ] GC(58) Using 6 workers of 8 for evacuation
[2026-01-15T18:36:46.019+0530][4.599s][info][gc,phases   ] GC(58)   Pre Evacuate Collection Set: 0.1ms
[2026-01-15T18:36:46.019+0530][4.599s][info][gc,phases   ] GC(58)   Merge Heap Roots: 0.0ms
[2026-01-15T18:36:46.019+0530][4.599s][info][gc,phases   ] GC(58)   Evacuate Collection Set: 0.2ms
[2026-01-15T18:36:46.019+0530][4.599s][info][gc,phases   ] GC(58)   Post Evacuate Collection Set: 0.2ms
[2026-01-15T18:36:46.019+0530][4.599s][info][gc,phases   ] GC(58)   Other: 0.1ms
[2026-01-15T18:36:46.019+0530][4.599s][info][gc,heap     ] GC(58) Eden regions: 0->0(144)
[2026-01-15T18:36:46.019+0530][4.599s][info][gc,heap     ] GC(58) Survivor regions: 0->0(10)
[2026-01-15T18:36:46.019+0530][4.599s][info][gc,heap     ] GC(58) Old regions: 2->2
[2026-01-15T18:36:46.019+0530][4.599s][info][gc,heap     ] GC(58) Humongous regions: 120->0
[2026-01-15T18:36:46.019+0530][4.600s][info][gc,metaspace] GC(58) Metaspace: 810K(960K)->810K(960K) NonClass: 756K(832K)->756K(832K) Class: 53K(128K)->53K(128K)
[2026-01-15T18:36:46.019+0530][4.600s][info][gc          ] GC(58) Pause Young (Concurrent Start) (G1 Humongous Allocation) 121M->1M(256M) 0.906ms
[2026-01-15T18:36:46.019+0530][4.600s][info][gc,cpu      ] GC(58) User=0.00s Sys=0.00s Real=0.00s
[2026-01-15T18:36:46.019+0530][4.600s][info][gc          ] GC(59) Concurrent Undo Cycle
[2026-01-15T18:36:46.019+0530][4.600s][info][gc,marking  ] GC(59) Concurrent Clear Claimed Marks
[2026-01-15T18:36:46.019+0530][4.600s][info][gc,marking  ] GC(59) Concurrent Clear Claimed Marks 0.019ms
[2026-01-15T18:36:46.019+0530][4.600s][info][gc,marking  ] GC(59) Concurrent Cleanup for Next Mark
[2026-01-15T18:36:46.020+0530][4.600s][info][gc,marking  ] GC(59) Concurrent Cleanup for Next Mark 0.069ms
[2026-01-15T18:36:46.020+0530][4.600s][info][gc          ] GC(59) Concurrent Undo Cycle 0.182ms
[2026-01-15T18:36:46.329+0530][4.909s][info][gc,start    ] GC(60) Pause Young (Concurrent Start) (G1 Humongous Allocation)
[2026-01-15T18:36:46.329+0530][4.909s][info][gc,task     ] GC(60) Using 6 workers of 8 for evacuation
[2026-01-15T18:36:46.331+0530][4.911s][info][gc,phases   ] GC(60)   Pre Evacuate Collection Set: 0.4ms
[2026-01-15T18:36:46.331+0530][4.911s][info][gc,phases   ] GC(60)   Merge Heap Roots: 0.1ms
[2026-01-15T18:36:46.331+0530][4.911s][info][gc,phases   ] GC(60)   Evacuate Collection Set: 0.3ms
[2026-01-15T18:36:46.331+0530][4.911s][info][gc,phases   ] GC(60)   Post Evacuate Collection Set: 0.5ms
[2026-01-15T18:36:46.331+0530][4.911s][info][gc,phases   ] GC(60)   Other: 0.2ms
[2026-01-15T18:36:46.331+0530][4.911s][info][gc,heap     ] GC(60) Eden regions: 0->0(79)
[2026-01-15T18:36:46.331+0530][4.911s][info][gc,heap     ] GC(60) Survivor regions: 0->0(18)
[2026-01-15T18:36:46.331+0530][4.911s][info][gc,heap     ] GC(60) Old regions: 2->2
[2026-01-15T18:36:46.331+0530][4.911s][info][gc,heap     ] GC(60) Humongous regions: 114->114
[2026-01-15T18:36:46.331+0530][4.911s][info][gc,metaspace] GC(60) Metaspace: 810K(960K)->810K(960K) NonClass: 756K(832K)->756K(832K) Class: 53K(128K)->53K(128K)
[2026-01-15T18:36:46.331+0530][4.911s][info][gc          ] GC(60) Pause Young (Concurrent Start) (G1 Humongous Allocation) 115M->115M(256M) 1.668ms
[2026-01-15T18:36:46.331+0530][4.911s][info][gc,cpu      ] GC(60) User=0.00s Sys=0.00s Real=0.00s
[2026-01-15T18:36:46.331+0530][4.911s][info][gc          ] GC(61) Concurrent Mark Cycle
[2026-01-15T18:36:46.331+0530][4.911s][info][gc,marking  ] GC(61) Concurrent Scan Root Regions
[2026-01-15T18:36:46.331+0530][4.911s][info][gc,marking  ] GC(61) Concurrent Scan Root Regions 0.009ms
[2026-01-15T18:36:46.331+0530][4.911s][info][gc,marking  ] GC(61) Concurrent Mark
[2026-01-15T18:36:46.331+0530][4.911s][info][gc,marking  ] GC(61) Concurrent Mark From Roots
[2026-01-15T18:36:46.331+0530][4.911s][info][gc,task     ] GC(61) Using 2 workers of 2 for marking
[2026-01-15T18:36:46.333+0530][4.913s][info][gc,marking  ] GC(61) Concurrent Mark From Roots 1.493ms
[2026-01-15T18:36:46.333+0530][4.913s][info][gc,marking  ] GC(61) Concurrent Preclean
[2026-01-15T18:36:46.333+0530][4.913s][info][gc,marking  ] GC(61) Concurrent Preclean 0.010ms
[2026-01-15T18:36:46.333+0530][4.913s][info][gc,start    ] GC(61) Pause Remark
[2026-01-15T18:36:46.334+0530][4.914s][info][gc          ] GC(61) Pause Remark 121M->121M(256M) 1.017ms
[2026-01-15T18:36:46.334+0530][4.914s][info][gc,cpu      ] GC(61) User=0.00s Sys=0.00s Real=0.00s
[2026-01-15T18:36:46.334+0530][4.914s][info][gc,marking  ] GC(61) Concurrent Mark 2.728ms
[2026-01-15T18:36:46.334+0530][4.914s][info][gc,marking  ] GC(61) Concurrent Rebuild Remembered Sets and Scrub Regions
[2026-01-15T18:36:46.334+0530][4.914s][info][gc,marking  ] GC(61) Concurrent Rebuild Remembered Sets and Scrub Regions 0.565ms
[2026-01-15T18:36:46.334+0530][4.914s][info][gc,start    ] GC(61) Pause Cleanup
[2026-01-15T18:36:46.335+0530][4.915s][info][gc          ] GC(61) Pause Cleanup 121M->121M(256M) 0.173ms
[2026-01-15T18:36:46.335+0530][4.915s][info][gc,cpu      ] GC(61) User=0.00s Sys=0.00s Real=0.00s
[2026-01-15T18:36:46.335+0530][4.915s][info][gc,marking  ] GC(61) Concurrent Clear Claimed Marks
[2026-01-15T18:36:46.335+0530][4.915s][info][gc,marking  ] GC(61) Concurrent Clear Claimed Marks 0.025ms
[2026-01-15T18:36:46.335+0530][4.915s][info][gc,marking  ] GC(61) Concurrent Cleanup for Next Mark
[2026-01-15T18:36:46.335+0530][4.915s][info][gc,marking  ] GC(61) Concurrent Cleanup for Next Mark 0.305ms
[2026-01-15T18:36:46.335+0530][4.915s][info][gc          ] GC(61) Concurrent Mark Cycle 4.036ms
[2026-01-15T18:36:46.392+0530][4.972s][info][gc,start    ] GC(62) Pause Young (Concurrent Start) (G1 Humongous Allocation)
[2026-01-15T18:36:46.392+0530][4.972s][info][gc,task     ] GC(62) Using 6 workers of 8 for evacuation
[2026-01-15T18:36:46.393+0530][4.974s][info][gc,phases   ] GC(62)   Pre Evacuate Collection Set: 0.2ms
[2026-01-15T18:36:46.394+0530][4.974s][info][gc,phases   ] GC(62)   Merge Heap Roots: 0.1ms
[2026-01-15T18:36:46.394+0530][4.974s][info][gc,phases   ] GC(62)   Evacuate Collection Set: 0.3ms
[2026-01-15T18:36:46.394+0530][4.974s][info][gc,phases   ] GC(62)   Post Evacuate Collection Set: 0.7ms
[2026-01-15T18:36:46.394+0530][4.974s][info][gc,phases   ] GC(62)   Other: 0.2ms
[2026-01-15T18:36:46.394+0530][4.974s][info][gc,heap     ] GC(62) Eden regions: 0->0(144)
[2026-01-15T18:36:46.394+0530][4.974s][info][gc,heap     ] GC(62) Survivor regions: 0->0(10)
[2026-01-15T18:36:46.394+0530][4.974s][info][gc,heap     ] GC(62) Old regions: 2->2
[2026-01-15T18:36:46.394+0530][4.974s][info][gc,heap     ] GC(62) Humongous regions: 120->0
[2026-01-15T18:36:46.394+0530][4.974s][info][gc,metaspace] GC(62) Metaspace: 810K(960K)->810K(960K) NonClass: 756K(832K)->756K(832K) Class: 53K(128K)->53K(128K)
[2026-01-15T18:36:46.394+0530][4.974s][info][gc          ] GC(62) Pause Young (Concurrent Start) (G1 Humongous Allocation) 121M->1M(256M) 1.943ms
[2026-01-15T18:36:46.394+0530][4.974s][info][gc,cpu      ] GC(62) User=0.00s Sys=0.00s Real=0.00s
[2026-01-15T18:36:46.394+0530][4.974s][info][gc          ] GC(63) Concurrent Undo Cycle
[2026-01-15T18:36:46.394+0530][4.974s][info][gc,marking  ] GC(63) Concurrent Clear Claimed Marks
[2026-01-15T18:36:46.394+0530][4.974s][info][gc,marking  ] GC(63) Concurrent Clear Claimed Marks 0.020ms
[2026-01-15T18:36:46.394+0530][4.974s][info][gc,marking  ] GC(63) Concurrent Cleanup for Next Mark
[2026-01-15T18:36:46.394+0530][4.974s][info][gc,marking  ] GC(63) Concurrent Cleanup for Next Mark 0.144ms
[2026-01-15T18:36:46.394+0530][4.974s][info][gc          ] GC(63) Concurrent Undo Cycle 0.301ms
[2026-01-15T18:36:46.707+0530][5.287s][info][gc,start    ] GC(64) Pause Young (Concurrent Start) (G1 Humongous Allocation)
[2026-01-15T18:36:46.708+0530][5.287s][info][gc,task     ] GC(64) Using 6 workers of 8 for evacuation
[2026-01-15T18:36:46.709+0530][5.289s][info][gc,phases   ] GC(64)   Pre Evacuate Collection Set: 0.3ms
[2026-01-15T18:36:46.709+0530][5.289s][info][gc,phases   ] GC(64)   Merge Heap Roots: 0.1ms
[2026-01-15T18:36:46.709+0530][5.289s][info][gc,phases   ] GC(64)   Evacuate Collection Set: 0.3ms
[2026-01-15T18:36:46.709+0530][5.289s][info][gc,phases   ] GC(64)   Post Evacuate Collection Set: 0.5ms
[2026-01-15T18:36:46.709+0530][5.289s][info][gc,phases   ] GC(64)   Other: 0.2ms
[2026-01-15T18:36:46.709+0530][5.289s][info][gc,heap     ] GC(64) Eden regions: 0->0(79)
[2026-01-15T18:36:46.709+0530][5.289s][info][gc,heap     ] GC(64) Survivor regions: 0->0(18)
[2026-01-15T18:36:46.709+0530][5.289s][info][gc,heap     ] GC(64) Old regions: 2->2
[2026-01-15T18:36:46.709+0530][5.289s][info][gc,heap     ] GC(64) Humongous regions: 114->114
[2026-01-15T18:36:46.709+0530][5.289s][info][gc,metaspace] GC(64) Metaspace: 810K(960K)->810K(960K) NonClass: 756K(832K)->756K(832K) Class: 53K(128K)->53K(128K)
[2026-01-15T18:36:46.709+0530][5.289s][info][gc          ] GC(64) Pause Young (Concurrent Start) (G1 Humongous Allocation) 115M->115M(256M) 1.856ms
[2026-01-15T18:36:46.709+0530][5.289s][info][gc,cpu      ] GC(64) User=0.00s Sys=0.00s Real=0.00s
[2026-01-15T18:36:46.709+0530][5.289s][info][gc          ] GC(65) Concurrent Mark Cycle
[2026-01-15T18:36:46.709+0530][5.289s][info][gc,marking  ] GC(65) Concurrent Scan Root Regions
[2026-01-15T18:36:46.709+0530][5.289s][info][gc,marking  ] GC(65) Concurrent Scan Root Regions 0.013ms
[2026-01-15T18:36:46.709+0530][5.289s][info][gc,marking  ] GC(65) Concurrent Mark
[2026-01-15T18:36:46.709+0530][5.289s][info][gc,marking  ] GC(65) Concurrent Mark From Roots
[2026-01-15T18:36:46.709+0530][5.289s][info][gc,task     ] GC(65) Using 2 workers of 2 for marking
[2026-01-15T18:36:46.711+0530][5.291s][info][gc,marking  ] GC(65) Concurrent Mark From Roots 1.997ms
[2026-01-15T18:36:46.711+0530][5.291s][info][gc,marking  ] GC(65) Concurrent Preclean
[2026-01-15T18:36:46.711+0530][5.291s][info][gc,marking  ] GC(65) Concurrent Preclean 0.011ms
[2026-01-15T18:36:46.711+0530][5.291s][info][gc,start    ] GC(65) Pause Remark
[2026-01-15T18:36:46.713+0530][5.292s][info][gc          ] GC(65) Pause Remark 121M->121M(256M) 1.110ms
[2026-01-15T18:36:46.713+0530][5.292s][info][gc,cpu      ] GC(65) User=0.00s Sys=0.00s Real=0.00s
[2026-01-15T18:36:46.713+0530][5.292s][info][gc,marking  ] GC(65) Concurrent Mark 3.330ms
[2026-01-15T18:36:46.713+0530][5.292s][info][gc,marking  ] GC(65) Concurrent Rebuild Remembered Sets and Scrub Regions
[2026-01-15T18:36:46.713+0530][5.293s][info][gc,marking  ] GC(65) Concurrent Rebuild Remembered Sets and Scrub Regions 0.592ms
[2026-01-15T18:36:46.714+0530][5.293s][info][gc,start    ] GC(65) Pause Cleanup
[2026-01-15T18:36:46.714+0530][5.293s][info][gc          ] GC(65) Pause Cleanup 121M->121M(256M) 0.242ms
[2026-01-15T18:36:46.714+0530][5.293s][info][gc,cpu      ] GC(65) User=0.00s Sys=0.00s Real=0.00s
[2026-01-15T18:36:46.714+0530][5.293s][info][gc,marking  ] GC(65) Concurrent Clear Claimed Marks
[2026-01-15T18:36:46.714+0530][5.293s][info][gc,marking  ] GC(65) Concurrent Clear Claimed Marks 0.022ms
[2026-01-15T18:36:46.714+0530][5.293s][info][gc,marking  ] GC(65) Concurrent Cleanup for Next Mark
[2026-01-15T18:36:46.714+0530][5.294s][info][gc,marking  ] GC(65) Concurrent Cleanup for Next Mark 0.425ms
[2026-01-15T18:36:46.714+0530][5.294s][info][gc          ] GC(65) Concurrent Mark Cycle 4.916ms
[2026-01-15T18:36:46.769+0530][5.349s][info][gc,start    ] GC(66) Pause Young (Concurrent Start) (G1 Humongous Allocation)
[2026-01-15T18:36:46.769+0530][5.349s][info][gc,task     ] GC(66) Using 6 workers of 8 for evacuation
[2026-01-15T18:36:46.770+0530][5.350s][info][gc,phases   ] GC(66)   Pre Evacuate Collection Set: 0.2ms
[2026-01-15T18:36:46.770+0530][5.350s][info][gc,phases   ] GC(66)   Merge Heap Roots: 0.1ms
[2026-01-15T18:36:46.770+0530][5.350s][info][gc,phases   ] GC(66)   Evacuate Collection Set: 0.3ms
[2026-01-15T18:36:46.770+0530][5.350s][info][gc,phases   ] GC(66)   Post Evacuate Collection Set: 0.5ms
[2026-01-15T18:36:46.770+0530][5.350s][info][gc,phases   ] GC(66)   Other: 0.2ms
[2026-01-15T18:36:46.770+0530][5.350s][info][gc,heap     ] GC(66) Eden regions: 0->0(144)
[2026-01-15T18:36:46.770+0530][5.350s][info][gc,heap     ] GC(66) Survivor regions: 0->0(10)
[2026-01-15T18:36:46.770+0530][5.350s][info][gc,heap     ] GC(66) Old regions: 2->2
[2026-01-15T18:36:46.770+0530][5.350s][info][gc,heap     ] GC(66) Humongous regions: 120->0
[2026-01-15T18:36:46.770+0530][5.350s][info][gc,metaspace] GC(66) Metaspace: 810K(960K)->810K(960K) NonClass: 756K(832K)->756K(832K) Class: 53K(128K)->53K(128K)
[2026-01-15T18:36:46.770+0530][5.350s][info][gc          ] GC(66) Pause Young (Concurrent Start) (G1 Humongous Allocation) 121M->1M(256M) 1.572ms
[2026-01-15T18:36:46.770+0530][5.350s][info][gc,cpu      ] GC(66) User=0.00s Sys=0.00s Real=0.00s
[2026-01-15T18:36:46.770+0530][5.351s][info][gc          ] GC(67) Concurrent Undo Cycle
[2026-01-15T18:36:46.770+0530][5.351s][info][gc,marking  ] GC(67) Concurrent Clear Claimed Marks
[2026-01-15T18:36:46.770+0530][5.351s][info][gc,marking  ] GC(67) Concurrent Clear Claimed Marks 0.010ms
[2026-01-15T18:36:46.770+0530][5.351s][info][gc,marking  ] GC(67) Concurrent Cleanup for Next Mark
[2026-01-15T18:36:46.771+0530][5.351s][info][gc,marking  ] GC(67) Concurrent Cleanup for Next Mark 0.114ms
[2026-01-15T18:36:46.771+0530][5.351s][info][gc          ] GC(67) Concurrent Undo Cycle 0.208ms
[2026-01-15T18:36:47.085+0530][5.665s][info][gc,start    ] GC(68) Pause Young (Concurrent Start) (G1 Humongous Allocation)
[2026-01-15T18:36:47.085+0530][5.665s][info][gc,task     ] GC(68) Using 6 workers of 8 for evacuation
[2026-01-15T18:36:47.088+0530][5.668s][info][gc,phases   ] GC(68)   Pre Evacuate Collection Set: 0.4ms
[2026-01-15T18:36:47.088+0530][5.668s][info][gc,phases   ] GC(68)   Merge Heap Roots: 0.3ms
[2026-01-15T18:36:47.088+0530][5.668s][info][gc,phases   ] GC(68)   Evacuate Collection Set: 0.5ms
[2026-01-15T18:36:47.088+0530][5.668s][info][gc,phases   ] GC(68)   Post Evacuate Collection Set: 1.0ms
[2026-01-15T18:36:47.088+0530][5.668s][info][gc,phases   ] GC(68)   Other: 0.3ms
[2026-01-15T18:36:47.088+0530][5.668s][info][gc,heap     ] GC(68) Eden regions: 0->0(79)
[2026-01-15T18:36:47.088+0530][5.668s][info][gc,heap     ] GC(68) Survivor regions: 0->0(18)
[2026-01-15T18:36:47.088+0530][5.668s][info][gc,heap     ] GC(68) Old regions: 2->2
[2026-01-15T18:36:47.088+0530][5.668s][info][gc,heap     ] GC(68) Humongous regions: 114->114
[2026-01-15T18:36:47.088+0530][5.668s][info][gc,metaspace] GC(68) Metaspace: 810K(960K)->810K(960K) NonClass: 756K(832K)->756K(832K) Class: 53K(128K)->53K(128K)
[2026-01-15T18:36:47.088+0530][5.668s][info][gc          ] GC(68) Pause Young (Concurrent Start) (G1 Humongous Allocation) 115M->115M(256M) 3.048ms
[2026-01-15T18:36:47.089+0530][5.668s][info][gc,cpu      ] GC(68) User=0.00s Sys=0.00s Real=0.00s
[2026-01-15T18:36:47.089+0530][5.668s][info][gc          ] GC(69) Concurrent Mark Cycle
[2026-01-15T18:36:47.089+0530][5.668s][info][gc,marking  ] GC(69) Concurrent Scan Root Regions
[2026-01-15T18:36:47.089+0530][5.668s][info][gc,marking  ] GC(69) Concurrent Scan Root Regions 0.029ms
[2026-01-15T18:36:47.089+0530][5.668s][info][gc,marking  ] GC(69) Concurrent Mark
[2026-01-15T18:36:47.089+0530][5.668s][info][gc,marking  ] GC(69) Concurrent Mark From Roots
[2026-01-15T18:36:47.089+0530][5.668s][info][gc,task     ] GC(69) Using 2 workers of 2 for marking
[2026-01-15T18:36:47.092+0530][5.672s][info][gc,marking  ] GC(69) Concurrent Mark From Roots 3.087ms
[2026-01-15T18:36:47.092+0530][5.672s][info][gc,marking  ] GC(69) Concurrent Preclean
[2026-01-15T18:36:47.092+0530][5.672s][info][gc,marking  ] GC(69) Concurrent Preclean 0.021ms
[2026-01-15T18:36:47.092+0530][5.672s][info][gc,start    ] GC(69) Pause Remark
[2026-01-15T18:36:47.093+0530][5.673s][info][gc          ] GC(69) Pause Remark 121M->121M(256M) 1.355ms
[2026-01-15T18:36:47.093+0530][5.673s][info][gc,cpu      ] GC(69) User=0.00s Sys=0.00s Real=0.00s
[2026-01-15T18:36:47.093+0530][5.673s][info][gc,marking  ] GC(69) Concurrent Mark 4.788ms
[2026-01-15T18:36:47.093+0530][5.673s][info][gc,marking  ] GC(69) Concurrent Rebuild Remembered Sets and Scrub Regions
[2026-01-15T18:36:47.094+0530][5.674s][info][gc,marking  ] GC(69) Concurrent Rebuild Remembered Sets and Scrub Regions 0.847ms
[2026-01-15T18:36:47.094+0530][5.674s][info][gc,start    ] GC(69) Pause Cleanup
[2026-01-15T18:36:47.095+0530][5.674s][info][gc          ] GC(69) Pause Cleanup 121M->121M(256M) 0.225ms
[2026-01-15T18:36:47.095+0530][5.674s][info][gc,cpu      ] GC(69) User=0.00s Sys=0.00s Real=0.00s
[2026-01-15T18:36:47.095+0530][5.674s][info][gc,marking  ] GC(69) Concurrent Clear Claimed Marks
[2026-01-15T18:36:47.095+0530][5.675s][info][gc,marking  ] GC(69) Concurrent Clear Claimed Marks 0.027ms
[2026-01-15T18:36:47.095+0530][5.675s][info][gc,marking  ] GC(69) Concurrent Cleanup for Next Mark
[2026-01-15T18:36:47.095+0530][5.675s][info][gc,marking  ] GC(69) Concurrent Cleanup for Next Mark 0.447ms
[2026-01-15T18:36:47.095+0530][5.675s][info][gc          ] GC(69) Concurrent Mark Cycle 6.739ms
[2026-01-15T18:36:47.147+0530][5.727s][info][gc,start    ] GC(70) Pause Young (Concurrent Start) (G1 Humongous Allocation)
[2026-01-15T18:36:47.147+0530][5.727s][info][gc,task     ] GC(70) Using 6 workers of 8 for evacuation
[2026-01-15T18:36:47.148+0530][5.728s][info][gc,phases   ] GC(70)   Pre Evacuate Collection Set: 0.2ms
[2026-01-15T18:36:47.148+0530][5.728s][info][gc,phases   ] GC(70)   Merge Heap Roots: 0.1ms
[2026-01-15T18:36:47.148+0530][5.728s][info][gc,phases   ] GC(70)   Evacuate Collection Set: 0.1ms
[2026-01-15T18:36:47.148+0530][5.728s][info][gc,phases   ] GC(70)   Post Evacuate Collection Set: 0.5ms
[2026-01-15T18:36:47.148+0530][5.728s][info][gc,phases   ] GC(70)   Other: 0.1ms
[2026-01-15T18:36:47.148+0530][5.728s][info][gc,heap     ] GC(70) Eden regions: 0->0(144)
[2026-01-15T18:36:47.148+0530][5.728s][info][gc,heap     ] GC(70) Survivor regions: 0->0(10)
[2026-01-15T18:36:47.148+0530][5.728s][info][gc,heap     ] GC(70) Old regions: 2->2
[2026-01-15T18:36:47.148+0530][5.728s][info][gc,heap     ] GC(70) Humongous regions: 120->0
[2026-01-15T18:36:47.148+0530][5.728s][info][gc,metaspace] GC(70) Metaspace: 810K(960K)->810K(960K) NonClass: 756K(832K)->756K(832K) Class: 53K(128K)->53K(128K)
[2026-01-15T18:36:47.148+0530][5.728s][info][gc          ] GC(70) Pause Young (Concurrent Start) (G1 Humongous Allocation) 121M->1M(256M) 1.361ms
[2026-01-15T18:36:47.148+0530][5.728s][info][gc,cpu      ] GC(70) User=0.00s Sys=0.00s Real=0.00s
[2026-01-15T18:36:47.148+0530][5.728s][info][gc          ] GC(71) Concurrent Undo Cycle
[2026-01-15T18:36:47.148+0530][5.728s][info][gc,marking  ] GC(71) Concurrent Clear Claimed Marks
[2026-01-15T18:36:47.148+0530][5.728s][info][gc,marking  ] GC(71) Concurrent Clear Claimed Marks 0.019ms
[2026-01-15T18:36:47.148+0530][5.728s][info][gc,marking  ] GC(71) Concurrent Cleanup for Next Mark
[2026-01-15T18:36:47.148+0530][5.728s][info][gc,marking  ] GC(71) Concurrent Cleanup for Next Mark 0.113ms
[2026-01-15T18:36:47.148+0530][5.729s][info][gc          ] GC(71) Concurrent Undo Cycle 0.270ms
[2026-01-15T18:36:47.459+0530][6.040s][info][gc,start    ] GC(72) Pause Young (Concurrent Start) (G1 Humongous Allocation)
[2026-01-15T18:36:47.459+0530][6.040s][info][gc,task     ] GC(72) Using 6 workers of 8 for evacuation
[2026-01-15T18:36:47.461+0530][6.041s][info][gc,phases   ] GC(72)   Pre Evacuate Collection Set: 0.3ms
[2026-01-15T18:36:47.461+0530][6.041s][info][gc,phases   ] GC(72)   Merge Heap Roots: 0.1ms
[2026-01-15T18:36:47.461+0530][6.041s][info][gc,phases   ] GC(72)   Evacuate Collection Set: 0.3ms
[2026-01-15T18:36:47.461+0530][6.041s][info][gc,phases   ] GC(72)   Post Evacuate Collection Set: 0.6ms
[2026-01-15T18:36:47.461+0530][6.041s][info][gc,phases   ] GC(72)   Other: 0.2ms
[2026-01-15T18:36:47.461+0530][6.041s][info][gc,heap     ] GC(72) Eden regions: 0->0(79)
[2026-01-15T18:36:47.461+0530][6.041s][info][gc,heap     ] GC(72) Survivor regions: 0->0(18)
[2026-01-15T18:36:47.461+0530][6.041s][info][gc,heap     ] GC(72) Old regions: 2->2
[2026-01-15T18:36:47.461+0530][6.041s][info][gc,heap     ] GC(72) Humongous regions: 114->114
[2026-01-15T18:36:47.461+0530][6.041s][info][gc,metaspace] GC(72) Metaspace: 810K(960K)->810K(960K) NonClass: 756K(832K)->756K(832K) Class: 53K(128K)->53K(128K)
[2026-01-15T18:36:47.461+0530][6.041s][info][gc          ] GC(72) Pause Young (Concurrent Start) (G1 Humongous Allocation) 115M->115M(256M) 1.960ms
[2026-01-15T18:36:47.461+0530][6.042s][info][gc,cpu      ] GC(72) User=0.02s Sys=0.00s Real=0.00s
[2026-01-15T18:36:47.461+0530][6.042s][info][gc          ] GC(73) Concurrent Mark Cycle
[2026-01-15T18:36:47.462+0530][6.042s][info][gc,marking  ] GC(73) Concurrent Scan Root Regions
[2026-01-15T18:36:47.462+0530][6.042s][info][gc,marking  ] GC(73) Concurrent Scan Root Regions 0.025ms
[2026-01-15T18:36:47.462+0530][6.042s][info][gc,marking  ] GC(73) Concurrent Mark
[2026-01-15T18:36:47.462+0530][6.042s][info][gc,marking  ] GC(73) Concurrent Mark From Roots
[2026-01-15T18:36:47.462+0530][6.042s][info][gc,task     ] GC(73) Using 2 workers of 2 for marking
[2026-01-15T18:36:47.464+0530][6.044s][info][gc,marking  ] GC(73) Concurrent Mark From Roots 2.005ms
[2026-01-15T18:36:47.464+0530][6.044s][info][gc,marking  ] GC(73) Concurrent Preclean
[2026-01-15T18:36:47.464+0530][6.044s][info][gc,marking  ] GC(73) Concurrent Preclean 0.011ms
[2026-01-15T18:36:47.464+0530][6.044s][info][gc,start    ] GC(73) Pause Remark
[2026-01-15T18:36:47.465+0530][6.045s][info][gc          ] GC(73) Pause Remark 121M->121M(256M) 1.155ms
[2026-01-15T18:36:47.465+0530][6.045s][info][gc,cpu      ] GC(73) User=0.00s Sys=0.00s Real=0.00s
[2026-01-15T18:36:47.465+0530][6.045s][info][gc,marking  ] GC(73) Concurrent Mark 3.446ms
[2026-01-15T18:36:47.465+0530][6.045s][info][gc,marking  ] GC(73) Concurrent Rebuild Remembered Sets and Scrub Regions
[2026-01-15T18:36:47.466+0530][6.046s][info][gc,marking  ] GC(73) Concurrent Rebuild Remembered Sets and Scrub Regions 0.596ms
[2026-01-15T18:36:47.466+0530][6.046s][info][gc,start    ] GC(73) Pause Cleanup
[2026-01-15T18:36:47.466+0530][6.046s][info][gc          ] GC(73) Pause Cleanup 121M->121M(256M) 0.234ms
[2026-01-15T18:36:47.466+0530][6.046s][info][gc,cpu      ] GC(73) User=0.00s Sys=0.00s Real=0.00s
[2026-01-15T18:36:47.466+0530][6.046s][info][gc,marking  ] GC(73) Concurrent Clear Claimed Marks
[2026-01-15T18:36:47.466+0530][6.046s][info][gc,marking  ] GC(73) Concurrent Clear Claimed Marks 0.023ms
[2026-01-15T18:36:47.466+0530][6.046s][info][gc,marking  ] GC(73) Concurrent Cleanup for Next Mark
[2026-01-15T18:36:47.467+0530][6.047s][info][gc,marking  ] GC(73) Concurrent Cleanup for Next Mark 0.439ms
[2026-01-15T18:36:47.467+0530][6.047s][info][gc          ] GC(73) Concurrent Mark Cycle 5.186ms
[2026-01-15T18:36:47.522+0530][6.101s][info][gc,start    ] GC(74) Pause Young (Concurrent Start) (G1 Humongous Allocation)
[2026-01-15T18:36:47.522+0530][6.101s][info][gc,task     ] GC(74) Using 6 workers of 8 for evacuation
[2026-01-15T18:36:47.523+0530][6.103s][info][gc,phases   ] GC(74)   Pre Evacuate Collection Set: 0.3ms
[2026-01-15T18:36:47.523+0530][6.103s][info][gc,phases   ] GC(74)   Merge Heap Roots: 0.1ms
[2026-01-15T18:36:47.523+0530][6.103s][info][gc,phases   ] GC(74)   Evacuate Collection Set: 0.3ms
[2026-01-15T18:36:47.523+0530][6.103s][info][gc,phases   ] GC(74)   Post Evacuate Collection Set: 0.6ms
[2026-01-15T18:36:47.523+0530][6.103s][info][gc,phases   ] GC(74)   Other: 0.2ms
[2026-01-15T18:36:47.523+0530][6.103s][info][gc,heap     ] GC(74) Eden regions: 0->0(144)
[2026-01-15T18:36:47.523+0530][6.103s][info][gc,heap     ] GC(74) Survivor regions: 0->0(10)
[2026-01-15T18:36:47.523+0530][6.103s][info][gc,heap     ] GC(74) Old regions: 2->2
[2026-01-15T18:36:47.523+0530][6.103s][info][gc,heap     ] GC(74) Humongous regions: 120->0
[2026-01-15T18:36:47.523+0530][6.103s][info][gc,metaspace] GC(74) Metaspace: 810K(960K)->810K(960K) NonClass: 756K(832K)->756K(832K) Class: 53K(128K)->53K(128K)
[2026-01-15T18:36:47.523+0530][6.103s][info][gc          ] GC(74) Pause Young (Concurrent Start) (G1 Humongous Allocation) 121M->1M(256M) 1.665ms
[2026-01-15T18:36:47.523+0530][6.103s][info][gc,cpu      ] GC(74) User=0.00s Sys=0.00s Real=0.00s
[2026-01-15T18:36:47.524+0530][6.103s][info][gc          ] GC(75) Concurrent Undo Cycle
[2026-01-15T18:36:47.524+0530][6.103s][info][gc,marking  ] GC(75) Concurrent Clear Claimed Marks
[2026-01-15T18:36:47.524+0530][6.103s][info][gc,marking  ] GC(75) Concurrent Clear Claimed Marks 0.013ms
[2026-01-15T18:36:47.524+0530][6.103s][info][gc,marking  ] GC(75) Concurrent Cleanup for Next Mark
[2026-01-15T18:36:47.524+0530][6.103s][info][gc,marking  ] GC(75) Concurrent Cleanup for Next Mark 0.096ms
[2026-01-15T18:36:47.524+0530][6.103s][info][gc          ] GC(75) Concurrent Undo Cycle 0.198ms
[2026-01-15T18:36:47.832+0530][6.412s][info][gc,start    ] GC(76) Pause Young (Concurrent Start) (G1 Humongous Allocation)
[2026-01-15T18:36:47.832+0530][6.412s][info][gc,task     ] GC(76) Using 6 workers of 8 for evacuation
[2026-01-15T18:36:47.834+0530][6.414s][info][gc,phases   ] GC(76)   Pre Evacuate Collection Set: 0.2ms
[2026-01-15T18:36:47.834+0530][6.414s][info][gc,phases   ] GC(76)   Merge Heap Roots: 0.1ms
[2026-01-15T18:36:47.834+0530][6.414s][info][gc,phases   ] GC(76)   Evacuate Collection Set: 0.3ms
[2026-01-15T18:36:47.834+0530][6.414s][info][gc,phases   ] GC(76)   Post Evacuate Collection Set: 0.6ms
[2026-01-15T18:36:47.834+0530][6.414s][info][gc,phases   ] GC(76)   Other: 0.2ms
[2026-01-15T18:36:47.834+0530][6.414s][info][gc,heap     ] GC(76) Eden regions: 0->0(79)
[2026-01-15T18:36:47.834+0530][6.414s][info][gc,heap     ] GC(76) Survivor regions: 0->0(18)
[2026-01-15T18:36:47.834+0530][6.414s][info][gc,heap     ] GC(76) Old regions: 2->2
[2026-01-15T18:36:47.834+0530][6.414s][info][gc,heap     ] GC(76) Humongous regions: 114->114
[2026-01-15T18:36:47.834+0530][6.414s][info][gc,metaspace] GC(76) Metaspace: 810K(960K)->810K(960K) NonClass: 756K(832K)->756K(832K) Class: 53K(128K)->53K(128K)
[2026-01-15T18:36:47.834+0530][6.414s][info][gc          ] GC(76) Pause Young (Concurrent Start) (G1 Humongous Allocation) 115M->115M(256M) 1.620ms
[2026-01-15T18:36:47.834+0530][6.414s][info][gc,cpu      ] GC(76) User=0.00s Sys=0.00s Real=0.00s
[2026-01-15T18:36:47.834+0530][6.414s][info][gc          ] GC(77) Concurrent Mark Cycle
[2026-01-15T18:36:47.834+0530][6.414s][info][gc,marking  ] GC(77) Concurrent Scan Root Regions
[2026-01-15T18:36:47.834+0530][6.414s][info][gc,marking  ] GC(77) Concurrent Scan Root Regions 0.009ms
[2026-01-15T18:36:47.834+0530][6.414s][info][gc,marking  ] GC(77) Concurrent Mark
[2026-01-15T18:36:47.834+0530][6.414s][info][gc,marking  ] GC(77) Concurrent Mark From Roots
[2026-01-15T18:36:47.834+0530][6.414s][info][gc,task     ] GC(77) Using 2 workers of 2 for marking
[2026-01-15T18:36:47.836+0530][6.415s][info][gc,marking  ] GC(77) Concurrent Mark From Roots 1.509ms
[2026-01-15T18:36:47.836+0530][6.415s][info][gc,marking  ] GC(77) Concurrent Preclean
[2026-01-15T18:36:47.836+0530][6.415s][info][gc,marking  ] GC(77) Concurrent Preclean 0.010ms
[2026-01-15T18:36:47.836+0530][6.416s][info][gc,start    ] GC(77) Pause Remark
[2026-01-15T18:36:47.837+0530][6.417s][info][gc          ] GC(77) Pause Remark 121M->121M(256M) 1.002ms
[2026-01-15T18:36:47.837+0530][6.417s][info][gc,cpu      ] GC(77) User=0.00s Sys=0.00s Real=0.00s
[2026-01-15T18:36:47.837+0530][6.417s][info][gc,marking  ] GC(77) Concurrent Mark 2.713ms
[2026-01-15T18:36:47.837+0530][6.417s][info][gc,marking  ] GC(77) Concurrent Rebuild Remembered Sets and Scrub Regions
[2026-01-15T18:36:47.838+0530][6.417s][info][gc,marking  ] GC(77) Concurrent Rebuild Remembered Sets and Scrub Regions 0.632ms
[2026-01-15T18:36:47.838+0530][6.417s][info][gc,start    ] GC(77) Pause Cleanup
[2026-01-15T18:36:47.838+0530][6.418s][info][gc          ] GC(77) Pause Cleanup 121M->121M(256M) 0.188ms
[2026-01-15T18:36:47.838+0530][6.418s][info][gc,cpu      ] GC(77) User=0.00s Sys=0.00s Real=0.00s
[2026-01-15T18:36:47.838+0530][6.418s][info][gc,marking  ] GC(77) Concurrent Clear Claimed Marks
[2026-01-15T18:36:47.838+0530][6.418s][info][gc,marking  ] GC(77) Concurrent Clear Claimed Marks 0.022ms
[2026-01-15T18:36:47.838+0530][6.418s][info][gc,marking  ] GC(77) Concurrent Cleanup for Next Mark
[2026-01-15T18:36:47.839+0530][6.418s][info][gc,marking  ] GC(77) Concurrent Cleanup for Next Mark 0.452ms
[2026-01-15T18:36:47.839+0530][6.418s][info][gc          ] GC(77) Concurrent Mark Cycle 4.322ms
[2026-01-15T18:36:47.894+0530][6.474s][info][gc,start    ] GC(78) Pause Young (Concurrent Start) (G1 Humongous Allocation)
[2026-01-15T18:36:47.894+0530][6.474s][info][gc,task     ] GC(78) Using 6 workers of 8 for evacuation
[2026-01-15T18:36:47.896+0530][6.476s][info][gc,phases   ] GC(78)   Pre Evacuate Collection Set: 0.3ms
[2026-01-15T18:36:47.896+0530][6.476s][info][gc,phases   ] GC(78)   Merge Heap Roots: 0.1ms
[2026-01-15T18:36:47.896+0530][6.476s][info][gc,phases   ] GC(78)   Evacuate Collection Set: 0.4ms
[2026-01-15T18:36:47.896+0530][6.476s][info][gc,phases   ] GC(78)   Post Evacuate Collection Set: 0.5ms
[2026-01-15T18:36:47.896+0530][6.476s][info][gc,phases   ] GC(78)   Other: 0.2ms
[2026-01-15T18:36:47.896+0530][6.476s][info][gc,heap     ] GC(78) Eden regions: 0->0(144)
[2026-01-15T18:36:47.896+0530][6.476s][info][gc,heap     ] GC(78) Survivor regions: 0->0(10)
[2026-01-15T18:36:47.896+0530][6.476s][info][gc,heap     ] GC(78) Old regions: 2->2
[2026-01-15T18:36:47.896+0530][6.476s][info][gc,heap     ] GC(78) Humongous regions: 120->0
[2026-01-15T18:36:47.896+0530][6.476s][info][gc,metaspace] GC(78) Metaspace: 810K(960K)->810K(960K) NonClass: 756K(832K)->756K(832K) Class: 53K(128K)->53K(128K)
[2026-01-15T18:36:47.896+0530][6.476s][info][gc          ] GC(78) Pause Young (Concurrent Start) (G1 Humongous Allocation) 121M->1M(256M) 1.961ms
[2026-01-15T18:36:47.896+0530][6.476s][info][gc,cpu      ] GC(78) User=0.00s Sys=0.00s Real=0.00s
[2026-01-15T18:36:47.896+0530][6.476s][info][gc          ] GC(79) Concurrent Undo Cycle
[2026-01-15T18:36:47.896+0530][6.476s][info][gc,marking  ] GC(79) Concurrent Clear Claimed Marks
[2026-01-15T18:36:47.896+0530][6.476s][info][gc,marking  ] GC(79) Concurrent Clear Claimed Marks 0.041ms
[2026-01-15T18:36:47.896+0530][6.476s][info][gc,marking  ] GC(79) Concurrent Cleanup for Next Mark
[2026-01-15T18:36:47.896+0530][6.476s][info][gc,marking  ] GC(79) Concurrent Cleanup for Next Mark 0.092ms
[2026-01-15T18:36:47.896+0530][6.477s][info][gc          ] GC(79) Concurrent Undo Cycle 0.360ms
[2026-01-15T18:36:48.205+0530][6.785s][info][gc,start    ] GC(80) Pause Young (Concurrent Start) (G1 Humongous Allocation)
[2026-01-15T18:36:48.205+0530][6.785s][info][gc,task     ] GC(80) Using 6 workers of 8 for evacuation
[2026-01-15T18:36:48.207+0530][6.787s][info][gc,phases   ] GC(80)   Pre Evacuate Collection Set: 0.4ms
[2026-01-15T18:36:48.207+0530][6.787s][info][gc,phases   ] GC(80)   Merge Heap Roots: 0.2ms
[2026-01-15T18:36:48.207+0530][6.787s][info][gc,phases   ] GC(80)   Evacuate Collection Set: 0.3ms
[2026-01-15T18:36:48.207+0530][6.787s][info][gc,phases   ] GC(80)   Post Evacuate Collection Set: 0.6ms
[2026-01-15T18:36:48.207+0530][6.787s][info][gc,phases   ] GC(80)   Other: 0.2ms
[2026-01-15T18:36:48.207+0530][6.787s][info][gc,heap     ] GC(80) Eden regions: 0->0(79)
[2026-01-15T18:36:48.207+0530][6.787s][info][gc,heap     ] GC(80) Survivor regions: 0->0(18)
[2026-01-15T18:36:48.207+0530][6.787s][info][gc,heap     ] GC(80) Old regions: 2->2
[2026-01-15T18:36:48.207+0530][6.787s][info][gc,heap     ] GC(80) Humongous regions: 114->114
[2026-01-15T18:36:48.207+0530][6.787s][info][gc,metaspace] GC(80) Metaspace: 810K(960K)->810K(960K) NonClass: 756K(832K)->756K(832K) Class: 53K(128K)->53K(128K)
[2026-01-15T18:36:48.207+0530][6.787s][info][gc          ] GC(80) Pause Young (Concurrent Start) (G1 Humongous Allocation) 115M->115M(256M) 1.734ms
[2026-01-15T18:36:48.207+0530][6.787s][info][gc,cpu      ] GC(80) User=0.00s Sys=0.00s Real=0.00s
[2026-01-15T18:36:48.207+0530][6.787s][info][gc          ] GC(81) Concurrent Mark Cycle
[2026-01-15T18:36:48.207+0530][6.787s][info][gc,marking  ] GC(81) Concurrent Scan Root Regions
[2026-01-15T18:36:48.207+0530][6.787s][info][gc,marking  ] GC(81) Concurrent Scan Root Regions 0.009ms
[2026-01-15T18:36:48.207+0530][6.787s][info][gc,marking  ] GC(81) Concurrent Mark
[2026-01-15T18:36:48.207+0530][6.787s][info][gc,marking  ] GC(81) Concurrent Mark From Roots
[2026-01-15T18:36:48.207+0530][6.787s][info][gc,task     ] GC(81) Using 2 workers of 2 for marking
[2026-01-15T18:36:48.209+0530][6.789s][info][gc,marking  ] GC(81) Concurrent Mark From Roots 1.556ms
[2026-01-15T18:36:48.209+0530][6.789s][info][gc,marking  ] GC(81) Concurrent Preclean
[2026-01-15T18:36:48.209+0530][6.789s][info][gc,marking  ] GC(81) Concurrent Preclean 0.027ms
[2026-01-15T18:36:48.209+0530][6.789s][info][gc,start    ] GC(81) Pause Remark
[2026-01-15T18:36:48.211+0530][6.790s][info][gc          ] GC(81) Pause Remark 121M->121M(256M) 1.010ms
[2026-01-15T18:36:48.211+0530][6.790s][info][gc,cpu      ] GC(81) User=0.00s Sys=0.00s Real=0.00s
[2026-01-15T18:36:48.211+0530][6.790s][info][gc,marking  ] GC(81) Concurrent Mark 2.793ms
[2026-01-15T18:36:48.211+0530][6.790s][info][gc,marking  ] GC(81) Concurrent Rebuild Remembered Sets and Scrub Regions
[2026-01-15T18:36:48.211+0530][6.791s][info][gc,marking  ] GC(81) Concurrent Rebuild Remembered Sets and Scrub Regions 0.597ms
[2026-01-15T18:36:48.211+0530][6.791s][info][gc,start    ] GC(81) Pause Cleanup
[2026-01-15T18:36:48.211+0530][6.791s][info][gc          ] GC(81) Pause Cleanup 121M->121M(256M) 0.250ms
[2026-01-15T18:36:48.212+0530][6.791s][info][gc,cpu      ] GC(81) User=0.00s Sys=0.00s Real=0.00s
[2026-01-15T18:36:48.212+0530][6.791s][info][gc,marking  ] GC(81) Concurrent Clear Claimed Marks
[2026-01-15T18:36:48.212+0530][6.791s][info][gc,marking  ] GC(81) Concurrent Clear Claimed Marks 0.022ms
[2026-01-15T18:36:48.212+0530][6.791s][info][gc,marking  ] GC(81) Concurrent Cleanup for Next Mark
[2026-01-15T18:36:48.212+0530][6.792s][info][gc,marking  ] GC(81) Concurrent Cleanup for Next Mark 0.415ms
[2026-01-15T18:36:48.212+0530][6.792s][info][gc          ] GC(81) Concurrent Mark Cycle 4.396ms
[2026-01-15T18:36:48.267+0530][6.847s][info][gc,start    ] GC(82) Pause Young (Concurrent Start) (G1 Humongous Allocation)
[2026-01-15T18:36:48.267+0530][6.847s][info][gc,task     ] GC(82) Using 6 workers of 8 for evacuation
[2026-01-15T18:36:48.268+0530][6.848s][info][gc,phases   ] GC(82)   Pre Evacuate Collection Set: 0.1ms
[2026-01-15T18:36:48.268+0530][6.848s][info][gc,phases   ] GC(82)   Merge Heap Roots: 0.1ms
[2026-01-15T18:36:48.268+0530][6.848s][info][gc,phases   ] GC(82)   Evacuate Collection Set: 0.3ms
[2026-01-15T18:36:48.268+0530][6.848s][info][gc,phases   ] GC(82)   Post Evacuate Collection Set: 0.6ms
[2026-01-15T18:36:48.268+0530][6.848s][info][gc,phases   ] GC(82)   Other: 0.2ms
[2026-01-15T18:36:48.268+0530][6.848s][info][gc,heap     ] GC(82) Eden regions: 0->0(144)
[2026-01-15T18:36:48.269+0530][6.848s][info][gc,heap     ] GC(82) Survivor regions: 0->0(10)
[2026-01-15T18:36:48.269+0530][6.848s][info][gc,heap     ] GC(82) Old regions: 2->2
[2026-01-15T18:36:48.269+0530][6.848s][info][gc,heap     ] GC(82) Humongous regions: 120->0
[2026-01-15T18:36:48.269+0530][6.848s][info][gc,metaspace] GC(82) Metaspace: 810K(960K)->810K(960K) NonClass: 756K(832K)->756K(832K) Class: 53K(128K)->53K(128K)
[2026-01-15T18:36:48.269+0530][6.848s][info][gc          ] GC(82) Pause Young (Concurrent Start) (G1 Humongous Allocation) 121M->1M(256M) 1.553ms
[2026-01-15T18:36:48.269+0530][6.848s][info][gc,cpu      ] GC(82) User=0.00s Sys=0.00s Real=0.00s
[2026-01-15T18:36:48.269+0530][6.848s][info][gc          ] GC(83) Concurrent Undo Cycle
[2026-01-15T18:36:48.269+0530][6.848s][info][gc,marking  ] GC(83) Concurrent Clear Claimed Marks
[2026-01-15T18:36:48.269+0530][6.848s][info][gc,marking  ] GC(83) Concurrent Clear Claimed Marks 0.018ms
[2026-01-15T18:36:48.269+0530][6.848s][info][gc,marking  ] GC(83) Concurrent Cleanup for Next Mark
[2026-01-15T18:36:48.269+0530][6.849s][info][gc,marking  ] GC(83) Concurrent Cleanup for Next Mark 0.148ms
[2026-01-15T18:36:48.269+0530][6.849s][info][gc          ] GC(83) Concurrent Undo Cycle 0.320ms
[2026-01-15T18:36:48.581+0530][7.160s][info][gc,start    ] GC(84) Pause Young (Concurrent Start) (G1 Humongous Allocation)
[2026-01-15T18:36:48.581+0530][7.161s][info][gc,task     ] GC(84) Using 6 workers of 8 for evacuation
[2026-01-15T18:36:48.583+0530][7.163s][info][gc,phases   ] GC(84)   Pre Evacuate Collection Set: 0.4ms
[2026-01-15T18:36:48.583+0530][7.163s][info][gc,phases   ] GC(84)   Merge Heap Roots: 0.2ms
[2026-01-15T18:36:48.583+0530][7.163s][info][gc,phases   ] GC(84)   Evacuate Collection Set: 0.3ms
[2026-01-15T18:36:48.583+0530][7.163s][info][gc,phases   ] GC(84)   Post Evacuate Collection Set: 0.9ms
[2026-01-15T18:36:48.583+0530][7.163s][info][gc,phases   ] GC(84)   Other: 0.4ms
[2026-01-15T18:36:48.583+0530][7.163s][info][gc,heap     ] GC(84) Eden regions: 0->0(79)
[2026-01-15T18:36:48.583+0530][7.163s][info][gc,heap     ] GC(84) Survivor regions: 0->0(18)
[2026-01-15T18:36:48.583+0530][7.163s][info][gc,heap     ] GC(84) Old regions: 2->2
[2026-01-15T18:36:48.583+0530][7.163s][info][gc,heap     ] GC(84) Humongous regions: 114->114
[2026-01-15T18:36:48.584+0530][7.163s][info][gc,metaspace] GC(84) Metaspace: 810K(960K)->810K(960K) NonClass: 756K(832K)->756K(832K) Class: 53K(128K)->53K(128K)
[2026-01-15T18:36:48.584+0530][7.163s][info][gc          ] GC(84) Pause Young (Concurrent Start) (G1 Humongous Allocation) 115M->115M(256M) 2.898ms
[2026-01-15T18:36:48.584+0530][7.163s][info][gc,cpu      ] GC(84) User=0.00s Sys=0.00s Real=0.00s
[2026-01-15T18:36:48.584+0530][7.163s][info][gc          ] GC(85) Concurrent Mark Cycle
[2026-01-15T18:36:48.584+0530][7.164s][info][gc,marking  ] GC(85) Concurrent Scan Root Regions
[2026-01-15T18:36:48.584+0530][7.164s][info][gc,marking  ] GC(85) Concurrent Scan Root Regions 0.030ms
[2026-01-15T18:36:48.584+0530][7.164s][info][gc,marking  ] GC(85) Concurrent Mark
[2026-01-15T18:36:48.584+0530][7.164s][info][gc,marking  ] GC(85) Concurrent Mark From Roots
[2026-01-15T18:36:48.584+0530][7.164s][info][gc,task     ] GC(85) Using 2 workers of 2 for marking
[2026-01-15T18:36:48.586+0530][7.166s][info][gc,marking  ] GC(85) Concurrent Mark From Roots 2.403ms
[2026-01-15T18:36:48.586+0530][7.166s][info][gc,marking  ] GC(85) Concurrent Preclean
[2026-01-15T18:36:48.586+0530][7.166s][info][gc,marking  ] GC(85) Concurrent Preclean 0.011ms
[2026-01-15T18:36:48.586+0530][7.166s][info][gc,start    ] GC(85) Pause Remark
[2026-01-15T18:36:48.588+0530][7.167s][info][gc          ] GC(85) Pause Remark 121M->121M(256M) 1.041ms
[2026-01-15T18:36:48.588+0530][7.167s][info][gc,cpu      ] GC(85) User=0.00s Sys=0.00s Real=0.00s
[2026-01-15T18:36:48.588+0530][7.167s][info][gc,marking  ] GC(85) Concurrent Mark 3.734ms
[2026-01-15T18:36:48.588+0530][7.167s][info][gc,marking  ] GC(85) Concurrent Rebuild Remembered Sets and Scrub Regions
[2026-01-15T18:36:48.588+0530][7.168s][info][gc,marking  ] GC(85) Concurrent Rebuild Remembered Sets and Scrub Regions 0.646ms
[2026-01-15T18:36:48.588+0530][7.168s][info][gc,start    ] GC(85) Pause Cleanup
[2026-01-15T18:36:48.589+0530][7.168s][info][gc          ] GC(85) Pause Cleanup 121M->121M(256M) 0.232ms
[2026-01-15T18:36:48.589+0530][7.168s][info][gc,cpu      ] GC(85) User=0.00s Sys=0.00s Real=0.00s
[2026-01-15T18:36:48.589+0530][7.168s][info][gc,marking  ] GC(85) Concurrent Clear Claimed Marks
[2026-01-15T18:36:48.589+0530][7.168s][info][gc,marking  ] GC(85) Concurrent Clear Claimed Marks 0.028ms
[2026-01-15T18:36:48.589+0530][7.168s][info][gc,marking  ] GC(85) Concurrent Cleanup for Next Mark
[2026-01-15T18:36:48.589+0530][7.169s][info][gc,marking  ] GC(85) Concurrent Cleanup for Next Mark 0.423ms
[2026-01-15T18:36:48.589+0530][7.169s][info][gc          ] GC(85) Concurrent Mark Cycle 5.486ms
[2026-01-15T18:36:48.643+0530][7.222s][info][gc,start    ] GC(86) Pause Young (Concurrent Start) (G1 Humongous Allocation)
[2026-01-15T18:36:48.643+0530][7.222s][info][gc,task     ] GC(86) Using 6 workers of 8 for evacuation
[2026-01-15T18:36:48.644+0530][7.224s][info][gc,phases   ] GC(86)   Pre Evacuate Collection Set: 0.3ms
[2026-01-15T18:36:48.644+0530][7.224s][info][gc,phases   ] GC(86)   Merge Heap Roots: 0.1ms
[2026-01-15T18:36:48.644+0530][7.224s][info][gc,phases   ] GC(86)   Evacuate Collection Set: 0.3ms
[2026-01-15T18:36:48.644+0530][7.224s][info][gc,phases   ] GC(86)   Post Evacuate Collection Set: 0.7ms
[2026-01-15T18:36:48.644+0530][7.224s][info][gc,phases   ] GC(86)   Other: 0.1ms
[2026-01-15T18:36:48.644+0530][7.224s][info][gc,heap     ] GC(86) Eden regions: 0->0(144)
[2026-01-15T18:36:48.644+0530][7.224s][info][gc,heap     ] GC(86) Survivor regions: 0->0(10)
[2026-01-15T18:36:48.644+0530][7.224s][info][gc,heap     ] GC(86) Old regions: 2->2
[2026-01-15T18:36:48.644+0530][7.224s][info][gc,heap     ] GC(86) Humongous regions: 120->0
[2026-01-15T18:36:48.644+0530][7.224s][info][gc,metaspace] GC(86) Metaspace: 810K(960K)->810K(960K) NonClass: 756K(832K)->756K(832K) Class: 53K(128K)->53K(128K)
[2026-01-15T18:36:48.644+0530][7.224s][info][gc          ] GC(86) Pause Young (Concurrent Start) (G1 Humongous Allocation) 121M->1M(256M) 2.017ms
[2026-01-15T18:36:48.644+0530][7.224s][info][gc,cpu      ] GC(86) User=0.00s Sys=0.00s Real=0.00s
[2026-01-15T18:36:48.644+0530][7.225s][info][gc          ] GC(87) Concurrent Undo Cycle
[2026-01-15T18:36:48.644+0530][7.225s][info][gc,marking  ] GC(87) Concurrent Clear Claimed Marks
[2026-01-15T18:36:48.644+0530][7.225s][info][gc,marking  ] GC(87) Concurrent Clear Claimed Marks 0.029ms
[2026-01-15T18:36:48.644+0530][7.225s][info][gc,marking  ] GC(87) Concurrent Cleanup for Next Mark
[2026-01-15T18:36:48.645+0530][7.225s][info][gc,marking  ] GC(87) Concurrent Cleanup for Next Mark 0.211ms
[2026-01-15T18:36:48.645+0530][7.225s][info][gc          ] GC(87) Concurrent Undo Cycle 0.438ms
[2026-01-15T18:36:48.953+0530][7.533s][info][gc,start    ] GC(88) Pause Young (Concurrent Start) (G1 Humongous Allocation)
[2026-01-15T18:36:48.953+0530][7.533s][info][gc,task     ] GC(88) Using 6 workers of 8 for evacuation
[2026-01-15T18:36:48.955+0530][7.534s][info][gc,phases   ] GC(88)   Pre Evacuate Collection Set: 0.3ms
[2026-01-15T18:36:48.955+0530][7.534s][info][gc,phases   ] GC(88)   Merge Heap Roots: 0.2ms
[2026-01-15T18:36:48.955+0530][7.534s][info][gc,phases   ] GC(88)   Evacuate Collection Set: 0.3ms
[2026-01-15T18:36:48.955+0530][7.534s][info][gc,phases   ] GC(88)   Post Evacuate Collection Set: 0.5ms
[2026-01-15T18:36:48.955+0530][7.535s][info][gc,phases   ] GC(88)   Other: 0.2ms
[2026-01-15T18:36:48.955+0530][7.535s][info][gc,heap     ] GC(88) Eden regions: 0->0(79)
[2026-01-15T18:36:48.955+0530][7.535s][info][gc,heap     ] GC(88) Survivor regions: 0->0(18)
[2026-01-15T18:36:48.955+0530][7.535s][info][gc,heap     ] GC(88) Old regions: 2->2
[2026-01-15T18:36:48.955+0530][7.535s][info][gc,heap     ] GC(88) Humongous regions: 114->114
[2026-01-15T18:36:48.955+0530][7.535s][info][gc,metaspace] GC(88) Metaspace: 810K(960K)->810K(960K) NonClass: 756K(832K)->756K(832K) Class: 53K(128K)->53K(128K)
[2026-01-15T18:36:48.955+0530][7.535s][info][gc          ] GC(88) Pause Young (Concurrent Start) (G1 Humongous Allocation) 115M->115M(256M) 1.635ms
[2026-01-15T18:36:48.955+0530][7.535s][info][gc,cpu      ] GC(88) User=0.00s Sys=0.00s Real=0.00s
[2026-01-15T18:36:48.955+0530][7.535s][info][gc          ] GC(89) Concurrent Mark Cycle
[2026-01-15T18:36:48.955+0530][7.535s][info][gc,marking  ] GC(89) Concurrent Scan Root Regions
[2026-01-15T18:36:48.955+0530][7.535s][info][gc,marking  ] GC(89) Concurrent Scan Root Regions 0.009ms
[2026-01-15T18:36:48.955+0530][7.535s][info][gc,marking  ] GC(89) Concurrent Mark
[2026-01-15T18:36:48.955+0530][7.535s][info][gc,marking  ] GC(89) Concurrent Mark From Roots
[2026-01-15T18:36:48.955+0530][7.535s][info][gc,task     ] GC(89) Using 2 workers of 2 for marking
[2026-01-15T18:36:48.957+0530][7.536s][info][gc,marking  ] GC(89) Concurrent Mark From Roots 1.531ms
[2026-01-15T18:36:48.957+0530][7.536s][info][gc,marking  ] GC(89) Concurrent Preclean
[2026-01-15T18:36:48.957+0530][7.536s][info][gc,marking  ] GC(89) Concurrent Preclean 0.027ms
[2026-01-15T18:36:48.957+0530][7.536s][info][gc,start    ] GC(89) Pause Remark
[2026-01-15T18:36:48.958+0530][7.537s][info][gc          ] GC(89) Pause Remark 121M->121M(256M) 1.083ms
[2026-01-15T18:36:48.958+0530][7.537s][info][gc,cpu      ] GC(89) User=0.00s Sys=0.00s Real=0.00s
[2026-01-15T18:36:48.958+0530][7.538s][info][gc,marking  ] GC(89) Concurrent Mark 2.847ms
[2026-01-15T18:36:48.958+0530][7.538s][info][gc,marking  ] GC(89) Concurrent Rebuild Remembered Sets and Scrub Regions
[2026-01-15T18:36:48.959+0530][7.538s][info][gc,marking  ] GC(89) Concurrent Rebuild Remembered Sets and Scrub Regions 0.670ms
[2026-01-15T18:36:48.959+0530][7.538s][info][gc,start    ] GC(89) Pause Cleanup
[2026-01-15T18:36:48.959+0530][7.539s][info][gc          ] GC(89) Pause Cleanup 121M->121M(256M) 0.226ms
[2026-01-15T18:36:48.959+0530][7.539s][info][gc,cpu      ] GC(89) User=0.00s Sys=0.00s Real=0.00s
[2026-01-15T18:36:48.959+0530][7.539s][info][gc,marking  ] GC(89) Concurrent Clear Claimed Marks
[2026-01-15T18:36:48.959+0530][7.539s][info][gc,marking  ] GC(89) Concurrent Clear Claimed Marks 0.024ms
[2026-01-15T18:36:48.959+0530][7.539s][info][gc,marking  ] GC(89) Concurrent Cleanup for Next Mark
[2026-01-15T18:36:48.960+0530][7.539s][info][gc,marking  ] GC(89) Concurrent Cleanup for Next Mark 0.434ms
[2026-01-15T18:36:48.960+0530][7.539s][info][gc          ] GC(89) Concurrent Mark Cycle 4.484ms
[2026-01-15T18:36:49.016+0530][7.595s][info][gc,start    ] GC(90) Pause Young (Concurrent Start) (G1 Humongous Allocation)
[2026-01-15T18:36:49.016+0530][7.596s][info][gc,task     ] GC(90) Using 6 workers of 8 for evacuation
[2026-01-15T18:36:49.017+0530][7.597s][info][gc,phases   ] GC(90)   Pre Evacuate Collection Set: 0.3ms
[2026-01-15T18:36:49.017+0530][7.597s][info][gc,phases   ] GC(90)   Merge Heap Roots: 0.1ms
[2026-01-15T18:36:49.017+0530][7.597s][info][gc,phases   ] GC(90)   Evacuate Collection Set: 0.2ms
[2026-01-15T18:36:49.017+0530][7.597s][info][gc,phases   ] GC(90)   Post Evacuate Collection Set: 0.5ms
[2026-01-15T18:36:49.017+0530][7.597s][info][gc,phases   ] GC(90)   Other: 0.2ms
[2026-01-15T18:36:49.017+0530][7.597s][info][gc,heap     ] GC(90) Eden regions: 0->0(144)
[2026-01-15T18:36:49.017+0530][7.597s][info][gc,heap     ] GC(90) Survivor regions: 0->0(10)
[2026-01-15T18:36:49.017+0530][7.597s][info][gc,heap     ] GC(90) Old regions: 2->2
[2026-01-15T18:36:49.017+0530][7.597s][info][gc,heap     ] GC(90) Humongous regions: 120->0
[2026-01-15T18:36:49.017+0530][7.597s][info][gc,metaspace] GC(90) Metaspace: 810K(960K)->810K(960K) NonClass: 756K(832K)->756K(832K) Class: 53K(128K)->53K(128K)
[2026-01-15T18:36:49.017+0530][7.597s][info][gc          ] GC(90) Pause Young (Concurrent Start) (G1 Humongous Allocation) 121M->1M(256M) 1.557ms
[2026-01-15T18:36:49.017+0530][7.597s][info][gc,cpu      ] GC(90) User=0.00s Sys=0.00s Real=0.00s
[2026-01-15T18:36:49.017+0530][7.597s][info][gc          ] GC(91) Concurrent Undo Cycle
[2026-01-15T18:36:49.017+0530][7.597s][info][gc,marking  ] GC(91) Concurrent Clear Claimed Marks
[2026-01-15T18:36:49.017+0530][7.597s][info][gc,marking  ] GC(91) Concurrent Clear Claimed Marks 0.014ms
[2026-01-15T18:36:49.018+0530][7.597s][info][gc,marking  ] GC(91) Concurrent Cleanup for Next Mark
[2026-01-15T18:36:49.018+0530][7.597s][info][gc,marking  ] GC(91) Concurrent Cleanup for Next Mark 0.158ms
[2026-01-15T18:36:49.018+0530][7.597s][info][gc          ] GC(91) Concurrent Undo Cycle 0.268ms
[2026-01-15T18:36:49.328+0530][7.908s][info][gc,start    ] GC(92) Pause Young (Concurrent Start) (G1 Humongous Allocation)
[2026-01-15T18:36:49.328+0530][7.908s][info][gc,task     ] GC(92) Using 6 workers of 8 for evacuation
[2026-01-15T18:36:49.329+0530][7.909s][info][gc,phases   ] GC(92)   Pre Evacuate Collection Set: 0.1ms
[2026-01-15T18:36:49.329+0530][7.909s][info][gc,phases   ] GC(92)   Merge Heap Roots: 0.0ms
[2026-01-15T18:36:49.329+0530][7.909s][info][gc,phases   ] GC(92)   Evacuate Collection Set: 0.2ms
[2026-01-15T18:36:49.329+0530][7.909s][info][gc,phases   ] GC(92)   Post Evacuate Collection Set: 0.1ms
[2026-01-15T18:36:49.329+0530][7.909s][info][gc,phases   ] GC(92)   Other: 0.1ms
[2026-01-15T18:36:49.329+0530][7.909s][info][gc,heap     ] GC(92) Eden regions: 0->0(79)
[2026-01-15T18:36:49.329+0530][7.909s][info][gc,heap     ] GC(92) Survivor regions: 0->0(18)
[2026-01-15T18:36:49.329+0530][7.909s][info][gc,heap     ] GC(92) Old regions: 2->2
[2026-01-15T18:36:49.329+0530][7.909s][info][gc,heap     ] GC(92) Humongous regions: 114->114
[2026-01-15T18:36:49.329+0530][7.909s][info][gc,metaspace] GC(92) Metaspace: 810K(960K)->810K(960K) NonClass: 756K(832K)->756K(832K) Class: 53K(128K)->53K(128K)
[2026-01-15T18:36:49.329+0530][7.909s][info][gc          ] GC(92) Pause Young (Concurrent Start) (G1 Humongous Allocation) 115M->115M(256M) 0.736ms
[2026-01-15T18:36:49.329+0530][7.909s][info][gc,cpu      ] GC(92) User=0.00s Sys=0.00s Real=0.00s
[2026-01-15T18:36:49.329+0530][7.909s][info][gc          ] GC(93) Concurrent Mark Cycle
[2026-01-15T18:36:49.329+0530][7.909s][info][gc,marking  ] GC(93) Concurrent Scan Root Regions
[2026-01-15T18:36:49.329+0530][7.909s][info][gc,marking  ] GC(93) Concurrent Scan Root Regions 0.009ms
[2026-01-15T18:36:49.329+0530][7.909s][info][gc,marking  ] GC(93) Concurrent Mark
[2026-01-15T18:36:49.329+0530][7.909s][info][gc,marking  ] GC(93) Concurrent Mark From Roots
[2026-01-15T18:36:49.329+0530][7.909s][info][gc,task     ] GC(93) Using 2 workers of 2 for marking
[2026-01-15T18:36:49.331+0530][7.911s][info][gc,marking  ] GC(93) Concurrent Mark From Roots 2.206ms
[2026-01-15T18:36:49.331+0530][7.911s][info][gc,marking  ] GC(93) Concurrent Preclean
[2026-01-15T18:36:49.331+0530][7.911s][info][gc,marking  ] GC(93) Concurrent Preclean 0.012ms
[2026-01-15T18:36:49.331+0530][7.911s][info][gc,start    ] GC(93) Pause Remark
[2026-01-15T18:36:49.332+0530][7.912s][info][gc          ] GC(93) Pause Remark 121M->121M(256M) 0.343ms
[2026-01-15T18:36:49.332+0530][7.912s][info][gc,cpu      ] GC(93) User=0.00s Sys=0.00s Real=0.00s
[2026-01-15T18:36:49.332+0530][7.912s][info][gc,marking  ] GC(93) Concurrent Mark 2.680ms
[2026-01-15T18:36:49.332+0530][7.912s][info][gc,marking  ] GC(93) Concurrent Rebuild Remembered Sets and Scrub Regions
[2026-01-15T18:36:49.332+0530][7.912s][info][gc,marking  ] GC(93) Concurrent Rebuild Remembered Sets and Scrub Regions 0.507ms
[2026-01-15T18:36:49.332+0530][7.912s][info][gc,start    ] GC(93) Pause Cleanup
[2026-01-15T18:36:49.332+0530][7.912s][info][gc          ] GC(93) Pause Cleanup 121M->121M(256M) 0.069ms
[2026-01-15T18:36:49.332+0530][7.912s][info][gc,cpu      ] GC(93) User=0.00s Sys=0.00s Real=0.00s
[2026-01-15T18:36:49.332+0530][7.912s][info][gc,marking  ] GC(93) Concurrent Clear Claimed Marks
[2026-01-15T18:36:49.332+0530][7.912s][info][gc,marking  ] GC(93) Concurrent Clear Claimed Marks 0.011ms
[2026-01-15T18:36:49.332+0530][7.912s][info][gc,marking  ] GC(93) Concurrent Cleanup for Next Mark
[2026-01-15T18:36:49.332+0530][7.912s][info][gc,marking  ] GC(93) Concurrent Cleanup for Next Mark 0.260ms
[2026-01-15T18:36:49.333+0530][7.912s][info][gc          ] GC(93) Concurrent Mark Cycle 3.662ms
[2026-01-15T18:36:49.391+0530][7.971s][info][gc,start    ] GC(94) Pause Young (Concurrent Start) (G1 Humongous Allocation)
[2026-01-15T18:36:49.391+0530][7.971s][info][gc,task     ] GC(94) Using 6 workers of 8 for evacuation
[2026-01-15T18:36:49.392+0530][7.972s][info][gc,phases   ] GC(94)   Pre Evacuate Collection Set: 0.1ms
[2026-01-15T18:36:49.392+0530][7.972s][info][gc,phases   ] GC(94)   Merge Heap Roots: 0.0ms
[2026-01-15T18:36:49.392+0530][7.972s][info][gc,phases   ] GC(94)   Evacuate Collection Set: 0.2ms
[2026-01-15T18:36:49.392+0530][7.972s][info][gc,phases   ] GC(94)   Post Evacuate Collection Set: 0.5ms
[2026-01-15T18:36:49.392+0530][7.972s][info][gc,phases   ] GC(94)   Other: 0.1ms
[2026-01-15T18:36:49.392+0530][7.972s][info][gc,heap     ] GC(94) Eden regions: 0->0(144)
[2026-01-15T18:36:49.392+0530][7.972s][info][gc,heap     ] GC(94) Survivor regions: 0->0(10)
[2026-01-15T18:36:49.392+0530][7.972s][info][gc,heap     ] GC(94) Old regions: 2->2
[2026-01-15T18:36:49.392+0530][7.972s][info][gc,heap     ] GC(94) Humongous regions: 120->0
[2026-01-15T18:36:49.392+0530][7.972s][info][gc,metaspace] GC(94) Metaspace: 810K(960K)->810K(960K) NonClass: 756K(832K)->756K(832K) Class: 53K(128K)->53K(128K)
[2026-01-15T18:36:49.392+0530][7.972s][info][gc          ] GC(94) Pause Young (Concurrent Start) (G1 Humongous Allocation) 121M->1M(256M) 1.199ms
[2026-01-15T18:36:49.392+0530][7.972s][info][gc,cpu      ] GC(94) User=0.00s Sys=0.00s Real=0.00s
[2026-01-15T18:36:49.392+0530][7.972s][info][gc          ] GC(95) Concurrent Undo Cycle
[2026-01-15T18:36:49.392+0530][7.972s][info][gc,marking  ] GC(95) Concurrent Clear Claimed Marks
[2026-01-15T18:36:49.392+0530][7.972s][info][gc,marking  ] GC(95) Concurrent Clear Claimed Marks 0.020ms
[2026-01-15T18:36:49.392+0530][7.972s][info][gc,marking  ] GC(95) Concurrent Cleanup for Next Mark
[2026-01-15T18:36:49.393+0530][7.972s][info][gc,marking  ] GC(95) Concurrent Cleanup for Next Mark 0.093ms
[2026-01-15T18:36:49.393+0530][7.972s][info][gc          ] GC(95) Concurrent Undo Cycle 0.221ms
[2026-01-15T18:36:49.704+0530][8.285s][info][gc,start    ] GC(96) Pause Young (Concurrent Start) (G1 Humongous Allocation)
[2026-01-15T18:36:49.704+0530][8.285s][info][gc,task     ] GC(96) Using 6 workers of 8 for evacuation
[2026-01-15T18:36:49.705+0530][8.285s][info][gc,phases   ] GC(96)   Pre Evacuate Collection Set: 0.1ms
[2026-01-15T18:36:49.705+0530][8.285s][info][gc,phases   ] GC(96)   Merge Heap Roots: 0.0ms
[2026-01-15T18:36:49.705+0530][8.285s][info][gc,phases   ] GC(96)   Evacuate Collection Set: 0.2ms
[2026-01-15T18:36:49.705+0530][8.285s][info][gc,phases   ] GC(96)   Post Evacuate Collection Set: 0.2ms
[2026-01-15T18:36:49.705+0530][8.285s][info][gc,phases   ] GC(96)   Other: 0.1ms
[2026-01-15T18:36:49.705+0530][8.285s][info][gc,heap     ] GC(96) Eden regions: 0->0(79)
[2026-01-15T18:36:49.705+0530][8.285s][info][gc,heap     ] GC(96) Survivor regions: 0->0(18)
[2026-01-15T18:36:49.705+0530][8.285s][info][gc,heap     ] GC(96) Old regions: 2->2
[2026-01-15T18:36:49.705+0530][8.285s][info][gc,heap     ] GC(96) Humongous regions: 114->114
[2026-01-15T18:36:49.705+0530][8.286s][info][gc,metaspace] GC(96) Metaspace: 810K(960K)->810K(960K) NonClass: 756K(832K)->756K(832K) Class: 53K(128K)->53K(128K)
[2026-01-15T18:36:49.705+0530][8.286s][info][gc          ] GC(96) Pause Young (Concurrent Start) (G1 Humongous Allocation) 115M->115M(256M) 0.970ms
[2026-01-15T18:36:49.705+0530][8.286s][info][gc,cpu      ] GC(96) User=0.00s Sys=0.00s Real=0.00s
[2026-01-15T18:36:49.705+0530][8.286s][info][gc          ] GC(97) Concurrent Mark Cycle
[2026-01-15T18:36:49.705+0530][8.286s][info][gc,marking  ] GC(97) Concurrent Scan Root Regions
[2026-01-15T18:36:49.705+0530][8.286s][info][gc,marking  ] GC(97) Concurrent Scan Root Regions 0.015ms
[2026-01-15T18:36:49.705+0530][8.286s][info][gc,marking  ] GC(97) Concurrent Mark
[2026-01-15T18:36:49.705+0530][8.286s][info][gc,marking  ] GC(97) Concurrent Mark From Roots
[2026-01-15T18:36:49.705+0530][8.286s][info][gc,task     ] GC(97) Using 2 workers of 2 for marking
[2026-01-15T18:36:49.708+0530][8.288s][info][gc,marking  ] GC(97) Concurrent Mark From Roots 2.378ms
[2026-01-15T18:36:49.708+0530][8.288s][info][gc,marking  ] GC(97) Concurrent Preclean
[2026-01-15T18:36:49.708+0530][8.288s][info][gc,marking  ] GC(97) Concurrent Preclean 0.018ms
[2026-01-15T18:36:49.708+0530][8.288s][info][gc,start    ] GC(97) Pause Remark
[2026-01-15T18:36:49.709+0530][8.289s][info][gc          ] GC(97) Pause Remark 121M->121M(256M) 0.820ms
[2026-01-15T18:36:49.709+0530][8.289s][info][gc,cpu      ] GC(97) User=0.00s Sys=0.00s Real=0.00s
[2026-01-15T18:36:49.709+0530][8.289s][info][gc,marking  ] GC(97) Concurrent Mark 3.491ms
[2026-01-15T18:36:49.709+0530][8.289s][info][gc,marking  ] GC(97) Concurrent Rebuild Remembered Sets and Scrub Regions
[2026-01-15T18:36:49.710+0530][8.290s][info][gc,marking  ] GC(97) Concurrent Rebuild Remembered Sets and Scrub Regions 0.578ms
[2026-01-15T18:36:49.710+0530][8.290s][info][gc,start    ] GC(97) Pause Cleanup
[2026-01-15T18:36:49.710+0530][8.290s][info][gc          ] GC(97) Pause Cleanup 121M->121M(256M) 0.209ms
[2026-01-15T18:36:49.710+0530][8.290s][info][gc,cpu      ] GC(97) User=0.00s Sys=0.00s Real=0.00s
[2026-01-15T18:36:49.710+0530][8.290s][info][gc,marking  ] GC(97) Concurrent Clear Claimed Marks
[2026-01-15T18:36:49.710+0530][8.290s][info][gc,marking  ] GC(97) Concurrent Clear Claimed Marks 0.029ms
[2026-01-15T18:36:49.710+0530][8.290s][info][gc,marking  ] GC(97) Concurrent Cleanup for Next Mark
[2026-01-15T18:36:49.711+0530][8.291s][info][gc,marking  ] GC(97) Concurrent Cleanup for Next Mark 0.350ms
[2026-01-15T18:36:49.711+0530][8.291s][info][gc          ] GC(97) Concurrent Mark Cycle 5.078ms
[2026-01-15T18:36:49.768+0530][8.348s][info][gc,start    ] GC(98) Pause Young (Concurrent Start) (G1 Humongous Allocation)
[2026-01-15T18:36:49.768+0530][8.348s][info][gc,task     ] GC(98) Using 6 workers of 8 for evacuation
[2026-01-15T18:36:49.770+0530][8.350s][info][gc,phases   ] GC(98)   Pre Evacuate Collection Set: 0.4ms
[2026-01-15T18:36:49.770+0530][8.350s][info][gc,phases   ] GC(98)   Merge Heap Roots: 0.2ms
[2026-01-15T18:36:49.770+0530][8.350s][info][gc,phases   ] GC(98)   Evacuate Collection Set: 0.4ms
[2026-01-15T18:36:49.770+0530][8.350s][info][gc,phases   ] GC(98)   Post Evacuate Collection Set: 0.9ms
[2026-01-15T18:36:49.770+0530][8.350s][info][gc,phases   ] GC(98)   Other: 0.3ms
[2026-01-15T18:36:49.770+0530][8.350s][info][gc,heap     ] GC(98) Eden regions: 0->0(144)
[2026-01-15T18:36:49.770+0530][8.350s][info][gc,heap     ] GC(98) Survivor regions: 0->0(10)
[2026-01-15T18:36:49.770+0530][8.350s][info][gc,heap     ] GC(98) Old regions: 2->2
[2026-01-15T18:36:49.770+0530][8.350s][info][gc,heap     ] GC(98) Humongous regions: 120->0
[2026-01-15T18:36:49.770+0530][8.350s][info][gc,metaspace] GC(98) Metaspace: 810K(960K)->810K(960K) NonClass: 756K(832K)->756K(832K) Class: 53K(128K)->53K(128K)
[2026-01-15T18:36:49.770+0530][8.350s][info][gc          ] GC(98) Pause Young (Concurrent Start) (G1 Humongous Allocation) 121M->1M(256M) 2.615ms
[2026-01-15T18:36:49.770+0530][8.350s][info][gc,cpu      ] GC(98) User=0.00s Sys=0.00s Real=0.00s
[2026-01-15T18:36:49.770+0530][8.350s][info][gc          ] GC(99) Concurrent Undo Cycle
[2026-01-15T18:36:49.771+0530][8.350s][info][gc,marking  ] GC(99) Concurrent Clear Claimed Marks
[2026-01-15T18:36:49.771+0530][8.351s][info][gc,marking  ] GC(99) Concurrent Clear Claimed Marks 0.021ms
[2026-01-15T18:36:49.771+0530][8.351s][info][gc,marking  ] GC(99) Concurrent Cleanup for Next Mark
[2026-01-15T18:36:49.771+0530][8.351s][info][gc,marking  ] GC(99) Concurrent Cleanup for Next Mark 0.168ms
[2026-01-15T18:36:49.771+0530][8.351s][info][gc          ] GC(99) Concurrent Undo Cycle 0.336ms
[2026-01-15T18:36:50.079+0530][8.659s][info][gc,start    ] GC(100) Pause Young (Concurrent Start) (G1 Humongous Allocation)
[2026-01-15T18:36:50.079+0530][8.659s][info][gc,task     ] GC(100) Using 6 workers of 8 for evacuation
[2026-01-15T18:36:50.080+0530][8.660s][info][gc,phases   ] GC(100)   Pre Evacuate Collection Set: 0.1ms
[2026-01-15T18:36:50.080+0530][8.660s][info][gc,phases   ] GC(100)   Merge Heap Roots: 0.1ms
[2026-01-15T18:36:50.080+0530][8.660s][info][gc,phases   ] GC(100)   Evacuate Collection Set: 0.1ms
[2026-01-15T18:36:50.080+0530][8.660s][info][gc,phases   ] GC(100)   Post Evacuate Collection Set: 0.2ms
[2026-01-15T18:36:50.080+0530][8.660s][info][gc,phases   ] GC(100)   Other: 0.1ms
[2026-01-15T18:36:50.080+0530][8.660s][info][gc,heap     ] GC(100) Eden regions: 0->0(79)
[2026-01-15T18:36:50.080+0530][8.660s][info][gc,heap     ] GC(100) Survivor regions: 0->0(18)
[2026-01-15T18:36:50.080+0530][8.660s][info][gc,heap     ] GC(100) Old regions: 2->2
[2026-01-15T18:36:50.080+0530][8.660s][info][gc,heap     ] GC(100) Humongous regions: 114->114
[2026-01-15T18:36:50.080+0530][8.660s][info][gc,metaspace] GC(100) Metaspace: 810K(960K)->810K(960K) NonClass: 756K(832K)->756K(832K) Class: 53K(128K)->53K(128K)
[2026-01-15T18:36:50.080+0530][8.660s][info][gc          ] GC(100) Pause Young (Concurrent Start) (G1 Humongous Allocation) 115M->115M(256M) 0.904ms
[2026-01-15T18:36:50.080+0530][8.660s][info][gc,cpu      ] GC(100) User=0.00s Sys=0.00s Real=0.00s
[2026-01-15T18:36:50.080+0530][8.660s][info][gc          ] GC(101) Concurrent Mark Cycle
[2026-01-15T18:36:50.080+0530][8.660s][info][gc,marking  ] GC(101) Concurrent Scan Root Regions
[2026-01-15T18:36:50.080+0530][8.660s][info][gc,marking  ] GC(101) Concurrent Scan Root Regions 0.020ms
[2026-01-15T18:36:50.080+0530][8.660s][info][gc,marking  ] GC(101) Concurrent Mark
[2026-01-15T18:36:50.080+0530][8.660s][info][gc,marking  ] GC(101) Concurrent Mark From Roots
[2026-01-15T18:36:50.080+0530][8.660s][info][gc,task     ] GC(101) Using 2 workers of 2 for marking
[2026-01-15T18:36:50.082+0530][8.662s][info][gc,marking  ] GC(101) Concurrent Mark From Roots 1.724ms
[2026-01-15T18:36:50.082+0530][8.662s][info][gc,marking  ] GC(101) Concurrent Preclean
[2026-01-15T18:36:50.082+0530][8.662s][info][gc,marking  ] GC(101) Concurrent Preclean 0.012ms
[2026-01-15T18:36:50.082+0530][8.662s][info][gc,start    ] GC(101) Pause Remark
[2026-01-15T18:36:50.083+0530][8.663s][info][gc          ] GC(101) Pause Remark 121M->121M(256M) 0.819ms
[2026-01-15T18:36:50.083+0530][8.663s][info][gc,cpu      ] GC(101) User=0.00s Sys=0.00s Real=0.00s
[2026-01-15T18:36:50.083+0530][8.663s][info][gc,marking  ] GC(101) Concurrent Mark 2.775ms
[2026-01-15T18:36:50.083+0530][8.663s][info][gc,marking  ] GC(101) Concurrent Rebuild Remembered Sets and Scrub Regions
[2026-01-15T18:36:50.084+0530][8.663s][info][gc,marking  ] GC(101) Concurrent Rebuild Remembered Sets and Scrub Regions 0.680ms
[2026-01-15T18:36:50.084+0530][8.664s][info][gc,start    ] GC(101) Pause Cleanup
[2026-01-15T18:36:50.084+0530][8.664s][info][gc          ] GC(101) Pause Cleanup 121M->121M(256M) 0.092ms
[2026-01-15T18:36:50.084+0530][8.664s][info][gc,cpu      ] GC(101) User=0.00s Sys=0.00s Real=0.00s
[2026-01-15T18:36:50.084+0530][8.664s][info][gc,marking  ] GC(101) Concurrent Clear Claimed Marks
[2026-01-15T18:36:50.084+0530][8.664s][info][gc,marking  ] GC(101) Concurrent Clear Claimed Marks 0.025ms
[2026-01-15T18:36:50.084+0530][8.664s][info][gc,marking  ] GC(101) Concurrent Cleanup for Next Mark
[2026-01-15T18:36:50.084+0530][8.664s][info][gc,marking  ] GC(101) Concurrent Cleanup for Next Mark 0.333ms
[2026-01-15T18:36:50.085+0530][8.664s][info][gc          ] GC(101) Concurrent Mark Cycle 4.285ms
[2026-01-15T18:36:50.143+0530][8.723s][info][gc,start    ] GC(102) Pause Young (Concurrent Start) (G1 Humongous Allocation)
[2026-01-15T18:36:50.143+0530][8.723s][info][gc,task     ] GC(102) Using 6 workers of 8 for evacuation
[2026-01-15T18:36:50.144+0530][8.723s][info][gc,phases   ] GC(102)   Pre Evacuate Collection Set: 0.1ms
[2026-01-15T18:36:50.144+0530][8.723s][info][gc,phases   ] GC(102)   Merge Heap Roots: 0.0ms
[2026-01-15T18:36:50.144+0530][8.723s][info][gc,phases   ] GC(102)   Evacuate Collection Set: 0.1ms
[2026-01-15T18:36:50.144+0530][8.723s][info][gc,phases   ] GC(102)   Post Evacuate Collection Set: 0.3ms
[2026-01-15T18:36:50.144+0530][8.723s][info][gc,phases   ] GC(102)   Other: 0.1ms
[2026-01-15T18:36:50.144+0530][8.723s][info][gc,heap     ] GC(102) Eden regions: 0->0(144)
[2026-01-15T18:36:50.144+0530][8.723s][info][gc,heap     ] GC(102) Survivor regions: 0->0(10)
[2026-01-15T18:36:50.144+0530][8.723s][info][gc,heap     ] GC(102) Old regions: 2->2
[2026-01-15T18:36:50.144+0530][8.723s][info][gc,heap     ] GC(102) Humongous regions: 120->0
[2026-01-15T18:36:50.144+0530][8.723s][info][gc,metaspace] GC(102) Metaspace: 810K(960K)->810K(960K) NonClass: 756K(832K)->756K(832K) Class: 53K(128K)->53K(128K)
[2026-01-15T18:36:50.144+0530][8.724s][info][gc          ] GC(102) Pause Young (Concurrent Start) (G1 Humongous Allocation) 121M->1M(256M) 0.943ms
[2026-01-15T18:36:50.144+0530][8.724s][info][gc,cpu      ] GC(102) User=0.00s Sys=0.00s Real=0.00s
[2026-01-15T18:36:50.144+0530][8.724s][info][gc          ] GC(103) Concurrent Undo Cycle
[2026-01-15T18:36:50.144+0530][8.724s][info][gc,marking  ] GC(103) Concurrent Clear Claimed Marks
[2026-01-15T18:36:50.144+0530][8.724s][info][gc,marking  ] GC(103) Concurrent Clear Claimed Marks 0.013ms
[2026-01-15T18:36:50.144+0530][8.724s][info][gc,marking  ] GC(103) Concurrent Cleanup for Next Mark
[2026-01-15T18:36:50.144+0530][8.724s][info][gc,marking  ] GC(103) Concurrent Cleanup for Next Mark 0.205ms
[2026-01-15T18:36:50.144+0530][8.724s][info][gc          ] GC(103) Concurrent Undo Cycle 0.340ms
[2026-01-15T18:36:50.454+0530][9.034s][info][gc,start    ] GC(104) Pause Young (Concurrent Start) (G1 Humongous Allocation)
[2026-01-15T18:36:50.454+0530][9.034s][info][gc,task     ] GC(104) Using 6 workers of 8 for evacuation
[2026-01-15T18:36:50.456+0530][9.037s][info][gc,phases   ] GC(104)   Pre Evacuate Collection Set: 0.4ms
[2026-01-15T18:36:50.456+0530][9.037s][info][gc,phases   ] GC(104)   Merge Heap Roots: 0.1ms
[2026-01-15T18:36:50.456+0530][9.037s][info][gc,phases   ] GC(104)   Evacuate Collection Set: 0.3ms
[2026-01-15T18:36:50.456+0530][9.037s][info][gc,phases   ] GC(104)   Post Evacuate Collection Set: 0.9ms
[2026-01-15T18:36:50.457+0530][9.037s][info][gc,phases   ] GC(104)   Other: 0.5ms
[2026-01-15T18:36:50.457+0530][9.037s][info][gc,heap     ] GC(104) Eden regions: 0->0(79)
[2026-01-15T18:36:50.457+0530][9.037s][info][gc,heap     ] GC(104) Survivor regions: 0->0(18)
[2026-01-15T18:36:50.457+0530][9.037s][info][gc,heap     ] GC(104) Old regions: 2->2
[2026-01-15T18:36:50.457+0530][9.037s][info][gc,heap     ] GC(104) Humongous regions: 114->114
[2026-01-15T18:36:50.457+0530][9.037s][info][gc,metaspace] GC(104) Metaspace: 810K(960K)->810K(960K) NonClass: 756K(832K)->756K(832K) Class: 53K(128K)->53K(128K)
[2026-01-15T18:36:50.457+0530][9.037s][info][gc          ] GC(104) Pause Young (Concurrent Start) (G1 Humongous Allocation) 115M->115M(256M) 2.777ms
[2026-01-15T18:36:50.457+0530][9.037s][info][gc,cpu      ] GC(104) User=0.00s Sys=0.00s Real=0.00s
[2026-01-15T18:36:50.457+0530][9.037s][info][gc          ] GC(105) Concurrent Mark Cycle
[2026-01-15T18:36:50.457+0530][9.037s][info][gc,marking  ] GC(105) Concurrent Scan Root Regions
[2026-01-15T18:36:50.457+0530][9.037s][info][gc,marking  ] GC(105) Concurrent Scan Root Regions 0.023ms
[2026-01-15T18:36:50.457+0530][9.037s][info][gc,marking  ] GC(105) Concurrent Mark
[2026-01-15T18:36:50.457+0530][9.037s][info][gc,marking  ] GC(105) Concurrent Mark From Roots
[2026-01-15T18:36:50.457+0530][9.037s][info][gc,task     ] GC(105) Using 2 workers of 2 for marking
[2026-01-15T18:36:50.461+0530][9.040s][info][gc,marking  ] GC(105) Concurrent Mark From Roots 3.094ms
[2026-01-15T18:36:50.461+0530][9.040s][info][gc,marking  ] GC(105) Concurrent Preclean
[2026-01-15T18:36:50.461+0530][9.040s][info][gc,marking  ] GC(105) Concurrent Preclean 0.012ms
[2026-01-15T18:36:50.461+0530][9.040s][info][gc,start    ] GC(105) Pause Remark
[2026-01-15T18:36:50.462+0530][9.041s][info][gc          ] GC(105) Pause Remark 121M->121M(256M) 1.040ms
[2026-01-15T18:36:50.462+0530][9.041s][info][gc,cpu      ] GC(105) User=0.00s Sys=0.00s Real=0.00s
[2026-01-15T18:36:50.462+0530][9.041s][info][gc,marking  ] GC(105) Concurrent Mark 4.378ms
[2026-01-15T18:36:50.462+0530][9.042s][info][gc,marking  ] GC(105) Concurrent Rebuild Remembered Sets and Scrub Regions
[2026-01-15T18:36:50.462+0530][9.042s][info][gc,marking  ] GC(105) Concurrent Rebuild Remembered Sets and Scrub Regions 0.601ms
[2026-01-15T18:36:50.462+0530][9.042s][info][gc,start    ] GC(105) Pause Cleanup
[2026-01-15T18:36:50.463+0530][9.042s][info][gc          ] GC(105) Pause Cleanup 121M->121M(256M) 0.224ms
[2026-01-15T18:36:50.463+0530][9.042s][info][gc,cpu      ] GC(105) User=0.00s Sys=0.00s Real=0.00s
[2026-01-15T18:36:50.463+0530][9.042s][info][gc,marking  ] GC(105) Concurrent Clear Claimed Marks
[2026-01-15T18:36:50.463+0530][9.043s][info][gc,marking  ] GC(105) Concurrent Clear Claimed Marks 0.022ms
[2026-01-15T18:36:50.463+0530][9.043s][info][gc,marking  ] GC(105) Concurrent Cleanup for Next Mark
[2026-01-15T18:36:50.463+0530][9.043s][info][gc,marking  ] GC(105) Concurrent Cleanup for Next Mark 0.425ms
[2026-01-15T18:36:50.463+0530][9.043s][info][gc          ] GC(105) Concurrent Mark Cycle 5.982ms
[2026-01-15T18:36:50.516+0530][9.095s][info][gc,start    ] GC(106) Pause Young (Concurrent Start) (G1 Humongous Allocation)
[2026-01-15T18:36:50.516+0530][9.096s][info][gc,task     ] GC(106) Using 6 workers of 8 for evacuation
[2026-01-15T18:36:50.517+0530][9.097s][info][gc,phases   ] GC(106)   Pre Evacuate Collection Set: 0.1ms
[2026-01-15T18:36:50.517+0530][9.097s][info][gc,phases   ] GC(106)   Merge Heap Roots: 0.1ms
[2026-01-15T18:36:50.517+0530][9.097s][info][gc,phases   ] GC(106)   Evacuate Collection Set: 0.3ms
[2026-01-15T18:36:50.517+0530][9.097s][info][gc,phases   ] GC(106)   Post Evacuate Collection Set: 0.6ms
[2026-01-15T18:36:50.517+0530][9.097s][info][gc,phases   ] GC(106)   Other: 0.2ms
[2026-01-15T18:36:50.517+0530][9.097s][info][gc,heap     ] GC(106) Eden regions: 0->0(144)
[2026-01-15T18:36:50.517+0530][9.097s][info][gc,heap     ] GC(106) Survivor regions: 0->0(10)
[2026-01-15T18:36:50.517+0530][9.097s][info][gc,heap     ] GC(106) Old regions: 2->2
[2026-01-15T18:36:50.517+0530][9.097s][info][gc,heap     ] GC(106) Humongous regions: 120->0
[2026-01-15T18:36:50.517+0530][9.097s][info][gc,metaspace] GC(106) Metaspace: 810K(960K)->810K(960K) NonClass: 756K(832K)->756K(832K) Class: 53K(128K)->53K(128K)
[2026-01-15T18:36:50.517+0530][9.097s][info][gc          ] GC(106) Pause Young (Concurrent Start) (G1 Humongous Allocation) 121M->1M(256M) 1.616ms
[2026-01-15T18:36:50.517+0530][9.097s][info][gc,cpu      ] GC(106) User=0.00s Sys=0.00s Real=0.00s
[2026-01-15T18:36:50.517+0530][9.097s][info][gc          ] GC(107) Concurrent Undo Cycle
[2026-01-15T18:36:50.517+0530][9.097s][info][gc,marking  ] GC(107) Concurrent Clear Claimed Marks
[2026-01-15T18:36:50.517+0530][9.097s][info][gc,marking  ] GC(107) Concurrent Clear Claimed Marks 0.011ms
[2026-01-15T18:36:50.517+0530][9.097s][info][gc,marking  ] GC(107) Concurrent Cleanup for Next Mark
[2026-01-15T18:36:50.518+0530][9.097s][info][gc,marking  ] GC(107) Concurrent Cleanup for Next Mark 0.136ms
[2026-01-15T18:36:50.518+0530][9.097s][info][gc          ] GC(107) Concurrent Undo Cycle 0.220ms
[2026-01-15T18:36:50.827+0530][9.407s][info][gc,start    ] GC(108) Pause Young (Concurrent Start) (G1 Humongous Allocation)
[2026-01-15T18:36:50.827+0530][9.407s][info][gc,task     ] GC(108) Using 6 workers of 8 for evacuation
[2026-01-15T18:36:50.829+0530][9.409s][info][gc,phases   ] GC(108)   Pre Evacuate Collection Set: 0.2ms
[2026-01-15T18:36:50.829+0530][9.409s][info][gc,phases   ] GC(108)   Merge Heap Roots: 0.2ms
[2026-01-15T18:36:50.829+0530][9.409s][info][gc,phases   ] GC(108)   Evacuate Collection Set: 0.2ms
[2026-01-15T18:36:50.829+0530][9.409s][info][gc,phases   ] GC(108)   Post Evacuate Collection Set: 0.5ms
[2026-01-15T18:36:50.829+0530][9.409s][info][gc,phases   ] GC(108)   Other: 0.2ms
[2026-01-15T18:36:50.829+0530][9.409s][info][gc,heap     ] GC(108) Eden regions: 0->0(79)
[2026-01-15T18:36:50.829+0530][9.409s][info][gc,heap     ] GC(108) Survivor regions: 0->0(18)
[2026-01-15T18:36:50.829+0530][9.409s][info][gc,heap     ] GC(108) Old regions: 2->2
[2026-01-15T18:36:50.829+0530][9.409s][info][gc,heap     ] GC(108) Humongous regions: 114->114
[2026-01-15T18:36:50.829+0530][9.409s][info][gc,metaspace] GC(108) Metaspace: 810K(960K)->810K(960K) NonClass: 756K(832K)->756K(832K) Class: 53K(128K)->53K(128K)
[2026-01-15T18:36:50.829+0530][9.409s][info][gc          ] GC(108) Pause Young (Concurrent Start) (G1 Humongous Allocation) 115M->115M(256M) 1.509ms
[2026-01-15T18:36:50.829+0530][9.409s][info][gc,cpu      ] GC(108) User=0.00s Sys=0.00s Real=0.00s
[2026-01-15T18:36:50.829+0530][9.409s][info][gc          ] GC(109) Concurrent Mark Cycle
[2026-01-15T18:36:50.829+0530][9.409s][info][gc,marking  ] GC(109) Concurrent Scan Root Regions
[2026-01-15T18:36:50.829+0530][9.409s][info][gc,marking  ] GC(109) Concurrent Scan Root Regions 0.009ms
[2026-01-15T18:36:50.829+0530][9.409s][info][gc,marking  ] GC(109) Concurrent Mark
[2026-01-15T18:36:50.829+0530][9.409s][info][gc,marking  ] GC(109) Concurrent Mark From Roots
[2026-01-15T18:36:50.829+0530][9.409s][info][gc,task     ] GC(109) Using 2 workers of 2 for marking
[2026-01-15T18:36:50.830+0530][9.410s][info][gc,marking  ] GC(109) Concurrent Mark From Roots 1.487ms
[2026-01-15T18:36:50.830+0530][9.410s][info][gc,marking  ] GC(109) Concurrent Preclean
[2026-01-15T18:36:50.830+0530][9.410s][info][gc,marking  ] GC(109) Concurrent Preclean 0.014ms
[2026-01-15T18:36:50.831+0530][9.410s][info][gc,start    ] GC(109) Pause Remark
[2026-01-15T18:36:50.832+0530][9.412s][info][gc          ] GC(109) Pause Remark 121M->121M(256M) 1.084ms
[2026-01-15T18:36:50.832+0530][9.412s][info][gc,cpu      ] GC(109) User=0.00s Sys=0.00s Real=0.00s
[2026-01-15T18:36:50.832+0530][9.412s][info][gc,marking  ] GC(109) Concurrent Mark 2.792ms
[2026-01-15T18:36:50.832+0530][9.412s][info][gc,marking  ] GC(109) Concurrent Rebuild Remembered Sets and Scrub Regions
[2026-01-15T18:36:50.832+0530][9.412s][info][gc,marking  ] GC(109) Concurrent Rebuild Remembered Sets and Scrub Regions 0.596ms
[2026-01-15T18:36:50.832+0530][9.412s][info][gc,start    ] GC(109) Pause Cleanup
[2026-01-15T18:36:50.833+0530][9.413s][info][gc          ] GC(109) Pause Cleanup 121M->121M(256M) 0.245ms
[2026-01-15T18:36:50.833+0530][9.413s][info][gc,cpu      ] GC(109) User=0.00s Sys=0.00s Real=0.00s
[2026-01-15T18:36:50.833+0530][9.413s][info][gc,marking  ] GC(109) Concurrent Clear Claimed Marks
[2026-01-15T18:36:50.833+0530][9.413s][info][gc,marking  ] GC(109) Concurrent Clear Claimed Marks 0.022ms
[2026-01-15T18:36:50.833+0530][9.413s][info][gc,marking  ] GC(109) Concurrent Cleanup for Next Mark
[2026-01-15T18:36:50.833+0530][9.413s][info][gc,marking  ] GC(109) Concurrent Cleanup for Next Mark 0.441ms
[2026-01-15T18:36:50.833+0530][9.413s][info][gc          ] GC(109) Concurrent Mark Cycle 4.390ms
[2026-01-15T18:36:50.889+0530][9.469s][info][gc,start    ] GC(110) Pause Young (Concurrent Start) (G1 Humongous Allocation)
[2026-01-15T18:36:50.889+0530][9.469s][info][gc,task     ] GC(110) Using 6 workers of 8 for evacuation
[2026-01-15T18:36:50.891+0530][9.471s][info][gc,phases   ] GC(110)   Pre Evacuate Collection Set: 0.4ms
[2026-01-15T18:36:50.891+0530][9.471s][info][gc,phases   ] GC(110)   Merge Heap Roots: 0.1ms
[2026-01-15T18:36:50.891+0530][9.471s][info][gc,phases   ] GC(110)   Evacuate Collection Set: 0.4ms
[2026-01-15T18:36:50.891+0530][9.471s][info][gc,phases   ] GC(110)   Post Evacuate Collection Set: 0.8ms
[2026-01-15T18:36:50.891+0530][9.471s][info][gc,phases   ] GC(110)   Other: 0.2ms
[2026-01-15T18:36:50.891+0530][9.471s][info][gc,heap     ] GC(110) Eden regions: 0->0(144)
[2026-01-15T18:36:50.891+0530][9.471s][info][gc,heap     ] GC(110) Survivor regions: 0->0(10)
[2026-01-15T18:36:50.891+0530][9.471s][info][gc,heap     ] GC(110) Old regions: 2->2
[2026-01-15T18:36:50.891+0530][9.471s][info][gc,heap     ] GC(110) Humongous regions: 120->0
[2026-01-15T18:36:50.891+0530][9.471s][info][gc,metaspace] GC(110) Metaspace: 810K(960K)->810K(960K) NonClass: 756K(832K)->756K(832K) Class: 53K(128K)->53K(128K)
[2026-01-15T18:36:50.891+0530][9.472s][info][gc          ] GC(110) Pause Young (Concurrent Start) (G1 Humongous Allocation) 121M->1M(256M) 2.320ms
[2026-01-15T18:36:50.891+0530][9.472s][info][gc,cpu      ] GC(110) User=0.00s Sys=0.00s Real=0.00s
[2026-01-15T18:36:50.891+0530][9.472s][info][gc          ] GC(111) Concurrent Undo Cycle
[2026-01-15T18:36:50.891+0530][9.472s][info][gc,marking  ] GC(111) Concurrent Clear Claimed Marks
[2026-01-15T18:36:50.892+0530][9.472s][info][gc,marking  ] GC(111) Concurrent Clear Claimed Marks 0.049ms
[2026-01-15T18:36:50.892+0530][9.472s][info][gc,marking  ] GC(111) Concurrent Cleanup for Next Mark
[2026-01-15T18:36:50.892+0530][9.472s][info][gc,marking  ] GC(111) Concurrent Cleanup for Next Mark 0.228ms
[2026-01-15T18:36:50.892+0530][9.472s][info][gc          ] GC(111) Concurrent Undo Cycle 0.590ms
[2026-01-15T18:36:51.201+0530][9.781s][info][gc,start    ] GC(112) Pause Young (Concurrent Start) (G1 Humongous Allocation)
[2026-01-15T18:36:51.201+0530][9.781s][info][gc,task     ] GC(112) Using 6 workers of 8 for evacuation
[2026-01-15T18:36:51.203+0530][9.783s][info][gc,phases   ] GC(112)   Pre Evacuate Collection Set: 0.2ms
[2026-01-15T18:36:51.203+0530][9.783s][info][gc,phases   ] GC(112)   Merge Heap Roots: 0.2ms
[2026-01-15T18:36:51.203+0530][9.783s][info][gc,phases   ] GC(112)   Evacuate Collection Set: 0.3ms
[2026-01-15T18:36:51.203+0530][9.783s][info][gc,phases   ] GC(112)   Post Evacuate Collection Set: 0.5ms
[2026-01-15T18:36:51.203+0530][9.783s][info][gc,phases   ] GC(112)   Other: 0.2ms
[2026-01-15T18:36:51.203+0530][9.783s][info][gc,heap     ] GC(112) Eden regions: 0->0(79)
[2026-01-15T18:36:51.203+0530][9.783s][info][gc,heap     ] GC(112) Survivor regions: 0->0(18)
[2026-01-15T18:36:51.203+0530][9.783s][info][gc,heap     ] GC(112) Old regions: 2->2
[2026-01-15T18:36:51.203+0530][9.783s][info][gc,heap     ] GC(112) Humongous regions: 114->114
[2026-01-15T18:36:51.203+0530][9.783s][info][gc,metaspace] GC(112) Metaspace: 810K(960K)->810K(960K) NonClass: 756K(832K)->756K(832K) Class: 53K(128K)->53K(128K)
[2026-01-15T18:36:51.203+0530][9.783s][info][gc          ] GC(112) Pause Young (Concurrent Start) (G1 Humongous Allocation) 115M->115M(256M) 1.662ms
[2026-01-15T18:36:51.203+0530][9.783s][info][gc,cpu      ] GC(112) User=0.00s Sys=0.00s Real=0.00s
[2026-01-15T18:36:51.203+0530][9.783s][info][gc          ] GC(113) Concurrent Mark Cycle
[2026-01-15T18:36:51.203+0530][9.783s][info][gc,marking  ] GC(113) Concurrent Scan Root Regions
[2026-01-15T18:36:51.203+0530][9.783s][info][gc,marking  ] GC(113) Concurrent Scan Root Regions 0.009ms
[2026-01-15T18:36:51.203+0530][9.783s][info][gc,marking  ] GC(113) Concurrent Mark
[2026-01-15T18:36:51.203+0530][9.783s][info][gc,marking  ] GC(113) Concurrent Mark From Roots
[2026-01-15T18:36:51.203+0530][9.783s][info][gc,task     ] GC(113) Using 2 workers of 2 for marking
[2026-01-15T18:36:51.205+0530][9.785s][info][gc,marking  ] GC(113) Concurrent Mark From Roots 1.512ms
[2026-01-15T18:36:51.205+0530][9.785s][info][gc,marking  ] GC(113) Concurrent Preclean
[2026-01-15T18:36:51.205+0530][9.785s][info][gc,marking  ] GC(113) Concurrent Preclean 0.010ms
[2026-01-15T18:36:51.205+0530][9.785s][info][gc,start    ] GC(113) Pause Remark
[2026-01-15T18:36:51.206+0530][9.786s][info][gc          ] GC(113) Pause Remark 121M->121M(256M) 0.997ms
[2026-01-15T18:36:51.206+0530][9.786s][info][gc,cpu      ] GC(113) User=0.00s Sys=0.00s Real=0.00s
[2026-01-15T18:36:51.206+0530][9.786s][info][gc,marking  ] GC(113) Concurrent Mark 2.723ms
[2026-01-15T18:36:51.206+0530][9.786s][info][gc,marking  ] GC(113) Concurrent Rebuild Remembered Sets and Scrub Regions
[2026-01-15T18:36:51.206+0530][9.786s][info][gc,marking  ] GC(113) Concurrent Rebuild Remembered Sets and Scrub Regions 0.580ms
[2026-01-15T18:36:51.206+0530][9.786s][info][gc,start    ] GC(113) Pause Cleanup
[2026-01-15T18:36:51.207+0530][9.787s][info][gc          ] GC(113) Pause Cleanup 121M->121M(256M) 0.239ms
[2026-01-15T18:36:51.207+0530][9.787s][info][gc,cpu      ] GC(113) User=0.00s Sys=0.00s Real=0.00s
[2026-01-15T18:36:51.207+0530][9.787s][info][gc,marking  ] GC(113) Concurrent Clear Claimed Marks
[2026-01-15T18:36:51.207+0530][9.787s][info][gc,marking  ] GC(113) Concurrent Clear Claimed Marks 0.023ms
[2026-01-15T18:36:51.207+0530][9.787s][info][gc,marking  ] GC(113) Concurrent Cleanup for Next Mark
[2026-01-15T18:36:51.207+0530][9.787s][info][gc,marking  ] GC(113) Concurrent Cleanup for Next Mark 0.457ms
[2026-01-15T18:36:51.207+0530][9.787s][info][gc          ] GC(113) Concurrent Mark Cycle 4.281ms
[2026-01-15T18:36:51.264+0530][9.844s][info][gc,start    ] GC(114) Pause Young (Concurrent Start) (G1 Humongous Allocation)
[2026-01-15T18:36:51.264+0530][9.844s][info][gc,task     ] GC(114) Using 6 workers of 8 for evacuation
[2026-01-15T18:36:51.267+0530][9.846s][info][gc,phases   ] GC(114)   Pre Evacuate Collection Set: 0.4ms
[2026-01-15T18:36:51.267+0530][9.847s][info][gc,phases   ] GC(114)   Merge Heap Roots: 0.2ms
[2026-01-15T18:36:51.267+0530][9.847s][info][gc,phases   ] GC(114)   Evacuate Collection Set: 0.5ms
[2026-01-15T18:36:51.267+0530][9.847s][info][gc,phases   ] GC(114)   Post Evacuate Collection Set: 1.0ms
[2026-01-15T18:36:51.267+0530][9.847s][info][gc,phases   ] GC(114)   Other: 0.3ms
[2026-01-15T18:36:51.267+0530][9.847s][info][gc,heap     ] GC(114) Eden regions: 0->0(144)
[2026-01-15T18:36:51.267+0530][9.847s][info][gc,heap     ] GC(114) Survivor regions: 0->0(10)
[2026-01-15T18:36:51.267+0530][9.847s][info][gc,heap     ] GC(114) Old regions: 2->2
[2026-01-15T18:36:51.267+0530][9.847s][info][gc,heap     ] GC(114) Humongous regions: 120->0
[2026-01-15T18:36:51.267+0530][9.847s][info][gc,metaspace] GC(114) Metaspace: 810K(960K)->810K(960K) NonClass: 756K(832K)->756K(832K) Class: 53K(128K)->53K(128K)
[2026-01-15T18:36:51.267+0530][9.847s][info][gc          ] GC(114) Pause Young (Concurrent Start) (G1 Humongous Allocation) 121M->1M(256M) 2.956ms
[2026-01-15T18:36:51.267+0530][9.847s][info][gc,cpu      ] GC(114) User=0.00s Sys=0.00s Real=0.00s
[2026-01-15T18:36:51.267+0530][9.847s][info][gc          ] GC(115) Concurrent Undo Cycle
[2026-01-15T18:36:51.267+0530][9.847s][info][gc,marking  ] GC(115) Concurrent Clear Claimed Marks
[2026-01-15T18:36:51.267+0530][9.847s][info][gc,marking  ] GC(115) Concurrent Clear Claimed Marks 0.030ms
[2026-01-15T18:36:51.267+0530][9.847s][info][gc,marking  ] GC(115) Concurrent Cleanup for Next Mark
[2026-01-15T18:36:51.267+0530][9.847s][info][gc,marking  ] GC(115) Concurrent Cleanup for Next Mark 0.251ms
[2026-01-15T18:36:51.268+0530][9.847s][info][gc          ] GC(115) Concurrent Undo Cycle 0.488ms
[2026-01-15T18:36:51.579+0530][10.158s][info][gc,start    ] GC(116) Pause Young (Concurrent Start) (G1 Humongous Allocation)
[2026-01-15T18:36:51.579+0530][10.158s][info][gc,task     ] GC(116) Using 6 workers of 8 for evacuation
[2026-01-15T18:36:51.580+0530][10.160s][info][gc,phases   ] GC(116)   Pre Evacuate Collection Set: 0.3ms
[2026-01-15T18:36:51.580+0530][10.160s][info][gc,phases   ] GC(116)   Merge Heap Roots: 0.1ms
[2026-01-15T18:36:51.580+0530][10.160s][info][gc,phases   ] GC(116)   Evacuate Collection Set: 0.2ms
[2026-01-15T18:36:51.580+0530][10.160s][info][gc,phases   ] GC(116)   Post Evacuate Collection Set: 0.4ms
[2026-01-15T18:36:51.580+0530][10.160s][info][gc,phases   ] GC(116)   Other: 0.2ms
[2026-01-15T18:36:51.580+0530][10.160s][info][gc,heap     ] GC(116) Eden regions: 0->0(79)
[2026-01-15T18:36:51.580+0530][10.160s][info][gc,heap     ] GC(116) Survivor regions: 0->0(18)
[2026-01-15T18:36:51.580+0530][10.160s][info][gc,heap     ] GC(116) Old regions: 2->2
[2026-01-15T18:36:51.580+0530][10.160s][info][gc,heap     ] GC(116) Humongous regions: 114->114
[2026-01-15T18:36:51.580+0530][10.160s][info][gc,metaspace] GC(116) Metaspace: 810K(960K)->810K(960K) NonClass: 756K(832K)->756K(832K) Class: 53K(128K)->53K(128K)
[2026-01-15T18:36:51.580+0530][10.160s][info][gc          ] GC(116) Pause Young (Concurrent Start) (G1 Humongous Allocation) 115M->115M(256M) 1.519ms
[2026-01-15T18:36:51.580+0530][10.160s][info][gc,cpu      ] GC(116) User=0.00s Sys=0.00s Real=0.00s
[2026-01-15T18:36:51.580+0530][10.160s][info][gc          ] GC(117) Concurrent Mark Cycle
[2026-01-15T18:36:51.580+0530][10.160s][info][gc,marking  ] GC(117) Concurrent Scan Root Regions
[2026-01-15T18:36:51.580+0530][10.160s][info][gc,marking  ] GC(117) Concurrent Scan Root Regions 0.009ms
[2026-01-15T18:36:51.580+0530][10.160s][info][gc,marking  ] GC(117) Concurrent Mark
[2026-01-15T18:36:51.580+0530][10.160s][info][gc,marking  ] GC(117) Concurrent Mark From Roots
[2026-01-15T18:36:51.580+0530][10.160s][info][gc,task     ] GC(117) Using 2 workers of 2 for marking
[2026-01-15T18:36:51.582+0530][10.162s][info][gc,marking  ] GC(117) Concurrent Mark From Roots 2.218ms
[2026-01-15T18:36:51.582+0530][10.162s][info][gc,marking  ] GC(117) Concurrent Preclean
[2026-01-15T18:36:51.582+0530][10.162s][info][gc,marking  ] GC(117) Concurrent Preclean 0.020ms
[2026-01-15T18:36:51.582+0530][10.162s][info][gc,start    ] GC(117) Pause Remark
[2026-01-15T18:36:51.583+0530][10.163s][info][gc          ] GC(117) Pause Remark 121M->121M(256M) 0.531ms
[2026-01-15T18:36:51.583+0530][10.163s][info][gc,cpu      ] GC(117) User=0.00s Sys=0.00s Real=0.00s
[2026-01-15T18:36:51.583+0530][10.163s][info][gc,marking  ] GC(117) Concurrent Mark 3.015ms
[2026-01-15T18:36:51.583+0530][10.163s][info][gc,marking  ] GC(117) Concurrent Rebuild Remembered Sets and Scrub Regions
[2026-01-15T18:36:51.584+0530][10.164s][info][gc,marking  ] GC(117) Concurrent Rebuild Remembered Sets and Scrub Regions 0.599ms
[2026-01-15T18:36:51.584+0530][10.164s][info][gc,start    ] GC(117) Pause Cleanup
[2026-01-15T18:36:51.584+0530][10.164s][info][gc          ] GC(117) Pause Cleanup 121M->121M(256M) 0.099ms
[2026-01-15T18:36:51.584+0530][10.164s][info][gc,cpu      ] GC(117) User=0.00s Sys=0.00s Real=0.00s
[2026-01-15T18:36:51.584+0530][10.164s][info][gc,marking  ] GC(117) Concurrent Clear Claimed Marks
[2026-01-15T18:36:51.584+0530][10.164s][info][gc,marking  ] GC(117) Concurrent Clear Claimed Marks 0.025ms
[2026-01-15T18:36:51.584+0530][10.164s][info][gc,marking  ] GC(117) Concurrent Cleanup for Next Mark
[2026-01-15T18:36:51.585+0530][10.164s][info][gc,marking  ] GC(117) Concurrent Cleanup for Next Mark 0.277ms
[2026-01-15T18:36:51.585+0530][10.164s][info][gc          ] GC(117) Concurrent Mark Cycle 4.327ms
[2026-01-15T18:36:51.640+0530][10.220s][info][gc,start    ] GC(118) Pause Young (Concurrent Start) (G1 Humongous Allocation)
[2026-01-15T18:36:51.640+0530][10.220s][info][gc,task     ] GC(118) Using 6 workers of 8 for evacuation
[2026-01-15T18:36:51.640+0530][10.220s][info][gc,phases   ] GC(118)   Pre Evacuate Collection Set: 0.1ms
[2026-01-15T18:36:51.640+0530][10.220s][info][gc,phases   ] GC(118)   Merge Heap Roots: 0.0ms
[2026-01-15T18:36:51.640+0530][10.220s][info][gc,phases   ] GC(118)   Evacuate Collection Set: 0.1ms
[2026-01-15T18:36:51.640+0530][10.220s][info][gc,phases   ] GC(118)   Post Evacuate Collection Set: 0.2ms
[2026-01-15T18:36:51.641+0530][10.220s][info][gc,phases   ] GC(118)   Other: 0.1ms
[2026-01-15T18:36:51.641+0530][10.220s][info][gc,heap     ] GC(118) Eden regions: 0->0(144)
[2026-01-15T18:36:51.641+0530][10.220s][info][gc,heap     ] GC(118) Survivor regions: 0->0(10)
[2026-01-15T18:36:51.641+0530][10.220s][info][gc,heap     ] GC(118) Old regions: 2->2
[2026-01-15T18:36:51.641+0530][10.220s][info][gc,heap     ] GC(118) Humongous regions: 120->0
[2026-01-15T18:36:51.641+0530][10.220s][info][gc,metaspace] GC(118) Metaspace: 810K(960K)->810K(960K) NonClass: 756K(832K)->756K(832K) Class: 53K(128K)->53K(128K)
[2026-01-15T18:36:51.641+0530][10.220s][info][gc          ] GC(118) Pause Young (Concurrent Start) (G1 Humongous Allocation) 121M->1M(256M) 0.808ms
[2026-01-15T18:36:51.641+0530][10.220s][info][gc,cpu      ] GC(118) User=0.00s Sys=0.00s Real=0.00s
[2026-01-15T18:36:51.641+0530][10.220s][info][gc          ] GC(119) Concurrent Undo Cycle
[2026-01-15T18:36:51.641+0530][10.220s][info][gc,marking  ] GC(119) Concurrent Clear Claimed Marks
[2026-01-15T18:36:51.641+0530][10.220s][info][gc,marking  ] GC(119) Concurrent Clear Claimed Marks 0.011ms
[2026-01-15T18:36:51.641+0530][10.220s][info][gc,marking  ] GC(119) Concurrent Cleanup for Next Mark
[2026-01-15T18:36:51.641+0530][10.221s][info][gc,marking  ] GC(119) Concurrent Cleanup for Next Mark 0.108ms
[2026-01-15T18:36:51.641+0530][10.221s][info][gc          ] GC(119) Concurrent Undo Cycle 0.221ms
[2026-01-15T18:36:51.952+0530][10.532s][info][gc,start    ] GC(120) Pause Young (Concurrent Start) (G1 Humongous Allocation)
[2026-01-15T18:36:51.952+0530][10.532s][info][gc,task     ] GC(120) Using 6 workers of 8 for evacuation
[2026-01-15T18:36:51.953+0530][10.533s][info][gc,phases   ] GC(120)   Pre Evacuate Collection Set: 0.2ms
[2026-01-15T18:36:51.953+0530][10.533s][info][gc,phases   ] GC(120)   Merge Heap Roots: 0.1ms
[2026-01-15T18:36:51.953+0530][10.533s][info][gc,phases   ] GC(120)   Evacuate Collection Set: 0.2ms
[2026-01-15T18:36:51.953+0530][10.533s][info][gc,phases   ] GC(120)   Post Evacuate Collection Set: 0.3ms
[2026-01-15T18:36:51.953+0530][10.533s][info][gc,phases   ] GC(120)   Other: 0.1ms
[2026-01-15T18:36:51.953+0530][10.533s][info][gc,heap     ] GC(120) Eden regions: 0->0(79)
[2026-01-15T18:36:51.953+0530][10.533s][info][gc,heap     ] GC(120) Survivor regions: 0->0(18)
[2026-01-15T18:36:51.953+0530][10.533s][info][gc,heap     ] GC(120) Old regions: 2->2
[2026-01-15T18:36:51.953+0530][10.533s][info][gc,heap     ] GC(120) Humongous regions: 114->114
[2026-01-15T18:36:51.953+0530][10.533s][info][gc,metaspace] GC(120) Metaspace: 810K(960K)->810K(960K) NonClass: 756K(832K)->756K(832K) Class: 53K(128K)->53K(128K)
[2026-01-15T18:36:51.953+0530][10.533s][info][gc          ] GC(120) Pause Young (Concurrent Start) (G1 Humongous Allocation) 115M->115M(256M) 1.066ms
[2026-01-15T18:36:51.953+0530][10.533s][info][gc,cpu      ] GC(120) User=0.00s Sys=0.00s Real=0.00s
[2026-01-15T18:36:51.953+0530][10.533s][info][gc          ] GC(121) Concurrent Mark Cycle
[2026-01-15T18:36:51.953+0530][10.533s][info][gc,marking  ] GC(121) Concurrent Scan Root Regions
[2026-01-15T18:36:51.953+0530][10.533s][info][gc,marking  ] GC(121) Concurrent Scan Root Regions 0.013ms
[2026-01-15T18:36:51.953+0530][10.533s][info][gc,marking  ] GC(121) Concurrent Mark
[2026-01-15T18:36:51.953+0530][10.533s][info][gc,marking  ] GC(121) Concurrent Mark From Roots
[2026-01-15T18:36:51.953+0530][10.533s][info][gc,task     ] GC(121) Using 2 workers of 2 for marking
[2026-01-15T18:36:51.955+0530][10.535s][info][gc,marking  ] GC(121) Concurrent Mark From Roots 1.594ms
[2026-01-15T18:36:51.955+0530][10.535s][info][gc,marking  ] GC(121) Concurrent Preclean
[2026-01-15T18:36:51.955+0530][10.535s][info][gc,marking  ] GC(121) Concurrent Preclean 0.012ms
[2026-01-15T18:36:51.955+0530][10.535s][info][gc,start    ] GC(121) Pause Remark
[2026-01-15T18:36:51.956+0530][10.536s][info][gc          ] GC(121) Pause Remark 121M->121M(256M) 0.838ms
[2026-01-15T18:36:51.956+0530][10.536s][info][gc,cpu      ] GC(121) User=0.00s Sys=0.00s Real=0.00s
[2026-01-15T18:36:51.956+0530][10.536s][info][gc,marking  ] GC(121) Concurrent Mark 2.634ms
[2026-01-15T18:36:51.956+0530][10.536s][info][gc,marking  ] GC(121) Concurrent Rebuild Remembered Sets and Scrub Regions
[2026-01-15T18:36:51.957+0530][10.537s][info][gc,marking  ] GC(121) Concurrent Rebuild Remembered Sets and Scrub Regions 0.622ms
[2026-01-15T18:36:51.957+0530][10.537s][info][gc,start    ] GC(121) Pause Cleanup
[2026-01-15T18:36:51.957+0530][10.537s][info][gc          ] GC(121) Pause Cleanup 121M->121M(256M) 0.108ms
[2026-01-15T18:36:51.957+0530][10.537s][info][gc,cpu      ] GC(121) User=0.00s Sys=0.00s Real=0.00s
[2026-01-15T18:36:51.957+0530][10.537s][info][gc,marking  ] GC(121) Concurrent Clear Claimed Marks
[2026-01-15T18:36:51.957+0530][10.537s][info][gc,marking  ] GC(121) Concurrent Clear Claimed Marks 0.035ms
[2026-01-15T18:36:51.957+0530][10.537s][info][gc,marking  ] GC(121) Concurrent Cleanup for Next Mark
[2026-01-15T18:36:51.958+0530][10.538s][info][gc,marking  ] GC(121) Concurrent Cleanup for Next Mark 1.048ms
[2026-01-15T18:36:51.958+0530][10.538s][info][gc          ] GC(121) Concurrent Mark Cycle 4.722ms
[2026-01-15T18:36:52.015+0530][10.595s][info][gc,start    ] GC(122) Pause Young (Concurrent Start) (G1 Humongous Allocation)
[2026-01-15T18:36:52.015+0530][10.595s][info][gc,task     ] GC(122) Using 6 workers of 8 for evacuation
[2026-01-15T18:36:52.017+0530][10.596s][info][gc,phases   ] GC(122)   Pre Evacuate Collection Set: 0.1ms
[2026-01-15T18:36:52.017+0530][10.596s][info][gc,phases   ] GC(122)   Merge Heap Roots: 0.2ms
[2026-01-15T18:36:52.017+0530][10.596s][info][gc,phases   ] GC(122)   Evacuate Collection Set: 0.3ms
[2026-01-15T18:36:52.017+0530][10.596s][info][gc,phases   ] GC(122)   Post Evacuate Collection Set: 0.6ms
[2026-01-15T18:36:52.017+0530][10.596s][info][gc,phases   ] GC(122)   Other: 0.2ms
[2026-01-15T18:36:52.017+0530][10.596s][info][gc,heap     ] GC(122) Eden regions: 0->0(144)
[2026-01-15T18:36:52.017+0530][10.596s][info][gc,heap     ] GC(122) Survivor regions: 0->0(10)
[2026-01-15T18:36:52.017+0530][10.596s][info][gc,heap     ] GC(122) Old regions: 2->2
[2026-01-15T18:36:52.017+0530][10.596s][info][gc,heap     ] GC(122) Humongous regions: 120->0
[2026-01-15T18:36:52.017+0530][10.597s][info][gc,metaspace] GC(122) Metaspace: 810K(960K)->810K(960K) NonClass: 756K(832K)->756K(832K) Class: 53K(128K)->53K(128K)
[2026-01-15T18:36:52.017+0530][10.597s][info][gc          ] GC(122) Pause Young (Concurrent Start) (G1 Humongous Allocation) 121M->1M(256M) 1.818ms
[2026-01-15T18:36:52.017+0530][10.597s][info][gc,cpu      ] GC(122) User=0.00s Sys=0.00s Real=0.00s
[2026-01-15T18:36:52.017+0530][10.597s][info][gc          ] GC(123) Concurrent Undo Cycle
[2026-01-15T18:36:52.018+0530][10.597s][info][gc,marking  ] GC(123) Concurrent Clear Claimed Marks
[2026-01-15T18:36:52.018+0530][10.597s][info][gc,marking  ] GC(123) Concurrent Clear Claimed Marks 0.021ms
[2026-01-15T18:36:52.018+0530][10.597s][info][gc,marking  ] GC(123) Concurrent Cleanup for Next Mark
[2026-01-15T18:36:52.018+0530][10.597s][info][gc,marking  ] GC(123) Concurrent Cleanup for Next Mark 0.120ms
[2026-01-15T18:36:52.018+0530][10.597s][info][gc          ] GC(123) Concurrent Undo Cycle 0.320ms
[2026-01-15T18:36:52.329+0530][10.909s][info][gc,start    ] GC(124) Pause Young (Concurrent Start) (G1 Humongous Allocation)
[2026-01-15T18:36:52.329+0530][10.909s][info][gc,task     ] GC(124) Using 6 workers of 8 for evacuation
[2026-01-15T18:36:52.330+0530][10.911s][info][gc,phases   ] GC(124)   Pre Evacuate Collection Set: 0.3ms
[2026-01-15T18:36:52.331+0530][10.911s][info][gc,phases   ] GC(124)   Merge Heap Roots: 0.1ms
[2026-01-15T18:36:52.331+0530][10.912s][info][gc,phases   ] GC(124)   Evacuate Collection Set: 0.4ms
[2026-01-15T18:36:52.331+0530][10.912s][info][gc,phases   ] GC(124)   Post Evacuate Collection Set: 0.6ms
[2026-01-15T18:36:52.331+0530][10.912s][info][gc,phases   ] GC(124)   Other: 0.2ms
[2026-01-15T18:36:52.331+0530][10.912s][info][gc,heap     ] GC(124) Eden regions: 0->0(79)
[2026-01-15T18:36:52.331+0530][10.912s][info][gc,heap     ] GC(124) Survivor regions: 0->0(18)
[2026-01-15T18:36:52.331+0530][10.912s][info][gc,heap     ] GC(124) Old regions: 2->2
[2026-01-15T18:36:52.331+0530][10.912s][info][gc,heap     ] GC(124) Humongous regions: 114->114
[2026-01-15T18:36:52.331+0530][10.912s][info][gc,metaspace] GC(124) Metaspace: 810K(960K)->810K(960K) NonClass: 756K(832K)->756K(832K) Class: 53K(128K)->53K(128K)
[2026-01-15T18:36:52.331+0530][10.912s][info][gc          ] GC(124) Pause Young (Concurrent Start) (G1 Humongous Allocation) 115M->115M(256M) 2.613ms
[2026-01-15T18:36:52.331+0530][10.912s][info][gc,cpu      ] GC(124) User=0.00s Sys=0.00s Real=0.00s
[2026-01-15T18:36:52.331+0530][10.912s][info][gc          ] GC(125) Concurrent Mark Cycle
[2026-01-15T18:36:52.331+0530][10.912s][info][gc,marking  ] GC(125) Concurrent Scan Root Regions
[2026-01-15T18:36:52.331+0530][10.912s][info][gc,marking  ] GC(125) Concurrent Scan Root Regions 0.015ms
[2026-01-15T18:36:52.331+0530][10.912s][info][gc,marking  ] GC(125) Concurrent Mark
[2026-01-15T18:36:52.332+0530][10.912s][info][gc,marking  ] GC(125) Concurrent Mark From Roots
[2026-01-15T18:36:52.332+0530][10.912s][info][gc,task     ] GC(125) Using 2 workers of 2 for marking
[2026-01-15T18:36:52.333+0530][10.914s][info][gc,marking  ] GC(125) Concurrent Mark From Roots 1.692ms
[2026-01-15T18:36:52.333+0530][10.914s][info][gc,marking  ] GC(125) Concurrent Preclean
[2026-01-15T18:36:52.333+0530][10.914s][info][gc,marking  ] GC(125) Concurrent Preclean 0.011ms
[2026-01-15T18:36:52.334+0530][10.914s][info][gc,start    ] GC(125) Pause Remark
[2026-01-15T18:36:52.335+0530][10.915s][info][gc          ] GC(125) Pause Remark 121M->121M(256M) 0.904ms
[2026-01-15T18:36:52.335+0530][10.915s][info][gc,cpu      ] GC(125) User=0.00s Sys=0.00s Real=0.00s
[2026-01-15T18:36:52.335+0530][10.915s][info][gc,marking  ] GC(125) Concurrent Mark 2.849ms
[2026-01-15T18:36:52.335+0530][10.915s][info][gc,marking  ] GC(125) Concurrent Rebuild Remembered Sets and Scrub Regions
[2026-01-15T18:36:52.335+0530][10.915s][info][gc,marking  ] GC(125) Concurrent Rebuild Remembered Sets and Scrub Regions 0.572ms
[2026-01-15T18:36:52.335+0530][10.915s][info][gc,start    ] GC(125) Pause Cleanup
[2026-01-15T18:36:52.336+0530][10.916s][info][gc          ] GC(125) Pause Cleanup 121M->121M(256M) 0.199ms
[2026-01-15T18:36:52.336+0530][10.916s][info][gc,cpu      ] GC(125) User=0.00s Sys=0.00s Real=0.00s
[2026-01-15T18:36:52.336+0530][10.916s][info][gc,marking  ] GC(125) Concurrent Clear Claimed Marks
[2026-01-15T18:36:52.336+0530][10.916s][info][gc,marking  ] GC(125) Concurrent Clear Claimed Marks 0.012ms
[2026-01-15T18:36:52.336+0530][10.916s][info][gc,marking  ] GC(125) Concurrent Cleanup for Next Mark
[2026-01-15T18:36:52.336+0530][10.916s][info][gc,marking  ] GC(125) Concurrent Cleanup for Next Mark 0.328ms
[2026-01-15T18:36:52.336+0530][10.916s][info][gc          ] GC(125) Concurrent Mark Cycle 4.222ms
[2026-01-15T18:36:52.391+0530][10.971s][info][gc,start    ] GC(126) Pause Young (Concurrent Start) (G1 Humongous Allocation)
[2026-01-15T18:36:52.391+0530][10.971s][info][gc,task     ] GC(126) Using 6 workers of 8 for evacuation
[2026-01-15T18:36:52.392+0530][10.972s][info][gc,phases   ] GC(126)   Pre Evacuate Collection Set: 0.1ms
[2026-01-15T18:36:52.392+0530][10.972s][info][gc,phases   ] GC(126)   Merge Heap Roots: 0.0ms
[2026-01-15T18:36:52.392+0530][10.972s][info][gc,phases   ] GC(126)   Evacuate Collection Set: 0.2ms
[2026-01-15T18:36:52.392+0530][10.972s][info][gc,phases   ] GC(126)   Post Evacuate Collection Set: 0.3ms
[2026-01-15T18:36:52.392+0530][10.972s][info][gc,phases   ] GC(126)   Other: 0.1ms
[2026-01-15T18:36:52.392+0530][10.972s][info][gc,heap     ] GC(126) Eden regions: 0->0(144)
[2026-01-15T18:36:52.392+0530][10.972s][info][gc,heap     ] GC(126) Survivor regions: 0->0(10)
[2026-01-15T18:36:52.392+0530][10.972s][info][gc,heap     ] GC(126) Old regions: 2->2
[2026-01-15T18:36:52.392+0530][10.972s][info][gc,heap     ] GC(126) Humongous regions: 120->0
[2026-01-15T18:36:52.392+0530][10.972s][info][gc,metaspace] GC(126) Metaspace: 810K(960K)->810K(960K) NonClass: 756K(832K)->756K(832K) Class: 53K(128K)->53K(128K)
[2026-01-15T18:36:52.392+0530][10.972s][info][gc          ] GC(126) Pause Young (Concurrent Start) (G1 Humongous Allocation) 121M->1M(256M) 0.915ms
[2026-01-15T18:36:52.392+0530][10.972s][info][gc,cpu      ] GC(126) User=0.00s Sys=0.00s Real=0.00s
[2026-01-15T18:36:52.392+0530][10.972s][info][gc          ] GC(127) Concurrent Undo Cycle
[2026-01-15T18:36:52.392+0530][10.972s][info][gc,marking  ] GC(127) Concurrent Clear Claimed Marks
[2026-01-15T18:36:52.392+0530][10.972s][info][gc,marking  ] GC(127) Concurrent Clear Claimed Marks 0.014ms
[2026-01-15T18:36:52.392+0530][10.972s][info][gc,marking  ] GC(127) Concurrent Cleanup for Next Mark
[2026-01-15T18:36:52.392+0530][10.972s][info][gc,marking  ] GC(127) Concurrent Cleanup for Next Mark 0.108ms
[2026-01-15T18:36:52.392+0530][10.972s][info][gc          ] GC(127) Concurrent Undo Cycle 0.227ms
[2026-01-15T18:36:52.702+0530][11.282s][info][gc,start    ] GC(128) Pause Young (Concurrent Start) (G1 Humongous Allocation)
[2026-01-15T18:36:52.702+0530][11.282s][info][gc,task     ] GC(128) Using 6 workers of 8 for evacuation
[2026-01-15T18:36:52.704+0530][11.284s][info][gc,phases   ] GC(128)   Pre Evacuate Collection Set: 0.2ms
[2026-01-15T18:36:52.704+0530][11.284s][info][gc,phases   ] GC(128)   Merge Heap Roots: 0.1ms
[2026-01-15T18:36:52.704+0530][11.284s][info][gc,phases   ] GC(128)   Evacuate Collection Set: 0.2ms
[2026-01-15T18:36:52.704+0530][11.284s][info][gc,phases   ] GC(128)   Post Evacuate Collection Set: 0.5ms
[2026-01-15T18:36:52.704+0530][11.284s][info][gc,phases   ] GC(128)   Other: 0.2ms
[2026-01-15T18:36:52.704+0530][11.284s][info][gc,heap     ] GC(128) Eden regions: 0->0(79)
[2026-01-15T18:36:52.704+0530][11.284s][info][gc,heap     ] GC(128) Survivor regions: 0->0(18)
[2026-01-15T18:36:52.704+0530][11.284s][info][gc,heap     ] GC(128) Old regions: 2->2
[2026-01-15T18:36:52.704+0530][11.284s][info][gc,heap     ] GC(128) Humongous regions: 114->114
[2026-01-15T18:36:52.704+0530][11.284s][info][gc,metaspace] GC(128) Metaspace: 810K(960K)->810K(960K) NonClass: 756K(832K)->756K(832K) Class: 53K(128K)->53K(128K)
[2026-01-15T18:36:52.704+0530][11.284s][info][gc          ] GC(128) Pause Young (Concurrent Start) (G1 Humongous Allocation) 115M->115M(256M) 1.442ms
[2026-01-15T18:36:52.704+0530][11.284s][info][gc,cpu      ] GC(128) User=0.00s Sys=0.00s Real=0.00s
[2026-01-15T18:36:52.704+0530][11.284s][info][gc          ] GC(129) Concurrent Mark Cycle
[2026-01-15T18:36:52.704+0530][11.284s][info][gc,marking  ] GC(129) Concurrent Scan Root Regions
[2026-01-15T18:36:52.704+0530][11.284s][info][gc,marking  ] GC(129) Concurrent Scan Root Regions 0.010ms
[2026-01-15T18:36:52.704+0530][11.284s][info][gc,marking  ] GC(129) Concurrent Mark
[2026-01-15T18:36:52.704+0530][11.284s][info][gc,marking  ] GC(129) Concurrent Mark From Roots
[2026-01-15T18:36:52.704+0530][11.284s][info][gc,task     ] GC(129) Using 2 workers of 2 for marking
[2026-01-15T18:36:52.706+0530][11.285s][info][gc,marking  ] GC(129) Concurrent Mark From Roots 1.592ms
[2026-01-15T18:36:52.706+0530][11.285s][info][gc,marking  ] GC(129) Concurrent Preclean
[2026-01-15T18:36:52.706+0530][11.285s][info][gc,marking  ] GC(129) Concurrent Preclean 0.011ms
[2026-01-15T18:36:52.706+0530][11.285s][info][gc,start    ] GC(129) Pause Remark
[2026-01-15T18:36:52.707+0530][11.287s][info][gc          ] GC(129) Pause Remark 121M->121M(256M) 1.235ms
[2026-01-15T18:36:52.707+0530][11.287s][info][gc,cpu      ] GC(129) User=0.00s Sys=0.00s Real=0.00s
[2026-01-15T18:36:52.707+0530][11.287s][info][gc,marking  ] GC(129) Concurrent Mark 3.010ms
[2026-01-15T18:36:52.707+0530][11.287s][info][gc,marking  ] GC(129) Concurrent Rebuild Remembered Sets and Scrub Regions
[2026-01-15T18:36:52.708+0530][11.287s][info][gc,marking  ] GC(129) Concurrent Rebuild Remembered Sets and Scrub Regions 0.605ms
[2026-01-15T18:36:52.708+0530][11.288s][info][gc,start    ] GC(129) Pause Cleanup
[2026-01-15T18:36:52.708+0530][11.288s][info][gc          ] GC(129) Pause Cleanup 121M->121M(256M) 0.136ms
[2026-01-15T18:36:52.708+0530][11.288s][info][gc,cpu      ] GC(129) User=0.00s Sys=0.00s Real=0.00s
[2026-01-15T18:36:52.708+0530][11.288s][info][gc,marking  ] GC(129) Concurrent Clear Claimed Marks
[2026-01-15T18:36:52.708+0530][11.288s][info][gc,marking  ] GC(129) Concurrent Clear Claimed Marks 0.018ms
[2026-01-15T18:36:52.708+0530][11.288s][info][gc,marking  ] GC(129) Concurrent Cleanup for Next Mark
[2026-01-15T18:36:52.708+0530][11.288s][info][gc,marking  ] GC(129) Concurrent Cleanup for Next Mark 0.337ms
[2026-01-15T18:36:52.708+0530][11.288s][info][gc          ] GC(129) Concurrent Mark Cycle 4.380ms
[2026-01-15T18:36:52.765+0530][11.345s][info][gc,start    ] GC(130) Pause Young (Concurrent Start) (G1 Humongous Allocation)
[2026-01-15T18:36:52.765+0530][11.345s][info][gc,task     ] GC(130) Using 6 workers of 8 for evacuation
[2026-01-15T18:36:52.768+0530][11.347s][info][gc,phases   ] GC(130)   Pre Evacuate Collection Set: 0.7ms
[2026-01-15T18:36:52.768+0530][11.347s][info][gc,phases   ] GC(130)   Merge Heap Roots: 0.2ms
[2026-01-15T18:36:52.768+0530][11.347s][info][gc,phases   ] GC(130)   Evacuate Collection Set: 0.4ms
[2026-01-15T18:36:52.768+0530][11.347s][info][gc,phases   ] GC(130)   Post Evacuate Collection Set: 0.8ms
[2026-01-15T18:36:52.768+0530][11.347s][info][gc,phases   ] GC(130)   Other: 0.3ms
[2026-01-15T18:36:52.768+0530][11.347s][info][gc,heap     ] GC(130) Eden regions: 0->0(144)
[2026-01-15T18:36:52.768+0530][11.348s][info][gc,heap     ] GC(130) Survivor regions: 0->0(10)
[2026-01-15T18:36:52.768+0530][11.348s][info][gc,heap     ] GC(130) Old regions: 2->2
[2026-01-15T18:36:52.768+0530][11.348s][info][gc,heap     ] GC(130) Humongous regions: 120->0
[2026-01-15T18:36:52.768+0530][11.348s][info][gc,metaspace] GC(130) Metaspace: 810K(960K)->810K(960K) NonClass: 756K(832K)->756K(832K) Class: 53K(128K)->53K(128K)
[2026-01-15T18:36:52.768+0530][11.348s][info][gc          ] GC(130) Pause Young (Concurrent Start) (G1 Humongous Allocation) 121M->1M(256M) 2.945ms
[2026-01-15T18:36:52.768+0530][11.348s][info][gc,cpu      ] GC(130) User=0.00s Sys=0.00s Real=0.00s
[2026-01-15T18:36:52.768+0530][11.348s][info][gc          ] GC(131) Concurrent Undo Cycle
[2026-01-15T18:36:52.768+0530][11.348s][info][gc,marking  ] GC(131) Concurrent Clear Claimed Marks
[2026-01-15T18:36:52.768+0530][11.348s][info][gc,marking  ] GC(131) Concurrent Clear Claimed Marks 0.029ms
[2026-01-15T18:36:52.768+0530][11.348s][info][gc,marking  ] GC(131) Concurrent Cleanup for Next Mark
[2026-01-15T18:36:52.768+0530][11.348s][info][gc,marking  ] GC(131) Concurrent Cleanup for Next Mark 0.201ms
[2026-01-15T18:36:52.769+0530][11.348s][info][gc          ] GC(131) Concurrent Undo Cycle 0.444ms
[2026-01-15T18:36:53.076+0530][11.656s][info][gc,start    ] GC(132) Pause Young (Concurrent Start) (G1 Humongous Allocation)
[2026-01-15T18:36:53.076+0530][11.656s][info][gc,task     ] GC(132) Using 6 workers of 8 for evacuation
[2026-01-15T18:36:53.078+0530][11.658s][info][gc,phases   ] GC(132)   Pre Evacuate Collection Set: 0.4ms
[2026-01-15T18:36:53.078+0530][11.658s][info][gc,phases   ] GC(132)   Merge Heap Roots: 0.2ms
[2026-01-15T18:36:53.078+0530][11.658s][info][gc,phases   ] GC(132)   Evacuate Collection Set: 0.4ms
[2026-01-15T18:36:53.078+0530][11.658s][info][gc,phases   ] GC(132)   Post Evacuate Collection Set: 0.9ms
[2026-01-15T18:36:53.078+0530][11.658s][info][gc,phases   ] GC(132)   Other: 0.3ms
[2026-01-15T18:36:53.078+0530][11.658s][info][gc,heap     ] GC(132) Eden regions: 0->0(79)
[2026-01-15T18:36:53.078+0530][11.658s][info][gc,heap     ] GC(132) Survivor regions: 0->0(18)
[2026-01-15T18:36:53.078+0530][11.658s][info][gc,heap     ] GC(132) Old regions: 2->2
[2026-01-15T18:36:53.078+0530][11.658s][info][gc,heap     ] GC(132) Humongous regions: 114->114
[2026-01-15T18:36:53.078+0530][11.658s][info][gc,metaspace] GC(132) Metaspace: 810K(960K)->810K(960K) NonClass: 756K(832K)->756K(832K) Class: 53K(128K)->53K(128K)
[2026-01-15T18:36:53.078+0530][11.658s][info][gc          ] GC(132) Pause Young (Concurrent Start) (G1 Humongous Allocation) 115M->115M(256M) 2.677ms
[2026-01-15T18:36:53.078+0530][11.658s][info][gc,cpu      ] GC(132) User=0.00s Sys=0.00s Real=0.00s
[2026-01-15T18:36:53.078+0530][11.658s][info][gc          ] GC(133) Concurrent Mark Cycle
[2026-01-15T18:36:53.078+0530][11.659s][info][gc,marking  ] GC(133) Concurrent Scan Root Regions
[2026-01-15T18:36:53.078+0530][11.659s][info][gc,marking  ] GC(133) Concurrent Scan Root Regions 0.025ms
[2026-01-15T18:36:53.078+0530][11.659s][info][gc,marking  ] GC(133) Concurrent Mark
[2026-01-15T18:36:53.078+0530][11.659s][info][gc,marking  ] GC(133) Concurrent Mark From Roots
[2026-01-15T18:36:53.078+0530][11.659s][info][gc,task     ] GC(133) Using 2 workers of 2 for marking
[2026-01-15T18:36:53.081+0530][11.662s][info][gc,marking  ] GC(133) Concurrent Mark From Roots 2.951ms
[2026-01-15T18:36:53.081+0530][11.662s][info][gc,marking  ] GC(133) Concurrent Preclean
[2026-01-15T18:36:53.081+0530][11.662s][info][gc,marking  ] GC(133) Concurrent Preclean 0.020ms
[2026-01-15T18:36:53.082+0530][11.662s][info][gc,start    ] GC(133) Pause Remark
[2026-01-15T18:36:53.083+0530][11.663s][info][gc          ] GC(133) Pause Remark 121M->121M(256M) 1.301ms
[2026-01-15T18:36:53.083+0530][11.663s][info][gc,cpu      ] GC(133) User=0.00s Sys=0.00s Real=0.00s
[2026-01-15T18:36:53.083+0530][11.663s][info][gc,marking  ] GC(133) Concurrent Mark 4.578ms
[2026-01-15T18:36:53.083+0530][11.663s][info][gc,marking  ] GC(133) Concurrent Rebuild Remembered Sets and Scrub Regions
[2026-01-15T18:36:53.084+0530][11.664s][info][gc,marking  ] GC(133) Concurrent Rebuild Remembered Sets and Scrub Regions 0.967ms
[2026-01-15T18:36:53.084+0530][11.664s][info][gc,start    ] GC(133) Pause Cleanup
[2026-01-15T18:36:53.084+0530][11.664s][info][gc          ] GC(133) Pause Cleanup 121M->121M(256M) 0.214ms
[2026-01-15T18:36:53.084+0530][11.665s][info][gc,cpu      ] GC(133) User=0.00s Sys=0.00s Real=0.00s
[2026-01-15T18:36:53.084+0530][11.665s][info][gc,marking  ] GC(133) Concurrent Clear Claimed Marks
[2026-01-15T18:36:53.085+0530][11.665s][info][gc,marking  ] GC(133) Concurrent Clear Claimed Marks 0.079ms
[2026-01-15T18:36:53.085+0530][11.665s][info][gc,marking  ] GC(133) Concurrent Cleanup for Next Mark
[2026-01-15T18:36:53.085+0530][11.665s][info][gc,marking  ] GC(133) Concurrent Cleanup for Next Mark 0.407ms
[2026-01-15T18:36:53.085+0530][11.665s][info][gc          ] GC(133) Concurrent Mark Cycle 6.643ms
[2026-01-15T18:36:53.138+0530][11.718s][info][gc,start    ] GC(134) Pause Young (Concurrent Start) (G1 Humongous Allocation)
[2026-01-15T18:36:53.138+0530][11.718s][info][gc,task     ] GC(134) Using 6 workers of 8 for evacuation
[2026-01-15T18:36:53.139+0530][11.719s][info][gc,phases   ] GC(134)   Pre Evacuate Collection Set: 0.2ms
[2026-01-15T18:36:53.139+0530][11.719s][info][gc,phases   ] GC(134)   Merge Heap Roots: 0.0ms
[2026-01-15T18:36:53.139+0530][11.719s][info][gc,phases   ] GC(134)   Evacuate Collection Set: 0.2ms
[2026-01-15T18:36:53.139+0530][11.719s][info][gc,phases   ] GC(134)   Post Evacuate Collection Set: 0.4ms
[2026-01-15T18:36:53.139+0530][11.719s][info][gc,phases   ] GC(134)   Other: 0.1ms
[2026-01-15T18:36:53.139+0530][11.719s][info][gc,heap     ] GC(134) Eden regions: 0->0(144)
[2026-01-15T18:36:53.139+0530][11.719s][info][gc,heap     ] GC(134) Survivor regions: 0->0(10)
[2026-01-15T18:36:53.139+0530][11.719s][info][gc,heap     ] GC(134) Old regions: 2->2
[2026-01-15T18:36:53.139+0530][11.719s][info][gc,heap     ] GC(134) Humongous regions: 120->0
[2026-01-15T18:36:53.139+0530][11.719s][info][gc,metaspace] GC(134) Metaspace: 810K(960K)->810K(960K) NonClass: 756K(832K)->756K(832K) Class: 53K(128K)->53K(128K)
[2026-01-15T18:36:53.139+0530][11.719s][info][gc          ] GC(134) Pause Young (Concurrent Start) (G1 Humongous Allocation) 121M->1M(256M) 1.140ms
[2026-01-15T18:36:53.139+0530][11.719s][info][gc,cpu      ] GC(134) User=0.00s Sys=0.00s Real=0.00s
[2026-01-15T18:36:53.139+0530][11.719s][info][gc          ] GC(135) Concurrent Undo Cycle
[2026-01-15T18:36:53.139+0530][11.719s][info][gc,marking  ] GC(135) Concurrent Clear Claimed Marks
[2026-01-15T18:36:53.139+0530][11.719s][info][gc,marking  ] GC(135) Concurrent Clear Claimed Marks 0.014ms
[2026-01-15T18:36:53.139+0530][11.719s][info][gc,marking  ] GC(135) Concurrent Cleanup for Next Mark
[2026-01-15T18:36:53.139+0530][11.719s][info][gc,marking  ] GC(135) Concurrent Cleanup for Next Mark 0.102ms
[2026-01-15T18:36:53.139+0530][11.719s][info][gc          ] GC(135) Concurrent Undo Cycle 0.214ms
[2026-01-15T18:36:53.452+0530][12.032s][info][gc,start    ] GC(136) Pause Young (Concurrent Start) (G1 Humongous Allocation)
[2026-01-15T18:36:53.453+0530][12.032s][info][gc,task     ] GC(136) Using 6 workers of 8 for evacuation
[2026-01-15T18:36:53.453+0530][12.033s][info][gc,phases   ] GC(136)   Pre Evacuate Collection Set: 0.2ms
[2026-01-15T18:36:53.453+0530][12.033s][info][gc,phases   ] GC(136)   Merge Heap Roots: 0.0ms
[2026-01-15T18:36:53.453+0530][12.033s][info][gc,phases   ] GC(136)   Evacuate Collection Set: 0.2ms
[2026-01-15T18:36:53.453+0530][12.033s][info][gc,phases   ] GC(136)   Post Evacuate Collection Set: 0.2ms
[2026-01-15T18:36:53.453+0530][12.033s][info][gc,phases   ] GC(136)   Other: 0.1ms
[2026-01-15T18:36:53.453+0530][12.033s][info][gc,heap     ] GC(136) Eden regions: 0->0(79)
[2026-01-15T18:36:53.453+0530][12.033s][info][gc,heap     ] GC(136) Survivor regions: 0->0(18)
[2026-01-15T18:36:53.453+0530][12.033s][info][gc,heap     ] GC(136) Old regions: 2->2
[2026-01-15T18:36:53.453+0530][12.033s][info][gc,heap     ] GC(136) Humongous regions: 114->114
[2026-01-15T18:36:53.453+0530][12.033s][info][gc,metaspace] GC(136) Metaspace: 810K(960K)->810K(960K) NonClass: 756K(832K)->756K(832K) Class: 53K(128K)->53K(128K)
[2026-01-15T18:36:53.453+0530][12.033s][info][gc          ] GC(136) Pause Young (Concurrent Start) (G1 Humongous Allocation) 115M->115M(256M) 0.931ms
[2026-01-15T18:36:53.453+0530][12.033s][info][gc,cpu      ] GC(136) User=0.00s Sys=0.00s Real=0.00s
[2026-01-15T18:36:53.453+0530][12.033s][info][gc          ] GC(137) Concurrent Mark Cycle
[2026-01-15T18:36:53.454+0530][12.033s][info][gc,marking  ] GC(137) Concurrent Scan Root Regions
[2026-01-15T18:36:53.454+0530][12.033s][info][gc,marking  ] GC(137) Concurrent Scan Root Regions 0.022ms
[2026-01-15T18:36:53.454+0530][12.033s][info][gc,marking  ] GC(137) Concurrent Mark
[2026-01-15T18:36:53.454+0530][12.033s][info][gc,marking  ] GC(137) Concurrent Mark From Roots
[2026-01-15T18:36:53.454+0530][12.033s][info][gc,task     ] GC(137) Using 2 workers of 2 for marking
[2026-01-15T18:36:53.456+0530][12.036s][info][gc,marking  ] GC(137) Concurrent Mark From Roots 2.352ms
[2026-01-15T18:36:53.456+0530][12.036s][info][gc,marking  ] GC(137) Concurrent Preclean
[2026-01-15T18:36:53.456+0530][12.036s][info][gc,marking  ] GC(137) Concurrent Preclean 0.015ms
[2026-01-15T18:36:53.456+0530][12.036s][info][gc,start    ] GC(137) Pause Remark
[2026-01-15T18:36:53.457+0530][12.036s][info][gc          ] GC(137) Pause Remark 121M->121M(256M) 0.543ms
[2026-01-15T18:36:53.457+0530][12.036s][info][gc,cpu      ] GC(137) User=0.00s Sys=0.00s Real=0.00s
[2026-01-15T18:36:53.457+0530][12.036s][info][gc,marking  ] GC(137) Concurrent Mark 3.112ms
[2026-01-15T18:36:53.457+0530][12.036s][info][gc,marking  ] GC(137) Concurrent Rebuild Remembered Sets and Scrub Regions
[2026-01-15T18:36:53.457+0530][12.037s][info][gc,marking  ] GC(137) Concurrent Rebuild Remembered Sets and Scrub Regions 0.582ms
[2026-01-15T18:36:53.457+0530][12.037s][info][gc,start    ] GC(137) Pause Cleanup
[2026-01-15T18:36:53.457+0530][12.037s][info][gc          ] GC(137) Pause Cleanup 121M->121M(256M) 0.135ms
[2026-01-15T18:36:53.458+0530][12.037s][info][gc,cpu      ] GC(137) User=0.00s Sys=0.00s Real=0.00s
[2026-01-15T18:36:53.458+0530][12.037s][info][gc,marking  ] GC(137) Concurrent Clear Claimed Marks
[2026-01-15T18:36:53.458+0530][12.037s][info][gc,marking  ] GC(137) Concurrent Clear Claimed Marks 0.032ms
[2026-01-15T18:36:53.458+0530][12.037s][info][gc,marking  ] GC(137) Concurrent Cleanup for Next Mark
[2026-01-15T18:36:53.458+0530][12.038s][info][gc,marking  ] GC(137) Concurrent Cleanup for Next Mark 0.456ms
[2026-01-15T18:36:53.458+0530][12.038s][info][gc          ] GC(137) Concurrent Mark Cycle 4.671ms
[2026-01-15T18:36:53.518+0530][12.098s][info][gc,start    ] GC(138) Pause Young (Concurrent Start) (G1 Humongous Allocation)
[2026-01-15T18:36:53.518+0530][12.098s][info][gc,task     ] GC(138) Using 6 workers of 8 for evacuation
[2026-01-15T18:36:53.519+0530][12.099s][info][gc,phases   ] GC(138)   Pre Evacuate Collection Set: 0.1ms
[2026-01-15T18:36:53.519+0530][12.099s][info][gc,phases   ] GC(138)   Merge Heap Roots: 0.0ms
[2026-01-15T18:36:53.519+0530][12.099s][info][gc,phases   ] GC(138)   Evacuate Collection Set: 0.1ms
[2026-01-15T18:36:53.519+0530][12.099s][info][gc,phases   ] GC(138)   Post Evacuate Collection Set: 0.2ms
[2026-01-15T18:36:53.519+0530][12.099s][info][gc,phases   ] GC(138)   Other: 0.1ms
[2026-01-15T18:36:53.519+0530][12.099s][info][gc,heap     ] GC(138) Eden regions: 0->0(144)
[2026-01-15T18:36:53.519+0530][12.099s][info][gc,heap     ] GC(138) Survivor regions: 0->0(10)
[2026-01-15T18:36:53.519+0530][12.099s][info][gc,heap     ] GC(138) Old regions: 2->2
[2026-01-15T18:36:53.519+0530][12.099s][info][gc,heap     ] GC(138) Humongous regions: 120->0
[2026-01-15T18:36:53.519+0530][12.099s][info][gc,metaspace] GC(138) Metaspace: 810K(960K)->810K(960K) NonClass: 756K(832K)->756K(832K) Class: 53K(128K)->53K(128K)
[2026-01-15T18:36:53.519+0530][12.099s][info][gc          ] GC(138) Pause Young (Concurrent Start) (G1 Humongous Allocation) 121M->1M(256M) 0.870ms
[2026-01-15T18:36:53.519+0530][12.099s][info][gc,cpu      ] GC(138) User=0.00s Sys=0.00s Real=0.00s
[2026-01-15T18:36:53.519+0530][12.099s][info][gc          ] GC(139) Concurrent Undo Cycle
[2026-01-15T18:36:53.519+0530][12.099s][info][gc,marking  ] GC(139) Concurrent Clear Claimed Marks
[2026-01-15T18:36:53.519+0530][12.099s][info][gc,marking  ] GC(139) Concurrent Clear Claimed Marks 0.015ms
[2026-01-15T18:36:53.519+0530][12.099s][info][gc,marking  ] GC(139) Concurrent Cleanup for Next Mark
[2026-01-15T18:36:53.519+0530][12.099s][info][gc,marking  ] GC(139) Concurrent Cleanup for Next Mark 0.047ms
[2026-01-15T18:36:53.519+0530][12.099s][info][gc          ] GC(139) Concurrent Undo Cycle 0.153ms
[2026-01-15T18:36:53.828+0530][12.408s][info][gc,start    ] GC(140) Pause Young (Concurrent Start) (G1 Humongous Allocation)
[2026-01-15T18:36:53.828+0530][12.408s][info][gc,task     ] GC(140) Using 6 workers of 8 for evacuation
[2026-01-15T18:36:53.830+0530][12.409s][info][gc,phases   ] GC(140)   Pre Evacuate Collection Set: 0.2ms
[2026-01-15T18:36:53.830+0530][12.409s][info][gc,phases   ] GC(140)   Merge Heap Roots: 0.1ms
[2026-01-15T18:36:53.830+0530][12.409s][info][gc,phases   ] GC(140)   Evacuate Collection Set: 0.2ms
[2026-01-15T18:36:53.830+0530][12.409s][info][gc,phases   ] GC(140)   Post Evacuate Collection Set: 0.5ms
[2026-01-15T18:36:53.830+0530][12.409s][info][gc,phases   ] GC(140)   Other: 0.1ms
[2026-01-15T18:36:53.830+0530][12.409s][info][gc,heap     ] GC(140) Eden regions: 0->0(79)
[2026-01-15T18:36:53.830+0530][12.409s][info][gc,heap     ] GC(140) Survivor regions: 0->0(18)
[2026-01-15T18:36:53.830+0530][12.409s][info][gc,heap     ] GC(140) Old regions: 2->2
[2026-01-15T18:36:53.830+0530][12.409s][info][gc,heap     ] GC(140) Humongous regions: 114->114
[2026-01-15T18:36:53.830+0530][12.409s][info][gc,metaspace] GC(140) Metaspace: 810K(960K)->810K(960K) NonClass: 756K(832K)->756K(832K) Class: 53K(128K)->53K(128K)
[2026-01-15T18:36:53.830+0530][12.409s][info][gc          ] GC(140) Pause Young (Concurrent Start) (G1 Humongous Allocation) 115M->115M(256M) 1.347ms
[2026-01-15T18:36:53.830+0530][12.409s][info][gc,cpu      ] GC(140) User=0.00s Sys=0.00s Real=0.00s
[2026-01-15T18:36:53.830+0530][12.409s][info][gc          ] GC(141) Concurrent Mark Cycle
[2026-01-15T18:36:53.830+0530][12.409s][info][gc,marking  ] GC(141) Concurrent Scan Root Regions
[2026-01-15T18:36:53.830+0530][12.409s][info][gc,marking  ] GC(141) Concurrent Scan Root Regions 0.009ms
[2026-01-15T18:36:53.830+0530][12.409s][info][gc,marking  ] GC(141) Concurrent Mark
[2026-01-15T18:36:53.830+0530][12.409s][info][gc,marking  ] GC(141) Concurrent Mark From Roots
[2026-01-15T18:36:53.830+0530][12.409s][info][gc,task     ] GC(141) Using 2 workers of 2 for marking
[2026-01-15T18:36:53.831+0530][12.411s][info][gc,marking  ] GC(141) Concurrent Mark From Roots 2.193ms
[2026-01-15T18:36:53.831+0530][12.411s][info][gc,marking  ] GC(141) Concurrent Preclean
[2026-01-15T18:36:53.831+0530][12.411s][info][gc,marking  ] GC(141) Concurrent Preclean 0.012ms
[2026-01-15T18:36:53.832+0530][12.412s][info][gc,start    ] GC(141) Pause Remark
[2026-01-15T18:36:53.833+0530][12.413s][info][gc          ] GC(141) Pause Remark 121M->121M(256M) 1.110ms
[2026-01-15T18:36:53.833+0530][12.413s][info][gc,cpu      ] GC(141) User=0.00s Sys=0.00s Real=0.00s
[2026-01-15T18:36:53.833+0530][12.413s][info][gc,marking  ] GC(141) Concurrent Mark 3.549ms
[2026-01-15T18:36:53.833+0530][12.413s][info][gc,marking  ] GC(141) Concurrent Rebuild Remembered Sets and Scrub Regions
[2026-01-15T18:36:53.833+0530][12.413s][info][gc,marking  ] GC(141) Concurrent Rebuild Remembered Sets and Scrub Regions 0.583ms
[2026-01-15T18:36:53.833+0530][12.413s][info][gc,start    ] GC(141) Pause Cleanup
[2026-01-15T18:36:53.834+0530][12.414s][info][gc          ] GC(141) Pause Cleanup 121M->121M(256M) 0.169ms
[2026-01-15T18:36:53.834+0530][12.414s][info][gc,cpu      ] GC(141) User=0.00s Sys=0.00s Real=0.00s
[2026-01-15T18:36:53.834+0530][12.414s][info][gc,marking  ] GC(141) Concurrent Clear Claimed Marks
[2026-01-15T18:36:53.834+0530][12.414s][info][gc,marking  ] GC(141) Concurrent Clear Claimed Marks 0.026ms
[2026-01-15T18:36:53.834+0530][12.414s][info][gc,marking  ] GC(141) Concurrent Cleanup for Next Mark
[2026-01-15T18:36:53.834+0530][12.414s][info][gc,marking  ] GC(141) Concurrent Cleanup for Next Mark 0.317ms
[2026-01-15T18:36:53.834+0530][12.414s][info][gc          ] GC(141) Concurrent Mark Cycle 4.878ms
[2026-01-15T18:36:53.889+0530][12.469s][info][gc,start    ] GC(142) Pause Young (Concurrent Start) (G1 Humongous Allocation)
[2026-01-15T18:36:53.889+0530][12.469s][info][gc,task     ] GC(142) Using 6 workers of 8 for evacuation
[2026-01-15T18:36:53.891+0530][12.470s][info][gc,phases   ] GC(142)   Pre Evacuate Collection Set: 0.1ms
[2026-01-15T18:36:53.891+0530][12.470s][info][gc,phases   ] GC(142)   Merge Heap Roots: 0.1ms
[2026-01-15T18:36:53.891+0530][12.470s][info][gc,phases   ] GC(142)   Evacuate Collection Set: 0.2ms
[2026-01-15T18:36:53.891+0530][12.470s][info][gc,phases   ] GC(142)   Post Evacuate Collection Set: 0.4ms
[2026-01-15T18:36:53.891+0530][12.470s][info][gc,phases   ] GC(142)   Other: 0.1ms
[2026-01-15T18:36:53.891+0530][12.470s][info][gc,heap     ] GC(142) Eden regions: 0->0(144)
[2026-01-15T18:36:53.891+0530][12.470s][info][gc,heap     ] GC(142) Survivor regions: 0->0(10)
[2026-01-15T18:36:53.891+0530][12.470s][info][gc,heap     ] GC(142) Old regions: 2->2
[2026-01-15T18:36:53.891+0530][12.470s][info][gc,heap     ] GC(142) Humongous regions: 120->0
[2026-01-15T18:36:53.891+0530][12.470s][info][gc,metaspace] GC(142) Metaspace: 810K(960K)->810K(960K) NonClass: 756K(832K)->756K(832K) Class: 53K(128K)->53K(128K)
[2026-01-15T18:36:53.891+0530][12.470s][info][gc          ] GC(142) Pause Young (Concurrent Start) (G1 Humongous Allocation) 121M->1M(256M) 1.172ms
[2026-01-15T18:36:53.891+0530][12.470s][info][gc,cpu      ] GC(142) User=0.00s Sys=0.00s Real=0.00s
[2026-01-15T18:36:53.891+0530][12.470s][info][gc          ] GC(143) Concurrent Undo Cycle
[2026-01-15T18:36:53.891+0530][12.470s][info][gc,marking  ] GC(143) Concurrent Clear Claimed Marks
[2026-01-15T18:36:53.891+0530][12.470s][info][gc,marking  ] GC(143) Concurrent Clear Claimed Marks 0.030ms
[2026-01-15T18:36:53.891+0530][12.470s][info][gc,marking  ] GC(143) Concurrent Cleanup for Next Mark
[2026-01-15T18:36:53.891+0530][12.471s][info][gc,marking  ] GC(143) Concurrent Cleanup for Next Mark 0.079ms
[2026-01-15T18:36:53.891+0530][12.471s][info][gc          ] GC(143) Concurrent Undo Cycle 0.343ms
[2026-01-15T18:36:54.202+0530][12.781s][info][gc,start    ] GC(144) Pause Young (Concurrent Start) (G1 Humongous Allocation)
[2026-01-15T18:36:54.202+0530][12.781s][info][gc,task     ] GC(144) Using 6 workers of 8 for evacuation
[2026-01-15T18:36:54.203+0530][12.783s][info][gc,phases   ] GC(144)   Pre Evacuate Collection Set: 0.2ms
[2026-01-15T18:36:54.203+0530][12.783s][info][gc,phases   ] GC(144)   Merge Heap Roots: 0.1ms
[2026-01-15T18:36:54.203+0530][12.783s][info][gc,phases   ] GC(144)   Evacuate Collection Set: 0.3ms
[2026-01-15T18:36:54.203+0530][12.783s][info][gc,phases   ] GC(144)   Post Evacuate Collection Set: 0.5ms
[2026-01-15T18:36:54.203+0530][12.783s][info][gc,phases   ] GC(144)   Other: 0.2ms
[2026-01-15T18:36:54.204+0530][12.783s][info][gc,heap     ] GC(144) Eden regions: 0->0(79)
[2026-01-15T18:36:54.204+0530][12.783s][info][gc,heap     ] GC(144) Survivor regions: 0->0(18)
[2026-01-15T18:36:54.204+0530][12.783s][info][gc,heap     ] GC(144) Old regions: 2->2
[2026-01-15T18:36:54.204+0530][12.783s][info][gc,heap     ] GC(144) Humongous regions: 114->114
[2026-01-15T18:36:54.204+0530][12.783s][info][gc,metaspace] GC(144) Metaspace: 810K(960K)->810K(960K) NonClass: 756K(832K)->756K(832K) Class: 53K(128K)->53K(128K)
[2026-01-15T18:36:54.204+0530][12.783s][info][gc          ] GC(144) Pause Young (Concurrent Start) (G1 Humongous Allocation) 115M->115M(256M) 1.797ms
[2026-01-15T18:36:54.204+0530][12.783s][info][gc,cpu      ] GC(144) User=0.00s Sys=0.00s Real=0.00s
[2026-01-15T18:36:54.204+0530][12.783s][info][gc          ] GC(145) Concurrent Mark Cycle
[2026-01-15T18:36:54.204+0530][12.783s][info][gc,marking  ] GC(145) Concurrent Scan Root Regions
[2026-01-15T18:36:54.204+0530][12.783s][info][gc,marking  ] GC(145) Concurrent Scan Root Regions 0.035ms
[2026-01-15T18:36:54.204+0530][12.783s][info][gc,marking  ] GC(145) Concurrent Mark
[2026-01-15T18:36:54.204+0530][12.783s][info][gc,marking  ] GC(145) Concurrent Mark From Roots
[2026-01-15T18:36:54.204+0530][12.784s][info][gc,task     ] GC(145) Using 2 workers of 2 for marking
[2026-01-15T18:36:54.206+0530][12.786s][info][gc,marking  ] GC(145) Concurrent Mark From Roots 2.591ms
[2026-01-15T18:36:54.207+0530][12.786s][info][gc,marking  ] GC(145) Concurrent Preclean
[2026-01-15T18:36:54.207+0530][12.786s][info][gc,marking  ] GC(145) Concurrent Preclean 0.014ms
[2026-01-15T18:36:54.207+0530][12.786s][info][gc,start    ] GC(145) Pause Remark
[2026-01-15T18:36:54.207+0530][12.787s][info][gc          ] GC(145) Pause Remark 121M->121M(256M) 0.656ms
[2026-01-15T18:36:54.207+0530][12.787s][info][gc,cpu      ] GC(145) User=0.00s Sys=0.00s Real=0.00s
[2026-01-15T18:36:54.208+0530][12.787s][info][gc,marking  ] GC(145) Concurrent Mark 3.554ms
[2026-01-15T18:36:54.208+0530][12.787s][info][gc,marking  ] GC(145) Concurrent Rebuild Remembered Sets and Scrub Regions
[2026-01-15T18:36:54.208+0530][12.788s][info][gc,marking  ] GC(145) Concurrent Rebuild Remembered Sets and Scrub Regions 0.781ms
[2026-01-15T18:36:54.208+0530][12.788s][info][gc,start    ] GC(145) Pause Cleanup
[2026-01-15T18:36:54.209+0530][12.788s][info][gc          ] GC(145) Pause Cleanup 121M->121M(256M) 0.196ms
[2026-01-15T18:36:54.209+0530][12.788s][info][gc,cpu      ] GC(145) User=0.00s Sys=0.00s Real=0.00s
[2026-01-15T18:36:54.209+0530][12.788s][info][gc,marking  ] GC(145) Concurrent Clear Claimed Marks
[2026-01-15T18:36:54.209+0530][12.788s][info][gc,marking  ] GC(145) Concurrent Clear Claimed Marks 0.034ms
[2026-01-15T18:36:54.209+0530][12.788s][info][gc,marking  ] GC(145) Concurrent Cleanup for Next Mark
[2026-01-15T18:36:54.210+0530][12.789s][info][gc,marking  ] GC(145) Concurrent Cleanup for Next Mark 0.891ms
[2026-01-15T18:36:54.210+0530][12.789s][info][gc          ] GC(145) Concurrent Mark Cycle 5.984ms
[2026-01-15T18:36:54.262+0530][12.842s][info][gc,start    ] GC(146) Pause Young (Concurrent Start) (G1 Humongous Allocation)
[2026-01-15T18:36:54.262+0530][12.842s][info][gc,task     ] GC(146) Using 6 workers of 8 for evacuation
[2026-01-15T18:36:54.263+0530][12.843s][info][gc,phases   ] GC(146)   Pre Evacuate Collection Set: 0.2ms
[2026-01-15T18:36:54.263+0530][12.843s][info][gc,phases   ] GC(146)   Merge Heap Roots: 0.2ms
[2026-01-15T18:36:54.263+0530][12.843s][info][gc,phases   ] GC(146)   Evacuate Collection Set: 0.2ms
[2026-01-15T18:36:54.263+0530][12.843s][info][gc,phases   ] GC(146)   Post Evacuate Collection Set: 0.6ms
[2026-01-15T18:36:54.263+0530][12.843s][info][gc,phases   ] GC(146)   Other: 0.2ms
[2026-01-15T18:36:54.263+0530][12.843s][info][gc,heap     ] GC(146) Eden regions: 0->0(144)
[2026-01-15T18:36:54.263+0530][12.843s][info][gc,heap     ] GC(146) Survivor regions: 0->0(10)
[2026-01-15T18:36:54.263+0530][12.843s][info][gc,heap     ] GC(146) Old regions: 2->2
[2026-01-15T18:36:54.263+0530][12.843s][info][gc,heap     ] GC(146) Humongous regions: 120->0
[2026-01-15T18:36:54.263+0530][12.843s][info][gc,metaspace] GC(146) Metaspace: 810K(960K)->810K(960K) NonClass: 756K(832K)->756K(832K) Class: 53K(128K)->53K(128K)
[2026-01-15T18:36:54.263+0530][12.843s][info][gc          ] GC(146) Pause Young (Concurrent Start) (G1 Humongous Allocation) 121M->1M(256M) 1.651ms
[2026-01-15T18:36:54.264+0530][12.843s][info][gc,cpu      ] GC(146) User=0.00s Sys=0.00s Real=0.00s
[2026-01-15T18:36:54.264+0530][12.843s][info][gc          ] GC(147) Concurrent Undo Cycle
[2026-01-15T18:36:54.264+0530][12.843s][info][gc,marking  ] GC(147) Concurrent Clear Claimed Marks
[2026-01-15T18:36:54.264+0530][12.843s][info][gc,marking  ] GC(147) Concurrent Clear Claimed Marks 0.015ms
[2026-01-15T18:36:54.264+0530][12.843s][info][gc,marking  ] GC(147) Concurrent Cleanup for Next Mark
[2026-01-15T18:36:54.264+0530][12.843s][info][gc,marking  ] GC(147) Concurrent Cleanup for Next Mark 0.106ms
[2026-01-15T18:36:54.264+0530][12.843s][info][gc          ] GC(147) Concurrent Undo Cycle 0.226ms
[2026-01-15T18:36:54.576+0530][13.156s][info][gc,start    ] GC(148) Pause Young (Concurrent Start) (G1 Humongous Allocation)
[2026-01-15T18:36:54.576+0530][13.156s][info][gc,task     ] GC(148) Using 6 workers of 8 for evacuation
[2026-01-15T18:36:54.577+0530][13.157s][info][gc,phases   ] GC(148)   Pre Evacuate Collection Set: 0.1ms
[2026-01-15T18:36:54.577+0530][13.157s][info][gc,phases   ] GC(148)   Merge Heap Roots: 0.1ms
[2026-01-15T18:36:54.577+0530][13.157s][info][gc,phases   ] GC(148)   Evacuate Collection Set: 0.2ms
[2026-01-15T18:36:54.577+0530][13.157s][info][gc,phases   ] GC(148)   Post Evacuate Collection Set: 0.5ms
[2026-01-15T18:36:54.577+0530][13.157s][info][gc,phases   ] GC(148)   Other: 0.1ms
[2026-01-15T18:36:54.577+0530][13.157s][info][gc,heap     ] GC(148) Eden regions: 0->0(79)
[2026-01-15T18:36:54.577+0530][13.157s][info][gc,heap     ] GC(148) Survivor regions: 0->0(18)
[2026-01-15T18:36:54.577+0530][13.157s][info][gc,heap     ] GC(148) Old regions: 2->2
[2026-01-15T18:36:54.577+0530][13.157s][info][gc,heap     ] GC(148) Humongous regions: 114->114
[2026-01-15T18:36:54.577+0530][13.157s][info][gc,metaspace] GC(148) Metaspace: 810K(960K)->810K(960K) NonClass: 756K(832K)->756K(832K) Class: 53K(128K)->53K(128K)
[2026-01-15T18:36:54.577+0530][13.157s][info][gc          ] GC(148) Pause Young (Concurrent Start) (G1 Humongous Allocation) 115M->115M(256M) 1.433ms
[2026-01-15T18:36:54.577+0530][13.157s][info][gc,cpu      ] GC(148) User=0.00s Sys=0.00s Real=0.00s
[2026-01-15T18:36:54.577+0530][13.157s][info][gc          ] GC(149) Concurrent Mark Cycle
[2026-01-15T18:36:54.577+0530][13.157s][info][gc,marking  ] GC(149) Concurrent Scan Root Regions
[2026-01-15T18:36:54.577+0530][13.157s][info][gc,marking  ] GC(149) Concurrent Scan Root Regions 0.009ms
[2026-01-15T18:36:54.577+0530][13.157s][info][gc,marking  ] GC(149) Concurrent Mark
[2026-01-15T18:36:54.577+0530][13.157s][info][gc,marking  ] GC(149) Concurrent Mark From Roots
[2026-01-15T18:36:54.577+0530][13.157s][info][gc,task     ] GC(149) Using 2 workers of 2 for marking
[2026-01-15T18:36:54.579+0530][13.159s][info][gc,marking  ] GC(149) Concurrent Mark From Roots 1.527ms
[2026-01-15T18:36:54.579+0530][13.159s][info][gc,marking  ] GC(149) Concurrent Preclean
[2026-01-15T18:36:54.579+0530][13.159s][info][gc,marking  ] GC(149) Concurrent Preclean 0.011ms
[2026-01-15T18:36:54.579+0530][13.159s][info][gc,start    ] GC(149) Pause Remark
[2026-01-15T18:36:54.580+0530][13.160s][info][gc          ] GC(149) Pause Remark 121M->121M(256M) 1.074ms
[2026-01-15T18:36:54.580+0530][13.160s][info][gc,cpu      ] GC(149) User=0.00s Sys=0.00s Real=0.00s
[2026-01-15T18:36:54.580+0530][13.160s][info][gc,marking  ] GC(149) Concurrent Mark 2.881ms
[2026-01-15T18:36:54.580+0530][13.160s][info][gc,marking  ] GC(149) Concurrent Rebuild Remembered Sets and Scrub Regions
[2026-01-15T18:36:54.581+0530][13.161s][info][gc,marking  ] GC(149) Concurrent Rebuild Remembered Sets and Scrub Regions 0.656ms
[2026-01-15T18:36:54.581+0530][13.161s][info][gc,start    ] GC(149) Pause Cleanup
[2026-01-15T18:36:54.581+0530][13.161s][info][gc          ] GC(149) Pause Cleanup 121M->121M(256M) 0.235ms
[2026-01-15T18:36:54.581+0530][13.161s][info][gc,cpu      ] GC(149) User=0.00s Sys=0.00s Real=0.00s
[2026-01-15T18:36:54.581+0530][13.161s][info][gc,marking  ] GC(149) Concurrent Clear Claimed Marks
[2026-01-15T18:36:54.581+0530][13.161s][info][gc,marking  ] GC(149) Concurrent Clear Claimed Marks 0.023ms
[2026-01-15T18:36:54.581+0530][13.161s][info][gc,marking  ] GC(149) Concurrent Cleanup for Next Mark
[2026-01-15T18:36:54.582+0530][13.162s][info][gc,marking  ] GC(149) Concurrent Cleanup for Next Mark 0.447ms
[2026-01-15T18:36:54.582+0530][13.162s][info][gc          ] GC(149) Concurrent Mark Cycle 4.547ms
[2026-01-15T18:36:54.637+0530][13.217s][info][gc,start    ] GC(150) Pause Young (Concurrent Start) (G1 Humongous Allocation)
[2026-01-15T18:36:54.637+0530][13.217s][info][gc,task     ] GC(150) Using 6 workers of 8 for evacuation
[2026-01-15T18:36:54.638+0530][13.218s][info][gc,phases   ] GC(150)   Pre Evacuate Collection Set: 0.3ms
[2026-01-15T18:36:54.638+0530][13.218s][info][gc,phases   ] GC(150)   Merge Heap Roots: 0.1ms
[2026-01-15T18:36:54.638+0530][13.218s][info][gc,phases   ] GC(150)   Evacuate Collection Set: 0.1ms
[2026-01-15T18:36:54.638+0530][13.218s][info][gc,phases   ] GC(150)   Post Evacuate Collection Set: 0.4ms
[2026-01-15T18:36:54.638+0530][13.218s][info][gc,phases   ] GC(150)   Other: 0.1ms
[2026-01-15T18:36:54.638+0530][13.218s][info][gc,heap     ] GC(150) Eden regions: 0->0(144)
[2026-01-15T18:36:54.638+0530][13.218s][info][gc,heap     ] GC(150) Survivor regions: 0->0(10)
[2026-01-15T18:36:54.638+0530][13.218s][info][gc,heap     ] GC(150) Old regions: 2->2
[2026-01-15T18:36:54.638+0530][13.218s][info][gc,heap     ] GC(150) Humongous regions: 120->0
[2026-01-15T18:36:54.638+0530][13.218s][info][gc,metaspace] GC(150) Metaspace: 810K(960K)->810K(960K) NonClass: 756K(832K)->756K(832K) Class: 53K(128K)->53K(128K)
[2026-01-15T18:36:54.638+0530][13.218s][info][gc          ] GC(150) Pause Young (Concurrent Start) (G1 Humongous Allocation) 121M->1M(256M) 1.271ms
[2026-01-15T18:36:54.638+0530][13.218s][info][gc,cpu      ] GC(150) User=0.00s Sys=0.00s Real=0.00s
[2026-01-15T18:36:54.638+0530][13.218s][info][gc          ] GC(151) Concurrent Undo Cycle
[2026-01-15T18:36:54.638+0530][13.218s][info][gc,marking  ] GC(151) Concurrent Clear Claimed Marks
[2026-01-15T18:36:54.638+0530][13.218s][info][gc,marking  ] GC(151) Concurrent Clear Claimed Marks 0.010ms
[2026-01-15T18:36:54.638+0530][13.218s][info][gc,marking  ] GC(151) Concurrent Cleanup for Next Mark
[2026-01-15T18:36:54.638+0530][13.218s][info][gc,marking  ] GC(151) Concurrent Cleanup for Next Mark 0.103ms
[2026-01-15T18:36:54.638+0530][13.218s][info][gc          ] GC(151) Concurrent Undo Cycle 0.182ms
[2026-01-15T18:36:54.948+0530][13.527s][info][gc,start    ] GC(152) Pause Young (Concurrent Start) (G1 Humongous Allocation)
[2026-01-15T18:36:54.948+0530][13.528s][info][gc,task     ] GC(152) Using 6 workers of 8 for evacuation
[2026-01-15T18:36:54.949+0530][13.529s][info][gc,phases   ] GC(152)   Pre Evacuate Collection Set: 0.3ms
[2026-01-15T18:36:54.949+0530][13.529s][info][gc,phases   ] GC(152)   Merge Heap Roots: 0.1ms
[2026-01-15T18:36:54.949+0530][13.529s][info][gc,phases   ] GC(152)   Evacuate Collection Set: 0.3ms
[2026-01-15T18:36:54.949+0530][13.529s][info][gc,phases   ] GC(152)   Post Evacuate Collection Set: 0.7ms
[2026-01-15T18:36:54.949+0530][13.529s][info][gc,phases   ] GC(152)   Other: 0.2ms
[2026-01-15T18:36:54.949+0530][13.529s][info][gc,heap     ] GC(152) Eden regions: 0->0(79)
[2026-01-15T18:36:54.949+0530][13.529s][info][gc,heap     ] GC(152) Survivor regions: 0->0(18)
[2026-01-15T18:36:54.949+0530][13.529s][info][gc,heap     ] GC(152) Old regions: 2->2
[2026-01-15T18:36:54.949+0530][13.529s][info][gc,heap     ] GC(152) Humongous regions: 114->114
[2026-01-15T18:36:54.949+0530][13.529s][info][gc,metaspace] GC(152) Metaspace: 810K(960K)->810K(960K) NonClass: 756K(832K)->756K(832K) Class: 53K(128K)->53K(128K)
[2026-01-15T18:36:54.949+0530][13.529s][info][gc          ] GC(152) Pause Young (Concurrent Start) (G1 Humongous Allocation) 115M->115M(256M) 1.760ms
[2026-01-15T18:36:54.949+0530][13.529s][info][gc,cpu      ] GC(152) User=0.00s Sys=0.00s Real=0.00s
[2026-01-15T18:36:54.949+0530][13.529s][info][gc          ] GC(153) Concurrent Mark Cycle
[2026-01-15T18:36:54.949+0530][13.529s][info][gc,marking  ] GC(153) Concurrent Scan Root Regions
[2026-01-15T18:36:54.949+0530][13.529s][info][gc,marking  ] GC(153) Concurrent Scan Root Regions 0.009ms
[2026-01-15T18:36:54.949+0530][13.529s][info][gc,marking  ] GC(153) Concurrent Mark
[2026-01-15T18:36:54.949+0530][13.529s][info][gc,marking  ] GC(153) Concurrent Mark From Roots
[2026-01-15T18:36:54.949+0530][13.529s][info][gc,task     ] GC(153) Using 2 workers of 2 for marking
[2026-01-15T18:36:54.951+0530][13.532s][info][gc,marking  ] GC(153) Concurrent Mark From Roots 2.221ms
[2026-01-15T18:36:54.951+0530][13.532s][info][gc,marking  ] GC(153) Concurrent Preclean
[2026-01-15T18:36:54.951+0530][13.532s][info][gc,marking  ] GC(153) Concurrent Preclean 0.011ms
[2026-01-15T18:36:54.952+0530][13.532s][info][gc,start    ] GC(153) Pause Remark
[2026-01-15T18:36:54.953+0530][13.533s][info][gc          ] GC(153) Pause Remark 121M->121M(256M) 0.782ms
[2026-01-15T18:36:54.953+0530][13.533s][info][gc,cpu      ] GC(153) User=0.00s Sys=0.00s Real=0.00s
[2026-01-15T18:36:54.953+0530][13.533s][info][gc,marking  ] GC(153) Concurrent Mark 3.241ms
[2026-01-15T18:36:54.953+0530][13.533s][info][gc,marking  ] GC(153) Concurrent Rebuild Remembered Sets and Scrub Regions
[2026-01-15T18:36:54.954+0530][13.533s][info][gc,marking  ] GC(153) Concurrent Rebuild Remembered Sets and Scrub Regions 0.571ms
[2026-01-15T18:36:54.954+0530][13.533s][info][gc,start    ] GC(153) Pause Cleanup
[2026-01-15T18:36:54.954+0530][13.533s][info][gc          ] GC(153) Pause Cleanup 121M->121M(256M) 0.097ms
[2026-01-15T18:36:54.954+0530][13.533s][info][gc,cpu      ] GC(153) User=0.00s Sys=0.00s Real=0.00s
[2026-01-15T18:36:54.954+0530][13.533s][info][gc,marking  ] GC(153) Concurrent Clear Claimed Marks
[2026-01-15T18:36:54.954+0530][13.533s][info][gc,marking  ] GC(153) Concurrent Clear Claimed Marks 0.011ms
[2026-01-15T18:36:54.954+0530][13.533s][info][gc,marking  ] GC(153) Concurrent Cleanup for Next Mark
[2026-01-15T18:36:54.954+0530][13.534s][info][gc,marking  ] GC(153) Concurrent Cleanup for Next Mark 0.257ms
[2026-01-15T18:36:54.954+0530][13.534s][info][gc          ] GC(153) Concurrent Mark Cycle 4.331ms
[2026-01-15T18:36:55.009+0530][13.589s][info][gc,start    ] GC(154) Pause Young (Concurrent Start) (G1 Humongous Allocation)
[2026-01-15T18:36:55.009+0530][13.590s][info][gc,task     ] GC(154) Using 6 workers of 8 for evacuation
[2026-01-15T18:36:55.011+0530][13.591s][info][gc,phases   ] GC(154)   Pre Evacuate Collection Set: 0.4ms
[2026-01-15T18:36:55.011+0530][13.591s][info][gc,phases   ] GC(154)   Merge Heap Roots: 0.1ms
[2026-01-15T18:36:55.011+0530][13.591s][info][gc,phases   ] GC(154)   Evacuate Collection Set: 0.2ms
[2026-01-15T18:36:55.011+0530][13.591s][info][gc,phases   ] GC(154)   Post Evacuate Collection Set: 0.3ms
[2026-01-15T18:36:55.011+0530][13.591s][info][gc,phases   ] GC(154)   Other: 0.2ms
[2026-01-15T18:36:55.011+0530][13.591s][info][gc,heap     ] GC(154) Eden regions: 0->0(144)
[2026-01-15T18:36:55.011+0530][13.591s][info][gc,heap     ] GC(154) Survivor regions: 0->0(10)
[2026-01-15T18:36:55.011+0530][13.591s][info][gc,heap     ] GC(154) Old regions: 2->2
[2026-01-15T18:36:55.011+0530][13.591s][info][gc,heap     ] GC(154) Humongous regions: 120->0
[2026-01-15T18:36:55.011+0530][13.591s][info][gc,metaspace] GC(154) Metaspace: 810K(960K)->810K(960K) NonClass: 756K(832K)->756K(832K) Class: 53K(128K)->53K(128K)
[2026-01-15T18:36:55.011+0530][13.591s][info][gc          ] GC(154) Pause Young (Concurrent Start) (G1 Humongous Allocation) 121M->1M(256M) 1.483ms
[2026-01-15T18:36:55.011+0530][13.591s][info][gc,cpu      ] GC(154) User=0.00s Sys=0.00s Real=0.00s
[2026-01-15T18:36:55.011+0530][13.591s][info][gc          ] GC(155) Concurrent Undo Cycle
[2026-01-15T18:36:55.011+0530][13.591s][info][gc,marking  ] GC(155) Concurrent Clear Claimed Marks
[2026-01-15T18:36:55.011+0530][13.591s][info][gc,marking  ] GC(155) Concurrent Clear Claimed Marks 0.021ms
[2026-01-15T18:36:55.011+0530][13.591s][info][gc,marking  ] GC(155) Concurrent Cleanup for Next Mark
[2026-01-15T18:36:55.011+0530][13.591s][info][gc,marking  ] GC(155) Concurrent Cleanup for Next Mark 0.077ms
[2026-01-15T18:36:55.011+0530][13.591s][info][gc          ] GC(155) Concurrent Undo Cycle 0.201ms
[2026-01-15T18:36:55.324+0530][13.904s][info][gc,start    ] GC(156) Pause Young (Concurrent Start) (G1 Humongous Allocation)
[2026-01-15T18:36:55.324+0530][13.904s][info][gc,task     ] GC(156) Using 6 workers of 8 for evacuation
[2026-01-15T18:36:55.325+0530][13.905s][info][gc,phases   ] GC(156)   Pre Evacuate Collection Set: 0.1ms
[2026-01-15T18:36:55.325+0530][13.905s][info][gc,phases   ] GC(156)   Merge Heap Roots: 0.0ms
[2026-01-15T18:36:55.325+0530][13.905s][info][gc,phases   ] GC(156)   Evacuate Collection Set: 0.2ms
[2026-01-15T18:36:55.325+0530][13.905s][info][gc,phases   ] GC(156)   Post Evacuate Collection Set: 0.3ms
[2026-01-15T18:36:55.325+0530][13.905s][info][gc,phases   ] GC(156)   Other: 0.1ms
[2026-01-15T18:36:55.325+0530][13.905s][info][gc,heap     ] GC(156) Eden regions: 0->0(79)
[2026-01-15T18:36:55.325+0530][13.905s][info][gc,heap     ] GC(156) Survivor regions: 0->0(18)
[2026-01-15T18:36:55.325+0530][13.905s][info][gc,heap     ] GC(156) Old regions: 2->2
[2026-01-15T18:36:55.325+0530][13.905s][info][gc,heap     ] GC(156) Humongous regions: 114->114
[2026-01-15T18:36:55.325+0530][13.905s][info][gc,metaspace] GC(156) Metaspace: 810K(960K)->810K(960K) NonClass: 756K(832K)->756K(832K) Class: 53K(128K)->53K(128K)
[2026-01-15T18:36:55.325+0530][13.905s][info][gc          ] GC(156) Pause Young (Concurrent Start) (G1 Humongous Allocation) 115M->115M(256M) 1.077ms
[2026-01-15T18:36:55.325+0530][13.905s][info][gc,cpu      ] GC(156) User=0.00s Sys=0.00s Real=0.00s
[2026-01-15T18:36:55.325+0530][13.905s][info][gc          ] GC(157) Concurrent Mark Cycle
[2026-01-15T18:36:55.325+0530][13.905s][info][gc,marking  ] GC(157) Concurrent Scan Root Regions
[2026-01-15T18:36:55.325+0530][13.905s][info][gc,marking  ] GC(157) Concurrent Scan Root Regions 0.014ms
[2026-01-15T18:36:55.325+0530][13.905s][info][gc,marking  ] GC(157) Concurrent Mark
[2026-01-15T18:36:55.325+0530][13.905s][info][gc,marking  ] GC(157) Concurrent Mark From Roots
[2026-01-15T18:36:55.325+0530][13.905s][info][gc,task     ] GC(157) Using 2 workers of 2 for marking
[2026-01-15T18:36:55.328+0530][13.908s][info][gc,marking  ] GC(157) Concurrent Mark From Roots 2.670ms
[2026-01-15T18:36:55.328+0530][13.908s][info][gc,marking  ] GC(157) Concurrent Preclean
[2026-01-15T18:36:55.328+0530][13.908s][info][gc,marking  ] GC(157) Concurrent Preclean 0.011ms
[2026-01-15T18:36:55.328+0530][13.908s][info][gc,start    ] GC(157) Pause Remark
[2026-01-15T18:36:55.329+0530][13.909s][info][gc          ] GC(157) Pause Remark 121M->121M(256M) 1.057ms
[2026-01-15T18:36:55.329+0530][13.909s][info][gc,cpu      ] GC(157) User=0.00s Sys=0.00s Real=0.00s
[2026-01-15T18:36:55.329+0530][13.909s][info][gc,marking  ] GC(157) Concurrent Mark 3.943ms
[2026-01-15T18:36:55.329+0530][13.909s][info][gc,marking  ] GC(157) Concurrent Rebuild Remembered Sets and Scrub Regions
[2026-01-15T18:36:55.330+0530][13.910s][info][gc,marking  ] GC(157) Concurrent Rebuild Remembered Sets and Scrub Regions 0.581ms
[2026-01-15T18:36:55.330+0530][13.910s][info][gc,start    ] GC(157) Pause Cleanup
[2026-01-15T18:36:55.330+0530][13.910s][info][gc          ] GC(157) Pause Cleanup 121M->121M(256M) 0.222ms
[2026-01-15T18:36:55.330+0530][13.910s][info][gc,cpu      ] GC(157) User=0.00s Sys=0.00s Real=0.00s
[2026-01-15T18:36:55.330+0530][13.910s][info][gc,marking  ] GC(157) Concurrent Clear Claimed Marks
[2026-01-15T18:36:55.330+0530][13.910s][info][gc,marking  ] GC(157) Concurrent Clear Claimed Marks 0.023ms
[2026-01-15T18:36:55.330+0530][13.910s][info][gc,marking  ] GC(157) Concurrent Cleanup for Next Mark
[2026-01-15T18:36:55.331+0530][13.911s][info][gc,marking  ] GC(157) Concurrent Cleanup for Next Mark 0.391ms
[2026-01-15T18:36:55.331+0530][13.911s][info][gc          ] GC(157) Concurrent Mark Cycle 5.534ms
[2026-01-15T18:36:55.387+0530][13.966s][info][gc,start    ] GC(158) Pause Young (Concurrent Start) (G1 Humongous Allocation)
[2026-01-15T18:36:55.387+0530][13.966s][info][gc,task     ] GC(158) Using 6 workers of 8 for evacuation
[2026-01-15T18:36:55.388+0530][13.968s][info][gc,phases   ] GC(158)   Pre Evacuate Collection Set: 0.2ms
[2026-01-15T18:36:55.388+0530][13.968s][info][gc,phases   ] GC(158)   Merge Heap Roots: 0.1ms
[2026-01-15T18:36:55.388+0530][13.968s][info][gc,phases   ] GC(158)   Evacuate Collection Set: 0.3ms
[2026-01-15T18:36:55.388+0530][13.968s][info][gc,phases   ] GC(158)   Post Evacuate Collection Set: 0.5ms
[2026-01-15T18:36:55.388+0530][13.968s][info][gc,phases   ] GC(158)   Other: 0.2ms
[2026-01-15T18:36:55.388+0530][13.968s][info][gc,heap     ] GC(158) Eden regions: 0->0(144)
[2026-01-15T18:36:55.388+0530][13.968s][info][gc,heap     ] GC(158) Survivor regions: 0->0(10)
[2026-01-15T18:36:55.388+0530][13.968s][info][gc,heap     ] GC(158) Old regions: 2->2
[2026-01-15T18:36:55.388+0530][13.968s][info][gc,heap     ] GC(158) Humongous regions: 120->0
[2026-01-15T18:36:55.388+0530][13.968s][info][gc,metaspace] GC(158) Metaspace: 810K(960K)->810K(960K) NonClass: 756K(832K)->756K(832K) Class: 53K(128K)->53K(128K)
[2026-01-15T18:36:55.388+0530][13.968s][info][gc          ] GC(158) Pause Young (Concurrent Start) (G1 Humongous Allocation) 121M->1M(256M) 1.562ms
[2026-01-15T18:36:55.388+0530][13.968s][info][gc,cpu      ] GC(158) User=0.00s Sys=0.00s Real=0.00s
[2026-01-15T18:36:55.388+0530][13.968s][info][gc          ] GC(159) Concurrent Undo Cycle
[2026-01-15T18:36:55.389+0530][13.968s][info][gc,marking  ] GC(159) Concurrent Clear Claimed Marks
[2026-01-15T18:36:55.389+0530][13.968s][info][gc,marking  ] GC(159) Concurrent Clear Claimed Marks 0.010ms
[2026-01-15T18:36:55.389+0530][13.968s][info][gc,marking  ] GC(159) Concurrent Cleanup for Next Mark
[2026-01-15T18:36:55.389+0530][13.968s][info][gc,marking  ] GC(159) Concurrent Cleanup for Next Mark 0.124ms
[2026-01-15T18:36:55.389+0530][13.968s][info][gc          ] GC(159) Concurrent Undo Cycle 0.218ms
[2026-01-15T18:36:55.697+0530][14.278s][info][gc,start    ] GC(160) Pause Young (Concurrent Start) (G1 Humongous Allocation)
[2026-01-15T18:36:55.697+0530][14.278s][info][gc,task     ] GC(160) Using 6 workers of 8 for evacuation
[2026-01-15T18:36:55.699+0530][14.278s][info][gc,phases   ] GC(160)   Pre Evacuate Collection Set: 0.1ms
[2026-01-15T18:36:55.699+0530][14.278s][info][gc,phases   ] GC(160)   Merge Heap Roots: 0.0ms
[2026-01-15T18:36:55.699+0530][14.278s][info][gc,phases   ] GC(160)   Evacuate Collection Set: 0.2ms
[2026-01-15T18:36:55.699+0530][14.278s][info][gc,phases   ] GC(160)   Post Evacuate Collection Set: 0.2ms
[2026-01-15T18:36:55.699+0530][14.278s][info][gc,phases   ] GC(160)   Other: 0.1ms
[2026-01-15T18:36:55.699+0530][14.278s][info][gc,heap     ] GC(160) Eden regions: 0->0(79)
[2026-01-15T18:36:55.699+0530][14.278s][info][gc,heap     ] GC(160) Survivor regions: 0->0(18)
[2026-01-15T18:36:55.699+0530][14.278s][info][gc,heap     ] GC(160) Old regions: 2->2
[2026-01-15T18:36:55.699+0530][14.278s][info][gc,heap     ] GC(160) Humongous regions: 114->114
[2026-01-15T18:36:55.699+0530][14.278s][info][gc,metaspace] GC(160) Metaspace: 810K(960K)->810K(960K) NonClass: 756K(832K)->756K(832K) Class: 53K(128K)->53K(128K)
[2026-01-15T18:36:55.699+0530][14.279s][info][gc          ] GC(160) Pause Young (Concurrent Start) (G1 Humongous Allocation) 115M->115M(256M) 0.916ms
[2026-01-15T18:36:55.699+0530][14.279s][info][gc,cpu      ] GC(160) User=0.00s Sys=0.00s Real=0.00s
[2026-01-15T18:36:55.699+0530][14.279s][info][gc          ] GC(161) Concurrent Mark Cycle
[2026-01-15T18:36:55.699+0530][14.279s][info][gc,marking  ] GC(161) Concurrent Scan Root Regions
[2026-01-15T18:36:55.699+0530][14.279s][info][gc,marking  ] GC(161) Concurrent Scan Root Regions 0.013ms
[2026-01-15T18:36:55.699+0530][14.279s][info][gc,marking  ] GC(161) Concurrent Mark
[2026-01-15T18:36:55.699+0530][14.279s][info][gc,marking  ] GC(161) Concurrent Mark From Roots
[2026-01-15T18:36:55.699+0530][14.279s][info][gc,task     ] GC(161) Using 2 workers of 2 for marking
[2026-01-15T18:36:55.701+0530][14.281s][info][gc,marking  ] GC(161) Concurrent Mark From Roots 2.604ms
[2026-01-15T18:36:55.701+0530][14.281s][info][gc,marking  ] GC(161) Concurrent Preclean
[2026-01-15T18:36:55.701+0530][14.281s][info][gc,marking  ] GC(161) Concurrent Preclean 0.020ms
[2026-01-15T18:36:55.701+0530][14.281s][info][gc,start    ] GC(161) Pause Remark
[2026-01-15T18:36:55.702+0530][14.282s][info][gc          ] GC(161) Pause Remark 121M->121M(256M) 0.931ms
[2026-01-15T18:36:55.702+0530][14.282s][info][gc,cpu      ] GC(161) User=0.00s Sys=0.00s Real=0.00s
[2026-01-15T18:36:55.702+0530][14.282s][info][gc,marking  ] GC(161) Concurrent Mark 3.862ms
[2026-01-15T18:36:55.702+0530][14.283s][info][gc,marking  ] GC(161) Concurrent Rebuild Remembered Sets and Scrub Regions
[2026-01-15T18:36:55.703+0530][14.283s][info][gc,marking  ] GC(161) Concurrent Rebuild Remembered Sets and Scrub Regions 0.802ms
[2026-01-15T18:36:55.703+0530][14.283s][info][gc,start    ] GC(161) Pause Cleanup
[2026-01-15T18:36:55.703+0530][14.284s][info][gc          ] GC(161) Pause Cleanup 121M->121M(256M) 0.082ms
[2026-01-15T18:36:55.703+0530][14.284s][info][gc,cpu      ] GC(161) User=0.00s Sys=0.00s Real=0.00s
[2026-01-15T18:36:55.703+0530][14.284s][info][gc,marking  ] GC(161) Concurrent Clear Claimed Marks
[2026-01-15T18:36:55.703+0530][14.284s][info][gc,marking  ] GC(161) Concurrent Clear Claimed Marks 0.015ms
[2026-01-15T18:36:55.703+0530][14.284s][info][gc,marking  ] GC(161) Concurrent Cleanup for Next Mark
[2026-01-15T18:36:55.704+0530][14.284s][info][gc,marking  ] GC(161) Concurrent Cleanup for Next Mark 0.337ms
[2026-01-15T18:36:55.704+0530][14.284s][info][gc          ] GC(161) Concurrent Mark Cycle 5.418ms
[2026-01-15T18:36:55.761+0530][14.340s][info][gc,start    ] GC(162) Pause Young (Concurrent Start) (G1 Humongous Allocation)
[2026-01-15T18:36:55.761+0530][14.341s][info][gc,task     ] GC(162) Using 6 workers of 8 for evacuation
[2026-01-15T18:36:55.762+0530][14.342s][info][gc,phases   ] GC(162)   Pre Evacuate Collection Set: 0.1ms
[2026-01-15T18:36:55.762+0530][14.342s][info][gc,phases   ] GC(162)   Merge Heap Roots: 0.0ms
[2026-01-15T18:36:55.762+0530][14.342s][info][gc,phases   ] GC(162)   Evacuate Collection Set: 0.2ms
[2026-01-15T18:36:55.762+0530][14.342s][info][gc,phases   ] GC(162)   Post Evacuate Collection Set: 0.5ms
[2026-01-15T18:36:55.762+0530][14.342s][info][gc,phases   ] GC(162)   Other: 0.1ms
[2026-01-15T18:36:55.762+0530][14.342s][info][gc,heap     ] GC(162) Eden regions: 0->0(144)
[2026-01-15T18:36:55.762+0530][14.342s][info][gc,heap     ] GC(162) Survivor regions: 0->0(10)
[2026-01-15T18:36:55.762+0530][14.342s][info][gc,heap     ] GC(162) Old regions: 2->2
[2026-01-15T18:36:55.762+0530][14.342s][info][gc,heap     ] GC(162) Humongous regions: 120->0
[2026-01-15T18:36:55.762+0530][14.342s][info][gc,metaspace] GC(162) Metaspace: 810K(960K)->810K(960K) NonClass: 756K(832K)->756K(832K) Class: 53K(128K)->53K(128K)
[2026-01-15T18:36:55.762+0530][14.342s][info][gc          ] GC(162) Pause Young (Concurrent Start) (G1 Humongous Allocation) 121M->1M(256M) 1.298ms
[2026-01-15T18:36:55.762+0530][14.342s][info][gc,cpu      ] GC(162) User=0.00s Sys=0.00s Real=0.00s
[2026-01-15T18:36:55.762+0530][14.342s][info][gc          ] GC(163) Concurrent Undo Cycle
[2026-01-15T18:36:55.762+0530][14.342s][info][gc,marking  ] GC(163) Concurrent Clear Claimed Marks
[2026-01-15T18:36:55.762+0530][14.342s][info][gc,marking  ] GC(163) Concurrent Clear Claimed Marks 0.029ms
[2026-01-15T18:36:55.762+0530][14.342s][info][gc,marking  ] GC(163) Concurrent Cleanup for Next Mark
[2026-01-15T18:36:55.762+0530][14.342s][info][gc,marking  ] GC(163) Concurrent Cleanup for Next Mark 0.154ms
[2026-01-15T18:36:55.762+0530][14.342s][info][gc          ] GC(163) Concurrent Undo Cycle 0.453ms
[2026-01-15T18:36:56.071+0530][14.650s][info][gc,start    ] GC(164) Pause Young (Concurrent Start) (G1 Humongous Allocation)
[2026-01-15T18:36:56.071+0530][14.650s][info][gc,task     ] GC(164) Using 6 workers of 8 for evacuation
[2026-01-15T18:36:56.071+0530][14.651s][info][gc,phases   ] GC(164)   Pre Evacuate Collection Set: 0.1ms
[2026-01-15T18:36:56.071+0530][14.651s][info][gc,phases   ] GC(164)   Merge Heap Roots: 0.1ms
[2026-01-15T18:36:56.071+0530][14.651s][info][gc,phases   ] GC(164)   Evacuate Collection Set: 0.2ms
[2026-01-15T18:36:56.071+0530][14.651s][info][gc,phases   ] GC(164)   Post Evacuate Collection Set: 0.3ms
[2026-01-15T18:36:56.071+0530][14.651s][info][gc,phases   ] GC(164)   Other: 0.1ms
[2026-01-15T18:36:56.071+0530][14.651s][info][gc,heap     ] GC(164) Eden regions: 0->0(79)
[2026-01-15T18:36:56.071+0530][14.651s][info][gc,heap     ] GC(164) Survivor regions: 0->0(18)
[2026-01-15T18:36:56.071+0530][14.651s][info][gc,heap     ] GC(164) Old regions: 2->2
[2026-01-15T18:36:56.071+0530][14.651s][info][gc,heap     ] GC(164) Humongous regions: 114->114
[2026-01-15T18:36:56.071+0530][14.651s][info][gc,metaspace] GC(164) Metaspace: 810K(960K)->810K(960K) NonClass: 756K(832K)->756K(832K) Class: 53K(128K)->53K(128K)
[2026-01-15T18:36:56.072+0530][14.651s][info][gc          ] GC(164) Pause Young (Concurrent Start) (G1 Humongous Allocation) 115M->115M(256M) 0.931ms
[2026-01-15T18:36:56.072+0530][14.651s][info][gc,cpu      ] GC(164) User=0.00s Sys=0.00s Real=0.00s
[2026-01-15T18:36:56.072+0530][14.651s][info][gc          ] GC(165) Concurrent Mark Cycle
[2026-01-15T18:36:56.072+0530][14.651s][info][gc,marking  ] GC(165) Concurrent Scan Root Regions
[2026-01-15T18:36:56.072+0530][14.651s][info][gc,marking  ] GC(165) Concurrent Scan Root Regions 0.016ms
[2026-01-15T18:36:56.072+0530][14.651s][info][gc,marking  ] GC(165) Concurrent Mark
[2026-01-15T18:36:56.072+0530][14.651s][info][gc,marking  ] GC(165) Concurrent Mark From Roots
[2026-01-15T18:36:56.072+0530][14.651s][info][gc,task     ] GC(165) Using 2 workers of 2 for marking
[2026-01-15T18:36:56.073+0530][14.653s][info][gc,marking  ] GC(165) Concurrent Mark From Roots 1.472ms
[2026-01-15T18:36:56.073+0530][14.653s][info][gc,marking  ] GC(165) Concurrent Preclean
[2026-01-15T18:36:56.073+0530][14.653s][info][gc,marking  ] GC(165) Concurrent Preclean 0.010ms
[2026-01-15T18:36:56.073+0530][14.653s][info][gc,start    ] GC(165) Pause Remark
[2026-01-15T18:36:56.074+0530][14.653s][info][gc          ] GC(165) Pause Remark 121M->121M(256M) 0.448ms
[2026-01-15T18:36:56.074+0530][14.653s][info][gc,cpu      ] GC(165) User=0.00s Sys=0.00s Real=0.00s
[2026-01-15T18:36:56.074+0530][14.653s][info][gc,marking  ] GC(165) Concurrent Mark 2.026ms
[2026-01-15T18:36:56.074+0530][14.653s][info][gc,marking  ] GC(165) Concurrent Rebuild Remembered Sets and Scrub Regions
[2026-01-15T18:36:56.074+0530][14.654s][info][gc,marking  ] GC(165) Concurrent Rebuild Remembered Sets and Scrub Regions 0.606ms
[2026-01-15T18:36:56.074+0530][14.654s][info][gc,start    ] GC(165) Pause Cleanup
[2026-01-15T18:36:56.074+0530][14.654s][info][gc          ] GC(165) Pause Cleanup 121M->121M(256M) 0.075ms
[2026-01-15T18:36:56.074+0530][14.654s][info][gc,cpu      ] GC(165) User=0.00s Sys=0.00s Real=0.00s
[2026-01-15T18:36:56.074+0530][14.654s][info][gc,marking  ] GC(165) Concurrent Clear Claimed Marks
[2026-01-15T18:36:56.074+0530][14.654s][info][gc,marking  ] GC(165) Concurrent Clear Claimed Marks 0.023ms
[2026-01-15T18:36:56.074+0530][14.654s][info][gc,marking  ] GC(165) Concurrent Cleanup for Next Mark
[2026-01-15T18:36:56.075+0530][14.654s][info][gc,marking  ] GC(165) Concurrent Cleanup for Next Mark 0.360ms
[2026-01-15T18:36:56.075+0530][14.655s][info][gc          ] GC(165) Concurrent Mark Cycle 3.327ms
[2026-01-15T18:36:56.133+0530][14.712s][info][gc,start    ] GC(166) Pause Young (Concurrent Start) (G1 Humongous Allocation)
[2026-01-15T18:36:56.133+0530][14.713s][info][gc,task     ] GC(166) Using 6 workers of 8 for evacuation
[2026-01-15T18:36:56.134+0530][14.714s][info][gc,phases   ] GC(166)   Pre Evacuate Collection Set: 0.1ms
[2026-01-15T18:36:56.134+0530][14.714s][info][gc,phases   ] GC(166)   Merge Heap Roots: 0.1ms
[2026-01-15T18:36:56.134+0530][14.714s][info][gc,phases   ] GC(166)   Evacuate Collection Set: 0.2ms
[2026-01-15T18:36:56.134+0530][14.714s][info][gc,phases   ] GC(166)   Post Evacuate Collection Set: 0.4ms
[2026-01-15T18:36:56.134+0530][14.714s][info][gc,phases   ] GC(166)   Other: 0.1ms
[2026-01-15T18:36:56.134+0530][14.714s][info][gc,heap     ] GC(166) Eden regions: 0->0(144)
[2026-01-15T18:36:56.134+0530][14.714s][info][gc,heap     ] GC(166) Survivor regions: 0->0(10)
[2026-01-15T18:36:56.134+0530][14.714s][info][gc,heap     ] GC(166) Old regions: 2->2
[2026-01-15T18:36:56.134+0530][14.714s][info][gc,heap     ] GC(166) Humongous regions: 120->0
[2026-01-15T18:36:56.134+0530][14.714s][info][gc,metaspace] GC(166) Metaspace: 810K(960K)->810K(960K) NonClass: 756K(832K)->756K(832K) Class: 53K(128K)->53K(128K)
[2026-01-15T18:36:56.134+0530][14.714s][info][gc          ] GC(166) Pause Young (Concurrent Start) (G1 Humongous Allocation) 121M->1M(256M) 1.243ms
[2026-01-15T18:36:56.134+0530][14.714s][info][gc,cpu      ] GC(166) User=0.00s Sys=0.00s Real=0.00s
[2026-01-15T18:36:56.134+0530][14.714s][info][gc          ] GC(167) Concurrent Undo Cycle
[2026-01-15T18:36:56.134+0530][14.714s][info][gc,marking  ] GC(167) Concurrent Clear Claimed Marks
[2026-01-15T18:36:56.134+0530][14.714s][info][gc,marking  ] GC(167) Concurrent Clear Claimed Marks 0.014ms
[2026-01-15T18:36:56.134+0530][14.714s][info][gc,marking  ] GC(167) Concurrent Cleanup for Next Mark
[2026-01-15T18:36:56.134+0530][14.714s][info][gc,marking  ] GC(167) Concurrent Cleanup for Next Mark 0.091ms
[2026-01-15T18:36:56.134+0530][14.714s][info][gc          ] GC(167) Concurrent Undo Cycle 0.193ms
[2026-01-15T18:36:56.446+0530][15.026s][info][gc,start    ] GC(168) Pause Young (Concurrent Start) (G1 Humongous Allocation)
[2026-01-15T18:36:56.446+0530][15.026s][info][gc,task     ] GC(168) Using 6 workers of 8 for evacuation
[2026-01-15T18:36:56.448+0530][15.028s][info][gc,phases   ] GC(168)   Pre Evacuate Collection Set: 0.5ms
[2026-01-15T18:36:56.448+0530][15.028s][info][gc,phases   ] GC(168)   Merge Heap Roots: 0.3ms
[2026-01-15T18:36:56.448+0530][15.028s][info][gc,phases   ] GC(168)   Evacuate Collection Set: 0.4ms
[2026-01-15T18:36:56.448+0530][15.028s][info][gc,phases   ] GC(168)   Post Evacuate Collection Set: 0.8ms
[2026-01-15T18:36:56.448+0530][15.028s][info][gc,phases   ] GC(168)   Other: 0.3ms
[2026-01-15T18:36:56.448+0530][15.028s][info][gc,heap     ] GC(168) Eden regions: 0->0(79)
[2026-01-15T18:36:56.448+0530][15.028s][info][gc,heap     ] GC(168) Survivor regions: 0->0(18)
[2026-01-15T18:36:56.448+0530][15.028s][info][gc,heap     ] GC(168) Old regions: 2->2
[2026-01-15T18:36:56.448+0530][15.028s][info][gc,heap     ] GC(168) Humongous regions: 114->114
[2026-01-15T18:36:56.448+0530][15.029s][info][gc,metaspace] GC(168) Metaspace: 810K(960K)->810K(960K) NonClass: 756K(832K)->756K(832K) Class: 53K(128K)->53K(128K)
[2026-01-15T18:36:56.448+0530][15.029s][info][gc          ] GC(168) Pause Young (Concurrent Start) (G1 Humongous Allocation) 115M->115M(256M) 2.696ms
[2026-01-15T18:36:56.448+0530][15.029s][info][gc,cpu      ] GC(168) User=0.00s Sys=0.00s Real=0.00s
[2026-01-15T18:36:56.448+0530][15.029s][info][gc          ] GC(169) Concurrent Mark Cycle
[2026-01-15T18:36:56.449+0530][15.029s][info][gc,marking  ] GC(169) Concurrent Scan Root Regions
[2026-01-15T18:36:56.449+0530][15.029s][info][gc,marking  ] GC(169) Concurrent Scan Root Regions 0.019ms
[2026-01-15T18:36:56.449+0530][15.029s][info][gc,marking  ] GC(169) Concurrent Mark
[2026-01-15T18:36:56.449+0530][15.029s][info][gc,marking  ] GC(169) Concurrent Mark From Roots
[2026-01-15T18:36:56.449+0530][15.029s][info][gc,task     ] GC(169) Using 2 workers of 2 for marking
[2026-01-15T18:36:56.451+0530][15.031s][info][gc,marking  ] GC(169) Concurrent Mark From Roots 2.469ms
[2026-01-15T18:36:56.451+0530][15.031s][info][gc,marking  ] GC(169) Concurrent Preclean
[2026-01-15T18:36:56.451+0530][15.031s][info][gc,marking  ] GC(169) Concurrent Preclean 0.016ms
[2026-01-15T18:36:56.451+0530][15.031s][info][gc,start    ] GC(169) Pause Remark
[2026-01-15T18:36:56.452+0530][15.033s][info][gc          ] GC(169) Pause Remark 121M->121M(256M) 1.157ms
[2026-01-15T18:36:56.452+0530][15.033s][info][gc,cpu      ] GC(169) User=0.00s Sys=0.00s Real=0.00s
[2026-01-15T18:36:56.453+0530][15.033s][info][gc,marking  ] GC(169) Concurrent Mark 3.876ms
[2026-01-15T18:36:56.453+0530][15.033s][info][gc,marking  ] GC(169) Concurrent Rebuild Remembered Sets and Scrub Regions
[2026-01-15T18:36:56.453+0530][15.033s][info][gc,marking  ] GC(169) Concurrent Rebuild Remembered Sets and Scrub Regions 0.803ms
[2026-01-15T18:36:56.454+0530][15.034s][info][gc,start    ] GC(169) Pause Cleanup
[2026-01-15T18:36:56.454+0530][15.034s][info][gc          ] GC(169) Pause Cleanup 121M->121M(256M) 0.140ms
[2026-01-15T18:36:56.454+0530][15.034s][info][gc,cpu      ] GC(169) User=0.00s Sys=0.00s Real=0.00s
[2026-01-15T18:36:56.454+0530][15.034s][info][gc,marking  ] GC(169) Concurrent Clear Claimed Marks
[2026-01-15T18:36:56.454+0530][15.034s][info][gc,marking  ] GC(169) Concurrent Clear Claimed Marks 0.034ms
[2026-01-15T18:36:56.454+0530][15.034s][info][gc,marking  ] GC(169) Concurrent Cleanup for Next Mark
[2026-01-15T18:36:56.454+0530][15.034s][info][gc,marking  ] GC(169) Concurrent Cleanup for Next Mark 0.467ms
[2026-01-15T18:36:56.454+0530][15.034s][info][gc          ] GC(169) Concurrent Mark Cycle 5.811ms
[2026-01-15T18:36:56.509+0530][15.088s][info][gc,start    ] GC(170) Pause Young (Concurrent Start) (G1 Humongous Allocation)
[2026-01-15T18:36:56.509+0530][15.088s][info][gc,task     ] GC(170) Using 6 workers of 8 for evacuation
[2026-01-15T18:36:56.511+0530][15.090s][info][gc,phases   ] GC(170)   Pre Evacuate Collection Set: 0.4ms
[2026-01-15T18:36:56.511+0530][15.090s][info][gc,phases   ] GC(170)   Merge Heap Roots: 0.2ms
[2026-01-15T18:36:56.511+0530][15.090s][info][gc,phases   ] GC(170)   Evacuate Collection Set: 0.4ms
[2026-01-15T18:36:56.511+0530][15.090s][info][gc,phases   ] GC(170)   Post Evacuate Collection Set: 0.6ms
[2026-01-15T18:36:56.511+0530][15.090s][info][gc,phases   ] GC(170)   Other: 0.3ms
[2026-01-15T18:36:56.511+0530][15.090s][info][gc,heap     ] GC(170) Eden regions: 0->0(144)
[2026-01-15T18:36:56.511+0530][15.090s][info][gc,heap     ] GC(170) Survivor regions: 0->0(10)
[2026-01-15T18:36:56.511+0530][15.090s][info][gc,heap     ] GC(170) Old regions: 2->2
[2026-01-15T18:36:56.511+0530][15.090s][info][gc,heap     ] GC(170) Humongous regions: 120->0
[2026-01-15T18:36:56.511+0530][15.090s][info][gc,metaspace] GC(170) Metaspace: 810K(960K)->810K(960K) NonClass: 756K(832K)->756K(832K) Class: 53K(128K)->53K(128K)
[2026-01-15T18:36:56.511+0530][15.090s][info][gc          ] GC(170) Pause Young (Concurrent Start) (G1 Humongous Allocation) 121M->1M(256M) 2.091ms
[2026-01-15T18:36:56.511+0530][15.090s][info][gc,cpu      ] GC(170) User=0.00s Sys=0.00s Real=0.00s
[2026-01-15T18:36:56.511+0530][15.090s][info][gc          ] GC(171) Concurrent Undo Cycle
[2026-01-15T18:36:56.511+0530][15.091s][info][gc,marking  ] GC(171) Concurrent Clear Claimed Marks
[2026-01-15T18:36:56.511+0530][15.091s][info][gc,marking  ] GC(171) Concurrent Clear Claimed Marks 0.016ms
[2026-01-15T18:36:56.511+0530][15.091s][info][gc,marking  ] GC(171) Concurrent Cleanup for Next Mark
[2026-01-15T18:36:56.511+0530][15.091s][info][gc,marking  ] GC(171) Concurrent Cleanup for Next Mark 0.132ms
[2026-01-15T18:36:56.511+0530][15.091s][info][gc          ] GC(171) Concurrent Undo Cycle 0.254ms
[2026-01-15T18:36:56.823+0530][15.404s][info][gc,start    ] GC(172) Pause Young (Concurrent Start) (G1 Humongous Allocation)
[2026-01-15T18:36:56.824+0530][15.404s][info][gc,task     ] GC(172) Using 6 workers of 8 for evacuation
[2026-01-15T18:36:56.824+0530][15.404s][info][gc,phases   ] GC(172)   Pre Evacuate Collection Set: 0.2ms
[2026-01-15T18:36:56.824+0530][15.404s][info][gc,phases   ] GC(172)   Merge Heap Roots: 0.0ms
[2026-01-15T18:36:56.824+0530][15.404s][info][gc,phases   ] GC(172)   Evacuate Collection Set: 0.2ms
[2026-01-15T18:36:56.824+0530][15.404s][info][gc,phases   ] GC(172)   Post Evacuate Collection Set: 0.2ms
[2026-01-15T18:36:56.824+0530][15.404s][info][gc,phases   ] GC(172)   Other: 0.1ms
[2026-01-15T18:36:56.824+0530][15.404s][info][gc,heap     ] GC(172) Eden regions: 0->0(79)
[2026-01-15T18:36:56.824+0530][15.404s][info][gc,heap     ] GC(172) Survivor regions: 0->0(18)
[2026-01-15T18:36:56.824+0530][15.404s][info][gc,heap     ] GC(172) Old regions: 2->2
[2026-01-15T18:36:56.824+0530][15.404s][info][gc,heap     ] GC(172) Humongous regions: 114->114
[2026-01-15T18:36:56.824+0530][15.404s][info][gc,metaspace] GC(172) Metaspace: 810K(960K)->810K(960K) NonClass: 756K(832K)->756K(832K) Class: 53K(128K)->53K(128K)
[2026-01-15T18:36:56.824+0530][15.405s][info][gc          ] GC(172) Pause Young (Concurrent Start) (G1 Humongous Allocation) 115M->115M(256M) 0.928ms
[2026-01-15T18:36:56.824+0530][15.405s][info][gc,cpu      ] GC(172) User=0.00s Sys=0.00s Real=0.00s
[2026-01-15T18:36:56.824+0530][15.405s][info][gc          ] GC(173) Concurrent Mark Cycle
[2026-01-15T18:36:56.824+0530][15.405s][info][gc,marking  ] GC(173) Concurrent Scan Root Regions
[2026-01-15T18:36:56.824+0530][15.405s][info][gc,marking  ] GC(173) Concurrent Scan Root Regions 0.014ms
[2026-01-15T18:36:56.824+0530][15.405s][info][gc,marking  ] GC(173) Concurrent Mark
[2026-01-15T18:36:56.824+0530][15.405s][info][gc,marking  ] GC(173) Concurrent Mark From Roots
[2026-01-15T18:36:56.824+0530][15.405s][info][gc,task     ] GC(173) Using 2 workers of 2 for marking
[2026-01-15T18:36:56.827+0530][15.407s][info][gc,marking  ] GC(173) Concurrent Mark From Roots 2.696ms
[2026-01-15T18:36:56.827+0530][15.407s][info][gc,marking  ] GC(173) Concurrent Preclean
[2026-01-15T18:36:56.827+0530][15.407s][info][gc,marking  ] GC(173) Concurrent Preclean 0.019ms
[2026-01-15T18:36:56.827+0530][15.408s][info][gc,start    ] GC(173) Pause Remark
[2026-01-15T18:36:56.828+0530][15.408s][info][gc          ] GC(173) Pause Remark 121M->121M(256M) 0.679ms
[2026-01-15T18:36:56.828+0530][15.408s][info][gc,cpu      ] GC(173) User=0.00s Sys=0.00s Real=0.00s
[2026-01-15T18:36:56.828+0530][15.408s][info][gc,marking  ] GC(173) Concurrent Mark 3.637ms
[2026-01-15T18:36:56.828+0530][15.408s][info][gc,marking  ] GC(173) Concurrent Rebuild Remembered Sets and Scrub Regions
[2026-01-15T18:36:56.829+0530][15.409s][info][gc,marking  ] GC(173) Concurrent Rebuild Remembered Sets and Scrub Regions 0.782ms
[2026-01-15T18:36:56.829+0530][15.409s][info][gc,start    ] GC(173) Pause Cleanup
[2026-01-15T18:36:56.829+0530][15.409s][info][gc          ] GC(173) Pause Cleanup 121M->121M(256M) 0.129ms
[2026-01-15T18:36:56.829+0530][15.409s][info][gc,cpu      ] GC(173) User=0.00s Sys=0.00s Real=0.00s
[2026-01-15T18:36:56.829+0530][15.409s][info][gc,marking  ] GC(173) Concurrent Clear Claimed Marks
[2026-01-15T18:36:56.829+0530][15.409s][info][gc,marking  ] GC(173) Concurrent Clear Claimed Marks 0.029ms
[2026-01-15T18:36:56.829+0530][15.409s][info][gc,marking  ] GC(173) Concurrent Cleanup for Next Mark
[2026-01-15T18:36:56.830+0530][15.410s][info][gc,marking  ] GC(173) Concurrent Cleanup for Next Mark 0.430ms
[2026-01-15T18:36:56.830+0530][15.410s][info][gc          ] GC(173) Concurrent Mark Cycle 5.308ms
[2026-01-15T18:36:56.897+0530][15.477s][info][gc,start    ] GC(174) Pause Young (Concurrent Start) (G1 Humongous Allocation)
[2026-01-15T18:36:56.897+0530][15.477s][info][gc,task     ] GC(174) Using 6 workers of 8 for evacuation
[2026-01-15T18:36:56.897+0530][15.478s][info][gc,phases   ] GC(174)   Pre Evacuate Collection Set: 0.1ms
[2026-01-15T18:36:56.897+0530][15.478s][info][gc,phases   ] GC(174)   Merge Heap Roots: 0.0ms
[2026-01-15T18:36:56.897+0530][15.478s][info][gc,phases   ] GC(174)   Evacuate Collection Set: 0.1ms
[2026-01-15T18:36:56.897+0530][15.478s][info][gc,phases   ] GC(174)   Post Evacuate Collection Set: 0.2ms
[2026-01-15T18:36:56.897+0530][15.478s][info][gc,phases   ] GC(174)   Other: 0.1ms
[2026-01-15T18:36:56.897+0530][15.478s][info][gc,heap     ] GC(174) Eden regions: 0->0(144)
[2026-01-15T18:36:56.897+0530][15.478s][info][gc,heap     ] GC(174) Survivor regions: 0->0(10)
[2026-01-15T18:36:56.897+0530][15.478s][info][gc,heap     ] GC(174) Old regions: 2->2
[2026-01-15T18:36:56.898+0530][15.478s][info][gc,heap     ] GC(174) Humongous regions: 120->0
[2026-01-15T18:36:56.898+0530][15.478s][info][gc,metaspace] GC(174) Metaspace: 810K(960K)->810K(960K) NonClass: 756K(832K)->756K(832K) Class: 53K(128K)->53K(128K)
[2026-01-15T18:36:56.898+0530][15.478s][info][gc          ] GC(174) Pause Young (Concurrent Start) (G1 Humongous Allocation) 121M->1M(256M) 0.842ms
[2026-01-15T18:36:56.898+0530][15.478s][info][gc,cpu      ] GC(174) User=0.00s Sys=0.02s Real=0.00s
[2026-01-15T18:36:56.898+0530][15.478s][info][gc          ] GC(175) Concurrent Undo Cycle
[2026-01-15T18:36:56.898+0530][15.478s][info][gc,marking  ] GC(175) Concurrent Clear Claimed Marks
[2026-01-15T18:36:56.898+0530][15.478s][info][gc,marking  ] GC(175) Concurrent Clear Claimed Marks 0.019ms
[2026-01-15T18:36:56.898+0530][15.478s][info][gc,marking  ] GC(175) Concurrent Cleanup for Next Mark
[2026-01-15T18:36:56.898+0530][15.478s][info][gc,marking  ] GC(175) Concurrent Cleanup for Next Mark 0.040ms
[2026-01-15T18:36:56.898+0530][15.478s][info][gc          ] GC(175) Concurrent Undo Cycle 0.159ms
[2026-01-15T18:36:57.210+0530][15.791s][info][gc,start    ] GC(176) Pause Young (Concurrent Start) (G1 Humongous Allocation)
[2026-01-15T18:36:57.210+0530][15.791s][info][gc,task     ] GC(176) Using 6 workers of 8 for evacuation
[2026-01-15T18:36:57.212+0530][15.792s][info][gc,phases   ] GC(176)   Pre Evacuate Collection Set: 0.2ms
[2026-01-15T18:36:57.212+0530][15.792s][info][gc,phases   ] GC(176)   Merge Heap Roots: 0.1ms
[2026-01-15T18:36:57.212+0530][15.792s][info][gc,phases   ] GC(176)   Evacuate Collection Set: 0.2ms
[2026-01-15T18:36:57.212+0530][15.792s][info][gc,phases   ] GC(176)   Post Evacuate Collection Set: 0.4ms
[2026-01-15T18:36:57.212+0530][15.792s][info][gc,phases   ] GC(176)   Other: 0.1ms
[2026-01-15T18:36:57.212+0530][15.792s][info][gc,heap     ] GC(176) Eden regions: 0->0(79)
[2026-01-15T18:36:57.212+0530][15.792s][info][gc,heap     ] GC(176) Survivor regions: 0->0(18)
[2026-01-15T18:36:57.212+0530][15.792s][info][gc,heap     ] GC(176) Old regions: 2->2
[2026-01-15T18:36:57.212+0530][15.792s][info][gc,heap     ] GC(176) Humongous regions: 114->114
[2026-01-15T18:36:57.212+0530][15.792s][info][gc,metaspace] GC(176) Metaspace: 810K(960K)->810K(960K) NonClass: 756K(832K)->756K(832K) Class: 53K(128K)->53K(128K)
[2026-01-15T18:36:57.212+0530][15.792s][info][gc          ] GC(176) Pause Young (Concurrent Start) (G1 Humongous Allocation) 115M->115M(256M) 1.123ms
[2026-01-15T18:36:57.212+0530][15.792s][info][gc,cpu      ] GC(176) User=0.00s Sys=0.00s Real=0.00s
[2026-01-15T18:36:57.212+0530][15.792s][info][gc          ] GC(177) Concurrent Mark Cycle
[2026-01-15T18:36:57.212+0530][15.792s][info][gc,marking  ] GC(177) Concurrent Scan Root Regions
[2026-01-15T18:36:57.212+0530][15.792s][info][gc,marking  ] GC(177) Concurrent Scan Root Regions 0.009ms
[2026-01-15T18:36:57.212+0530][15.792s][info][gc,marking  ] GC(177) Concurrent Mark
[2026-01-15T18:36:57.212+0530][15.792s][info][gc,marking  ] GC(177) Concurrent Mark From Roots
[2026-01-15T18:36:57.212+0530][15.792s][info][gc,task     ] GC(177) Using 2 workers of 2 for marking
[2026-01-15T18:36:57.214+0530][15.793s][info][gc,marking  ] GC(177) Concurrent Mark From Roots 1.479ms
[2026-01-15T18:36:57.214+0530][15.793s][info][gc,marking  ] GC(177) Concurrent Preclean
[2026-01-15T18:36:57.214+0530][15.793s][info][gc,marking  ] GC(177) Concurrent Preclean 0.010ms
[2026-01-15T18:36:57.214+0530][15.793s][info][gc,start    ] GC(177) Pause Remark
[2026-01-15T18:36:57.214+0530][15.794s][info][gc          ] GC(177) Pause Remark 121M->121M(256M) 0.446ms
[2026-01-15T18:36:57.214+0530][15.794s][info][gc,cpu      ] GC(177) User=0.00s Sys=0.00s Real=0.00s
[2026-01-15T18:36:57.214+0530][15.794s][info][gc,marking  ] GC(177) Concurrent Mark 2.026ms
[2026-01-15T18:36:57.214+0530][15.794s][info][gc,marking  ] GC(177) Concurrent Rebuild Remembered Sets and Scrub Regions
[2026-01-15T18:36:57.215+0530][15.794s][info][gc,marking  ] GC(177) Concurrent Rebuild Remembered Sets and Scrub Regions 0.489ms
[2026-01-15T18:36:57.215+0530][15.794s][info][gc,start    ] GC(177) Pause Cleanup
[2026-01-15T18:36:57.215+0530][15.794s][info][gc          ] GC(177) Pause Cleanup 121M->121M(256M) 0.081ms
[2026-01-15T18:36:57.215+0530][15.794s][info][gc,cpu      ] GC(177) User=0.00s Sys=0.00s Real=0.00s
[2026-01-15T18:36:57.215+0530][15.794s][info][gc,marking  ] GC(177) Concurrent Clear Claimed Marks
[2026-01-15T18:36:57.215+0530][15.794s][info][gc,marking  ] GC(177) Concurrent Clear Claimed Marks 0.016ms
[2026-01-15T18:36:57.215+0530][15.794s][info][gc,marking  ] GC(177) Concurrent Cleanup for Next Mark
[2026-01-15T18:36:57.216+0530][15.795s][info][gc,marking  ] GC(177) Concurrent Cleanup for Next Mark 0.589ms
[2026-01-15T18:36:57.216+0530][15.795s][info][gc          ] GC(177) Concurrent Mark Cycle 3.407ms
[2026-01-15T18:36:57.273+0530][15.852s][info][gc,start    ] GC(178) Pause Young (Concurrent Start) (G1 Humongous Allocation)
[2026-01-15T18:36:57.273+0530][15.852s][info][gc,task     ] GC(178) Using 6 workers of 8 for evacuation
[2026-01-15T18:36:57.274+0530][15.854s][info][gc,phases   ] GC(178)   Pre Evacuate Collection Set: 0.3ms
[2026-01-15T18:36:57.274+0530][15.854s][info][gc,phases   ] GC(178)   Merge Heap Roots: 0.1ms
[2026-01-15T18:36:57.274+0530][15.854s][info][gc,phases   ] GC(178)   Evacuate Collection Set: 0.3ms
[2026-01-15T18:36:57.274+0530][15.854s][info][gc,phases   ] GC(178)   Post Evacuate Collection Set: 0.6ms
[2026-01-15T18:36:57.274+0530][15.854s][info][gc,phases   ] GC(178)   Other: 0.2ms
[2026-01-15T18:36:57.275+0530][15.854s][info][gc,heap     ] GC(178) Eden regions: 0->0(144)
[2026-01-15T18:36:57.275+0530][15.854s][info][gc,heap     ] GC(178) Survivor regions: 0->0(10)
[2026-01-15T18:36:57.275+0530][15.854s][info][gc,heap     ] GC(178) Old regions: 2->2
[2026-01-15T18:36:57.275+0530][15.854s][info][gc,heap     ] GC(178) Humongous regions: 120->0
[2026-01-15T18:36:57.275+0530][15.854s][info][gc,metaspace] GC(178) Metaspace: 810K(960K)->810K(960K) NonClass: 756K(832K)->756K(832K) Class: 53K(128K)->53K(128K)
[2026-01-15T18:36:57.275+0530][15.854s][info][gc          ] GC(178) Pause Young (Concurrent Start) (G1 Humongous Allocation) 121M->1M(256M) 1.702ms
[2026-01-15T18:36:57.275+0530][15.854s][info][gc,cpu      ] GC(178) User=0.00s Sys=0.00s Real=0.00s
[2026-01-15T18:36:57.275+0530][15.854s][info][gc          ] GC(179) Concurrent Undo Cycle
[2026-01-15T18:36:57.275+0530][15.854s][info][gc,marking  ] GC(179) Concurrent Clear Claimed Marks
[2026-01-15T18:36:57.275+0530][15.854s][info][gc,marking  ] GC(179) Concurrent Clear Claimed Marks 0.019ms
[2026-01-15T18:36:57.275+0530][15.854s][info][gc,marking  ] GC(179) Concurrent Cleanup for Next Mark
[2026-01-15T18:36:57.275+0530][15.854s][info][gc,marking  ] GC(179) Concurrent Cleanup for Next Mark 0.108ms
[2026-01-15T18:36:57.275+0530][15.854s][info][gc          ] GC(179) Concurrent Undo Cycle 0.247ms
[2026-01-15T18:36:57.585+0530][16.165s][info][gc,start    ] GC(180) Pause Young (Concurrent Start) (G1 Humongous Allocation)
[2026-01-15T18:36:57.586+0530][16.165s][info][gc,task     ] GC(180) Using 6 workers of 8 for evacuation
[2026-01-15T18:36:57.588+0530][16.168s][info][gc,phases   ] GC(180)   Pre Evacuate Collection Set: 0.5ms
[2026-01-15T18:36:57.588+0530][16.168s][info][gc,phases   ] GC(180)   Merge Heap Roots: 0.2ms
[2026-01-15T18:36:57.588+0530][16.168s][info][gc,phases   ] GC(180)   Evacuate Collection Set: 0.5ms
[2026-01-15T18:36:57.588+0530][16.168s][info][gc,phases   ] GC(180)   Post Evacuate Collection Set: 0.8ms
[2026-01-15T18:36:57.588+0530][16.168s][info][gc,phases   ] GC(180)   Other: 0.3ms
[2026-01-15T18:36:57.588+0530][16.168s][info][gc,heap     ] GC(180) Eden regions: 1->0(14)
[2026-01-15T18:36:57.588+0530][16.168s][info][gc,heap     ] GC(180) Survivor regions: 0->1(18)
[2026-01-15T18:36:57.588+0530][16.168s][info][gc,heap     ] GC(180) Old regions: 2->2
[2026-01-15T18:36:57.588+0530][16.168s][info][gc,heap     ] GC(180) Humongous regions: 114->114
[2026-01-15T18:36:57.588+0530][16.168s][info][gc,metaspace] GC(180) Metaspace: 813K(960K)->813K(960K) NonClass: 759K(832K)->759K(832K) Class: 53K(128K)->53K(128K)
[2026-01-15T18:36:57.588+0530][16.168s][info][gc          ] GC(180) Pause Young (Concurrent Start) (G1 Humongous Allocation) 116M->115M(256M) 2.821ms
[2026-01-15T18:36:57.588+0530][16.168s][info][gc,cpu      ] GC(180) User=0.00s Sys=0.00s Real=0.00s
[2026-01-15T18:36:57.588+0530][16.168s][info][gc          ] GC(181) Concurrent Mark Cycle
[2026-01-15T18:36:57.588+0530][16.168s][info][gc,marking  ] GC(181) Concurrent Scan Root Regions
[2026-01-15T18:36:57.589+0530][16.168s][info][gc,marking  ] GC(181) Concurrent Scan Root Regions 0.210ms
[2026-01-15T18:36:57.589+0530][16.168s][info][gc,marking  ] GC(181) Concurrent Mark
[2026-01-15T18:36:57.589+0530][16.168s][info][gc,marking  ] GC(181) Concurrent Mark From Roots
[2026-01-15T18:36:57.589+0530][16.168s][info][gc,task     ] GC(181) Using 2 workers of 2 for marking
[2026-01-15T18:36:57.592+0530][16.171s][info][gc,marking  ] GC(181) Concurrent Mark From Roots 2.843ms
[2026-01-15T18:36:57.592+0530][16.171s][info][gc,marking  ] GC(181) Concurrent Preclean
[2026-01-15T18:36:57.592+0530][16.171s][info][gc,marking  ] GC(181) Concurrent Preclean 0.014ms
[2026-01-15T18:36:57.592+0530][16.171s][info][gc,start    ] GC(181) Pause Remark
[2026-01-15T18:36:57.592+0530][16.172s][info][gc          ] GC(181) Pause Remark 121M->121M(256M) 0.793ms
[2026-01-15T18:36:57.592+0530][16.172s][info][gc,cpu      ] GC(181) User=0.00s Sys=0.00s Real=0.00s
[2026-01-15T18:36:57.593+0530][16.172s][info][gc,marking  ] GC(181) Concurrent Mark 3.850ms
[2026-01-15T18:36:57.593+0530][16.172s][info][gc,marking  ] GC(181) Concurrent Rebuild Remembered Sets and Scrub Regions
[2026-01-15T18:36:57.594+0530][16.173s][info][gc,marking  ] GC(181) Concurrent Rebuild Remembered Sets and Scrub Regions 1.166ms
[2026-01-15T18:36:57.594+0530][16.173s][info][gc,start    ] GC(181) Pause Cleanup
[2026-01-15T18:36:57.594+0530][16.174s][info][gc          ] GC(181) Pause Cleanup 121M->121M(256M) 0.221ms
[2026-01-15T18:36:57.594+0530][16.174s][info][gc,cpu      ] GC(181) User=0.00s Sys=0.00s Real=0.00s
[2026-01-15T18:36:57.594+0530][16.174s][info][gc,marking  ] GC(181) Concurrent Clear Claimed Marks
[2026-01-15T18:36:57.594+0530][16.174s][info][gc,marking  ] GC(181) Concurrent Clear Claimed Marks 0.023ms
[2026-01-15T18:36:57.594+0530][16.174s][info][gc,marking  ] GC(181) Concurrent Cleanup for Next Mark
[2026-01-15T18:36:57.595+0530][16.174s][info][gc,marking  ] GC(181) Concurrent Cleanup for Next Mark 0.461ms
[2026-01-15T18:36:57.595+0530][16.174s][info][gc          ] GC(181) Concurrent Mark Cycle 6.362ms
[2026-01-15T18:36:57.647+0530][16.227s][info][gc,start    ] GC(182) Pause Young (Concurrent Start) (G1 Humongous Allocation)
[2026-01-15T18:36:57.647+0530][16.227s][info][gc,task     ] GC(182) Using 6 workers of 8 for evacuation
[2026-01-15T18:36:57.648+0530][16.228s][info][gc,phases   ] GC(182)   Pre Evacuate Collection Set: 0.2ms
[2026-01-15T18:36:57.648+0530][16.228s][info][gc,phases   ] GC(182)   Merge Heap Roots: 0.1ms
[2026-01-15T18:36:57.648+0530][16.228s][info][gc,phases   ] GC(182)   Evacuate Collection Set: 0.2ms
[2026-01-15T18:36:57.648+0530][16.228s][info][gc,phases   ] GC(182)   Post Evacuate Collection Set: 0.6ms
[2026-01-15T18:36:57.648+0530][16.228s][info][gc,phases   ] GC(182)   Other: 0.1ms
[2026-01-15T18:36:57.648+0530][16.228s][info][gc,heap     ] GC(182) Eden regions: 0->0(12)
[2026-01-15T18:36:57.648+0530][16.228s][info][gc,heap     ] GC(182) Survivor regions: 1->1(2)
[2026-01-15T18:36:57.648+0530][16.228s][info][gc,heap     ] GC(182) Old regions: 2->2
[2026-01-15T18:36:57.648+0530][16.228s][info][gc,heap     ] GC(182) Humongous regions: 120->0
[2026-01-15T18:36:57.648+0530][16.228s][info][gc,metaspace] GC(182) Metaspace: 813K(960K)->813K(960K) NonClass: 759K(832K)->759K(832K) Class: 53K(128K)->53K(128K)
[2026-01-15T18:36:57.648+0530][16.228s][info][gc          ] GC(182) Pause Young (Concurrent Start) (G1 Humongous Allocation) 121M->1M(256M) 1.566ms
[2026-01-15T18:36:57.648+0530][16.228s][info][gc,cpu      ] GC(182) User=0.00s Sys=0.00s Real=0.00s
[2026-01-15T18:36:57.648+0530][16.229s][info][gc          ] GC(183) Concurrent Undo Cycle
[2026-01-15T18:36:57.649+0530][16.229s][info][gc,marking  ] GC(183) Concurrent Clear Claimed Marks
[2026-01-15T18:36:57.649+0530][16.229s][info][gc,marking  ] GC(183) Concurrent Clear Claimed Marks 0.012ms
[2026-01-15T18:36:57.649+0530][16.229s][info][gc,marking  ] GC(183) Concurrent Cleanup for Next Mark
[2026-01-15T18:36:57.649+0530][16.229s][info][gc,marking  ] GC(183) Concurrent Cleanup for Next Mark 0.066ms
[2026-01-15T18:36:57.649+0530][16.229s][info][gc          ] GC(183) Concurrent Undo Cycle 0.219ms
[2026-01-15T18:36:57.961+0530][16.541s][info][gc,start    ] GC(184) Pause Young (Concurrent Start) (G1 Humongous Allocation)
[2026-01-15T18:36:57.961+0530][16.541s][info][gc,task     ] GC(184) Using 6 workers of 8 for evacuation
[2026-01-15T18:36:57.963+0530][16.543s][info][gc,phases   ] GC(184)   Pre Evacuate Collection Set: 0.3ms
[2026-01-15T18:36:57.963+0530][16.543s][info][gc,phases   ] GC(184)   Merge Heap Roots: 0.2ms
[2026-01-15T18:36:57.963+0530][16.543s][info][gc,phases   ] GC(184)   Evacuate Collection Set: 0.3ms
[2026-01-15T18:36:57.963+0530][16.543s][info][gc,phases   ] GC(184)   Post Evacuate Collection Set: 0.7ms
[2026-01-15T18:36:57.963+0530][16.543s][info][gc,phases   ] GC(184)   Other: 0.3ms
[2026-01-15T18:36:57.963+0530][16.543s][info][gc,heap     ] GC(184) Eden regions: 0->0(12)
[2026-01-15T18:36:57.963+0530][16.543s][info][gc,heap     ] GC(184) Survivor regions: 1->1(2)
[2026-01-15T18:36:57.963+0530][16.543s][info][gc,heap     ] GC(184) Old regions: 2->2
[2026-01-15T18:36:57.963+0530][16.543s][info][gc,heap     ] GC(184) Humongous regions: 114->114
[2026-01-15T18:36:57.963+0530][16.543s][info][gc,metaspace] GC(184) Metaspace: 813K(960K)->813K(960K) NonClass: 759K(832K)->759K(832K) Class: 53K(128K)->53K(128K)
[2026-01-15T18:36:57.963+0530][16.543s][info][gc          ] GC(184) Pause Young (Concurrent Start) (G1 Humongous Allocation) 115M->115M(256M) 2.161ms
[2026-01-15T18:36:57.963+0530][16.543s][info][gc,cpu      ] GC(184) User=0.00s Sys=0.00s Real=0.00s
[2026-01-15T18:36:57.963+0530][16.543s][info][gc          ] GC(185) Concurrent Mark Cycle
[2026-01-15T18:36:57.963+0530][16.543s][info][gc,marking  ] GC(185) Concurrent Scan Root Regions
[2026-01-15T18:36:57.963+0530][16.543s][info][gc,marking  ] GC(185) Concurrent Scan Root Regions 0.148ms
[2026-01-15T18:36:57.963+0530][16.543s][info][gc,marking  ] GC(185) Concurrent Mark
[2026-01-15T18:36:57.963+0530][16.543s][info][gc,marking  ] GC(185) Concurrent Mark From Roots
[2026-01-15T18:36:57.963+0530][16.543s][info][gc,task     ] GC(185) Using 2 workers of 2 for marking
[2026-01-15T18:36:57.965+0530][16.545s][info][gc,marking  ] GC(185) Concurrent Mark From Roots 1.782ms
[2026-01-15T18:36:57.965+0530][16.545s][info][gc,marking  ] GC(185) Concurrent Preclean
[2026-01-15T18:36:57.965+0530][16.545s][info][gc,marking  ] GC(185) Concurrent Preclean 0.011ms
[2026-01-15T18:36:57.965+0530][16.545s][info][gc,start    ] GC(185) Pause Remark
[2026-01-15T18:36:57.966+0530][16.546s][info][gc          ] GC(185) Pause Remark 121M->121M(256M) 1.010ms
[2026-01-15T18:36:57.966+0530][16.546s][info][gc,cpu      ] GC(185) User=0.00s Sys=0.00s Real=0.00s
[2026-01-15T18:36:57.966+0530][16.546s][info][gc,marking  ] GC(185) Concurrent Mark 3.031ms
[2026-01-15T18:36:57.966+0530][16.546s][info][gc,marking  ] GC(185) Concurrent Rebuild Remembered Sets and Scrub Regions
[2026-01-15T18:36:57.967+0530][16.547s][info][gc,marking  ] GC(185) Concurrent Rebuild Remembered Sets and Scrub Regions 0.586ms
[2026-01-15T18:36:57.967+0530][16.547s][info][gc,start    ] GC(185) Pause Cleanup
[2026-01-15T18:36:57.967+0530][16.547s][info][gc          ] GC(185) Pause Cleanup 121M->121M(256M) 0.240ms
[2026-01-15T18:36:57.967+0530][16.547s][info][gc,cpu      ] GC(185) User=0.00s Sys=0.00s Real=0.00s
[2026-01-15T18:36:57.967+0530][16.547s][info][gc,marking  ] GC(185) Concurrent Clear Claimed Marks
[2026-01-15T18:36:57.967+0530][16.547s][info][gc,marking  ] GC(185) Concurrent Clear Claimed Marks 0.024ms
[2026-01-15T18:36:57.967+0530][16.547s][info][gc,marking  ] GC(185) Concurrent Cleanup for Next Mark
[2026-01-15T18:36:57.968+0530][16.548s][info][gc,marking  ] GC(185) Concurrent Cleanup for Next Mark 0.425ms
[2026-01-15T18:36:57.968+0530][16.548s][info][gc          ] GC(185) Concurrent Mark Cycle 4.763ms
[2026-01-15T18:36:58.022+0530][16.602s][info][gc,start    ] GC(186) Pause Young (Concurrent Start) (G1 Humongous Allocation)
[2026-01-15T18:36:58.022+0530][16.602s][info][gc,task     ] GC(186) Using 6 workers of 8 for evacuation
[2026-01-15T18:36:58.023+0530][16.603s][info][gc,phases   ] GC(186)   Pre Evacuate Collection Set: 0.2ms
[2026-01-15T18:36:58.023+0530][16.603s][info][gc,phases   ] GC(186)   Merge Heap Roots: 0.1ms
[2026-01-15T18:36:58.023+0530][16.603s][info][gc,phases   ] GC(186)   Evacuate Collection Set: 0.3ms
[2026-01-15T18:36:58.023+0530][16.603s][info][gc,phases   ] GC(186)   Post Evacuate Collection Set: 0.6ms
[2026-01-15T18:36:58.024+0530][16.603s][info][gc,phases   ] GC(186)   Other: 0.2ms
[2026-01-15T18:36:58.024+0530][16.603s][info][gc,heap     ] GC(186) Eden regions: 0->0(11)
[2026-01-15T18:36:58.024+0530][16.604s][info][gc,heap     ] GC(186) Survivor regions: 1->1(2)
[2026-01-15T18:36:58.024+0530][16.604s][info][gc,heap     ] GC(186) Old regions: 2->2
[2026-01-15T18:36:58.024+0530][16.604s][info][gc,heap     ] GC(186) Humongous regions: 120->0
[2026-01-15T18:36:58.024+0530][16.604s][info][gc,metaspace] GC(186) Metaspace: 813K(960K)->813K(960K) NonClass: 759K(832K)->759K(832K) Class: 53K(128K)->53K(128K)
[2026-01-15T18:36:58.024+0530][16.604s][info][gc          ] GC(186) Pause Young (Concurrent Start) (G1 Humongous Allocation) 121M->1M(256M) 1.742ms
[2026-01-15T18:36:58.024+0530][16.604s][info][gc,cpu      ] GC(186) User=0.02s Sys=0.00s Real=0.00s
[2026-01-15T18:36:58.024+0530][16.604s][info][gc          ] GC(187) Concurrent Undo Cycle
[2026-01-15T18:36:58.024+0530][16.604s][info][gc,marking  ] GC(187) Concurrent Clear Claimed Marks
[2026-01-15T18:36:58.024+0530][16.604s][info][gc,marking  ] GC(187) Concurrent Clear Claimed Marks 0.035ms
[2026-01-15T18:36:58.024+0530][16.604s][info][gc,marking  ] GC(187) Concurrent Cleanup for Next Mark
[2026-01-15T18:36:58.024+0530][16.604s][info][gc,marking  ] GC(187) Concurrent Cleanup for Next Mark 0.161ms
[2026-01-15T18:36:58.024+0530][16.604s][info][gc          ] GC(187) Concurrent Undo Cycle 0.423ms
[2026-01-15T18:36:58.333+0530][16.913s][info][gc,start    ] GC(188) Pause Young (Concurrent Start) (G1 Humongous Allocation)
[2026-01-15T18:36:58.333+0530][16.913s][info][gc,task     ] GC(188) Using 6 workers of 8 for evacuation
[2026-01-15T18:36:58.335+0530][16.915s][info][gc,phases   ] GC(188)   Pre Evacuate Collection Set: 0.3ms
[2026-01-15T18:36:58.335+0530][16.915s][info][gc,phases   ] GC(188)   Merge Heap Roots: 0.1ms
[2026-01-15T18:36:58.335+0530][16.915s][info][gc,phases   ] GC(188)   Evacuate Collection Set: 0.3ms
[2026-01-15T18:36:58.335+0530][16.915s][info][gc,phases   ] GC(188)   Post Evacuate Collection Set: 0.5ms
[2026-01-15T18:36:58.335+0530][16.915s][info][gc,phases   ] GC(188)   Other: 0.2ms
[2026-01-15T18:36:58.335+0530][16.915s][info][gc,heap     ] GC(188) Eden regions: 0->0(12)
[2026-01-15T18:36:58.335+0530][16.915s][info][gc,heap     ] GC(188) Survivor regions: 1->1(2)
[2026-01-15T18:36:58.335+0530][16.915s][info][gc,heap     ] GC(188) Old regions: 2->2
[2026-01-15T18:36:58.335+0530][16.915s][info][gc,heap     ] GC(188) Humongous regions: 114->114
[2026-01-15T18:36:58.335+0530][16.915s][info][gc,metaspace] GC(188) Metaspace: 813K(960K)->813K(960K) NonClass: 759K(832K)->759K(832K) Class: 53K(128K)->53K(128K)
[2026-01-15T18:36:58.335+0530][16.915s][info][gc          ] GC(188) Pause Young (Concurrent Start) (G1 Humongous Allocation) 115M->115M(256M) 1.698ms
[2026-01-15T18:36:58.335+0530][16.915s][info][gc,cpu      ] GC(188) User=0.00s Sys=0.00s Real=0.00s
[2026-01-15T18:36:58.335+0530][16.915s][info][gc          ] GC(189) Concurrent Mark Cycle
[2026-01-15T18:36:58.335+0530][16.915s][info][gc,marking  ] GC(189) Concurrent Scan Root Regions
[2026-01-15T18:36:58.335+0530][16.915s][info][gc,marking  ] GC(189) Concurrent Scan Root Regions 0.169ms
[2026-01-15T18:36:58.335+0530][16.915s][info][gc,marking  ] GC(189) Concurrent Mark
[2026-01-15T18:36:58.335+0530][16.915s][info][gc,marking  ] GC(189) Concurrent Mark From Roots
[2026-01-15T18:36:58.335+0530][16.915s][info][gc,task     ] GC(189) Using 2 workers of 2 for marking
[2026-01-15T18:36:58.337+0530][16.917s][info][gc,marking  ] GC(189) Concurrent Mark From Roots 2.114ms
[2026-01-15T18:36:58.337+0530][16.917s][info][gc,marking  ] GC(189) Concurrent Preclean
[2026-01-15T18:36:58.337+0530][16.917s][info][gc,marking  ] GC(189) Concurrent Preclean 0.015ms
[2026-01-15T18:36:58.337+0530][16.917s][info][gc,start    ] GC(189) Pause Remark
[2026-01-15T18:36:58.338+0530][16.919s][info][gc          ] GC(189) Pause Remark 121M->121M(256M) 1.161ms
[2026-01-15T18:36:58.338+0530][16.919s][info][gc,cpu      ] GC(189) User=0.00s Sys=0.00s Real=0.00s
[2026-01-15T18:36:58.339+0530][16.919s][info][gc,marking  ] GC(189) Concurrent Mark 3.547ms
[2026-01-15T18:36:58.339+0530][16.919s][info][gc,marking  ] GC(189) Concurrent Rebuild Remembered Sets and Scrub Regions
[2026-01-15T18:36:58.339+0530][16.919s][info][gc,marking  ] GC(189) Concurrent Rebuild Remembered Sets and Scrub Regions 0.629ms
[2026-01-15T18:36:58.339+0530][16.919s][info][gc,start    ] GC(189) Pause Cleanup
[2026-01-15T18:36:58.340+0530][16.920s][info][gc          ] GC(189) Pause Cleanup 121M->121M(256M) 0.251ms
[2026-01-15T18:36:58.340+0530][16.920s][info][gc,cpu      ] GC(189) User=0.00s Sys=0.00s Real=0.00s
[2026-01-15T18:36:58.340+0530][16.920s][info][gc,marking  ] GC(189) Concurrent Clear Claimed Marks
[2026-01-15T18:36:58.340+0530][16.920s][info][gc,marking  ] GC(189) Concurrent Clear Claimed Marks 0.023ms
[2026-01-15T18:36:58.340+0530][16.920s][info][gc,marking  ] GC(189) Concurrent Cleanup for Next Mark
[2026-01-15T18:36:58.340+0530][16.920s][info][gc,marking  ] GC(189) Concurrent Cleanup for Next Mark 0.332ms
[2026-01-15T18:36:58.340+0530][16.920s][info][gc          ] GC(189) Concurrent Mark Cycle 5.324ms
[2026-01-15T18:36:58.394+0530][16.974s][info][gc,start    ] GC(190) Pause Young (Concurrent Start) (G1 Humongous Allocation)
[2026-01-15T18:36:58.394+0530][16.974s][info][gc,task     ] GC(190) Using 6 workers of 8 for evacuation
[2026-01-15T18:36:58.396+0530][16.976s][info][gc,phases   ] GC(190)   Pre Evacuate Collection Set: 0.2ms
[2026-01-15T18:36:58.396+0530][16.976s][info][gc,phases   ] GC(190)   Merge Heap Roots: 0.2ms
[2026-01-15T18:36:58.396+0530][16.976s][info][gc,phases   ] GC(190)   Evacuate Collection Set: 0.2ms
[2026-01-15T18:36:58.396+0530][16.976s][info][gc,phases   ] GC(190)   Post Evacuate Collection Set: 0.6ms
[2026-01-15T18:36:58.396+0530][16.976s][info][gc,phases   ] GC(190)   Other: 0.2ms
[2026-01-15T18:36:58.396+0530][16.976s][info][gc,heap     ] GC(190) Eden regions: 0->0(13)
[2026-01-15T18:36:58.396+0530][16.976s][info][gc,heap     ] GC(190) Survivor regions: 1->1(2)
[2026-01-15T18:36:58.396+0530][16.976s][info][gc,heap     ] GC(190) Old regions: 2->2
[2026-01-15T18:36:58.396+0530][16.976s][info][gc,heap     ] GC(190) Humongous regions: 120->0
[2026-01-15T18:36:58.396+0530][16.976s][info][gc,metaspace] GC(190) Metaspace: 813K(960K)->813K(960K) NonClass: 759K(832K)->759K(832K) Class: 53K(128K)->53K(128K)
[2026-01-15T18:36:58.396+0530][16.976s][info][gc          ] GC(190) Pause Young (Concurrent Start) (G1 Humongous Allocation) 121M->1M(256M) 1.613ms
[2026-01-15T18:36:58.396+0530][16.976s][info][gc,cpu      ] GC(190) User=0.00s Sys=0.00s Real=0.00s
[2026-01-15T18:36:58.396+0530][16.976s][info][gc          ] GC(191) Concurrent Undo Cycle
[2026-01-15T18:36:58.396+0530][16.976s][info][gc,marking  ] GC(191) Concurrent Clear Claimed Marks
[2026-01-15T18:36:58.396+0530][16.976s][info][gc,marking  ] GC(191) Concurrent Clear Claimed Marks 0.011ms
[2026-01-15T18:36:58.396+0530][16.976s][info][gc,marking  ] GC(191) Concurrent Cleanup for Next Mark
[2026-01-15T18:36:58.396+0530][16.976s][info][gc,marking  ] GC(191) Concurrent Cleanup for Next Mark 0.129ms
[2026-01-15T18:36:58.396+0530][16.976s][info][gc          ] GC(191) Concurrent Undo Cycle 0.215ms
[2026-01-15T18:36:58.704+0530][17.284s][info][gc,start    ] GC(192) Pause Young (Concurrent Start) (G1 Humongous Allocation)
[2026-01-15T18:36:58.704+0530][17.284s][info][gc,task     ] GC(192) Using 6 workers of 8 for evacuation
[2026-01-15T18:36:58.707+0530][17.287s][info][gc,phases   ] GC(192)   Pre Evacuate Collection Set: 0.5ms
[2026-01-15T18:36:58.707+0530][17.287s][info][gc,phases   ] GC(192)   Merge Heap Roots: 0.3ms
[2026-01-15T18:36:58.707+0530][17.287s][info][gc,phases   ] GC(192)   Evacuate Collection Set: 0.4ms
[2026-01-15T18:36:58.707+0530][17.287s][info][gc,phases   ] GC(192)   Post Evacuate Collection Set: 0.8ms
[2026-01-15T18:36:58.707+0530][17.287s][info][gc,phases   ] GC(192)   Other: 0.3ms
[2026-01-15T18:36:58.707+0530][17.287s][info][gc,heap     ] GC(192) Eden regions: 0->0(12)
[2026-01-15T18:36:58.707+0530][17.287s][info][gc,heap     ] GC(192) Survivor regions: 1->1(2)
[2026-01-15T18:36:58.707+0530][17.287s][info][gc,heap     ] GC(192) Old regions: 2->2
[2026-01-15T18:36:58.707+0530][17.287s][info][gc,heap     ] GC(192) Humongous regions: 114->114
[2026-01-15T18:36:58.707+0530][17.287s][info][gc,metaspace] GC(192) Metaspace: 813K(960K)->813K(960K) NonClass: 759K(832K)->759K(832K) Class: 53K(128K)->53K(128K)
[2026-01-15T18:36:58.707+0530][17.287s][info][gc          ] GC(192) Pause Young (Concurrent Start) (G1 Humongous Allocation) 115M->115M(256M) 2.642ms
[2026-01-15T18:36:58.707+0530][17.287s][info][gc,cpu      ] GC(192) User=0.00s Sys=0.00s Real=0.00s
[2026-01-15T18:36:58.707+0530][17.287s][info][gc          ] GC(193) Concurrent Mark Cycle
[2026-01-15T18:36:58.707+0530][17.287s][info][gc,marking  ] GC(193) Concurrent Scan Root Regions
[2026-01-15T18:36:58.708+0530][17.287s][info][gc,marking  ] GC(193) Concurrent Scan Root Regions 0.207ms
[2026-01-15T18:36:58.708+0530][17.287s][info][gc,marking  ] GC(193) Concurrent Mark
[2026-01-15T18:36:58.708+0530][17.287s][info][gc,marking  ] GC(193) Concurrent Mark From Roots
[2026-01-15T18:36:58.708+0530][17.287s][info][gc,task     ] GC(193) Using 2 workers of 2 for marking
[2026-01-15T18:36:58.710+0530][17.290s][info][gc,marking  ] GC(193) Concurrent Mark From Roots 2.233ms
[2026-01-15T18:36:58.710+0530][17.290s][info][gc,marking  ] GC(193) Concurrent Preclean
[2026-01-15T18:36:58.710+0530][17.290s][info][gc,marking  ] GC(193) Concurrent Preclean 0.012ms
[2026-01-15T18:36:58.710+0530][17.290s][info][gc,start    ] GC(193) Pause Remark
[2026-01-15T18:36:58.711+0530][17.291s][info][gc          ] GC(193) Pause Remark 121M->121M(256M) 0.971ms
[2026-01-15T18:36:58.711+0530][17.291s][info][gc,cpu      ] GC(193) User=0.00s Sys=0.00s Real=0.00s
[2026-01-15T18:36:58.711+0530][17.291s][info][gc,marking  ] GC(193) Concurrent Mark 3.414ms
[2026-01-15T18:36:58.711+0530][17.291s][info][gc,marking  ] GC(193) Concurrent Rebuild Remembered Sets and Scrub Regions
[2026-01-15T18:36:58.712+0530][17.291s][info][gc,marking  ] GC(193) Concurrent Rebuild Remembered Sets and Scrub Regions 0.643ms
[2026-01-15T18:36:58.712+0530][17.292s][info][gc,start    ] GC(193) Pause Cleanup
[2026-01-15T18:36:58.712+0530][17.292s][info][gc          ] GC(193) Pause Cleanup 121M->121M(256M) 0.197ms
[2026-01-15T18:36:58.712+0530][17.292s][info][gc,cpu      ] GC(193) User=0.00s Sys=0.00s Real=0.00s
[2026-01-15T18:36:58.712+0530][17.292s][info][gc,marking  ] GC(193) Concurrent Clear Claimed Marks
[2026-01-15T18:36:58.712+0530][17.292s][info][gc,marking  ] GC(193) Concurrent Clear Claimed Marks 0.025ms
[2026-01-15T18:36:58.712+0530][17.292s][info][gc,marking  ] GC(193) Concurrent Cleanup for Next Mark
[2026-01-15T18:36:58.713+0530][17.292s][info][gc,marking  ] GC(193) Concurrent Cleanup for Next Mark 0.433ms
[2026-01-15T18:36:58.713+0530][17.292s][info][gc          ] GC(193) Concurrent Mark Cycle 5.268ms
[2026-01-15T18:36:58.766+0530][17.345s][info][gc,start    ] GC(194) Pause Young (Concurrent Start) (G1 Humongous Allocation)
[2026-01-15T18:36:58.766+0530][17.345s][info][gc,task     ] GC(194) Using 6 workers of 8 for evacuation
[2026-01-15T18:36:58.767+0530][17.347s][info][gc,phases   ] GC(194)   Pre Evacuate Collection Set: 0.2ms
[2026-01-15T18:36:58.767+0530][17.347s][info][gc,phases   ] GC(194)   Merge Heap Roots: 0.1ms
[2026-01-15T18:36:58.767+0530][17.347s][info][gc,phases   ] GC(194)   Evacuate Collection Set: 0.3ms
[2026-01-15T18:36:58.767+0530][17.347s][info][gc,phases   ] GC(194)   Post Evacuate Collection Set: 0.5ms
[2026-01-15T18:36:58.767+0530][17.347s][info][gc,phases   ] GC(194)   Other: 0.2ms
[2026-01-15T18:36:58.767+0530][17.347s][info][gc,heap     ] GC(194) Eden regions: 0->0(13)
[2026-01-15T18:36:58.767+0530][17.347s][info][gc,heap     ] GC(194) Survivor regions: 1->1(2)
[2026-01-15T18:36:58.767+0530][17.347s][info][gc,heap     ] GC(194) Old regions: 2->2
[2026-01-15T18:36:58.767+0530][17.347s][info][gc,heap     ] GC(194) Humongous regions: 120->0
[2026-01-15T18:36:58.767+0530][17.347s][info][gc,metaspace] GC(194) Metaspace: 813K(960K)->813K(960K) NonClass: 759K(832K)->759K(832K) Class: 53K(128K)->53K(128K)
[2026-01-15T18:36:58.767+0530][17.347s][info][gc          ] GC(194) Pause Young (Concurrent Start) (G1 Humongous Allocation) 121M->1M(256M) 1.466ms
[2026-01-15T18:36:58.767+0530][17.347s][info][gc,cpu      ] GC(194) User=0.00s Sys=0.00s Real=0.00s
[2026-01-15T18:36:58.767+0530][17.347s][info][gc          ] GC(195) Concurrent Undo Cycle
[2026-01-15T18:36:58.767+0530][17.347s][info][gc,marking  ] GC(195) Concurrent Clear Claimed Marks
[2026-01-15T18:36:58.767+0530][17.347s][info][gc,marking  ] GC(195) Concurrent Clear Claimed Marks 0.016ms
[2026-01-15T18:36:58.767+0530][17.347s][info][gc,marking  ] GC(195) Concurrent Cleanup for Next Mark
[2026-01-15T18:36:58.768+0530][17.347s][info][gc,marking  ] GC(195) Concurrent Cleanup for Next Mark 0.131ms
[2026-01-15T18:36:58.768+0530][17.347s][info][gc          ] GC(195) Concurrent Undo Cycle 0.235ms
[2026-01-15T18:36:59.079+0530][17.658s][info][gc,start    ] GC(196) Pause Young (Concurrent Start) (G1 Humongous Allocation)
[2026-01-15T18:36:59.079+0530][17.659s][info][gc,task     ] GC(196) Using 6 workers of 8 for evacuation
[2026-01-15T18:36:59.080+0530][17.659s][info][gc,phases   ] GC(196)   Pre Evacuate Collection Set: 0.2ms
[2026-01-15T18:36:59.080+0530][17.659s][info][gc,phases   ] GC(196)   Merge Heap Roots: 0.0ms
[2026-01-15T18:36:59.080+0530][17.659s][info][gc,phases   ] GC(196)   Evacuate Collection Set: 0.2ms
[2026-01-15T18:36:59.080+0530][17.659s][info][gc,phases   ] GC(196)   Post Evacuate Collection Set: 0.2ms
[2026-01-15T18:36:59.080+0530][17.659s][info][gc,phases   ] GC(196)   Other: 0.1ms
[2026-01-15T18:36:59.080+0530][17.659s][info][gc,heap     ] GC(196) Eden regions: 0->0(15)
[2026-01-15T18:36:59.080+0530][17.659s][info][gc,heap     ] GC(196) Survivor regions: 1->1(2)
[2026-01-15T18:36:59.080+0530][17.659s][info][gc,heap     ] GC(196) Old regions: 2->2
[2026-01-15T18:36:59.080+0530][17.659s][info][gc,heap     ] GC(196) Humongous regions: 114->114
[2026-01-15T18:36:59.080+0530][17.659s][info][gc,metaspace] GC(196) Metaspace: 813K(960K)->813K(960K) NonClass: 759K(832K)->759K(832K) Class: 53K(128K)->53K(128K)
[2026-01-15T18:36:59.080+0530][17.659s][info][gc          ] GC(196) Pause Young (Concurrent Start) (G1 Humongous Allocation) 115M->115M(256M) 0.933ms
[2026-01-15T18:36:59.080+0530][17.659s][info][gc,cpu      ] GC(196) User=0.00s Sys=0.00s Real=0.00s
[2026-01-15T18:36:59.080+0530][17.659s][info][gc          ] GC(197) Concurrent Mark Cycle
[2026-01-15T18:36:59.080+0530][17.659s][info][gc,marking  ] GC(197) Concurrent Scan Root Regions
[2026-01-15T18:36:59.080+0530][17.660s][info][gc,marking  ] GC(197) Concurrent Scan Root Regions 0.061ms
[2026-01-15T18:36:59.080+0530][17.660s][info][gc,marking  ] GC(197) Concurrent Mark
[2026-01-15T18:36:59.080+0530][17.660s][info][gc,marking  ] GC(197) Concurrent Mark From Roots
[2026-01-15T18:36:59.080+0530][17.660s][info][gc,task     ] GC(197) Using 2 workers of 2 for marking
[2026-01-15T18:36:59.082+0530][17.661s][info][gc,marking  ] GC(197) Concurrent Mark From Roots 1.562ms
[2026-01-15T18:36:59.082+0530][17.661s][info][gc,marking  ] GC(197) Concurrent Preclean
[2026-01-15T18:36:59.082+0530][17.661s][info][gc,marking  ] GC(197) Concurrent Preclean 0.011ms
[2026-01-15T18:36:59.082+0530][17.661s][info][gc,start    ] GC(197) Pause Remark
[2026-01-15T18:36:59.082+0530][17.662s][info][gc          ] GC(197) Pause Remark 121M->121M(256M) 0.378ms
[2026-01-15T18:36:59.082+0530][17.662s][info][gc,cpu      ] GC(197) User=0.00s Sys=0.00s Real=0.00s
[2026-01-15T18:36:59.082+0530][17.662s][info][gc,marking  ] GC(197) Concurrent Mark 2.089ms
[2026-01-15T18:36:59.082+0530][17.662s][info][gc,marking  ] GC(197) Concurrent Rebuild Remembered Sets and Scrub Regions
[2026-01-15T18:36:59.083+0530][17.662s][info][gc,marking  ] GC(197) Concurrent Rebuild Remembered Sets and Scrub Regions 0.530ms
[2026-01-15T18:36:59.083+0530][17.662s][info][gc,start    ] GC(197) Pause Cleanup
[2026-01-15T18:36:59.083+0530][17.662s][info][gc          ] GC(197) Pause Cleanup 121M->121M(256M) 0.072ms
[2026-01-15T18:36:59.083+0530][17.662s][info][gc,cpu      ] GC(197) User=0.00s Sys=0.00s Real=0.00s
[2026-01-15T18:36:59.083+0530][17.662s][info][gc,marking  ] GC(197) Concurrent Clear Claimed Marks
[2026-01-15T18:36:59.083+0530][17.662s][info][gc,marking  ] GC(197) Concurrent Clear Claimed Marks 0.015ms
[2026-01-15T18:36:59.083+0530][17.662s][info][gc,marking  ] GC(197) Concurrent Cleanup for Next Mark
[2026-01-15T18:36:59.083+0530][17.663s][info][gc,marking  ] GC(197) Concurrent Cleanup for Next Mark 0.491ms
[2026-01-15T18:36:59.083+0530][17.663s][info][gc          ] GC(197) Concurrent Mark Cycle 3.455ms
[2026-01-15T18:36:59.142+0530][17.721s][info][gc,start    ] GC(198) Pause Young (Concurrent Start) (G1 Humongous Allocation)
[2026-01-15T18:36:59.142+0530][17.721s][info][gc,task     ] GC(198) Using 6 workers of 8 for evacuation
[2026-01-15T18:36:59.143+0530][17.722s][info][gc,phases   ] GC(198)   Pre Evacuate Collection Set: 0.2ms
[2026-01-15T18:36:59.143+0530][17.722s][info][gc,phases   ] GC(198)   Merge Heap Roots: 0.0ms
[2026-01-15T18:36:59.143+0530][17.722s][info][gc,phases   ] GC(198)   Evacuate Collection Set: 0.2ms
[2026-01-15T18:36:59.143+0530][17.722s][info][gc,phases   ] GC(198)   Post Evacuate Collection Set: 0.3ms
[2026-01-15T18:36:59.143+0530][17.722s][info][gc,phases   ] GC(198)   Other: 0.1ms
[2026-01-15T18:36:59.143+0530][17.722s][info][gc,heap     ] GC(198) Eden regions: 0->0(15)
[2026-01-15T18:36:59.143+0530][17.722s][info][gc,heap     ] GC(198) Survivor regions: 1->1(2)
[2026-01-15T18:36:59.143+0530][17.722s][info][gc,heap     ] GC(198) Old regions: 2->2
[2026-01-15T18:36:59.143+0530][17.722s][info][gc,heap     ] GC(198) Humongous regions: 120->0
[2026-01-15T18:36:59.143+0530][17.722s][info][gc,metaspace] GC(198) Metaspace: 813K(960K)->813K(960K) NonClass: 759K(832K)->759K(832K) Class: 53K(128K)->53K(128K)
[2026-01-15T18:36:59.143+0530][17.722s][info][gc          ] GC(198) Pause Young (Concurrent Start) (G1 Humongous Allocation) 121M->1M(256M) 1.028ms
[2026-01-15T18:36:59.143+0530][17.722s][info][gc,cpu      ] GC(198) User=0.00s Sys=0.00s Real=0.00s
[2026-01-15T18:36:59.143+0530][17.722s][info][gc          ] GC(199) Concurrent Undo Cycle
[2026-01-15T18:36:59.143+0530][17.722s][info][gc,marking  ] GC(199) Concurrent Clear Claimed Marks
[2026-01-15T18:36:59.143+0530][17.722s][info][gc,marking  ] GC(199) Concurrent Clear Claimed Marks 0.016ms
[2026-01-15T18:36:59.143+0530][17.722s][info][gc,marking  ] GC(199) Concurrent Cleanup for Next Mark
[2026-01-15T18:36:59.143+0530][17.722s][info][gc,marking  ] GC(199) Concurrent Cleanup for Next Mark 0.067ms
[2026-01-15T18:36:59.143+0530][17.722s][info][gc          ] GC(199) Concurrent Undo Cycle 0.170ms
[2026-01-15T18:36:59.457+0530][18.037s][info][gc,start    ] GC(200) Pause Young (Concurrent Start) (G1 Humongous Allocation)
[2026-01-15T18:36:59.457+0530][18.037s][info][gc,task     ] GC(200) Using 6 workers of 8 for evacuation
[2026-01-15T18:36:59.459+0530][18.039s][info][gc,phases   ] GC(200)   Pre Evacuate Collection Set: 0.7ms
[2026-01-15T18:36:59.459+0530][18.039s][info][gc,phases   ] GC(200)   Merge Heap Roots: 0.1ms
[2026-01-15T18:36:59.459+0530][18.039s][info][gc,phases   ] GC(200)   Evacuate Collection Set: 0.3ms
[2026-01-15T18:36:59.459+0530][18.039s][info][gc,phases   ] GC(200)   Post Evacuate Collection Set: 0.6ms
[2026-01-15T18:36:59.459+0530][18.039s][info][gc,phases   ] GC(200)   Other: 0.5ms
[2026-01-15T18:36:59.459+0530][18.039s][info][gc,heap     ] GC(200) Eden regions: 0->0(12)
[2026-01-15T18:36:59.459+0530][18.040s][info][gc,heap     ] GC(200) Survivor regions: 1->1(2)
[2026-01-15T18:36:59.459+0530][18.040s][info][gc,heap     ] GC(200) Old regions: 2->2
[2026-01-15T18:36:59.459+0530][18.040s][info][gc,heap     ] GC(200) Humongous regions: 114->114
[2026-01-15T18:36:59.459+0530][18.040s][info][gc,metaspace] GC(200) Metaspace: 813K(960K)->813K(960K) NonClass: 759K(832K)->759K(832K) Class: 53K(128K)->53K(128K)
[2026-01-15T18:36:59.459+0530][18.040s][info][gc          ] GC(200) Pause Young (Concurrent Start) (G1 Humongous Allocation) 115M->115M(256M) 2.527ms
[2026-01-15T18:36:59.459+0530][18.040s][info][gc,cpu      ] GC(200) User=0.00s Sys=0.00s Real=0.00s
[2026-01-15T18:36:59.459+0530][18.040s][info][gc          ] GC(201) Concurrent Mark Cycle
[2026-01-15T18:36:59.459+0530][18.040s][info][gc,marking  ] GC(201) Concurrent Scan Root Regions
[2026-01-15T18:36:59.460+0530][18.040s][info][gc,marking  ] GC(201) Concurrent Scan Root Regions 0.173ms
[2026-01-15T18:36:59.460+0530][18.040s][info][gc,marking  ] GC(201) Concurrent Mark
[2026-01-15T18:36:59.460+0530][18.040s][info][gc,marking  ] GC(201) Concurrent Mark From Roots
[2026-01-15T18:36:59.460+0530][18.040s][info][gc,task     ] GC(201) Using 2 workers of 2 for marking
[2026-01-15T18:36:59.463+0530][18.042s][info][gc,marking  ] GC(201) Concurrent Mark From Roots 2.116ms
[2026-01-15T18:36:59.463+0530][18.042s][info][gc,marking  ] GC(201) Concurrent Preclean
[2026-01-15T18:36:59.463+0530][18.042s][info][gc,marking  ] GC(201) Concurrent Preclean 0.015ms
[2026-01-15T18:36:59.463+0530][18.042s][info][gc,start    ] GC(201) Pause Remark
[2026-01-15T18:36:59.463+0530][18.043s][info][gc          ] GC(201) Pause Remark 121M->121M(256M) 1.111ms
[2026-01-15T18:36:59.463+0530][18.043s][info][gc,cpu      ] GC(201) User=0.00s Sys=0.00s Real=0.00s
[2026-01-15T18:36:59.463+0530][18.043s][info][gc,marking  ] GC(201) Concurrent Mark 3.473ms
[2026-01-15T18:36:59.463+0530][18.043s][info][gc,marking  ] GC(201) Concurrent Rebuild Remembered Sets and Scrub Regions
[2026-01-15T18:36:59.465+0530][18.044s][info][gc,marking  ] GC(201) Concurrent Rebuild Remembered Sets and Scrub Regions 0.693ms
[2026-01-15T18:36:59.465+0530][18.044s][info][gc,start    ] GC(201) Pause Cleanup
[2026-01-15T18:36:59.465+0530][18.045s][info][gc          ] GC(201) Pause Cleanup 121M->121M(256M) 0.251ms
[2026-01-15T18:36:59.465+0530][18.045s][info][gc,cpu      ] GC(201) User=0.00s Sys=0.00s Real=0.00s
[2026-01-15T18:36:59.465+0530][18.045s][info][gc,marking  ] GC(201) Concurrent Clear Claimed Marks
[2026-01-15T18:36:59.465+0530][18.045s][info][gc,marking  ] GC(201) Concurrent Clear Claimed Marks 0.023ms
[2026-01-15T18:36:59.465+0530][18.045s][info][gc,marking  ] GC(201) Concurrent Cleanup for Next Mark
[2026-01-15T18:36:59.465+0530][18.045s][info][gc,marking  ] GC(201) Concurrent Cleanup for Next Mark 0.423ms
[2026-01-15T18:36:59.465+0530][18.045s][info][gc          ] GC(201) Concurrent Mark Cycle 5.388ms
[2026-01-15T18:36:59.520+0530][18.099s][info][gc,start    ] GC(202) Pause Young (Concurrent Start) (G1 Humongous Allocation)
[2026-01-15T18:36:59.520+0530][18.099s][info][gc,task     ] GC(202) Using 6 workers of 8 for evacuation
[2026-01-15T18:36:59.520+0530][18.101s][info][gc,phases   ] GC(202)   Pre Evacuate Collection Set: 0.2ms
[2026-01-15T18:36:59.520+0530][18.101s][info][gc,phases   ] GC(202)   Merge Heap Roots: 0.1ms
[2026-01-15T18:36:59.520+0530][18.101s][info][gc,phases   ] GC(202)   Evacuate Collection Set: 0.3ms
[2026-01-15T18:36:59.520+0530][18.101s][info][gc,phases   ] GC(202)   Post Evacuate Collection Set: 0.5ms
[2026-01-15T18:36:59.520+0530][18.101s][info][gc,phases   ] GC(202)   Other: 0.2ms
[2026-01-15T18:36:59.520+0530][18.101s][info][gc,heap     ] GC(202) Eden regions: 0->0(12)
[2026-01-15T18:36:59.520+0530][18.101s][info][gc,heap     ] GC(202) Survivor regions: 1->1(2)
[2026-01-15T18:36:59.520+0530][18.101s][info][gc,heap     ] GC(202) Old regions: 2->2
[2026-01-15T18:36:59.520+0530][18.101s][info][gc,heap     ] GC(202) Humongous regions: 120->0
[2026-01-15T18:36:59.520+0530][18.101s][info][gc,metaspace] GC(202) Metaspace: 813K(960K)->813K(960K) NonClass: 759K(832K)->759K(832K) Class: 53K(128K)->53K(128K)
[2026-01-15T18:36:59.520+0530][18.101s][info][gc          ] GC(202) Pause Young (Concurrent Start) (G1 Humongous Allocation) 121M->1M(256M) 1.679ms
[2026-01-15T18:36:59.521+0530][18.101s][info][gc,cpu      ] GC(202) User=0.00s Sys=0.00s Real=0.00s
[2026-01-15T18:36:59.521+0530][18.101s][info][gc          ] GC(203) Concurrent Undo Cycle
[2026-01-15T18:36:59.521+0530][18.101s][info][gc,marking  ] GC(203) Concurrent Clear Claimed Marks
[2026-01-15T18:36:59.521+0530][18.101s][info][gc,marking  ] GC(203) Concurrent Clear Claimed Marks 0.015ms
[2026-01-15T18:36:59.521+0530][18.101s][info][gc,marking  ] GC(203) Concurrent Cleanup for Next Mark
[2026-01-15T18:36:59.521+0530][18.101s][info][gc,marking  ] GC(203) Concurrent Cleanup for Next Mark 0.133ms
[2026-01-15T18:36:59.521+0530][18.101s][info][gc          ] GC(203) Concurrent Undo Cycle 0.257ms
[2026-01-15T18:36:59.832+0530][18.412s][info][gc,start    ] GC(204) Pause Young (Concurrent Start) (G1 Humongous Allocation)
[2026-01-15T18:36:59.832+0530][18.412s][info][gc,task     ] GC(204) Using 6 workers of 8 for evacuation
[2026-01-15T18:36:59.834+0530][18.414s][info][gc,phases   ] GC(204)   Pre Evacuate Collection Set: 0.3ms
[2026-01-15T18:36:59.834+0530][18.414s][info][gc,phases   ] GC(204)   Merge Heap Roots: 0.2ms
[2026-01-15T18:36:59.834+0530][18.414s][info][gc,phases   ] GC(204)   Evacuate Collection Set: 0.3ms
[2026-01-15T18:36:59.834+0530][18.414s][info][gc,phases   ] GC(204)   Post Evacuate Collection Set: 0.5ms
[2026-01-15T18:36:59.834+0530][18.414s][info][gc,phases   ] GC(204)   Other: 0.2ms
[2026-01-15T18:36:59.834+0530][18.414s][info][gc,heap     ] GC(204) Eden regions: 0->0(13)
[2026-01-15T18:36:59.834+0530][18.414s][info][gc,heap     ] GC(204) Survivor regions: 1->1(2)
[2026-01-15T18:36:59.834+0530][18.414s][info][gc,heap     ] GC(204) Old regions: 2->2
[2026-01-15T18:36:59.834+0530][18.414s][info][gc,heap     ] GC(204) Humongous regions: 114->114
[2026-01-15T18:36:59.834+0530][18.414s][info][gc,metaspace] GC(204) Metaspace: 813K(960K)->813K(960K) NonClass: 759K(832K)->759K(832K) Class: 53K(128K)->53K(128K)
[2026-01-15T18:36:59.834+0530][18.414s][info][gc          ] GC(204) Pause Young (Concurrent Start) (G1 Humongous Allocation) 115M->115M(256M) 1.651ms
[2026-01-15T18:36:59.834+0530][18.414s][info][gc,cpu      ] GC(204) User=0.00s Sys=0.00s Real=0.00s
[2026-01-15T18:36:59.834+0530][18.414s][info][gc          ] GC(205) Concurrent Mark Cycle
[2026-01-15T18:36:59.834+0530][18.414s][info][gc,marking  ] GC(205) Concurrent Scan Root Regions
[2026-01-15T18:36:59.834+0530][18.414s][info][gc,marking  ] GC(205) Concurrent Scan Root Regions 0.160ms
[2026-01-15T18:36:59.834+0530][18.414s][info][gc,marking  ] GC(205) Concurrent Mark
[2026-01-15T18:36:59.834+0530][18.414s][info][gc,marking  ] GC(205) Concurrent Mark From Roots
[2026-01-15T18:36:59.834+0530][18.414s][info][gc,task     ] GC(205) Using 2 workers of 2 for marking
[2026-01-15T18:36:59.836+0530][18.416s][info][gc,marking  ] GC(205) Concurrent Mark From Roots 1.447ms
[2026-01-15T18:36:59.836+0530][18.416s][info][gc,marking  ] GC(205) Concurrent Preclean
[2026-01-15T18:36:59.836+0530][18.416s][info][gc,marking  ] GC(205) Concurrent Preclean 0.010ms
[2026-01-15T18:36:59.836+0530][18.416s][info][gc,start    ] GC(205) Pause Remark
[2026-01-15T18:36:59.837+0530][18.417s][info][gc          ] GC(205) Pause Remark 121M->121M(256M) 1.053ms
[2026-01-15T18:36:59.837+0530][18.417s][info][gc,cpu      ] GC(205) User=0.00s Sys=0.00s Real=0.00s
[2026-01-15T18:36:59.837+0530][18.417s][info][gc,marking  ] GC(205) Concurrent Mark 2.690ms
[2026-01-15T18:36:59.837+0530][18.417s][info][gc,marking  ] GC(205) Concurrent Rebuild Remembered Sets and Scrub Regions
[2026-01-15T18:36:59.837+0530][18.418s][info][gc,marking  ] GC(205) Concurrent Rebuild Remembered Sets and Scrub Regions 0.589ms
[2026-01-15T18:36:59.838+0530][18.418s][info][gc,start    ] GC(205) Pause Cleanup
[2026-01-15T18:36:59.838+0530][18.418s][info][gc          ] GC(205) Pause Cleanup 121M->121M(256M) 0.234ms
[2026-01-15T18:36:59.838+0530][18.418s][info][gc,cpu      ] GC(205) User=0.00s Sys=0.00s Real=0.00s
[2026-01-15T18:36:59.838+0530][18.418s][info][gc,marking  ] GC(205) Concurrent Clear Claimed Marks
[2026-01-15T18:36:59.838+0530][18.418s][info][gc,marking  ] GC(205) Concurrent Clear Claimed Marks 0.022ms
[2026-01-15T18:36:59.838+0530][18.418s][info][gc,marking  ] GC(205) Concurrent Cleanup for Next Mark
[2026-01-15T18:36:59.838+0530][18.418s][info][gc,marking  ] GC(205) Concurrent Cleanup for Next Mark 0.430ms
[2026-01-15T18:36:59.838+0530][18.418s][info][gc          ] GC(205) Concurrent Mark Cycle 4.374ms
[2026-01-15T18:36:59.895+0530][18.475s][info][gc,start    ] GC(206) Pause Young (Concurrent Start) (G1 Humongous Allocation)
[2026-01-15T18:36:59.895+0530][18.475s][info][gc,task     ] GC(206) Using 6 workers of 8 for evacuation
[2026-01-15T18:36:59.898+0530][18.477s][info][gc,phases   ] GC(206)   Pre Evacuate Collection Set: 0.3ms
[2026-01-15T18:36:59.898+0530][18.477s][info][gc,phases   ] GC(206)   Merge Heap Roots: 0.3ms
[2026-01-15T18:36:59.898+0530][18.478s][info][gc,phases   ] GC(206)   Evacuate Collection Set: 0.4ms
[2026-01-15T18:36:59.898+0530][18.478s][info][gc,phases   ] GC(206)   Post Evacuate Collection Set: 0.8ms
[2026-01-15T18:36:59.898+0530][18.478s][info][gc,phases   ] GC(206)   Other: 0.2ms
[2026-01-15T18:36:59.898+0530][18.478s][info][gc,heap     ] GC(206) Eden regions: 0->0(12)
[2026-01-15T18:36:59.898+0530][18.478s][info][gc,heap     ] GC(206) Survivor regions: 1->1(2)
[2026-01-15T18:36:59.898+0530][18.478s][info][gc,heap     ] GC(206) Old regions: 2->2
[2026-01-15T18:36:59.898+0530][18.478s][info][gc,heap     ] GC(206) Humongous regions: 120->0
[2026-01-15T18:36:59.898+0530][18.478s][info][gc,metaspace] GC(206) Metaspace: 813K(960K)->813K(960K) NonClass: 759K(832K)->759K(832K) Class: 53K(128K)->53K(128K)
[2026-01-15T18:36:59.898+0530][18.478s][info][gc          ] GC(206) Pause Young (Concurrent Start) (G1 Humongous Allocation) 121M->1M(256M) 2.413ms
[2026-01-15T18:36:59.898+0530][18.478s][info][gc,cpu      ] GC(206) User=0.02s Sys=0.00s Real=0.00s
[2026-01-15T18:36:59.898+0530][18.478s][info][gc          ] GC(207) Concurrent Undo Cycle
[2026-01-15T18:36:59.898+0530][18.478s][info][gc,marking  ] GC(207) Concurrent Clear Claimed Marks
[2026-01-15T18:36:59.898+0530][18.478s][info][gc,marking  ] GC(207) Concurrent Clear Claimed Marks 0.024ms
[2026-01-15T18:36:59.898+0530][18.478s][info][gc,marking  ] GC(207) Concurrent Cleanup for Next Mark
[2026-01-15T18:36:59.898+0530][18.478s][info][gc,marking  ] GC(207) Concurrent Cleanup for Next Mark 0.182ms
[2026-01-15T18:36:59.898+0530][18.478s][info][gc          ] GC(207) Concurrent Undo Cycle 0.370ms
[2026-01-15T18:37:00.207+0530][18.787s][info][gc,start    ] GC(208) Pause Young (Concurrent Start) (G1 Humongous Allocation)
[2026-01-15T18:37:00.207+0530][18.787s][info][gc,task     ] GC(208) Using 6 workers of 8 for evacuation
[2026-01-15T18:37:00.208+0530][18.787s][info][gc,phases   ] GC(208)   Pre Evacuate Collection Set: 0.2ms
[2026-01-15T18:37:00.208+0530][18.787s][info][gc,phases   ] GC(208)   Merge Heap Roots: 0.0ms
[2026-01-15T18:37:00.208+0530][18.788s][info][gc,phases   ] GC(208)   Evacuate Collection Set: 0.2ms
[2026-01-15T18:37:00.208+0530][18.788s][info][gc,phases   ] GC(208)   Post Evacuate Collection Set: 0.4ms
[2026-01-15T18:37:00.208+0530][18.788s][info][gc,phases   ] GC(208)   Other: 0.1ms
[2026-01-15T18:37:00.208+0530][18.788s][info][gc,heap     ] GC(208) Eden regions: 0->0(13)
[2026-01-15T18:37:00.208+0530][18.788s][info][gc,heap     ] GC(208) Survivor regions: 1->1(2)
[2026-01-15T18:37:00.208+0530][18.788s][info][gc,heap     ] GC(208) Old regions: 2->2
[2026-01-15T18:37:00.208+0530][18.788s][info][gc,heap     ] GC(208) Humongous regions: 114->114
[2026-01-15T18:37:00.208+0530][18.788s][info][gc,metaspace] GC(208) Metaspace: 813K(960K)->813K(960K) NonClass: 759K(832K)->759K(832K) Class: 53K(128K)->53K(128K)
[2026-01-15T18:37:00.208+0530][18.788s][info][gc          ] GC(208) Pause Young (Concurrent Start) (G1 Humongous Allocation) 115M->115M(256M) 1.081ms
[2026-01-15T18:37:00.208+0530][18.788s][info][gc,cpu      ] GC(208) User=0.00s Sys=0.00s Real=0.00s
[2026-01-15T18:37:00.208+0530][18.788s][info][gc          ] GC(209) Concurrent Mark Cycle
[2026-01-15T18:37:00.208+0530][18.788s][info][gc,marking  ] GC(209) Concurrent Scan Root Regions
[2026-01-15T18:37:00.209+0530][18.788s][info][gc,marking  ] GC(209) Concurrent Scan Root Regions 0.173ms
[2026-01-15T18:37:00.209+0530][18.788s][info][gc,marking  ] GC(209) Concurrent Mark
[2026-01-15T18:37:00.209+0530][18.788s][info][gc,marking  ] GC(209) Concurrent Mark From Roots
[2026-01-15T18:37:00.209+0530][18.788s][info][gc,task     ] GC(209) Using 2 workers of 2 for marking
[2026-01-15T18:37:00.210+0530][18.790s][info][gc,marking  ] GC(209) Concurrent Mark From Roots 1.781ms
[2026-01-15T18:37:00.210+0530][18.790s][info][gc,marking  ] GC(209) Concurrent Preclean
[2026-01-15T18:37:00.210+0530][18.790s][info][gc,marking  ] GC(209) Concurrent Preclean 0.010ms
[2026-01-15T18:37:00.210+0530][18.790s][info][gc,start    ] GC(209) Pause Remark
[2026-01-15T18:37:00.211+0530][18.791s][info][gc          ] GC(209) Pause Remark 121M->121M(256M) 1.047ms
[2026-01-15T18:37:00.212+0530][18.791s][info][gc,cpu      ] GC(209) User=0.00s Sys=0.00s Real=0.00s
[2026-01-15T18:37:00.212+0530][18.791s][info][gc,marking  ] GC(209) Concurrent Mark 3.042ms
[2026-01-15T18:37:00.212+0530][18.791s][info][gc,marking  ] GC(209) Concurrent Rebuild Remembered Sets and Scrub Regions
[2026-01-15T18:37:00.212+0530][18.792s][info][gc,marking  ] GC(209) Concurrent Rebuild Remembered Sets and Scrub Regions 0.558ms
[2026-01-15T18:37:00.212+0530][18.792s][info][gc,start    ] GC(209) Pause Cleanup
[2026-01-15T18:37:00.212+0530][18.792s][info][gc          ] GC(209) Pause Cleanup 121M->121M(256M) 0.221ms
[2026-01-15T18:37:00.213+0530][18.792s][info][gc,cpu      ] GC(209) User=0.00s Sys=0.00s Real=0.00s
[2026-01-15T18:37:00.213+0530][18.792s][info][gc,marking  ] GC(209) Concurrent Clear Claimed Marks
[2026-01-15T18:37:00.213+0530][18.792s][info][gc,marking  ] GC(209) Concurrent Clear Claimed Marks 0.022ms
[2026-01-15T18:37:00.213+0530][18.792s][info][gc,marking  ] GC(209) Concurrent Cleanup for Next Mark
[2026-01-15T18:37:00.213+0530][18.792s][info][gc,marking  ] GC(209) Concurrent Cleanup for Next Mark 0.427ms
[2026-01-15T18:37:00.213+0530][18.792s][info][gc          ] GC(209) Concurrent Mark Cycle 4.767ms
[2026-01-15T18:37:00.270+0530][18.850s][info][gc,start    ] GC(210) Pause Young (Concurrent Start) (G1 Humongous Allocation)
[2026-01-15T18:37:00.270+0530][18.850s][info][gc,task     ] GC(210) Using 6 workers of 8 for evacuation
[2026-01-15T18:37:00.270+0530][18.851s][info][gc,phases   ] GC(210)   Pre Evacuate Collection Set: 0.3ms
[2026-01-15T18:37:00.271+0530][18.851s][info][gc,phases   ] GC(210)   Merge Heap Roots: 0.1ms
[2026-01-15T18:37:00.271+0530][18.851s][info][gc,phases   ] GC(210)   Evacuate Collection Set: 0.1ms
[2026-01-15T18:37:00.271+0530][18.851s][info][gc,phases   ] GC(210)   Post Evacuate Collection Set: 0.4ms
[2026-01-15T18:37:00.271+0530][18.851s][info][gc,phases   ] GC(210)   Other: 0.1ms
[2026-01-15T18:37:00.271+0530][18.851s][info][gc,heap     ] GC(210) Eden regions: 0->0(14)
[2026-01-15T18:37:00.271+0530][18.851s][info][gc,heap     ] GC(210) Survivor regions: 1->0(2)
[2026-01-15T18:37:00.271+0530][18.851s][info][gc,heap     ] GC(210) Old regions: 2->2
[2026-01-15T18:37:00.271+0530][18.851s][info][gc,heap     ] GC(210) Humongous regions: 120->0
[2026-01-15T18:37:00.271+0530][18.851s][info][gc,metaspace] GC(210) Metaspace: 813K(960K)->813K(960K) NonClass: 759K(832K)->759K(832K) Class: 53K(128K)->53K(128K)
[2026-01-15T18:37:00.271+0530][18.851s][info][gc          ] GC(210) Pause Young (Concurrent Start) (G1 Humongous Allocation) 121M->1M(256M) 1.252ms
[2026-01-15T18:37:00.271+0530][18.851s][info][gc,cpu      ] GC(210) User=0.00s Sys=0.00s Real=0.00s
[2026-01-15T18:37:00.271+0530][18.851s][info][gc          ] GC(211) Concurrent Undo Cycle
[2026-01-15T18:37:00.271+0530][18.851s][info][gc,marking  ] GC(211) Concurrent Clear Claimed Marks
[2026-01-15T18:37:00.271+0530][18.851s][info][gc,marking  ] GC(211) Concurrent Clear Claimed Marks 0.011ms
[2026-01-15T18:37:00.271+0530][18.851s][info][gc,marking  ] GC(211) Concurrent Cleanup for Next Mark
[2026-01-15T18:37:00.271+0530][18.851s][info][gc,marking  ] GC(211) Concurrent Cleanup for Next Mark 0.107ms
[2026-01-15T18:37:00.271+0530][18.851s][info][gc          ] GC(211) Concurrent Undo Cycle 0.205ms
[2026-01-15T18:37:00.580+0530][19.159s][info][gc,start    ] GC(212) Pause Young (Concurrent Start) (G1 Humongous Allocation)
[2026-01-15T18:37:00.580+0530][19.160s][info][gc,task     ] GC(212) Using 6 workers of 8 for evacuation
[2026-01-15T18:37:00.582+0530][19.162s][info][gc,phases   ] GC(212)   Pre Evacuate Collection Set: 0.5ms
[2026-01-15T18:37:00.582+0530][19.162s][info][gc,phases   ] GC(212)   Merge Heap Roots: 0.2ms
[2026-01-15T18:37:00.582+0530][19.162s][info][gc,phases   ] GC(212)   Evacuate Collection Set: 0.4ms
[2026-01-15T18:37:00.582+0530][19.162s][info][gc,phases   ] GC(212)   Post Evacuate Collection Set: 0.9ms
[2026-01-15T18:37:00.582+0530][19.162s][info][gc,phases   ] GC(212)   Other: 0.3ms
[2026-01-15T18:37:00.582+0530][19.162s][info][gc,heap     ] GC(212) Eden regions: 0->0(14)
[2026-01-15T18:37:00.582+0530][19.162s][info][gc,heap     ] GC(212) Survivor regions: 0->0(2)
[2026-01-15T18:37:00.582+0530][19.162s][info][gc,heap     ] GC(212) Old regions: 2->2
[2026-01-15T18:37:00.582+0530][19.162s][info][gc,heap     ] GC(212) Humongous regions: 114->114
[2026-01-15T18:37:00.582+0530][19.162s][info][gc,metaspace] GC(212) Metaspace: 813K(960K)->813K(960K) NonClass: 759K(832K)->759K(832K) Class: 53K(128K)->53K(128K)
[2026-01-15T18:37:00.582+0530][19.162s][info][gc          ] GC(212) Pause Young (Concurrent Start) (G1 Humongous Allocation) 115M->115M(256M) 2.781ms
[2026-01-15T18:37:00.582+0530][19.162s][info][gc,cpu      ] GC(212) User=0.00s Sys=0.00s Real=0.00s
[2026-01-15T18:37:00.582+0530][19.162s][info][gc          ] GC(213) Concurrent Mark Cycle
[2026-01-15T18:37:00.583+0530][19.162s][info][gc,marking  ] GC(213) Concurrent Scan Root Regions
[2026-01-15T18:37:00.583+0530][19.163s][info][gc,marking  ] GC(213) Concurrent Scan Root Regions 0.029ms
[2026-01-15T18:37:00.583+0530][19.163s][info][gc,marking  ] GC(213) Concurrent Mark
[2026-01-15T18:37:00.583+0530][19.163s][info][gc,marking  ] GC(213) Concurrent Mark From Roots
[2026-01-15T18:37:00.583+0530][19.163s][info][gc,task     ] GC(213) Using 2 workers of 2 for marking
[2026-01-15T18:37:00.585+0530][19.165s][info][gc,marking  ] GC(213) Concurrent Mark From Roots 2.749ms
[2026-01-15T18:37:00.586+0530][19.165s][info][gc,marking  ] GC(213) Concurrent Preclean
[2026-01-15T18:37:00.586+0530][19.165s][info][gc,marking  ] GC(213) Concurrent Preclean 0.018ms
[2026-01-15T18:37:00.586+0530][19.165s][info][gc,start    ] GC(213) Pause Remark
[2026-01-15T18:37:00.587+0530][19.166s][info][gc          ] GC(213) Pause Remark 121M->121M(256M) 1.006ms
[2026-01-15T18:37:00.587+0530][19.166s][info][gc,cpu      ] GC(213) User=0.00s Sys=0.00s Real=0.00s
[2026-01-15T18:37:00.587+0530][19.167s][info][gc,marking  ] GC(213) Concurrent Mark 3.986ms
[2026-01-15T18:37:00.587+0530][19.167s][info][gc,marking  ] GC(213) Concurrent Rebuild Remembered Sets and Scrub Regions
[2026-01-15T18:37:00.588+0530][19.167s][info][gc,marking  ] GC(213) Concurrent Rebuild Remembered Sets and Scrub Regions 0.693ms
[2026-01-15T18:37:00.588+0530][19.167s][info][gc,start    ] GC(213) Pause Cleanup
[2026-01-15T18:37:00.588+0530][19.168s][info][gc          ] GC(213) Pause Cleanup 121M->121M(256M) 0.224ms
[2026-01-15T18:37:00.588+0530][19.168s][info][gc,cpu      ] GC(213) User=0.00s Sys=0.00s Real=0.00s
[2026-01-15T18:37:00.588+0530][19.168s][info][gc,marking  ] GC(213) Concurrent Clear Claimed Marks
[2026-01-15T18:37:00.588+0530][19.168s][info][gc,marking  ] GC(213) Concurrent Clear Claimed Marks 0.029ms
[2026-01-15T18:37:00.588+0530][19.168s][info][gc,marking  ] GC(213) Concurrent Cleanup for Next Mark
[2026-01-15T18:37:00.588+0530][19.168s][info][gc,marking  ] GC(213) Concurrent Cleanup for Next Mark 0.417ms
[2026-01-15T18:37:00.588+0530][19.168s][info][gc          ] GC(213) Concurrent Mark Cycle 5.741ms
[2026-01-15T18:37:00.642+0530][19.222s][info][gc,start    ] GC(214) Pause Young (Concurrent Start) (G1 Humongous Allocation)
[2026-01-15T18:37:00.642+0530][19.222s][info][gc,task     ] GC(214) Using 6 workers of 8 for evacuation
[2026-01-15T18:37:00.643+0530][19.223s][info][gc,phases   ] GC(214)   Pre Evacuate Collection Set: 0.1ms
[2026-01-15T18:37:00.643+0530][19.223s][info][gc,phases   ] GC(214)   Merge Heap Roots: 0.0ms
[2026-01-15T18:37:00.643+0530][19.223s][info][gc,phases   ] GC(214)   Evacuate Collection Set: 0.1ms
[2026-01-15T18:37:00.643+0530][19.223s][info][gc,phases   ] GC(214)   Post Evacuate Collection Set: 1.0ms
[2026-01-15T18:37:00.643+0530][19.223s][info][gc,phases   ] GC(214)   Other: 0.1ms
[2026-01-15T18:37:00.643+0530][19.223s][info][gc,heap     ] GC(214) Eden regions: 0->0(14)
[2026-01-15T18:37:00.643+0530][19.223s][info][gc,heap     ] GC(214) Survivor regions: 0->0(2)
[2026-01-15T18:37:00.643+0530][19.223s][info][gc,heap     ] GC(214) Old regions: 2->2
[2026-01-15T18:37:00.643+0530][19.223s][info][gc,heap     ] GC(214) Humongous regions: 120->0
[2026-01-15T18:37:00.643+0530][19.223s][info][gc,metaspace] GC(214) Metaspace: 813K(960K)->813K(960K) NonClass: 759K(832K)->759K(832K) Class: 53K(128K)->53K(128K)
[2026-01-15T18:37:00.643+0530][19.223s][info][gc          ] GC(214) Pause Young (Concurrent Start) (G1 Humongous Allocation) 121M->1M(256M) 1.655ms
[2026-01-15T18:37:00.643+0530][19.223s][info][gc,cpu      ] GC(214) User=0.00s Sys=0.00s Real=0.00s
[2026-01-15T18:37:00.643+0530][19.223s][info][gc          ] GC(215) Concurrent Undo Cycle
[2026-01-15T18:37:00.644+0530][19.223s][info][gc,marking  ] GC(215) Concurrent Clear Claimed Marks
[2026-01-15T18:37:00.644+0530][19.223s][info][gc,marking  ] GC(215) Concurrent Clear Claimed Marks 0.011ms
[2026-01-15T18:37:00.644+0530][19.223s][info][gc,marking  ] GC(215) Concurrent Cleanup for Next Mark
[2026-01-15T18:37:00.644+0530][19.223s][info][gc,marking  ] GC(215) Concurrent Cleanup for Next Mark 0.131ms
[2026-01-15T18:37:00.644+0530][19.223s][info][gc          ] GC(215) Concurrent Undo Cycle 0.232ms
[2026-01-15T18:37:00.955+0530][19.535s][info][gc,start    ] GC(216) Pause Young (Concurrent Start) (G1 Humongous Allocation)
[2026-01-15T18:37:00.955+0530][19.535s][info][gc,task     ] GC(216) Using 6 workers of 8 for evacuation
[2026-01-15T18:37:00.957+0530][19.537s][info][gc,phases   ] GC(216)   Pre Evacuate Collection Set: 0.2ms
[2026-01-15T18:37:00.957+0530][19.537s][info][gc,phases   ] GC(216)   Merge Heap Roots: 0.1ms
[2026-01-15T18:37:00.957+0530][19.537s][info][gc,phases   ] GC(216)   Evacuate Collection Set: 0.3ms
[2026-01-15T18:37:00.957+0530][19.537s][info][gc,phases   ] GC(216)   Post Evacuate Collection Set: 0.6ms
[2026-01-15T18:37:00.957+0530][19.537s][info][gc,phases   ] GC(216)   Other: 0.2ms
[2026-01-15T18:37:00.957+0530][19.537s][info][gc,heap     ] GC(216) Eden regions: 0->0(14)
[2026-01-15T18:37:00.957+0530][19.537s][info][gc,heap     ] GC(216) Survivor regions: 0->0(2)
[2026-01-15T18:37:00.957+0530][19.537s][info][gc,heap     ] GC(216) Old regions: 2->2
[2026-01-15T18:37:00.957+0530][19.537s][info][gc,heap     ] GC(216) Humongous regions: 114->114
[2026-01-15T18:37:00.957+0530][19.537s][info][gc,metaspace] GC(216) Metaspace: 813K(960K)->813K(960K) NonClass: 759K(832K)->759K(832K) Class: 53K(128K)->53K(128K)
[2026-01-15T18:37:00.957+0530][19.537s][info][gc          ] GC(216) Pause Young (Concurrent Start) (G1 Humongous Allocation) 115M->115M(256M) 1.890ms
[2026-01-15T18:37:00.957+0530][19.537s][info][gc,cpu      ] GC(216) User=0.00s Sys=0.00s Real=0.00s
[2026-01-15T18:37:00.957+0530][19.537s][info][gc          ] GC(217) Concurrent Mark Cycle
[2026-01-15T18:37:00.957+0530][19.537s][info][gc,marking  ] GC(217) Concurrent Scan Root Regions
[2026-01-15T18:37:00.957+0530][19.537s][info][gc,marking  ] GC(217) Concurrent Scan Root Regions 0.020ms
[2026-01-15T18:37:00.957+0530][19.537s][info][gc,marking  ] GC(217) Concurrent Mark
[2026-01-15T18:37:00.957+0530][19.537s][info][gc,marking  ] GC(217) Concurrent Mark From Roots
[2026-01-15T18:37:00.957+0530][19.537s][info][gc,task     ] GC(217) Using 2 workers of 2 for marking
[2026-01-15T18:37:00.960+0530][19.540s][info][gc,marking  ] GC(217) Concurrent Mark From Roots 2.590ms
[2026-01-15T18:37:00.960+0530][19.540s][info][gc,marking  ] GC(217) Concurrent Preclean
[2026-01-15T18:37:00.960+0530][19.540s][info][gc,marking  ] GC(217) Concurrent Preclean 0.025ms
[2026-01-15T18:37:00.960+0530][19.540s][info][gc,start    ] GC(217) Pause Remark
[2026-01-15T18:37:00.961+0530][19.541s][info][gc          ] GC(217) Pause Remark 121M->121M(256M) 1.165ms
[2026-01-15T18:37:00.961+0530][19.541s][info][gc,cpu      ] GC(217) User=0.00s Sys=0.00s Real=0.00s
[2026-01-15T18:37:00.961+0530][19.541s][info][gc,marking  ] GC(217) Concurrent Mark 4.304ms
[2026-01-15T18:37:00.961+0530][19.541s][info][gc,marking  ] GC(217) Concurrent Rebuild Remembered Sets and Scrub Regions
[2026-01-15T18:37:00.962+0530][19.542s][info][gc,marking  ] GC(217) Concurrent Rebuild Remembered Sets and Scrub Regions 0.670ms
[2026-01-15T18:37:00.962+0530][19.542s][info][gc,start    ] GC(217) Pause Cleanup
[2026-01-15T18:37:00.962+0530][19.542s][info][gc          ] GC(217) Pause Cleanup 121M->121M(256M) 0.249ms
[2026-01-15T18:37:00.962+0530][19.542s][info][gc,cpu      ] GC(217) User=0.00s Sys=0.00s Real=0.00s
[2026-01-15T18:37:00.963+0530][19.543s][info][gc,marking  ] GC(217) Concurrent Clear Claimed Marks
[2026-01-15T18:37:00.963+0530][19.543s][info][gc,marking  ] GC(217) Concurrent Clear Claimed Marks 0.024ms
[2026-01-15T18:37:00.963+0530][19.543s][info][gc,marking  ] GC(217) Concurrent Cleanup for Next Mark
[2026-01-15T18:37:00.963+0530][19.543s][info][gc,marking  ] GC(217) Concurrent Cleanup for Next Mark 0.430ms
[2026-01-15T18:37:00.963+0530][19.543s][info][gc          ] GC(217) Concurrent Mark Cycle 6.012ms
[2026-01-15T18:37:01.017+0530][19.597s][info][gc,start    ] GC(218) Pause Young (Concurrent Start) (G1 Humongous Allocation)
[2026-01-15T18:37:01.017+0530][19.597s][info][gc,task     ] GC(218) Using 6 workers of 8 for evacuation
[2026-01-15T18:37:01.019+0530][19.599s][info][gc,phases   ] GC(218)   Pre Evacuate Collection Set: 0.2ms
[2026-01-15T18:37:01.019+0530][19.599s][info][gc,phases   ] GC(218)   Merge Heap Roots: 0.2ms
[2026-01-15T18:37:01.019+0530][19.599s][info][gc,phases   ] GC(218)   Evacuate Collection Set: 0.5ms
[2026-01-15T18:37:01.019+0530][19.599s][info][gc,phases   ] GC(218)   Post Evacuate Collection Set: 1.0ms
[2026-01-15T18:37:01.019+0530][19.599s][info][gc,phases   ] GC(218)   Other: 0.2ms
[2026-01-15T18:37:01.019+0530][19.599s][info][gc,heap     ] GC(218) Eden regions: 0->0(14)
[2026-01-15T18:37:01.019+0530][19.599s][info][gc,heap     ] GC(218) Survivor regions: 0->0(2)
[2026-01-15T18:37:01.019+0530][19.599s][info][gc,heap     ] GC(218) Old regions: 2->2
[2026-01-15T18:37:01.019+0530][19.599s][info][gc,heap     ] GC(218) Humongous regions: 120->0
[2026-01-15T18:37:01.020+0530][19.599s][info][gc,metaspace] GC(218) Metaspace: 813K(960K)->813K(960K) NonClass: 759K(832K)->759K(832K) Class: 53K(128K)->53K(128K)
[2026-01-15T18:37:01.020+0530][19.600s][info][gc          ] GC(218) Pause Young (Concurrent Start) (G1 Humongous Allocation) 121M->1M(256M) 2.640ms
[2026-01-15T18:37:01.020+0530][19.600s][info][gc,cpu      ] GC(218) User=0.00s Sys=0.00s Real=0.00s
[2026-01-15T18:37:01.020+0530][19.600s][info][gc          ] GC(219) Concurrent Undo Cycle
[2026-01-15T18:37:01.020+0530][19.600s][info][gc,marking  ] GC(219) Concurrent Clear Claimed Marks
[2026-01-15T18:37:01.020+0530][19.600s][info][gc,marking  ] GC(219) Concurrent Clear Claimed Marks 0.033ms
[2026-01-15T18:37:01.020+0530][19.600s][info][gc,marking  ] GC(219) Concurrent Cleanup for Next Mark
[2026-01-15T18:37:01.020+0530][19.600s][info][gc,marking  ] GC(219) Concurrent Cleanup for Next Mark 0.187ms
[2026-01-15T18:37:01.020+0530][19.600s][info][gc          ] GC(219) Concurrent Undo Cycle 0.375ms
[2026-01-15T18:37:01.332+0530][19.911s][info][gc,start    ] GC(220) Pause Young (Concurrent Start) (G1 Humongous Allocation)
[2026-01-15T18:37:01.332+0530][19.911s][info][gc,task     ] GC(220) Using 6 workers of 8 for evacuation
[2026-01-15T18:37:01.334+0530][19.914s][info][gc,phases   ] GC(220)   Pre Evacuate Collection Set: 0.6ms
[2026-01-15T18:37:01.334+0530][19.914s][info][gc,phases   ] GC(220)   Merge Heap Roots: 0.2ms
[2026-01-15T18:37:01.334+0530][19.914s][info][gc,phases   ] GC(220)   Evacuate Collection Set: 0.5ms
[2026-01-15T18:37:01.334+0530][19.914s][info][gc,phases   ] GC(220)   Post Evacuate Collection Set: 1.0ms
[2026-01-15T18:37:01.334+0530][19.914s][info][gc,phases   ] GC(220)   Other: 0.3ms
[2026-01-15T18:37:01.334+0530][19.914s][info][gc,heap     ] GC(220) Eden regions: 0->0(14)
[2026-01-15T18:37:01.334+0530][19.914s][info][gc,heap     ] GC(220) Survivor regions: 0->0(2)
[2026-01-15T18:37:01.334+0530][19.914s][info][gc,heap     ] GC(220) Old regions: 2->2
[2026-01-15T18:37:01.334+0530][19.914s][info][gc,heap     ] GC(220) Humongous regions: 114->114
[2026-01-15T18:37:01.334+0530][19.914s][info][gc,metaspace] GC(220) Metaspace: 813K(960K)->813K(960K) NonClass: 759K(832K)->759K(832K) Class: 53K(128K)->53K(128K)
[2026-01-15T18:37:01.334+0530][19.914s][info][gc          ] GC(220) Pause Young (Concurrent Start) (G1 Humongous Allocation) 115M->115M(256M) 3.084ms
[2026-01-15T18:37:01.334+0530][19.914s][info][gc,cpu      ] GC(220) User=0.00s Sys=0.00s Real=0.00s
[2026-01-15T18:37:01.334+0530][19.914s][info][gc          ] GC(221) Concurrent Mark Cycle
[2026-01-15T18:37:01.335+0530][19.914s][info][gc,marking  ] GC(221) Concurrent Scan Root Regions
[2026-01-15T18:37:01.335+0530][19.914s][info][gc,marking  ] GC(221) Concurrent Scan Root Regions 0.028ms
[2026-01-15T18:37:01.335+0530][19.914s][info][gc,marking  ] GC(221) Concurrent Mark
[2026-01-15T18:37:01.335+0530][19.914s][info][gc,marking  ] GC(221) Concurrent Mark From Roots
[2026-01-15T18:37:01.335+0530][19.914s][info][gc,task     ] GC(221) Using 2 workers of 2 for marking
[2026-01-15T18:37:01.338+0530][19.918s][info][gc,marking  ] GC(221) Concurrent Mark From Roots 3.404ms
[2026-01-15T18:37:01.338+0530][19.918s][info][gc,marking  ] GC(221) Concurrent Preclean
[2026-01-15T18:37:01.338+0530][19.918s][info][gc,marking  ] GC(221) Concurrent Preclean 0.019ms
[2026-01-15T18:37:01.338+0530][19.918s][info][gc,start    ] GC(221) Pause Remark
[2026-01-15T18:37:01.339+0530][19.919s][info][gc          ] GC(221) Pause Remark 121M->121M(256M) 1.265ms
[2026-01-15T18:37:01.339+0530][19.919s][info][gc,cpu      ] GC(221) User=0.00s Sys=0.00s Real=0.00s
[2026-01-15T18:37:01.340+0530][19.919s][info][gc,marking  ] GC(221) Concurrent Mark 4.961ms
[2026-01-15T18:37:01.340+0530][19.919s][info][gc,marking  ] GC(221) Concurrent Rebuild Remembered Sets and Scrub Regions
[2026-01-15T18:37:01.340+0530][19.920s][info][gc,marking  ] GC(221) Concurrent Rebuild Remembered Sets and Scrub Regions 0.902ms
[2026-01-15T18:37:01.341+0530][19.920s][info][gc,start    ] GC(221) Pause Cleanup
[2026-01-15T18:37:01.341+0530][19.921s][info][gc          ] GC(221) Pause Cleanup 121M->121M(256M) 0.204ms
[2026-01-15T18:37:01.341+0530][19.921s][info][gc,cpu      ] GC(221) User=0.00s Sys=0.00s Real=0.00s
[2026-01-15T18:37:01.341+0530][19.921s][info][gc,marking  ] GC(221) Concurrent Clear Claimed Marks
[2026-01-15T18:37:01.341+0530][19.921s][info][gc,marking  ] GC(221) Concurrent Clear Claimed Marks 0.024ms
[2026-01-15T18:37:01.341+0530][19.921s][info][gc,marking  ] GC(221) Concurrent Cleanup for Next Mark
[2026-01-15T18:37:01.341+0530][19.921s][info][gc,marking  ] GC(221) Concurrent Cleanup for Next Mark 0.404ms
[2026-01-15T18:37:01.341+0530][19.921s][info][gc          ] GC(221) Concurrent Mark Cycle 6.965ms
[2026-01-15T18:37:01.393+0530][19.973s][info][gc,start    ] GC(222) Pause Young (Concurrent Start) (G1 Humongous Allocation)
[2026-01-15T18:37:01.393+0530][19.973s][info][gc,task     ] GC(222) Using 6 workers of 8 for evacuation
[2026-01-15T18:37:01.396+0530][19.975s][info][gc,phases   ] GC(222)   Pre Evacuate Collection Set: 0.5ms
[2026-01-15T18:37:01.396+0530][19.975s][info][gc,phases   ] GC(222)   Merge Heap Roots: 0.2ms
[2026-01-15T18:37:01.396+0530][19.975s][info][gc,phases   ] GC(222)   Evacuate Collection Set: 0.3ms
[2026-01-15T18:37:01.396+0530][19.975s][info][gc,phases   ] GC(222)   Post Evacuate Collection Set: 1.0ms
[2026-01-15T18:37:01.396+0530][19.975s][info][gc,phases   ] GC(222)   Other: 0.3ms
[2026-01-15T18:37:01.396+0530][19.975s][info][gc,heap     ] GC(222) Eden regions: 0->0(14)
[2026-01-15T18:37:01.396+0530][19.975s][info][gc,heap     ] GC(222) Survivor regions: 0->0(2)
[2026-01-15T18:37:01.396+0530][19.975s][info][gc,heap     ] GC(222) Old regions: 2->2
[2026-01-15T18:37:01.396+0530][19.975s][info][gc,heap     ] GC(222) Humongous regions: 120->0
[2026-01-15T18:37:01.396+0530][19.975s][info][gc,metaspace] GC(222) Metaspace: 813K(960K)->813K(960K) NonClass: 759K(832K)->759K(832K) Class: 53K(128K)->53K(128K)
[2026-01-15T18:37:01.396+0530][19.976s][info][gc          ] GC(222) Pause Young (Concurrent Start) (G1 Humongous Allocation) 121M->1M(256M) 2.752ms
[2026-01-15T18:37:01.396+0530][19.976s][info][gc,cpu      ] GC(222) User=0.00s Sys=0.00s Real=0.00s
[2026-01-15T18:37:01.396+0530][19.976s][info][gc          ] GC(223) Concurrent Undo Cycle
[2026-01-15T18:37:01.396+0530][19.976s][info][gc,marking  ] GC(223) Concurrent Clear Claimed Marks
[2026-01-15T18:37:01.396+0530][19.976s][info][gc,marking  ] GC(223) Concurrent Clear Claimed Marks 0.036ms
[2026-01-15T18:37:01.396+0530][19.976s][info][gc,marking  ] GC(223) Concurrent Cleanup for Next Mark
[2026-01-15T18:37:01.396+0530][19.976s][info][gc,marking  ] GC(223) Concurrent Cleanup for Next Mark 0.235ms
[2026-01-15T18:37:01.396+0530][19.976s][info][gc          ] GC(223) Concurrent Undo Cycle 0.468ms
[2026-01-15T18:37:01.706+0530][20.286s][info][gc,start    ] GC(224) Pause Young (Concurrent Start) (G1 Humongous Allocation)
[2026-01-15T18:37:01.706+0530][20.286s][info][gc,task     ] GC(224) Using 6 workers of 8 for evacuation
[2026-01-15T18:37:01.708+0530][20.288s][info][gc,phases   ] GC(224)   Pre Evacuate Collection Set: 0.4ms
[2026-01-15T18:37:01.708+0530][20.288s][info][gc,phases   ] GC(224)   Merge Heap Roots: 0.1ms
[2026-01-15T18:37:01.708+0530][20.288s][info][gc,phases   ] GC(224)   Evacuate Collection Set: 0.3ms
[2026-01-15T18:37:01.708+0530][20.288s][info][gc,phases   ] GC(224)   Post Evacuate Collection Set: 0.6ms
[2026-01-15T18:37:01.708+0530][20.288s][info][gc,phases   ] GC(224)   Other: 0.2ms
[2026-01-15T18:37:01.708+0530][20.288s][info][gc,heap     ] GC(224) Eden regions: 0->0(14)
[2026-01-15T18:37:01.708+0530][20.288s][info][gc,heap     ] GC(224) Survivor regions: 0->0(2)
[2026-01-15T18:37:01.708+0530][20.288s][info][gc,heap     ] GC(224) Old regions: 2->2
[2026-01-15T18:37:01.708+0530][20.288s][info][gc,heap     ] GC(224) Humongous regions: 114->114
[2026-01-15T18:37:01.708+0530][20.288s][info][gc,metaspace] GC(224) Metaspace: 813K(960K)->813K(960K) NonClass: 759K(832K)->759K(832K) Class: 53K(128K)->53K(128K)
[2026-01-15T18:37:01.708+0530][20.288s][info][gc          ] GC(224) Pause Young (Concurrent Start) (G1 Humongous Allocation) 115M->115M(256M) 2.201ms
[2026-01-15T18:37:01.709+0530][20.288s][info][gc,cpu      ] GC(224) User=0.00s Sys=0.00s Real=0.00s
[2026-01-15T18:37:01.709+0530][20.288s][info][gc          ] GC(225) Concurrent Mark Cycle
[2026-01-15T18:37:01.709+0530][20.288s][info][gc,marking  ] GC(225) Concurrent Scan Root Regions
[2026-01-15T18:37:01.709+0530][20.288s][info][gc,marking  ] GC(225) Concurrent Scan Root Regions 0.026ms
[2026-01-15T18:37:01.709+0530][20.288s][info][gc,marking  ] GC(225) Concurrent Mark
[2026-01-15T18:37:01.709+0530][20.288s][info][gc,marking  ] GC(225) Concurrent Mark From Roots
[2026-01-15T18:37:01.709+0530][20.288s][info][gc,task     ] GC(225) Using 2 workers of 2 for marking
[2026-01-15T18:37:01.712+0530][20.292s][info][gc,marking  ] GC(225) Concurrent Mark From Roots 3.445ms
[2026-01-15T18:37:01.712+0530][20.292s][info][gc,marking  ] GC(225) Concurrent Preclean
[2026-01-15T18:37:01.712+0530][20.292s][info][gc,marking  ] GC(225) Concurrent Preclean 0.012ms
[2026-01-15T18:37:01.712+0530][20.292s][info][gc,start    ] GC(225) Pause Remark
[2026-01-15T18:37:01.713+0530][20.293s][info][gc          ] GC(225) Pause Remark 121M->121M(256M) 0.927ms
[2026-01-15T18:37:01.713+0530][20.293s][info][gc,cpu      ] GC(225) User=0.00s Sys=0.00s Real=0.00s
[2026-01-15T18:37:01.713+0530][20.293s][info][gc,marking  ] GC(225) Concurrent Mark 4.667ms
[2026-01-15T18:37:01.713+0530][20.293s][info][gc,marking  ] GC(225) Concurrent Rebuild Remembered Sets and Scrub Regions
[2026-01-15T18:37:01.714+0530][20.294s][info][gc,marking  ] GC(225) Concurrent Rebuild Remembered Sets and Scrub Regions 0.741ms
[2026-01-15T18:37:01.714+0530][20.294s][info][gc,start    ] GC(225) Pause Cleanup
[2026-01-15T18:37:01.714+0530][20.294s][info][gc          ] GC(225) Pause Cleanup 121M->121M(256M) 0.172ms
[2026-01-15T18:37:01.714+0530][20.294s][info][gc,cpu      ] GC(225) User=0.00s Sys=0.00s Real=0.00s
[2026-01-15T18:37:01.714+0530][20.294s][info][gc,marking  ] GC(225) Concurrent Clear Claimed Marks
[2026-01-15T18:37:01.714+0530][20.294s][info][gc,marking  ] GC(225) Concurrent Clear Claimed Marks 0.025ms
[2026-01-15T18:37:01.714+0530][20.294s][info][gc,marking  ] GC(225) Concurrent Cleanup for Next Mark
[2026-01-15T18:37:01.715+0530][20.294s][info][gc,marking  ] GC(225) Concurrent Cleanup for Next Mark 0.292ms
[2026-01-15T18:37:01.715+0530][20.294s][info][gc          ] GC(225) Concurrent Mark Cycle 6.291ms
[2026-01-15T18:37:01.769+0530][20.349s][info][gc,start    ] GC(226) Pause Young (Concurrent Start) (G1 Humongous Allocation)
[2026-01-15T18:37:01.769+0530][20.349s][info][gc,task     ] GC(226) Using 6 workers of 8 for evacuation
[2026-01-15T18:37:01.772+0530][20.352s][info][gc,phases   ] GC(226)   Pre Evacuate Collection Set: 0.4ms
[2026-01-15T18:37:01.772+0530][20.352s][info][gc,phases   ] GC(226)   Merge Heap Roots: 0.2ms
[2026-01-15T18:37:01.772+0530][20.352s][info][gc,phases   ] GC(226)   Evacuate Collection Set: 0.5ms
[2026-01-15T18:37:01.772+0530][20.352s][info][gc,phases   ] GC(226)   Post Evacuate Collection Set: 1.0ms
[2026-01-15T18:37:01.772+0530][20.352s][info][gc,phases   ] GC(226)   Other: 0.3ms
[2026-01-15T18:37:01.772+0530][20.352s][info][gc,heap     ] GC(226) Eden regions: 0->0(14)
[2026-01-15T18:37:01.772+0530][20.352s][info][gc,heap     ] GC(226) Survivor regions: 0->0(2)
[2026-01-15T18:37:01.772+0530][20.352s][info][gc,heap     ] GC(226) Old regions: 2->2
[2026-01-15T18:37:01.772+0530][20.352s][info][gc,heap     ] GC(226) Humongous regions: 120->0
[2026-01-15T18:37:01.772+0530][20.352s][info][gc,metaspace] GC(226) Metaspace: 813K(960K)->813K(960K) NonClass: 759K(832K)->759K(832K) Class: 53K(128K)->53K(128K)
[2026-01-15T18:37:01.772+0530][20.352s][info][gc          ] GC(226) Pause Young (Concurrent Start) (G1 Humongous Allocation) 121M->1M(256M) 2.921ms
[2026-01-15T18:37:01.772+0530][20.352s][info][gc,cpu      ] GC(226) User=0.00s Sys=0.00s Real=0.00s
[2026-01-15T18:37:01.772+0530][20.352s][info][gc          ] GC(227) Concurrent Undo Cycle
[2026-01-15T18:37:01.772+0530][20.352s][info][gc,marking  ] GC(227) Concurrent Clear Claimed Marks
[2026-01-15T18:37:01.772+0530][20.352s][info][gc,marking  ] GC(227) Concurrent Clear Claimed Marks 0.020ms
[2026-01-15T18:37:01.772+0530][20.352s][info][gc,marking  ] GC(227) Concurrent Cleanup for Next Mark
[2026-01-15T18:37:01.772+0530][20.352s][info][gc,marking  ] GC(227) Concurrent Cleanup for Next Mark 0.181ms
[2026-01-15T18:37:01.772+0530][20.352s][info][gc          ] GC(227) Concurrent Undo Cycle 0.371ms
[2026-01-15T18:37:02.083+0530][20.663s][info][gc,start    ] GC(228) Pause Young (Concurrent Start) (G1 Humongous Allocation)
[2026-01-15T18:37:02.083+0530][20.663s][info][gc,task     ] GC(228) Using 6 workers of 8 for evacuation
[2026-01-15T18:37:02.085+0530][20.665s][info][gc,phases   ] GC(228)   Pre Evacuate Collection Set: 0.4ms
[2026-01-15T18:37:02.085+0530][20.665s][info][gc,phases   ] GC(228)   Merge Heap Roots: 0.2ms
[2026-01-15T18:37:02.085+0530][20.665s][info][gc,phases   ] GC(228)   Evacuate Collection Set: 0.4ms
[2026-01-15T18:37:02.085+0530][20.665s][info][gc,phases   ] GC(228)   Post Evacuate Collection Set: 0.9ms
[2026-01-15T18:37:02.085+0530][20.665s][info][gc,phases   ] GC(228)   Other: 0.3ms
[2026-01-15T18:37:02.085+0530][20.665s][info][gc,heap     ] GC(228) Eden regions: 0->0(14)
[2026-01-15T18:37:02.085+0530][20.665s][info][gc,heap     ] GC(228) Survivor regions: 0->0(2)
[2026-01-15T18:37:02.085+0530][20.665s][info][gc,heap     ] GC(228) Old regions: 2->2
[2026-01-15T18:37:02.085+0530][20.665s][info][gc,heap     ] GC(228) Humongous regions: 114->114
[2026-01-15T18:37:02.085+0530][20.665s][info][gc,metaspace] GC(228) Metaspace: 813K(960K)->813K(960K) NonClass: 759K(832K)->759K(832K) Class: 53K(128K)->53K(128K)
[2026-01-15T18:37:02.085+0530][20.665s][info][gc          ] GC(228) Pause Young (Concurrent Start) (G1 Humongous Allocation) 115M->115M(256M) 2.610ms
[2026-01-15T18:37:02.085+0530][20.665s][info][gc,cpu      ] GC(228) User=0.00s Sys=0.00s Real=0.00s
[2026-01-15T18:37:02.085+0530][20.665s][info][gc          ] GC(229) Concurrent Mark Cycle
[2026-01-15T18:37:02.085+0530][20.665s][info][gc,marking  ] GC(229) Concurrent Scan Root Regions
[2026-01-15T18:37:02.085+0530][20.665s][info][gc,marking  ] GC(229) Concurrent Scan Root Regions 0.022ms
[2026-01-15T18:37:02.085+0530][20.665s][info][gc,marking  ] GC(229) Concurrent Mark
[2026-01-15T18:37:02.085+0530][20.665s][info][gc,marking  ] GC(229) Concurrent Mark From Roots
[2026-01-15T18:37:02.085+0530][20.666s][info][gc,task     ] GC(229) Using 2 workers of 2 for marking
[2026-01-15T18:37:02.088+0530][20.668s][info][gc,marking  ] GC(229) Concurrent Mark From Roots 2.919ms
[2026-01-15T18:37:02.088+0530][20.668s][info][gc,marking  ] GC(229) Concurrent Preclean
[2026-01-15T18:37:02.088+0530][20.668s][info][gc,marking  ] GC(229) Concurrent Preclean 0.021ms
[2026-01-15T18:37:02.089+0530][20.669s][info][gc,start    ] GC(229) Pause Remark
[2026-01-15T18:37:02.090+0530][20.670s][info][gc          ] GC(229) Pause Remark 121M->121M(256M) 1.076ms
[2026-01-15T18:37:02.090+0530][20.670s][info][gc,cpu      ] GC(229) User=0.00s Sys=0.00s Real=0.00s
[2026-01-15T18:37:02.090+0530][20.670s][info][gc,marking  ] GC(229) Concurrent Mark 4.283ms
[2026-01-15T18:37:02.090+0530][20.670s][info][gc,marking  ] GC(229) Concurrent Rebuild Remembered Sets and Scrub Regions
[2026-01-15T18:37:02.090+0530][20.670s][info][gc,marking  ] GC(229) Concurrent Rebuild Remembered Sets and Scrub Regions 0.635ms
[2026-01-15T18:37:02.091+0530][20.671s][info][gc,start    ] GC(229) Pause Cleanup
[2026-01-15T18:37:02.091+0530][20.671s][info][gc          ] GC(229) Pause Cleanup 121M->121M(256M) 0.096ms
[2026-01-15T18:37:02.091+0530][20.671s][info][gc,cpu      ] GC(229) User=0.00s Sys=0.00s Real=0.00s
[2026-01-15T18:37:02.091+0530][20.671s][info][gc,marking  ] GC(229) Concurrent Clear Claimed Marks
[2026-01-15T18:37:02.091+0530][20.671s][info][gc,marking  ] GC(229) Concurrent Clear Claimed Marks 0.028ms
[2026-01-15T18:37:02.091+0530][20.671s][info][gc,marking  ] GC(229) Concurrent Cleanup for Next Mark
[2026-01-15T18:37:02.091+0530][20.671s][info][gc,marking  ] GC(229) Concurrent Cleanup for Next Mark 0.407ms
[2026-01-15T18:37:02.091+0530][20.671s][info][gc          ] GC(229) Concurrent Mark Cycle 5.849ms
[2026-01-15T18:37:02.145+0530][20.725s][info][gc,start    ] GC(230) Pause Young (Concurrent Start) (G1 Humongous Allocation)
[2026-01-15T18:37:02.145+0530][20.725s][info][gc,task     ] GC(230) Using 6 workers of 8 for evacuation
[2026-01-15T18:37:02.146+0530][20.726s][info][gc,phases   ] GC(230)   Pre Evacuate Collection Set: 0.2ms
[2026-01-15T18:37:02.146+0530][20.726s][info][gc,phases   ] GC(230)   Merge Heap Roots: 0.1ms
[2026-01-15T18:37:02.146+0530][20.726s][info][gc,phases   ] GC(230)   Evacuate Collection Set: 0.2ms
[2026-01-15T18:37:02.146+0530][20.726s][info][gc,phases   ] GC(230)   Post Evacuate Collection Set: 0.4ms
[2026-01-15T18:37:02.146+0530][20.726s][info][gc,phases   ] GC(230)   Other: 0.2ms
[2026-01-15T18:37:02.146+0530][20.726s][info][gc,heap     ] GC(230) Eden regions: 0->0(14)
[2026-01-15T18:37:02.146+0530][20.726s][info][gc,heap     ] GC(230) Survivor regions: 0->0(2)
[2026-01-15T18:37:02.146+0530][20.726s][info][gc,heap     ] GC(230) Old regions: 2->2
[2026-01-15T18:37:02.146+0530][20.726s][info][gc,heap     ] GC(230) Humongous regions: 120->0
[2026-01-15T18:37:02.146+0530][20.726s][info][gc,metaspace] GC(230) Metaspace: 813K(960K)->813K(960K) NonClass: 759K(832K)->759K(832K) Class: 53K(128K)->53K(128K)
[2026-01-15T18:37:02.146+0530][20.726s][info][gc          ] GC(230) Pause Young (Concurrent Start) (G1 Humongous Allocation) 121M->1M(256M) 1.442ms
[2026-01-15T18:37:02.146+0530][20.726s][info][gc,cpu      ] GC(230) User=0.00s Sys=0.00s Real=0.00s
[2026-01-15T18:37:02.146+0530][20.727s][info][gc          ] GC(231) Concurrent Undo Cycle
[2026-01-15T18:37:02.146+0530][20.727s][info][gc,marking  ] GC(231) Concurrent Clear Claimed Marks
[2026-01-15T18:37:02.146+0530][20.727s][info][gc,marking  ] GC(231) Concurrent Clear Claimed Marks 0.021ms
[2026-01-15T18:37:02.146+0530][20.727s][info][gc,marking  ] GC(231) Concurrent Cleanup for Next Mark
[2026-01-15T18:37:02.147+0530][20.727s][info][gc,marking  ] GC(231) Concurrent Cleanup for Next Mark 0.089ms
[2026-01-15T18:37:02.147+0530][20.727s][info][gc          ] GC(231) Concurrent Undo Cycle 0.232ms
[2026-01-15T18:37:02.458+0530][21.037s][info][gc,start    ] GC(232) Pause Young (Concurrent Start) (G1 Humongous Allocation)
[2026-01-15T18:37:02.458+0530][21.038s][info][gc,task     ] GC(232) Using 6 workers of 8 for evacuation
[2026-01-15T18:37:02.460+0530][21.040s][info][gc,phases   ] GC(232)   Pre Evacuate Collection Set: 0.5ms
[2026-01-15T18:37:02.460+0530][21.040s][info][gc,phases   ] GC(232)   Merge Heap Roots: 0.1ms
[2026-01-15T18:37:02.460+0530][21.040s][info][gc,phases   ] GC(232)   Evacuate Collection Set: 0.3ms
[2026-01-15T18:37:02.460+0530][21.040s][info][gc,phases   ] GC(232)   Post Evacuate Collection Set: 0.7ms
[2026-01-15T18:37:02.460+0530][21.040s][info][gc,phases   ] GC(232)   Other: 0.4ms
[2026-01-15T18:37:02.460+0530][21.040s][info][gc,heap     ] GC(232) Eden regions: 0->0(14)
[2026-01-15T18:37:02.460+0530][21.040s][info][gc,heap     ] GC(232) Survivor regions: 0->0(2)
[2026-01-15T18:37:02.460+0530][21.040s][info][gc,heap     ] GC(232) Old regions: 2->2
[2026-01-15T18:37:02.460+0530][21.040s][info][gc,heap     ] GC(232) Humongous regions: 114->114
[2026-01-15T18:37:02.460+0530][21.040s][info][gc,metaspace] GC(232) Metaspace: 813K(960K)->813K(960K) NonClass: 759K(832K)->759K(832K) Class: 53K(128K)->53K(128K)
[2026-01-15T18:37:02.460+0530][21.040s][info][gc          ] GC(232) Pause Young (Concurrent Start) (G1 Humongous Allocation) 115M->115M(256M) 2.743ms
[2026-01-15T18:37:02.460+0530][21.040s][info][gc,cpu      ] GC(232) User=0.00s Sys=0.00s Real=0.00s
[2026-01-15T18:37:02.460+0530][21.040s][info][gc          ] GC(233) Concurrent Mark Cycle
[2026-01-15T18:37:02.460+0530][21.040s][info][gc,marking  ] GC(233) Concurrent Scan Root Regions
[2026-01-15T18:37:02.460+0530][21.040s][info][gc,marking  ] GC(233) Concurrent Scan Root Regions 0.018ms
[2026-01-15T18:37:02.460+0530][21.040s][info][gc,marking  ] GC(233) Concurrent Mark
[2026-01-15T18:37:02.461+0530][21.040s][info][gc,marking  ] GC(233) Concurrent Mark From Roots
[2026-01-15T18:37:02.461+0530][21.040s][info][gc,task     ] GC(233) Using 2 workers of 2 for marking
[2026-01-15T18:37:02.463+0530][21.043s][info][gc,marking  ] GC(233) Concurrent Mark From Roots 2.490ms
[2026-01-15T18:37:02.463+0530][21.043s][info][gc,marking  ] GC(233) Concurrent Preclean
[2026-01-15T18:37:02.463+0530][21.043s][info][gc,marking  ] GC(233) Concurrent Preclean 0.023ms
[2026-01-15T18:37:02.463+0530][21.043s][info][gc,start    ] GC(233) Pause Remark
[2026-01-15T18:37:02.464+0530][21.044s][info][gc          ] GC(233) Pause Remark 121M->121M(256M) 1.126ms
[2026-01-15T18:37:02.464+0530][21.044s][info][gc,cpu      ] GC(233) User=0.00s Sys=0.00s Real=0.00s
[2026-01-15T18:37:02.464+0530][21.044s][info][gc,marking  ] GC(233) Concurrent Mark 3.896ms
[2026-01-15T18:37:02.464+0530][21.044s][info][gc,marking  ] GC(233) Concurrent Rebuild Remembered Sets and Scrub Regions
[2026-01-15T18:37:02.465+0530][21.045s][info][gc,marking  ] GC(233) Concurrent Rebuild Remembered Sets and Scrub Regions 0.611ms
[2026-01-15T18:37:02.465+0530][21.045s][info][gc,start    ] GC(233) Pause Cleanup
[2026-01-15T18:37:02.465+0530][21.045s][info][gc          ] GC(233) Pause Cleanup 121M->121M(256M) 0.265ms
[2026-01-15T18:37:02.465+0530][21.045s][info][gc,cpu      ] GC(233) User=0.00s Sys=0.00s Real=0.00s
[2026-01-15T18:37:02.465+0530][21.045s][info][gc,marking  ] GC(233) Concurrent Clear Claimed Marks
[2026-01-15T18:37:02.465+0530][21.045s][info][gc,marking  ] GC(233) Concurrent Clear Claimed Marks 0.025ms
[2026-01-15T18:37:02.466+0530][21.045s][info][gc,marking  ] GC(233) Concurrent Cleanup for Next Mark
[2026-01-15T18:37:02.466+0530][21.046s][info][gc,marking  ] GC(233) Concurrent Cleanup for Next Mark 0.437ms
[2026-01-15T18:37:02.466+0530][21.046s][info][gc          ] GC(233) Concurrent Mark Cycle 5.572ms
[2026-01-15T18:37:02.520+0530][21.100s][info][gc,start    ] GC(234) Pause Young (Concurrent Start) (G1 Humongous Allocation)
[2026-01-15T18:37:02.520+0530][21.100s][info][gc,task     ] GC(234) Using 6 workers of 8 for evacuation
[2026-01-15T18:37:02.522+0530][21.102s][info][gc,phases   ] GC(234)   Pre Evacuate Collection Set: 0.3ms
[2026-01-15T18:37:02.522+0530][21.102s][info][gc,phases   ] GC(234)   Merge Heap Roots: 0.2ms
[2026-01-15T18:37:02.522+0530][21.102s][info][gc,phases   ] GC(234)   Evacuate Collection Set: 0.5ms
[2026-01-15T18:37:02.522+0530][21.102s][info][gc,phases   ] GC(234)   Post Evacuate Collection Set: 0.8ms
[2026-01-15T18:37:02.522+0530][21.102s][info][gc,phases   ] GC(234)   Other: 0.3ms
[2026-01-15T18:37:02.522+0530][21.102s][info][gc,heap     ] GC(234) Eden regions: 0->0(14)
[2026-01-15T18:37:02.522+0530][21.102s][info][gc,heap     ] GC(234) Survivor regions: 0->0(2)
[2026-01-15T18:37:02.522+0530][21.102s][info][gc,heap     ] GC(234) Old regions: 2->2
[2026-01-15T18:37:02.522+0530][21.102s][info][gc,heap     ] GC(234) Humongous regions: 120->0
[2026-01-15T18:37:02.522+0530][21.102s][info][gc,metaspace] GC(234) Metaspace: 813K(960K)->813K(960K) NonClass: 759K(832K)->759K(832K) Class: 53K(128K)->53K(128K)
[2026-01-15T18:37:02.522+0530][21.102s][info][gc          ] GC(234) Pause Young (Concurrent Start) (G1 Humongous Allocation) 121M->1M(256M) 2.456ms
[2026-01-15T18:37:02.522+0530][21.102s][info][gc,cpu      ] GC(234) User=0.00s Sys=0.00s Real=0.00s
[2026-01-15T18:37:02.523+0530][21.102s][info][gc          ] GC(235) Concurrent Undo Cycle
[2026-01-15T18:37:02.523+0530][21.103s][info][gc,marking  ] GC(235) Concurrent Clear Claimed Marks
[2026-01-15T18:37:02.523+0530][21.103s][info][gc,marking  ] GC(235) Concurrent Clear Claimed Marks 0.025ms
[2026-01-15T18:37:02.523+0530][21.103s][info][gc,marking  ] GC(235) Concurrent Cleanup for Next Mark
[2026-01-15T18:37:02.523+0530][21.103s][info][gc,marking  ] GC(235) Concurrent Cleanup for Next Mark 0.208ms
[2026-01-15T18:37:02.523+0530][21.103s][info][gc          ] GC(235) Concurrent Undo Cycle 0.422ms
[2026-01-15T18:37:02.832+0530][21.412s][info][gc,start    ] GC(236) Pause Young (Concurrent Start) (G1 Humongous Allocation)
[2026-01-15T18:37:02.833+0530][21.412s][info][gc,task     ] GC(236) Using 6 workers of 8 for evacuation
[2026-01-15T18:37:02.834+0530][21.414s][info][gc,phases   ] GC(236)   Pre Evacuate Collection Set: 0.3ms
[2026-01-15T18:37:02.834+0530][21.414s][info][gc,phases   ] GC(236)   Merge Heap Roots: 0.1ms
[2026-01-15T18:37:02.834+0530][21.414s][info][gc,phases   ] GC(236)   Evacuate Collection Set: 0.2ms
[2026-01-15T18:37:02.834+0530][21.414s][info][gc,phases   ] GC(236)   Post Evacuate Collection Set: 0.6ms
[2026-01-15T18:37:02.834+0530][21.414s][info][gc,phases   ] GC(236)   Other: 0.2ms
[2026-01-15T18:37:02.834+0530][21.414s][info][gc,heap     ] GC(236) Eden regions: 0->0(14)
[2026-01-15T18:37:02.834+0530][21.414s][info][gc,heap     ] GC(236) Survivor regions: 0->0(2)
[2026-01-15T18:37:02.834+0530][21.414s][info][gc,heap     ] GC(236) Old regions: 2->2
[2026-01-15T18:37:02.834+0530][21.414s][info][gc,heap     ] GC(236) Humongous regions: 114->114
[2026-01-15T18:37:02.834+0530][21.414s][info][gc,metaspace] GC(236) Metaspace: 813K(960K)->813K(960K) NonClass: 759K(832K)->759K(832K) Class: 53K(128K)->53K(128K)
[2026-01-15T18:37:02.834+0530][21.414s][info][gc          ] GC(236) Pause Young (Concurrent Start) (G1 Humongous Allocation) 115M->115M(256M) 1.672ms
[2026-01-15T18:37:02.834+0530][21.414s][info][gc,cpu      ] GC(236) User=0.00s Sys=0.00s Real=0.00s
[2026-01-15T18:37:02.834+0530][21.414s][info][gc          ] GC(237) Concurrent Mark Cycle
[2026-01-15T18:37:02.834+0530][21.414s][info][gc,marking  ] GC(237) Concurrent Scan Root Regions
[2026-01-15T18:37:02.834+0530][21.414s][info][gc,marking  ] GC(237) Concurrent Scan Root Regions 0.015ms
[2026-01-15T18:37:02.834+0530][21.414s][info][gc,marking  ] GC(237) Concurrent Mark
[2026-01-15T18:37:02.834+0530][21.414s][info][gc,marking  ] GC(237) Concurrent Mark From Roots
[2026-01-15T18:37:02.834+0530][21.414s][info][gc,task     ] GC(237) Using 2 workers of 2 for marking
[2026-01-15T18:37:02.836+0530][21.416s][info][gc,marking  ] GC(237) Concurrent Mark From Roots 1.553ms
[2026-01-15T18:37:02.836+0530][21.416s][info][gc,marking  ] GC(237) Concurrent Preclean
[2026-01-15T18:37:02.836+0530][21.416s][info][gc,marking  ] GC(237) Concurrent Preclean 0.011ms
[2026-01-15T18:37:02.836+0530][21.416s][info][gc,start    ] GC(237) Pause Remark
[2026-01-15T18:37:02.837+0530][21.417s][info][gc          ] GC(237) Pause Remark 121M->121M(256M) 1.062ms
[2026-01-15T18:37:02.837+0530][21.417s][info][gc,cpu      ] GC(237) User=0.00s Sys=0.00s Real=0.00s
[2026-01-15T18:37:02.837+0530][21.417s][info][gc,marking  ] GC(237) Concurrent Mark 2.837ms
[2026-01-15T18:37:02.837+0530][21.417s][info][gc,marking  ] GC(237) Concurrent Rebuild Remembered Sets and Scrub Regions
[2026-01-15T18:37:02.838+0530][21.418s][info][gc,marking  ] GC(237) Concurrent Rebuild Remembered Sets and Scrub Regions 0.569ms
[2026-01-15T18:37:02.838+0530][21.418s][info][gc,start    ] GC(237) Pause Cleanup
[2026-01-15T18:37:02.838+0530][21.418s][info][gc          ] GC(237) Pause Cleanup 121M->121M(256M) 0.199ms
[2026-01-15T18:37:02.838+0530][21.418s][info][gc,cpu      ] GC(237) User=0.00s Sys=0.00s Real=0.00s
[2026-01-15T18:37:02.838+0530][21.418s][info][gc,marking  ] GC(237) Concurrent Clear Claimed Marks
[2026-01-15T18:37:02.838+0530][21.418s][info][gc,marking  ] GC(237) Concurrent Clear Claimed Marks 0.023ms
[2026-01-15T18:37:02.838+0530][21.418s][info][gc,marking  ] GC(237) Concurrent Cleanup for Next Mark
[2026-01-15T18:37:02.838+0530][21.418s][info][gc,marking  ] GC(237) Concurrent Cleanup for Next Mark 0.365ms
[2026-01-15T18:37:02.838+0530][21.418s][info][gc          ] GC(237) Concurrent Mark Cycle 4.363ms
[2026-01-15T18:37:02.894+0530][21.473s][info][gc,start    ] GC(238) Pause Young (Concurrent Start) (G1 Humongous Allocation)
[2026-01-15T18:37:02.894+0530][21.474s][info][gc,task     ] GC(238) Using 6 workers of 8 for evacuation
[2026-01-15T18:37:02.895+0530][21.475s][info][gc,phases   ] GC(238)   Pre Evacuate Collection Set: 0.3ms
[2026-01-15T18:37:02.895+0530][21.475s][info][gc,phases   ] GC(238)   Merge Heap Roots: 0.2ms
[2026-01-15T18:37:02.895+0530][21.475s][info][gc,phases   ] GC(238)   Evacuate Collection Set: 0.4ms
[2026-01-15T18:37:02.895+0530][21.475s][info][gc,phases   ] GC(238)   Post Evacuate Collection Set: 0.7ms
[2026-01-15T18:37:02.895+0530][21.475s][info][gc,phases   ] GC(238)   Other: 0.2ms
[2026-01-15T18:37:02.895+0530][21.475s][info][gc,heap     ] GC(238) Eden regions: 0->0(14)
[2026-01-15T18:37:02.895+0530][21.475s][info][gc,heap     ] GC(238) Survivor regions: 0->0(2)
[2026-01-15T18:37:02.895+0530][21.475s][info][gc,heap     ] GC(238) Old regions: 2->2
[2026-01-15T18:37:02.895+0530][21.475s][info][gc,heap     ] GC(238) Humongous regions: 120->0
[2026-01-15T18:37:02.895+0530][21.475s][info][gc,metaspace] GC(238) Metaspace: 813K(960K)->813K(960K) NonClass: 759K(832K)->759K(832K) Class: 53K(128K)->53K(128K)
[2026-01-15T18:37:02.895+0530][21.476s][info][gc          ] GC(238) Pause Young (Concurrent Start) (G1 Humongous Allocation) 121M->1M(256M) 2.077ms
[2026-01-15T18:37:02.895+0530][21.476s][info][gc,cpu      ] GC(238) User=0.00s Sys=0.00s Real=0.00s
[2026-01-15T18:37:02.895+0530][21.476s][info][gc          ] GC(239) Concurrent Undo Cycle
[2026-01-15T18:37:02.895+0530][21.476s][info][gc,marking  ] GC(239) Concurrent Clear Claimed Marks
[2026-01-15T18:37:02.895+0530][21.476s][info][gc,marking  ] GC(239) Concurrent Clear Claimed Marks 0.025ms
[2026-01-15T18:37:02.895+0530][21.476s][info][gc,marking  ] GC(239) Concurrent Cleanup for Next Mark
[2026-01-15T18:37:02.896+0530][21.476s][info][gc,marking  ] GC(239) Concurrent Cleanup for Next Mark 0.127ms
[2026-01-15T18:37:02.896+0530][21.476s][info][gc          ] GC(239) Concurrent Undo Cycle 0.257ms
[2026-01-15T18:37:03.205+0530][21.785s][info][gc,start    ] GC(240) Pause Young (Concurrent Start) (G1 Humongous Allocation)
[2026-01-15T18:37:03.205+0530][21.786s][info][gc,task     ] GC(240) Using 6 workers of 8 for evacuation
[2026-01-15T18:37:03.207+0530][21.787s][info][gc,phases   ] GC(240)   Pre Evacuate Collection Set: 0.4ms
[2026-01-15T18:37:03.207+0530][21.787s][info][gc,phases   ] GC(240)   Merge Heap Roots: 0.2ms
[2026-01-15T18:37:03.207+0530][21.787s][info][gc,phases   ] GC(240)   Evacuate Collection Set: 0.3ms
[2026-01-15T18:37:03.207+0530][21.787s][info][gc,phases   ] GC(240)   Post Evacuate Collection Set: 0.5ms
[2026-01-15T18:37:03.207+0530][21.787s][info][gc,phases   ] GC(240)   Other: 0.2ms
[2026-01-15T18:37:03.208+0530][21.787s][info][gc,heap     ] GC(240) Eden regions: 0->0(14)
[2026-01-15T18:37:03.208+0530][21.787s][info][gc,heap     ] GC(240) Survivor regions: 0->0(2)
[2026-01-15T18:37:03.208+0530][21.787s][info][gc,heap     ] GC(240) Old regions: 2->2
[2026-01-15T18:37:03.208+0530][21.787s][info][gc,heap     ] GC(240) Humongous regions: 114->114
[2026-01-15T18:37:03.208+0530][21.787s][info][gc,metaspace] GC(240) Metaspace: 813K(960K)->813K(960K) NonClass: 759K(832K)->759K(832K) Class: 53K(128K)->53K(128K)
[2026-01-15T18:37:03.208+0530][21.787s][info][gc          ] GC(240) Pause Young (Concurrent Start) (G1 Humongous Allocation) 115M->115M(256M) 1.835ms
[2026-01-15T18:37:03.208+0530][21.787s][info][gc,cpu      ] GC(240) User=0.00s Sys=0.00s Real=0.00s
[2026-01-15T18:37:03.208+0530][21.787s][info][gc          ] GC(241) Concurrent Mark Cycle
[2026-01-15T18:37:03.208+0530][21.787s][info][gc,marking  ] GC(241) Concurrent Scan Root Regions
[2026-01-15T18:37:03.208+0530][21.787s][info][gc,marking  ] GC(241) Concurrent Scan Root Regions 0.009ms
[2026-01-15T18:37:03.208+0530][21.787s][info][gc,marking  ] GC(241) Concurrent Mark
[2026-01-15T18:37:03.208+0530][21.787s][info][gc,marking  ] GC(241) Concurrent Mark From Roots
[2026-01-15T18:37:03.208+0530][21.787s][info][gc,task     ] GC(241) Using 2 workers of 2 for marking
[2026-01-15T18:37:03.210+0530][21.790s][info][gc,marking  ] GC(241) Concurrent Mark From Roots 2.740ms
[2026-01-15T18:37:03.210+0530][21.790s][info][gc,marking  ] GC(241) Concurrent Preclean
[2026-01-15T18:37:03.210+0530][21.790s][info][gc,marking  ] GC(241) Concurrent Preclean 0.012ms
[2026-01-15T18:37:03.211+0530][21.790s][info][gc,start    ] GC(241) Pause Remark
[2026-01-15T18:37:03.212+0530][21.791s][info][gc          ] GC(241) Pause Remark 121M->121M(256M) 1.089ms
[2026-01-15T18:37:03.212+0530][21.791s][info][gc,cpu      ] GC(241) User=0.00s Sys=0.00s Real=0.00s
[2026-01-15T18:37:03.212+0530][21.792s][info][gc,marking  ] GC(241) Concurrent Mark 4.130ms
[2026-01-15T18:37:03.212+0530][21.792s][info][gc,marking  ] GC(241) Concurrent Rebuild Remembered Sets and Scrub Regions
[2026-01-15T18:37:03.212+0530][21.792s][info][gc,marking  ] GC(241) Concurrent Rebuild Remembered Sets and Scrub Regions 0.600ms
[2026-01-15T18:37:03.212+0530][21.792s][info][gc,start    ] GC(241) Pause Cleanup
[2026-01-15T18:37:03.213+0530][21.792s][info][gc          ] GC(241) Pause Cleanup 121M->121M(256M) 0.193ms
[2026-01-15T18:37:03.213+0530][21.792s][info][gc,cpu      ] GC(241) User=0.00s Sys=0.00s Real=0.00s
[2026-01-15T18:37:03.213+0530][21.793s][info][gc,marking  ] GC(241) Concurrent Clear Claimed Marks
[2026-01-15T18:37:03.213+0530][21.793s][info][gc,marking  ] GC(241) Concurrent Clear Claimed Marks 0.022ms
[2026-01-15T18:37:03.213+0530][21.793s][info][gc,marking  ] GC(241) Concurrent Cleanup for Next Mark
[2026-01-15T18:37:03.213+0530][21.793s][info][gc,marking  ] GC(241) Concurrent Cleanup for Next Mark 0.421ms
[2026-01-15T18:37:03.213+0530][21.793s][info][gc          ] GC(241) Concurrent Mark Cycle 5.644ms
[2026-01-15T18:37:03.269+0530][21.849s][info][gc,start    ] GC(242) Pause Young (Concurrent Start) (G1 Humongous Allocation)
[2026-01-15T18:37:03.269+0530][21.849s][info][gc,task     ] GC(242) Using 6 workers of 8 for evacuation
[2026-01-15T18:37:03.270+0530][21.850s][info][gc,phases   ] GC(242)   Pre Evacuate Collection Set: 0.2ms
[2026-01-15T18:37:03.270+0530][21.850s][info][gc,phases   ] GC(242)   Merge Heap Roots: 0.1ms
[2026-01-15T18:37:03.270+0530][21.850s][info][gc,phases   ] GC(242)   Evacuate Collection Set: 0.2ms
[2026-01-15T18:37:03.270+0530][21.850s][info][gc,phases   ] GC(242)   Post Evacuate Collection Set: 0.6ms
[2026-01-15T18:37:03.270+0530][21.850s][info][gc,phases   ] GC(242)   Other: 0.1ms
[2026-01-15T18:37:03.270+0530][21.850s][info][gc,heap     ] GC(242) Eden regions: 0->0(14)
[2026-01-15T18:37:03.270+0530][21.850s][info][gc,heap     ] GC(242) Survivor regions: 0->0(2)
[2026-01-15T18:37:03.270+0530][21.850s][info][gc,heap     ] GC(242) Old regions: 2->2
[2026-01-15T18:37:03.270+0530][21.850s][info][gc,heap     ] GC(242) Humongous regions: 120->0
[2026-01-15T18:37:03.270+0530][21.850s][info][gc,metaspace] GC(242) Metaspace: 813K(960K)->813K(960K) NonClass: 759K(832K)->759K(832K) Class: 53K(128K)->53K(128K)
[2026-01-15T18:37:03.270+0530][21.850s][info][gc          ] GC(242) Pause Young (Concurrent Start) (G1 Humongous Allocation) 121M->1M(256M) 1.461ms
[2026-01-15T18:37:03.270+0530][21.850s][info][gc,cpu      ] GC(242) User=0.00s Sys=0.00s Real=0.00s
[2026-01-15T18:37:03.270+0530][21.850s][info][gc          ] GC(243) Concurrent Undo Cycle
[2026-01-15T18:37:03.270+0530][21.850s][info][gc,marking  ] GC(243) Concurrent Clear Claimed Marks
[2026-01-15T18:37:03.270+0530][21.850s][info][gc,marking  ] GC(243) Concurrent Clear Claimed Marks 0.011ms
[2026-01-15T18:37:03.270+0530][21.850s][info][gc,marking  ] GC(243) Concurrent Cleanup for Next Mark
[2026-01-15T18:37:03.270+0530][21.850s][info][gc,marking  ] GC(243) Concurrent Cleanup for Next Mark 0.103ms
[2026-01-15T18:37:03.271+0530][21.851s][info][gc          ] GC(243) Concurrent Undo Cycle 0.187ms
[2026-01-15T18:37:03.584+0530][22.164s][info][gc,start    ] GC(244) Pause Young (Concurrent Start) (G1 Humongous Allocation)
[2026-01-15T18:37:03.584+0530][22.164s][info][gc,task     ] GC(244) Using 6 workers of 8 for evacuation
[2026-01-15T18:37:03.586+0530][22.166s][info][gc,phases   ] GC(244)   Pre Evacuate Collection Set: 0.4ms
[2026-01-15T18:37:03.586+0530][22.166s][info][gc,phases   ] GC(244)   Merge Heap Roots: 0.2ms
[2026-01-15T18:37:03.586+0530][22.167s][info][gc,phases   ] GC(244)   Evacuate Collection Set: 0.5ms
[2026-01-15T18:37:03.586+0530][22.167s][info][gc,phases   ] GC(244)   Post Evacuate Collection Set: 0.9ms
[2026-01-15T18:37:03.586+0530][22.167s][info][gc,phases   ] GC(244)   Other: 0.4ms
[2026-01-15T18:37:03.586+0530][22.167s][info][gc,heap     ] GC(244) Eden regions: 0->0(14)
[2026-01-15T18:37:03.586+0530][22.167s][info][gc,heap     ] GC(244) Survivor regions: 0->0(2)
[2026-01-15T18:37:03.586+0530][22.167s][info][gc,heap     ] GC(244) Old regions: 2->2
[2026-01-15T18:37:03.586+0530][22.167s][info][gc,heap     ] GC(244) Humongous regions: 114->114
[2026-01-15T18:37:03.587+0530][22.167s][info][gc,metaspace] GC(244) Metaspace: 813K(960K)->813K(960K) NonClass: 759K(832K)->759K(832K) Class: 53K(128K)->53K(128K)
[2026-01-15T18:37:03.587+0530][22.167s][info][gc          ] GC(244) Pause Young (Concurrent Start) (G1 Humongous Allocation) 115M->115M(256M) 2.918ms
[2026-01-15T18:37:03.587+0530][22.167s][info][gc,cpu      ] GC(244) User=0.00s Sys=0.00s Real=0.00s
[2026-01-15T18:37:03.587+0530][22.167s][info][gc          ] GC(245) Concurrent Mark Cycle
[2026-01-15T18:37:03.587+0530][22.167s][info][gc,marking  ] GC(245) Concurrent Scan Root Regions
[2026-01-15T18:37:03.587+0530][22.167s][info][gc,marking  ] GC(245) Concurrent Scan Root Regions 0.027ms
[2026-01-15T18:37:03.587+0530][22.167s][info][gc,marking  ] GC(245) Concurrent Mark
[2026-01-15T18:37:03.587+0530][22.167s][info][gc,marking  ] GC(245) Concurrent Mark From Roots
[2026-01-15T18:37:03.587+0530][22.167s][info][gc,task     ] GC(245) Using 2 workers of 2 for marking
[2026-01-15T18:37:03.589+0530][22.169s][info][gc,marking  ] GC(245) Concurrent Mark From Roots 2.209ms
[2026-01-15T18:37:03.589+0530][22.169s][info][gc,marking  ] GC(245) Concurrent Preclean
[2026-01-15T18:37:03.589+0530][22.169s][info][gc,marking  ] GC(245) Concurrent Preclean 0.010ms
[2026-01-15T18:37:03.589+0530][22.169s][info][gc,start    ] GC(245) Pause Remark
[2026-01-15T18:37:03.591+0530][22.170s][info][gc          ] GC(245) Pause Remark 121M->121M(256M) 1.033ms
[2026-01-15T18:37:03.591+0530][22.170s][info][gc,cpu      ] GC(245) User=0.00s Sys=0.00s Real=0.00s
[2026-01-15T18:37:03.591+0530][22.171s][info][gc,marking  ] GC(245) Concurrent Mark 3.463ms
[2026-01-15T18:37:03.591+0530][22.171s][info][gc,marking  ] GC(245) Concurrent Rebuild Remembered Sets and Scrub Regions
[2026-01-15T18:37:03.592+0530][22.171s][info][gc,marking  ] GC(245) Concurrent Rebuild Remembered Sets and Scrub Regions 0.797ms
[2026-01-15T18:37:03.592+0530][22.171s][info][gc,start    ] GC(245) Pause Cleanup
[2026-01-15T18:37:03.592+0530][22.172s][info][gc          ] GC(245) Pause Cleanup 121M->121M(256M) 0.202ms
[2026-01-15T18:37:03.592+0530][22.172s][info][gc,cpu      ] GC(245) User=0.00s Sys=0.00s Real=0.00s
[2026-01-15T18:37:03.592+0530][22.172s][info][gc,marking  ] GC(245) Concurrent Clear Claimed Marks
[2026-01-15T18:37:03.592+0530][22.172s][info][gc,marking  ] GC(245) Concurrent Clear Claimed Marks 0.025ms
[2026-01-15T18:37:03.592+0530][22.172s][info][gc,marking  ] GC(245) Concurrent Cleanup for Next Mark
[2026-01-15T18:37:03.593+0530][22.172s][info][gc,marking  ] GC(245) Concurrent Cleanup for Next Mark 0.405ms
[2026-01-15T18:37:03.593+0530][22.172s][info][gc          ] GC(245) Concurrent Mark Cycle 5.300ms
[2026-01-15T18:37:03.646+0530][22.225s][info][gc,start    ] GC(246) Pause Young (Concurrent Start) (G1 Humongous Allocation)
[2026-01-15T18:37:03.646+0530][22.225s][info][gc,task     ] GC(246) Using 6 workers of 8 for evacuation
[2026-01-15T18:37:03.648+0530][22.228s][info][gc,phases   ] GC(246)   Pre Evacuate Collection Set: 0.4ms
[2026-01-15T18:37:03.648+0530][22.228s][info][gc,phases   ] GC(246)   Merge Heap Roots: 0.3ms
[2026-01-15T18:37:03.648+0530][22.228s][info][gc,phases   ] GC(246)   Evacuate Collection Set: 0.4ms
[2026-01-15T18:37:03.648+0530][22.228s][info][gc,phases   ] GC(246)   Post Evacuate Collection Set: 1.0ms
[2026-01-15T18:37:03.648+0530][22.228s][info][gc,phases   ] GC(246)   Other: 0.2ms
[2026-01-15T18:37:03.648+0530][22.228s][info][gc,heap     ] GC(246) Eden regions: 0->0(14)
[2026-01-15T18:37:03.648+0530][22.228s][info][gc,heap     ] GC(246) Survivor regions: 0->0(2)
[2026-01-15T18:37:03.648+0530][22.228s][info][gc,heap     ] GC(246) Old regions: 2->2
[2026-01-15T18:37:03.648+0530][22.228s][info][gc,heap     ] GC(246) Humongous regions: 120->0
[2026-01-15T18:37:03.648+0530][22.228s][info][gc,metaspace] GC(246) Metaspace: 813K(960K)->813K(960K) NonClass: 759K(832K)->759K(832K) Class: 53K(128K)->53K(128K)
[2026-01-15T18:37:03.648+0530][22.228s][info][gc          ] GC(246) Pause Young (Concurrent Start) (G1 Humongous Allocation) 121M->1M(256M) 2.793ms
[2026-01-15T18:37:03.648+0530][22.228s][info][gc,cpu      ] GC(246) User=0.00s Sys=0.00s Real=0.00s
[2026-01-15T18:37:03.649+0530][22.228s][info][gc          ] GC(247) Concurrent Undo Cycle
[2026-01-15T18:37:03.649+0530][22.228s][info][gc,marking  ] GC(247) Concurrent Clear Claimed Marks
[2026-01-15T18:37:03.649+0530][22.228s][info][gc,marking  ] GC(247) Concurrent Clear Claimed Marks 0.023ms
[2026-01-15T18:37:03.649+0530][22.228s][info][gc,marking  ] GC(247) Concurrent Cleanup for Next Mark
[2026-01-15T18:37:03.649+0530][22.229s][info][gc,marking  ] GC(247) Concurrent Cleanup for Next Mark 0.178ms
[2026-01-15T18:37:03.649+0530][22.229s][info][gc          ] GC(247) Concurrent Undo Cycle 0.358ms
[2026-01-15T18:37:03.957+0530][22.537s][info][gc,start    ] GC(248) Pause Young (Concurrent Start) (G1 Humongous Allocation)
[2026-01-15T18:37:03.958+0530][22.537s][info][gc,task     ] GC(248) Using 6 workers of 8 for evacuation
[2026-01-15T18:37:03.959+0530][22.538s][info][gc,phases   ] GC(248)   Pre Evacuate Collection Set: 0.2ms
[2026-01-15T18:37:03.959+0530][22.539s][info][gc,phases   ] GC(248)   Merge Heap Roots: 0.1ms
[2026-01-15T18:37:03.959+0530][22.539s][info][gc,phases   ] GC(248)   Evacuate Collection Set: 0.2ms
[2026-01-15T18:37:03.959+0530][22.539s][info][gc,phases   ] GC(248)   Post Evacuate Collection Set: 0.5ms
[2026-01-15T18:37:03.959+0530][22.539s][info][gc,phases   ] GC(248)   Other: 0.2ms
[2026-01-15T18:37:03.959+0530][22.539s][info][gc,heap     ] GC(248) Eden regions: 0->0(14)
[2026-01-15T18:37:03.959+0530][22.539s][info][gc,heap     ] GC(248) Survivor regions: 0->0(2)
[2026-01-15T18:37:03.959+0530][22.539s][info][gc,heap     ] GC(248) Old regions: 2->2
[2026-01-15T18:37:03.959+0530][22.539s][info][gc,heap     ] GC(248) Humongous regions: 114->114
[2026-01-15T18:37:03.959+0530][22.539s][info][gc,metaspace] GC(248) Metaspace: 813K(960K)->813K(960K) NonClass: 759K(832K)->759K(832K) Class: 53K(128K)->53K(128K)
[2026-01-15T18:37:03.959+0530][22.539s][info][gc          ] GC(248) Pause Young (Concurrent Start) (G1 Humongous Allocation) 115M->115M(256M) 1.610ms
[2026-01-15T18:37:03.959+0530][22.539s][info][gc,cpu      ] GC(248) User=0.00s Sys=0.00s Real=0.00s
[2026-01-15T18:37:03.959+0530][22.539s][info][gc          ] GC(249) Concurrent Mark Cycle
[2026-01-15T18:37:03.959+0530][22.539s][info][gc,marking  ] GC(249) Concurrent Scan Root Regions
[2026-01-15T18:37:03.959+0530][22.539s][info][gc,marking  ] GC(249) Concurrent Scan Root Regions 0.010ms
[2026-01-15T18:37:03.959+0530][22.539s][info][gc,marking  ] GC(249) Concurrent Mark
[2026-01-15T18:37:03.959+0530][22.539s][info][gc,marking  ] GC(249) Concurrent Mark From Roots
[2026-01-15T18:37:03.959+0530][22.539s][info][gc,task     ] GC(249) Using 2 workers of 2 for marking
[2026-01-15T18:37:03.961+0530][22.540s][info][gc,marking  ] GC(249) Concurrent Mark From Roots 1.541ms
[2026-01-15T18:37:03.961+0530][22.540s][info][gc,marking  ] GC(249) Concurrent Preclean
[2026-01-15T18:37:03.961+0530][22.540s][info][gc,marking  ] GC(249) Concurrent Preclean 0.010ms
[2026-01-15T18:37:03.961+0530][22.541s][info][gc,start    ] GC(249) Pause Remark
[2026-01-15T18:37:03.962+0530][22.542s][info][gc          ] GC(249) Pause Remark 121M->121M(256M) 1.192ms
[2026-01-15T18:37:03.962+0530][22.542s][info][gc,cpu      ] GC(249) User=0.00s Sys=0.00s Real=0.00s
[2026-01-15T18:37:03.962+0530][22.542s][info][gc,marking  ] GC(249) Concurrent Mark 2.933ms
[2026-01-15T18:37:03.962+0530][22.542s][info][gc,marking  ] GC(249) Concurrent Rebuild Remembered Sets and Scrub Regions
[2026-01-15T18:37:03.962+0530][22.542s][info][gc,marking  ] GC(249) Concurrent Rebuild Remembered Sets and Scrub Regions 0.596ms
[2026-01-15T18:37:03.962+0530][22.543s][info][gc,start    ] GC(249) Pause Cleanup
[2026-01-15T18:37:03.963+0530][22.543s][info][gc          ] GC(249) Pause Cleanup 121M->121M(256M) 0.266ms
[2026-01-15T18:37:03.963+0530][22.543s][info][gc,cpu      ] GC(249) User=0.00s Sys=0.00s Real=0.00s
[2026-01-15T18:37:03.963+0530][22.543s][info][gc,marking  ] GC(249) Concurrent Clear Claimed Marks
[2026-01-15T18:37:03.963+0530][22.543s][info][gc,marking  ] GC(249) Concurrent Clear Claimed Marks 0.022ms
[2026-01-15T18:37:03.963+0530][22.543s][info][gc,marking  ] GC(249) Concurrent Cleanup for Next Mark
[2026-01-15T18:37:03.963+0530][22.543s][info][gc,marking  ] GC(249) Concurrent Cleanup for Next Mark 0.434ms
[2026-01-15T18:37:03.963+0530][22.543s][info][gc          ] GC(249) Concurrent Mark Cycle 4.572ms
[2026-01-15T18:37:04.020+0530][22.600s][info][gc,start    ] GC(250) Pause Young (Concurrent Start) (G1 Humongous Allocation)
[2026-01-15T18:37:04.020+0530][22.600s][info][gc,task     ] GC(250) Using 6 workers of 8 for evacuation
[2026-01-15T18:37:04.023+0530][22.603s][info][gc,phases   ] GC(250)   Pre Evacuate Collection Set: 0.3ms
[2026-01-15T18:37:04.023+0530][22.603s][info][gc,phases   ] GC(250)   Merge Heap Roots: 0.3ms
[2026-01-15T18:37:04.023+0530][22.603s][info][gc,phases   ] GC(250)   Evacuate Collection Set: 0.4ms
[2026-01-15T18:37:04.023+0530][22.603s][info][gc,phases   ] GC(250)   Post Evacuate Collection Set: 1.7ms
[2026-01-15T18:37:04.023+0530][22.603s][info][gc,phases   ] GC(250)   Other: 0.4ms
[2026-01-15T18:37:04.023+0530][22.603s][info][gc,heap     ] GC(250) Eden regions: 0->0(14)
[2026-01-15T18:37:04.023+0530][22.603s][info][gc,heap     ] GC(250) Survivor regions: 0->0(2)
[2026-01-15T18:37:04.023+0530][22.603s][info][gc,heap     ] GC(250) Old regions: 2->2
[2026-01-15T18:37:04.023+0530][22.603s][info][gc,heap     ] GC(250) Humongous regions: 120->0
[2026-01-15T18:37:04.023+0530][22.603s][info][gc,metaspace] GC(250) Metaspace: 813K(960K)->813K(960K) NonClass: 759K(832K)->759K(832K) Class: 53K(128K)->53K(128K)
[2026-01-15T18:37:04.023+0530][22.603s][info][gc          ] GC(250) Pause Young (Concurrent Start) (G1 Humongous Allocation) 121M->1M(256M) 3.766ms
[2026-01-15T18:37:04.023+0530][22.604s][info][gc,cpu      ] GC(250) User=0.00s Sys=0.00s Real=0.00s
[2026-01-15T18:37:04.023+0530][22.604s][info][gc          ] GC(251) Concurrent Undo Cycle
[2026-01-15T18:37:04.023+0530][22.604s][info][gc,marking  ] GC(251) Concurrent Clear Claimed Marks
[2026-01-15T18:37:04.023+0530][22.604s][info][gc,marking  ] GC(251) Concurrent Clear Claimed Marks 0.026ms
[2026-01-15T18:37:04.023+0530][22.604s][info][gc,marking  ] GC(251) Concurrent Cleanup for Next Mark
[2026-01-15T18:37:04.024+0530][22.604s][info][gc,marking  ] GC(251) Concurrent Cleanup for Next Mark 0.126ms
[2026-01-15T18:37:04.024+0530][22.604s][info][gc          ] GC(251) Concurrent Undo Cycle 0.381ms
[2026-01-15T18:37:04.335+0530][22.915s][info][gc,start    ] GC(252) Pause Young (Concurrent Start) (G1 Humongous Allocation)
[2026-01-15T18:37:04.335+0530][22.915s][info][gc,task     ] GC(252) Using 6 workers of 8 for evacuation
[2026-01-15T18:37:04.337+0530][22.916s][info][gc,phases   ] GC(252)   Pre Evacuate Collection Set: 0.3ms
[2026-01-15T18:37:04.337+0530][22.916s][info][gc,phases   ] GC(252)   Merge Heap Roots: 0.1ms
[2026-01-15T18:37:04.337+0530][22.916s][info][gc,phases   ] GC(252)   Evacuate Collection Set: 0.3ms
[2026-01-15T18:37:04.337+0530][22.916s][info][gc,phases   ] GC(252)   Post Evacuate Collection Set: 0.6ms
[2026-01-15T18:37:04.337+0530][22.916s][info][gc,phases   ] GC(252)   Other: 0.2ms
[2026-01-15T18:37:04.337+0530][22.916s][info][gc,heap     ] GC(252) Eden regions: 0->0(14)
[2026-01-15T18:37:04.337+0530][22.916s][info][gc,heap     ] GC(252) Survivor regions: 0->0(2)
[2026-01-15T18:37:04.337+0530][22.916s][info][gc,heap     ] GC(252) Old regions: 2->2
[2026-01-15T18:37:04.337+0530][22.916s][info][gc,heap     ] GC(252) Humongous regions: 114->114
[2026-01-15T18:37:04.337+0530][22.917s][info][gc,metaspace] GC(252) Metaspace: 813K(960K)->813K(960K) NonClass: 759K(832K)->759K(832K) Class: 53K(128K)->53K(128K)
[2026-01-15T18:37:04.337+0530][22.917s][info][gc          ] GC(252) Pause Young (Concurrent Start) (G1 Humongous Allocation) 115M->115M(256M) 1.963ms
[2026-01-15T18:37:04.337+0530][22.917s][info][gc,cpu      ] GC(252) User=0.00s Sys=0.00s Real=0.00s
[2026-01-15T18:37:04.337+0530][22.917s][info][gc          ] GC(253) Concurrent Mark Cycle
[2026-01-15T18:37:04.337+0530][22.917s][info][gc,marking  ] GC(253) Concurrent Scan Root Regions
[2026-01-15T18:37:04.337+0530][22.917s][info][gc,marking  ] GC(253) Concurrent Scan Root Regions 0.013ms
[2026-01-15T18:37:04.337+0530][22.917s][info][gc,marking  ] GC(253) Concurrent Mark
[2026-01-15T18:37:04.337+0530][22.917s][info][gc,marking  ] GC(253) Concurrent Mark From Roots
[2026-01-15T18:37:04.337+0530][22.917s][info][gc,task     ] GC(253) Using 2 workers of 2 for marking
[2026-01-15T18:37:04.339+0530][22.919s][info][gc,marking  ] GC(253) Concurrent Mark From Roots 1.752ms
[2026-01-15T18:37:04.339+0530][22.919s][info][gc,marking  ] GC(253) Concurrent Preclean
[2026-01-15T18:37:04.339+0530][22.919s][info][gc,marking  ] GC(253) Concurrent Preclean 0.010ms
[2026-01-15T18:37:04.339+0530][22.919s][info][gc,start    ] GC(253) Pause Remark
[2026-01-15T18:37:04.340+0530][22.920s][info][gc          ] GC(253) Pause Remark 121M->121M(256M) 1.087ms
[2026-01-15T18:37:04.340+0530][22.920s][info][gc,cpu      ] GC(253) User=0.00s Sys=0.00s Real=0.00s
[2026-01-15T18:37:04.341+0530][22.920s][info][gc,marking  ] GC(253) Concurrent Mark 3.052ms
[2026-01-15T18:37:04.341+0530][22.920s][info][gc,marking  ] GC(253) Concurrent Rebuild Remembered Sets and Scrub Regions
[2026-01-15T18:37:04.341+0530][22.921s][info][gc,marking  ] GC(253) Concurrent Rebuild Remembered Sets and Scrub Regions 0.582ms
[2026-01-15T18:37:04.341+0530][22.921s][info][gc,start    ] GC(253) Pause Cleanup
[2026-01-15T18:37:04.341+0530][22.921s][info][gc          ] GC(253) Pause Cleanup 121M->121M(256M) 0.166ms
[2026-01-15T18:37:04.341+0530][22.921s][info][gc,cpu      ] GC(253) User=0.00s Sys=0.00s Real=0.00s
[2026-01-15T18:37:04.341+0530][22.921s][info][gc,marking  ] GC(253) Concurrent Clear Claimed Marks
[2026-01-15T18:37:04.341+0530][22.921s][info][gc,marking  ] GC(253) Concurrent Clear Claimed Marks 0.027ms
[2026-01-15T18:37:04.341+0530][22.921s][info][gc,marking  ] GC(253) Concurrent Cleanup for Next Mark
[2026-01-15T18:37:04.342+0530][22.921s][info][gc,marking  ] GC(253) Concurrent Cleanup for Next Mark 0.516ms
[2026-01-15T18:37:04.342+0530][22.922s][info][gc          ] GC(253) Concurrent Mark Cycle 4.720ms
[2026-01-15T18:37:04.397+0530][22.977s][info][gc,start    ] GC(254) Pause Young (Concurrent Start) (G1 Humongous Allocation)
[2026-01-15T18:37:04.398+0530][22.978s][info][gc,task     ] GC(254) Using 6 workers of 8 for evacuation
[2026-01-15T18:37:04.399+0530][22.979s][info][gc,phases   ] GC(254)   Pre Evacuate Collection Set: 0.4ms
[2026-01-15T18:37:04.399+0530][22.979s][info][gc,phases   ] GC(254)   Merge Heap Roots: 0.2ms
[2026-01-15T18:37:04.399+0530][22.979s][info][gc,phases   ] GC(254)   Evacuate Collection Set: 0.3ms
[2026-01-15T18:37:04.399+0530][22.979s][info][gc,phases   ] GC(254)   Post Evacuate Collection Set: 0.5ms
[2026-01-15T18:37:04.399+0530][22.979s][info][gc,phases   ] GC(254)   Other: 0.2ms
[2026-01-15T18:37:04.399+0530][22.979s][info][gc,heap     ] GC(254) Eden regions: 0->0(14)
[2026-01-15T18:37:04.399+0530][22.979s][info][gc,heap     ] GC(254) Survivor regions: 0->0(2)
[2026-01-15T18:37:04.399+0530][22.979s][info][gc,heap     ] GC(254) Old regions: 2->2
[2026-01-15T18:37:04.399+0530][22.979s][info][gc,heap     ] GC(254) Humongous regions: 120->0
[2026-01-15T18:37:04.399+0530][22.979s][info][gc,metaspace] GC(254) Metaspace: 813K(960K)->813K(960K) NonClass: 759K(832K)->759K(832K) Class: 53K(128K)->53K(128K)
[2026-01-15T18:37:04.399+0530][22.979s][info][gc          ] GC(254) Pause Young (Concurrent Start) (G1 Humongous Allocation) 121M->1M(256M) 2.212ms
[2026-01-15T18:37:04.399+0530][22.979s][info][gc,cpu      ] GC(254) User=0.00s Sys=0.02s Real=0.00s
[2026-01-15T18:37:04.399+0530][22.979s][info][gc          ] GC(255) Concurrent Undo Cycle
[2026-01-15T18:37:04.399+0530][22.979s][info][gc,marking  ] GC(255) Concurrent Clear Claimed Marks
[2026-01-15T18:37:04.399+0530][22.979s][info][gc,marking  ] GC(255) Concurrent Clear Claimed Marks 0.010ms
[2026-01-15T18:37:04.399+0530][22.979s][info][gc,marking  ] GC(255) Concurrent Cleanup for Next Mark
[2026-01-15T18:37:04.399+0530][22.980s][info][gc,marking  ] GC(255) Concurrent Cleanup for Next Mark 0.131ms
[2026-01-15T18:37:04.399+0530][22.980s][info][gc          ] GC(255) Concurrent Undo Cycle 0.211ms
[2026-01-15T18:37:04.708+0530][23.289s][info][gc,start    ] GC(256) Pause Young (Concurrent Start) (G1 Humongous Allocation)
[2026-01-15T18:37:04.708+0530][23.289s][info][gc,task     ] GC(256) Using 6 workers of 8 for evacuation
[2026-01-15T18:37:04.711+0530][23.290s][info][gc,phases   ] GC(256)   Pre Evacuate Collection Set: 0.4ms
[2026-01-15T18:37:04.711+0530][23.290s][info][gc,phases   ] GC(256)   Merge Heap Roots: 0.2ms
[2026-01-15T18:37:04.711+0530][23.290s][info][gc,phases   ] GC(256)   Evacuate Collection Set: 0.3ms
[2026-01-15T18:37:04.711+0530][23.290s][info][gc,phases   ] GC(256)   Post Evacuate Collection Set: 0.7ms
[2026-01-15T18:37:04.711+0530][23.291s][info][gc,phases   ] GC(256)   Other: 0.2ms
[2026-01-15T18:37:04.711+0530][23.291s][info][gc,heap     ] GC(256) Eden regions: 0->0(14)
[2026-01-15T18:37:04.711+0530][23.291s][info][gc,heap     ] GC(256) Survivor regions: 0->0(2)
[2026-01-15T18:37:04.711+0530][23.291s][info][gc,heap     ] GC(256) Old regions: 2->2
[2026-01-15T18:37:04.711+0530][23.291s][info][gc,heap     ] GC(256) Humongous regions: 114->114
[2026-01-15T18:37:04.711+0530][23.291s][info][gc,metaspace] GC(256) Metaspace: 813K(960K)->813K(960K) NonClass: 759K(832K)->759K(832K) Class: 53K(128K)->53K(128K)
[2026-01-15T18:37:04.711+0530][23.291s][info][gc          ] GC(256) Pause Young (Concurrent Start) (G1 Humongous Allocation) 115M->115M(256M) 2.113ms
[2026-01-15T18:37:04.711+0530][23.291s][info][gc,cpu      ] GC(256) User=0.00s Sys=0.02s Real=0.00s
[2026-01-15T18:37:04.711+0530][23.291s][info][gc          ] GC(257) Concurrent Mark Cycle
[2026-01-15T18:37:04.711+0530][23.291s][info][gc,marking  ] GC(257) Concurrent Scan Root Regions
[2026-01-15T18:37:04.711+0530][23.291s][info][gc,marking  ] GC(257) Concurrent Scan Root Regions 0.017ms
[2026-01-15T18:37:04.711+0530][23.291s][info][gc,marking  ] GC(257) Concurrent Mark
[2026-01-15T18:37:04.711+0530][23.291s][info][gc,marking  ] GC(257) Concurrent Mark From Roots
[2026-01-15T18:37:04.711+0530][23.291s][info][gc,task     ] GC(257) Using 2 workers of 2 for marking
[2026-01-15T18:37:04.714+0530][23.294s][info][gc,marking  ] GC(257) Concurrent Mark From Roots 2.992ms
[2026-01-15T18:37:04.714+0530][23.294s][info][gc,marking  ] GC(257) Concurrent Preclean
[2026-01-15T18:37:04.714+0530][23.294s][info][gc,marking  ] GC(257) Concurrent Preclean 0.019ms
[2026-01-15T18:37:04.714+0530][23.294s][info][gc,start    ] GC(257) Pause Remark
[2026-01-15T18:37:04.716+0530][23.295s][info][gc          ] GC(257) Pause Remark 121M->121M(256M) 1.181ms
[2026-01-15T18:37:04.716+0530][23.295s][info][gc,cpu      ] GC(257) User=0.00s Sys=0.00s Real=0.00s
[2026-01-15T18:37:04.716+0530][23.295s][info][gc,marking  ] GC(257) Concurrent Mark 4.455ms
[2026-01-15T18:37:04.716+0530][23.295s][info][gc,marking  ] GC(257) Concurrent Rebuild Remembered Sets and Scrub Regions
[2026-01-15T18:37:04.717+0530][23.296s][info][gc,marking  ] GC(257) Concurrent Rebuild Remembered Sets and Scrub Regions 0.825ms
[2026-01-15T18:37:04.717+0530][23.296s][info][gc,start    ] GC(257) Pause Cleanup
[2026-01-15T18:37:04.717+0530][23.297s][info][gc          ] GC(257) Pause Cleanup 121M->121M(256M) 0.233ms
[2026-01-15T18:37:04.717+0530][23.297s][info][gc,cpu      ] GC(257) User=0.00s Sys=0.00s Real=0.00s
[2026-01-15T18:37:04.717+0530][23.297s][info][gc,marking  ] GC(257) Concurrent Clear Claimed Marks
[2026-01-15T18:37:04.717+0530][23.297s][info][gc,marking  ] GC(257) Concurrent Clear Claimed Marks 0.024ms
[2026-01-15T18:37:04.717+0530][23.297s][info][gc,marking  ] GC(257) Concurrent Cleanup for Next Mark
[2026-01-15T18:37:04.718+0530][23.297s][info][gc,marking  ] GC(257) Concurrent Cleanup for Next Mark 0.423ms
[2026-01-15T18:37:04.718+0530][23.297s][info][gc          ] GC(257) Concurrent Mark Cycle 6.377ms
[2026-01-15T18:37:04.771+0530][23.351s][info][gc,start    ] GC(258) Pause Young (Concurrent Start) (G1 Humongous Allocation)
[2026-01-15T18:37:04.771+0530][23.351s][info][gc,task     ] GC(258) Using 6 workers of 8 for evacuation
[2026-01-15T18:37:04.772+0530][23.352s][info][gc,phases   ] GC(258)   Pre Evacuate Collection Set: 0.1ms
[2026-01-15T18:37:04.772+0530][23.352s][info][gc,phases   ] GC(258)   Merge Heap Roots: 0.0ms
[2026-01-15T18:37:04.772+0530][23.352s][info][gc,phases   ] GC(258)   Evacuate Collection Set: 0.2ms
[2026-01-15T18:37:04.772+0530][23.352s][info][gc,phases   ] GC(258)   Post Evacuate Collection Set: 0.4ms
[2026-01-15T18:37:04.772+0530][23.352s][info][gc,phases   ] GC(258)   Other: 0.1ms
[2026-01-15T18:37:04.772+0530][23.352s][info][gc,heap     ] GC(258) Eden regions: 0->0(14)
[2026-01-15T18:37:04.772+0530][23.352s][info][gc,heap     ] GC(258) Survivor regions: 0->0(2)
[2026-01-15T18:37:04.772+0530][23.352s][info][gc,heap     ] GC(258) Old regions: 2->2
[2026-01-15T18:37:04.772+0530][23.352s][info][gc,heap     ] GC(258) Humongous regions: 120->0
[2026-01-15T18:37:04.772+0530][23.352s][info][gc,metaspace] GC(258) Metaspace: 813K(960K)->813K(960K) NonClass: 759K(832K)->759K(832K) Class: 53K(128K)->53K(128K)
[2026-01-15T18:37:04.772+0530][23.352s][info][gc          ] GC(258) Pause Young (Concurrent Start) (G1 Humongous Allocation) 121M->1M(256M) 1.048ms
[2026-01-15T18:37:04.772+0530][23.352s][info][gc,cpu      ] GC(258) User=0.00s Sys=0.00s Real=0.00s
[2026-01-15T18:37:04.772+0530][23.352s][info][gc          ] GC(259) Concurrent Undo Cycle
[2026-01-15T18:37:04.772+0530][23.352s][info][gc,marking  ] GC(259) Concurrent Clear Claimed Marks
[2026-01-15T18:37:04.772+0530][23.352s][info][gc,marking  ] GC(259) Concurrent Clear Claimed Marks 0.019ms
[2026-01-15T18:37:04.772+0530][23.352s][info][gc,marking  ] GC(259) Concurrent Cleanup for Next Mark
[2026-01-15T18:37:04.772+0530][23.352s][info][gc,marking  ] GC(259) Concurrent Cleanup for Next Mark 0.074ms
[2026-01-15T18:37:04.772+0530][23.352s][info][gc          ] GC(259) Concurrent Undo Cycle 0.206ms
[2026-01-15T18:37:05.080+0530][23.660s][info][gc,start    ] GC(260) Pause Young (Concurrent Start) (G1 Humongous Allocation)
[2026-01-15T18:37:05.080+0530][23.660s][info][gc,task     ] GC(260) Using 6 workers of 8 for evacuation
[2026-01-15T18:37:05.082+0530][23.662s][info][gc,phases   ] GC(260)   Pre Evacuate Collection Set: 0.4ms
[2026-01-15T18:37:05.082+0530][23.662s][info][gc,phases   ] GC(260)   Merge Heap Roots: 0.2ms
[2026-01-15T18:37:05.082+0530][23.662s][info][gc,phases   ] GC(260)   Evacuate Collection Set: 0.3ms
[2026-01-15T18:37:05.082+0530][23.662s][info][gc,phases   ] GC(260)   Post Evacuate Collection Set: 0.5ms
[2026-01-15T18:37:05.082+0530][23.662s][info][gc,phases   ] GC(260)   Other: 0.2ms
[2026-01-15T18:37:05.082+0530][23.662s][info][gc,heap     ] GC(260) Eden regions: 0->0(14)
[2026-01-15T18:37:05.082+0530][23.662s][info][gc,heap     ] GC(260) Survivor regions: 0->0(2)
[2026-01-15T18:37:05.082+0530][23.662s][info][gc,heap     ] GC(260) Old regions: 2->2
[2026-01-15T18:37:05.082+0530][23.662s][info][gc,heap     ] GC(260) Humongous regions: 114->114
[2026-01-15T18:37:05.082+0530][23.662s][info][gc,metaspace] GC(260) Metaspace: 813K(960K)->813K(960K) NonClass: 759K(832K)->759K(832K) Class: 53K(128K)->53K(128K)
[2026-01-15T18:37:05.082+0530][23.662s][info][gc          ] GC(260) Pause Young (Concurrent Start) (G1 Humongous Allocation) 115M->115M(256M) 1.751ms
[2026-01-15T18:37:05.082+0530][23.662s][info][gc,cpu      ] GC(260) User=0.00s Sys=0.00s Real=0.00s
[2026-01-15T18:37:05.082+0530][23.662s][info][gc          ] GC(261) Concurrent Mark Cycle
[2026-01-15T18:37:05.082+0530][23.662s][info][gc,marking  ] GC(261) Concurrent Scan Root Regions
[2026-01-15T18:37:05.082+0530][23.662s][info][gc,marking  ] GC(261) Concurrent Scan Root Regions 0.012ms
[2026-01-15T18:37:05.082+0530][23.662s][info][gc,marking  ] GC(261) Concurrent Mark
[2026-01-15T18:37:05.082+0530][23.662s][info][gc,marking  ] GC(261) Concurrent Mark From Roots
[2026-01-15T18:37:05.082+0530][23.662s][info][gc,task     ] GC(261) Using 2 workers of 2 for marking
[2026-01-15T18:37:05.084+0530][23.664s][info][gc,marking  ] GC(261) Concurrent Mark From Roots 1.482ms
[2026-01-15T18:37:05.084+0530][23.664s][info][gc,marking  ] GC(261) Concurrent Preclean
[2026-01-15T18:37:05.084+0530][23.664s][info][gc,marking  ] GC(261) Concurrent Preclean 0.010ms
[2026-01-15T18:37:05.084+0530][23.664s][info][gc,start    ] GC(261) Pause Remark
[2026-01-15T18:37:05.085+0530][23.665s][info][gc          ] GC(261) Pause Remark 121M->121M(256M) 1.072ms
[2026-01-15T18:37:05.085+0530][23.665s][info][gc,cpu      ] GC(261) User=0.00s Sys=0.00s Real=0.00s
[2026-01-15T18:37:05.085+0530][23.665s][info][gc,marking  ] GC(261) Concurrent Mark 2.754ms
[2026-01-15T18:37:05.085+0530][23.665s][info][gc,marking  ] GC(261) Concurrent Rebuild Remembered Sets and Scrub Regions
[2026-01-15T18:37:05.086+0530][23.665s][info][gc,marking  ] GC(261) Concurrent Rebuild Remembered Sets and Scrub Regions 0.589ms
[2026-01-15T18:37:05.086+0530][23.665s][info][gc,start    ] GC(261) Pause Cleanup
[2026-01-15T18:37:05.086+0530][23.666s][info][gc          ] GC(261) Pause Cleanup 121M->121M(256M) 0.238ms
[2026-01-15T18:37:05.086+0530][23.666s][info][gc,cpu      ] GC(261) User=0.00s Sys=0.00s Real=0.00s
[2026-01-15T18:37:05.086+0530][23.666s][info][gc,marking  ] GC(261) Concurrent Clear Claimed Marks
[2026-01-15T18:37:05.086+0530][23.666s][info][gc,marking  ] GC(261) Concurrent Clear Claimed Marks 0.022ms
[2026-01-15T18:37:05.086+0530][23.666s][info][gc,marking  ] GC(261) Concurrent Cleanup for Next Mark
[2026-01-15T18:37:05.086+0530][23.666s][info][gc,marking  ] GC(261) Concurrent Cleanup for Next Mark 0.460ms
[2026-01-15T18:37:05.086+0530][23.666s][info][gc          ] GC(261) Concurrent Mark Cycle 4.334ms
[2026-01-15T18:37:05.142+0530][23.722s][info][gc,start    ] GC(262) Pause Young (Concurrent Start) (G1 Humongous Allocation)
[2026-01-15T18:37:05.142+0530][23.722s][info][gc,task     ] GC(262) Using 6 workers of 8 for evacuation
[2026-01-15T18:37:05.144+0530][23.723s][info][gc,phases   ] GC(262)   Pre Evacuate Collection Set: 0.1ms
[2026-01-15T18:37:05.144+0530][23.723s][info][gc,phases   ] GC(262)   Merge Heap Roots: 0.1ms
[2026-01-15T18:37:05.144+0530][23.723s][info][gc,phases   ] GC(262)   Evacuate Collection Set: 0.2ms
[2026-01-15T18:37:05.144+0530][23.723s][info][gc,phases   ] GC(262)   Post Evacuate Collection Set: 0.6ms
[2026-01-15T18:37:05.144+0530][23.723s][info][gc,phases   ] GC(262)   Other: 0.2ms
[2026-01-15T18:37:05.144+0530][23.723s][info][gc,heap     ] GC(262) Eden regions: 0->0(14)
[2026-01-15T18:37:05.144+0530][23.723s][info][gc,heap     ] GC(262) Survivor regions: 0->0(2)
[2026-01-15T18:37:05.144+0530][23.723s][info][gc,heap     ] GC(262) Old regions: 2->2
[2026-01-15T18:37:05.144+0530][23.723s][info][gc,heap     ] GC(262) Humongous regions: 120->0
[2026-01-15T18:37:05.144+0530][23.723s][info][gc,metaspace] GC(262) Metaspace: 813K(960K)->813K(960K) NonClass: 759K(832K)->759K(832K) Class: 53K(128K)->53K(128K)
[2026-01-15T18:37:05.144+0530][23.723s][info][gc          ] GC(262) Pause Young (Concurrent Start) (G1 Humongous Allocation) 121M->1M(256M) 1.479ms
[2026-01-15T18:37:05.144+0530][23.723s][info][gc,cpu      ] GC(262) User=0.00s Sys=0.00s Real=0.00s
[2026-01-15T18:37:05.144+0530][23.723s][info][gc          ] GC(263) Concurrent Undo Cycle
[2026-01-15T18:37:05.144+0530][23.723s][info][gc,marking  ] GC(263) Concurrent Clear Claimed Marks
[2026-01-15T18:37:05.144+0530][23.723s][info][gc,marking  ] GC(263) Concurrent Clear Claimed Marks 0.011ms
[2026-01-15T18:37:05.144+0530][23.723s][info][gc,marking  ] GC(263) Concurrent Cleanup for Next Mark
[2026-01-15T18:37:05.144+0530][23.723s][info][gc,marking  ] GC(263) Concurrent Cleanup for Next Mark 0.146ms
[2026-01-15T18:37:05.144+0530][23.723s][info][gc          ] GC(263) Concurrent Undo Cycle 0.232ms
[2026-01-15T18:37:05.455+0530][24.035s][info][gc,start    ] GC(264) Pause Young (Concurrent Start) (G1 Humongous Allocation)
[2026-01-15T18:37:05.455+0530][24.035s][info][gc,task     ] GC(264) Using 6 workers of 8 for evacuation
[2026-01-15T18:37:05.456+0530][24.036s][info][gc,phases   ] GC(264)   Pre Evacuate Collection Set: 0.2ms
[2026-01-15T18:37:05.456+0530][24.036s][info][gc,phases   ] GC(264)   Merge Heap Roots: 0.0ms
[2026-01-15T18:37:05.456+0530][24.036s][info][gc,phases   ] GC(264)   Evacuate Collection Set: 0.1ms
[2026-01-15T18:37:05.456+0530][24.036s][info][gc,phases   ] GC(264)   Post Evacuate Collection Set: 0.3ms
[2026-01-15T18:37:05.456+0530][24.036s][info][gc,phases   ] GC(264)   Other: 0.2ms
[2026-01-15T18:37:05.456+0530][24.036s][info][gc,heap     ] GC(264) Eden regions: 0->0(14)
[2026-01-15T18:37:05.456+0530][24.036s][info][gc,heap     ] GC(264) Survivor regions: 0->0(2)
[2026-01-15T18:37:05.456+0530][24.036s][info][gc,heap     ] GC(264) Old regions: 2->2
[2026-01-15T18:37:05.456+0530][24.036s][info][gc,heap     ] GC(264) Humongous regions: 114->114
[2026-01-15T18:37:05.456+0530][24.036s][info][gc,metaspace] GC(264) Metaspace: 813K(960K)->813K(960K) NonClass: 759K(832K)->759K(832K) Class: 53K(128K)->53K(128K)
[2026-01-15T18:37:05.456+0530][24.036s][info][gc          ] GC(264) Pause Young (Concurrent Start) (G1 Humongous Allocation) 115M->115M(256M) 1.093ms
[2026-01-15T18:37:05.456+0530][24.036s][info][gc,cpu      ] GC(264) User=0.00s Sys=0.00s Real=0.00s
[2026-01-15T18:37:05.456+0530][24.036s][info][gc          ] GC(265) Concurrent Mark Cycle
[2026-01-15T18:37:05.456+0530][24.036s][info][gc,marking  ] GC(265) Concurrent Scan Root Regions
[2026-01-15T18:37:05.456+0530][24.036s][info][gc,marking  ] GC(265) Concurrent Scan Root Regions 0.014ms
[2026-01-15T18:37:05.456+0530][24.036s][info][gc,marking  ] GC(265) Concurrent Mark
[2026-01-15T18:37:05.456+0530][24.036s][info][gc,marking  ] GC(265) Concurrent Mark From Roots
[2026-01-15T18:37:05.456+0530][24.036s][info][gc,task     ] GC(265) Using 2 workers of 2 for marking
[2026-01-15T18:37:05.459+0530][24.039s][info][gc,marking  ] GC(265) Concurrent Mark From Roots 2.360ms
[2026-01-15T18:37:05.459+0530][24.039s][info][gc,marking  ] GC(265) Concurrent Preclean
[2026-01-15T18:37:05.459+0530][24.039s][info][gc,marking  ] GC(265) Concurrent Preclean 0.014ms
[2026-01-15T18:37:05.459+0530][24.039s][info][gc,start    ] GC(265) Pause Remark
[2026-01-15T18:37:05.459+0530][24.040s][info][gc          ] GC(265) Pause Remark 121M->121M(256M) 0.897ms
[2026-01-15T18:37:05.459+0530][24.040s][info][gc,cpu      ] GC(265) User=0.02s Sys=0.00s Real=0.00s
[2026-01-15T18:37:05.459+0530][24.040s][info][gc,marking  ] GC(265) Concurrent Mark 3.502ms
[2026-01-15T18:37:05.459+0530][24.040s][info][gc,marking  ] GC(265) Concurrent Rebuild Remembered Sets and Scrub Regions
[2026-01-15T18:37:05.461+0530][24.041s][info][gc,marking  ] GC(265) Concurrent Rebuild Remembered Sets and Scrub Regions 0.643ms
[2026-01-15T18:37:05.461+0530][24.041s][info][gc,start    ] GC(265) Pause Cleanup
[2026-01-15T18:37:05.461+0530][24.041s][info][gc          ] GC(265) Pause Cleanup 121M->121M(256M) 0.179ms
[2026-01-15T18:37:05.461+0530][24.041s][info][gc,cpu      ] GC(265) User=0.00s Sys=0.00s Real=0.00s
[2026-01-15T18:37:05.461+0530][24.041s][info][gc,marking  ] GC(265) Concurrent Clear Claimed Marks
[2026-01-15T18:37:05.462+0530][24.041s][info][gc,marking  ] GC(265) Concurrent Clear Claimed Marks 0.025ms
[2026-01-15T18:37:05.462+0530][24.041s][info][gc,marking  ] GC(265) Concurrent Cleanup for Next Mark
[2026-01-15T18:37:05.462+0530][24.041s][info][gc,marking  ] GC(265) Concurrent Cleanup for Next Mark 0.474ms
[2026-01-15T18:37:05.462+0530][24.041s][info][gc          ] GC(265) Concurrent Mark Cycle 5.145ms
[2026-01-15T18:37:05.518+0530][24.097s][info][gc,start    ] GC(266) Pause Young (Concurrent Start) (G1 Humongous Allocation)
[2026-01-15T18:37:05.518+0530][24.097s][info][gc,task     ] GC(266) Using 6 workers of 8 for evacuation
[2026-01-15T18:37:05.518+0530][24.098s][info][gc,phases   ] GC(266)   Pre Evacuate Collection Set: 0.1ms
[2026-01-15T18:37:05.518+0530][24.098s][info][gc,phases   ] GC(266)   Merge Heap Roots: 0.0ms
[2026-01-15T18:37:05.518+0530][24.098s][info][gc,phases   ] GC(266)   Evacuate Collection Set: 0.1ms
[2026-01-15T18:37:05.518+0530][24.098s][info][gc,phases   ] GC(266)   Post Evacuate Collection Set: 0.2ms
[2026-01-15T18:37:05.518+0530][24.098s][info][gc,phases   ] GC(266)   Other: 0.1ms
[2026-01-15T18:37:05.518+0530][24.098s][info][gc,heap     ] GC(266) Eden regions: 0->0(14)
[2026-01-15T18:37:05.519+0530][24.098s][info][gc,heap     ] GC(266) Survivor regions: 0->0(2)
[2026-01-15T18:37:05.519+0530][24.098s][info][gc,heap     ] GC(266) Old regions: 2->2
[2026-01-15T18:37:05.519+0530][24.098s][info][gc,heap     ] GC(266) Humongous regions: 120->0
[2026-01-15T18:37:05.519+0530][24.098s][info][gc,metaspace] GC(266) Metaspace: 813K(960K)->813K(960K) NonClass: 759K(832K)->759K(832K) Class: 53K(128K)->53K(128K)
[2026-01-15T18:37:05.519+0530][24.098s][info][gc          ] GC(266) Pause Young (Concurrent Start) (G1 Humongous Allocation) 121M->1M(256M) 0.824ms
[2026-01-15T18:37:05.519+0530][24.098s][info][gc,cpu      ] GC(266) User=0.00s Sys=0.00s Real=0.00s
[2026-01-15T18:37:05.519+0530][24.098s][info][gc          ] GC(267) Concurrent Undo Cycle
[2026-01-15T18:37:05.519+0530][24.098s][info][gc,marking  ] GC(267) Concurrent Clear Claimed Marks
[2026-01-15T18:37:05.519+0530][24.098s][info][gc,marking  ] GC(267) Concurrent Clear Claimed Marks 0.017ms
[2026-01-15T18:37:05.519+0530][24.098s][info][gc,marking  ] GC(267) Concurrent Cleanup for Next Mark
[2026-01-15T18:37:05.519+0530][24.098s][info][gc,marking  ] GC(267) Concurrent Cleanup for Next Mark 0.058ms
[2026-01-15T18:37:05.519+0530][24.098s][info][gc          ] GC(267) Concurrent Undo Cycle 0.185ms
[2026-01-15T18:37:05.829+0530][24.410s][info][gc,start    ] GC(268) Pause Young (Concurrent Start) (G1 Humongous Allocation)
[2026-01-15T18:37:05.830+0530][24.410s][info][gc,task     ] GC(268) Using 6 workers of 8 for evacuation
[2026-01-15T18:37:05.831+0530][24.411s][info][gc,phases   ] GC(268)   Pre Evacuate Collection Set: 0.3ms
[2026-01-15T18:37:05.831+0530][24.411s][info][gc,phases   ] GC(268)   Merge Heap Roots: 0.2ms
[2026-01-15T18:37:05.831+0530][24.411s][info][gc,phases   ] GC(268)   Evacuate Collection Set: 0.2ms
[2026-01-15T18:37:05.831+0530][24.411s][info][gc,phases   ] GC(268)   Post Evacuate Collection Set: 0.6ms
[2026-01-15T18:37:05.831+0530][24.411s][info][gc,phases   ] GC(268)   Other: 0.2ms
[2026-01-15T18:37:05.831+0530][24.411s][info][gc,heap     ] GC(268) Eden regions: 0->0(14)
[2026-01-15T18:37:05.831+0530][24.411s][info][gc,heap     ] GC(268) Survivor regions: 0->0(2)
[2026-01-15T18:37:05.831+0530][24.411s][info][gc,heap     ] GC(268) Old regions: 2->2
[2026-01-15T18:37:05.831+0530][24.411s][info][gc,heap     ] GC(268) Humongous regions: 114->114
[2026-01-15T18:37:05.831+0530][24.411s][info][gc,metaspace] GC(268) Metaspace: 813K(960K)->813K(960K) NonClass: 759K(832K)->759K(832K) Class: 53K(128K)->53K(128K)
[2026-01-15T18:37:05.831+0530][24.411s][info][gc          ] GC(268) Pause Young (Concurrent Start) (G1 Humongous Allocation) 115M->115M(256M) 1.666ms
[2026-01-15T18:37:05.831+0530][24.411s][info][gc,cpu      ] GC(268) User=0.00s Sys=0.00s Real=0.00s
[2026-01-15T18:37:05.831+0530][24.411s][info][gc          ] GC(269) Concurrent Mark Cycle
[2026-01-15T18:37:05.831+0530][24.411s][info][gc,marking  ] GC(269) Concurrent Scan Root Regions
[2026-01-15T18:37:05.831+0530][24.411s][info][gc,marking  ] GC(269) Concurrent Scan Root Regions 0.009ms
[2026-01-15T18:37:05.831+0530][24.411s][info][gc,marking  ] GC(269) Concurrent Mark
[2026-01-15T18:37:05.831+0530][24.411s][info][gc,marking  ] GC(269) Concurrent Mark From Roots
[2026-01-15T18:37:05.831+0530][24.411s][info][gc,task     ] GC(269) Using 2 workers of 2 for marking
[2026-01-15T18:37:05.833+0530][24.413s][info][gc,marking  ] GC(269) Concurrent Mark From Roots 1.459ms
[2026-01-15T18:37:05.833+0530][24.413s][info][gc,marking  ] GC(269) Concurrent Preclean
[2026-01-15T18:37:05.833+0530][24.413s][info][gc,marking  ] GC(269) Concurrent Preclean 0.010ms
[2026-01-15T18:37:05.833+0530][24.413s][info][gc,start    ] GC(269) Pause Remark
[2026-01-15T18:37:05.834+0530][24.414s][info][gc          ] GC(269) Pause Remark 121M->121M(256M) 1.049ms
[2026-01-15T18:37:05.834+0530][24.414s][info][gc,cpu      ] GC(269) User=0.00s Sys=0.00s Real=0.00s
[2026-01-15T18:37:05.834+0530][24.414s][info][gc,marking  ] GC(269) Concurrent Mark 2.699ms
[2026-01-15T18:37:05.834+0530][24.414s][info][gc,marking  ] GC(269) Concurrent Rebuild Remembered Sets and Scrub Regions
[2026-01-15T18:37:05.835+0530][24.415s][info][gc,marking  ] GC(269) Concurrent Rebuild Remembered Sets and Scrub Regions 0.501ms
[2026-01-15T18:37:05.835+0530][24.415s][info][gc,start    ] GC(269) Pause Cleanup
[2026-01-15T18:37:05.835+0530][24.415s][info][gc          ] GC(269) Pause Cleanup 121M->121M(256M) 0.222ms
[2026-01-15T18:37:05.835+0530][24.415s][info][gc,cpu      ] GC(269) User=0.00s Sys=0.00s Real=0.00s
[2026-01-15T18:37:05.835+0530][24.415s][info][gc,marking  ] GC(269) Concurrent Clear Claimed Marks
[2026-01-15T18:37:05.835+0530][24.415s][info][gc,marking  ] GC(269) Concurrent Clear Claimed Marks 0.023ms
[2026-01-15T18:37:05.835+0530][24.415s][info][gc,marking  ] GC(269) Concurrent Cleanup for Next Mark
[2026-01-15T18:37:05.836+0530][24.415s][info][gc,marking  ] GC(269) Concurrent Cleanup for Next Mark 0.467ms
[2026-01-15T18:37:05.836+0530][24.415s][info][gc          ] GC(269) Concurrent Mark Cycle 4.202ms
[2026-01-15T18:37:05.892+0530][24.472s][info][gc,start    ] GC(270) Pause Young (Concurrent Start) (G1 Humongous Allocation)
[2026-01-15T18:37:05.892+0530][24.472s][info][gc,task     ] GC(270) Using 6 workers of 8 for evacuation
[2026-01-15T18:37:05.893+0530][24.474s][info][gc,phases   ] GC(270)   Pre Evacuate Collection Set: 0.2ms
[2026-01-15T18:37:05.893+0530][24.474s][info][gc,phases   ] GC(270)   Merge Heap Roots: 0.1ms
[2026-01-15T18:37:05.893+0530][24.474s][info][gc,phases   ] GC(270)   Evacuate Collection Set: 0.3ms
[2026-01-15T18:37:05.893+0530][24.474s][info][gc,phases   ] GC(270)   Post Evacuate Collection Set: 0.7ms
[2026-01-15T18:37:05.893+0530][24.474s][info][gc,phases   ] GC(270)   Other: 0.2ms
[2026-01-15T18:37:05.893+0530][24.474s][info][gc,heap     ] GC(270) Eden regions: 0->0(14)
[2026-01-15T18:37:05.893+0530][24.474s][info][gc,heap     ] GC(270) Survivor regions: 0->0(2)
[2026-01-15T18:37:05.893+0530][24.474s][info][gc,heap     ] GC(270) Old regions: 2->2
[2026-01-15T18:37:05.894+0530][24.474s][info][gc,heap     ] GC(270) Humongous regions: 120->0
[2026-01-15T18:37:05.894+0530][24.474s][info][gc,metaspace] GC(270) Metaspace: 813K(960K)->813K(960K) NonClass: 759K(832K)->759K(832K) Class: 53K(128K)->53K(128K)
[2026-01-15T18:37:05.894+0530][24.474s][info][gc          ] GC(270) Pause Young (Concurrent Start) (G1 Humongous Allocation) 121M->1M(256M) 1.755ms
[2026-01-15T18:37:05.894+0530][24.474s][info][gc,cpu      ] GC(270) User=0.00s Sys=0.00s Real=0.00s
[2026-01-15T18:37:05.894+0530][24.474s][info][gc          ] GC(271) Concurrent Undo Cycle
[2026-01-15T18:37:05.894+0530][24.474s][info][gc,marking  ] GC(271) Concurrent Clear Claimed Marks
[2026-01-15T18:37:05.894+0530][24.474s][info][gc,marking  ] GC(271) Concurrent Clear Claimed Marks 0.018ms
[2026-01-15T18:37:05.894+0530][24.474s][info][gc,marking  ] GC(271) Concurrent Cleanup for Next Mark
[2026-01-15T18:37:05.894+0530][24.474s][info][gc,marking  ] GC(271) Concurrent Cleanup for Next Mark 0.185ms
[2026-01-15T18:37:05.894+0530][24.474s][info][gc          ] GC(271) Concurrent Undo Cycle 0.350ms
[2026-01-15T18:37:06.206+0530][24.786s][info][gc,start    ] GC(272) Pause Young (Concurrent Start) (G1 Humongous Allocation)
[2026-01-15T18:37:06.206+0530][24.786s][info][gc,task     ] GC(272) Using 6 workers of 8 for evacuation
[2026-01-15T18:37:06.208+0530][24.788s][info][gc,phases   ] GC(272)   Pre Evacuate Collection Set: 0.3ms
[2026-01-15T18:37:06.208+0530][24.788s][info][gc,phases   ] GC(272)   Merge Heap Roots: 0.1ms
[2026-01-15T18:37:06.208+0530][24.788s][info][gc,phases   ] GC(272)   Evacuate Collection Set: 0.3ms
[2026-01-15T18:37:06.208+0530][24.788s][info][gc,phases   ] GC(272)   Post Evacuate Collection Set: 0.5ms
[2026-01-15T18:37:06.208+0530][24.788s][info][gc,phases   ] GC(272)   Other: 0.3ms
[2026-01-15T18:37:06.208+0530][24.788s][info][gc,heap     ] GC(272) Eden regions: 0->0(14)
[2026-01-15T18:37:06.208+0530][24.788s][info][gc,heap     ] GC(272) Survivor regions: 0->0(2)
[2026-01-15T18:37:06.208+0530][24.788s][info][gc,heap     ] GC(272) Old regions: 2->2
[2026-01-15T18:37:06.208+0530][24.788s][info][gc,heap     ] GC(272) Humongous regions: 114->114
[2026-01-15T18:37:06.208+0530][24.788s][info][gc,metaspace] GC(272) Metaspace: 813K(960K)->813K(960K) NonClass: 759K(832K)->759K(832K) Class: 53K(128K)->53K(128K)
[2026-01-15T18:37:06.208+0530][24.788s][info][gc          ] GC(272) Pause Young (Concurrent Start) (G1 Humongous Allocation) 115M->115M(256M) 1.674ms
[2026-01-15T18:37:06.208+0530][24.788s][info][gc,cpu      ] GC(272) User=0.00s Sys=0.00s Real=0.00s
[2026-01-15T18:37:06.208+0530][24.788s][info][gc          ] GC(273) Concurrent Mark Cycle
[2026-01-15T18:37:06.208+0530][24.788s][info][gc,marking  ] GC(273) Concurrent Scan Root Regions
[2026-01-15T18:37:06.208+0530][24.788s][info][gc,marking  ] GC(273) Concurrent Scan Root Regions 0.013ms
[2026-01-15T18:37:06.208+0530][24.788s][info][gc,marking  ] GC(273) Concurrent Mark
[2026-01-15T18:37:06.208+0530][24.788s][info][gc,marking  ] GC(273) Concurrent Mark From Roots
[2026-01-15T18:37:06.208+0530][24.788s][info][gc,task     ] GC(273) Using 2 workers of 2 for marking
[2026-01-15T18:37:06.211+0530][24.791s][info][gc,marking  ] GC(273) Concurrent Mark From Roots 2.755ms
[2026-01-15T18:37:06.211+0530][24.791s][info][gc,marking  ] GC(273) Concurrent Preclean
[2026-01-15T18:37:06.211+0530][24.791s][info][gc,marking  ] GC(273) Concurrent Preclean 0.012ms
[2026-01-15T18:37:06.212+0530][24.791s][info][gc,start    ] GC(273) Pause Remark
[2026-01-15T18:37:06.212+0530][24.792s][info][gc          ] GC(273) Pause Remark 121M->121M(256M) 0.965ms
[2026-01-15T18:37:06.212+0530][24.792s][info][gc,cpu      ] GC(273) User=0.00s Sys=0.00s Real=0.00s
[2026-01-15T18:37:06.212+0530][24.792s][info][gc,marking  ] GC(273) Concurrent Mark 3.959ms
[2026-01-15T18:37:06.212+0530][24.792s][info][gc,marking  ] GC(273) Concurrent Rebuild Remembered Sets and Scrub Regions
[2026-01-15T18:37:06.212+0530][24.793s][info][gc,marking  ] GC(273) Concurrent Rebuild Remembered Sets and Scrub Regions 0.592ms
[2026-01-15T18:37:06.213+0530][24.793s][info][gc,start    ] GC(273) Pause Cleanup
[2026-01-15T18:37:06.213+0530][24.793s][info][gc          ] GC(273) Pause Cleanup 121M->121M(256M) 0.215ms
[2026-01-15T18:37:06.213+0530][24.793s][info][gc,cpu      ] GC(273) User=0.00s Sys=0.00s Real=0.00s
[2026-01-15T18:37:06.213+0530][24.793s][info][gc,marking  ] GC(273) Concurrent Clear Claimed Marks
[2026-01-15T18:37:06.213+0530][24.793s][info][gc,marking  ] GC(273) Concurrent Clear Claimed Marks 0.022ms
[2026-01-15T18:37:06.213+0530][24.793s][info][gc,marking  ] GC(273) Concurrent Cleanup for Next Mark
[2026-01-15T18:37:06.213+0530][24.793s][info][gc,marking  ] GC(273) Concurrent Cleanup for Next Mark 0.431ms
[2026-01-15T18:37:06.213+0530][24.793s][info][gc          ] GC(273) Concurrent Mark Cycle 5.473ms
[2026-01-15T18:37:06.268+0530][24.848s][info][gc,start    ] GC(274) Pause Young (Concurrent Start) (G1 Humongous Allocation)
[2026-01-15T18:37:06.268+0530][24.848s][info][gc,task     ] GC(274) Using 6 workers of 8 for evacuation
[2026-01-15T18:37:06.270+0530][24.851s][info][gc,phases   ] GC(274)   Pre Evacuate Collection Set: 0.3ms
[2026-01-15T18:37:06.270+0530][24.851s][info][gc,phases   ] GC(274)   Merge Heap Roots: 0.2ms
[2026-01-15T18:37:06.271+0530][24.851s][info][gc,phases   ] GC(274)   Evacuate Collection Set: 0.4ms
[2026-01-15T18:37:06.271+0530][24.851s][info][gc,phases   ] GC(274)   Post Evacuate Collection Set: 1.0ms
[2026-01-15T18:37:06.271+0530][24.851s][info][gc,phases   ] GC(274)   Other: 0.4ms
[2026-01-15T18:37:06.271+0530][24.851s][info][gc,heap     ] GC(274) Eden regions: 0->0(14)
[2026-01-15T18:37:06.271+0530][24.851s][info][gc,heap     ] GC(274) Survivor regions: 0->0(2)
[2026-01-15T18:37:06.271+0530][24.851s][info][gc,heap     ] GC(274) Old regions: 2->2
[2026-01-15T18:37:06.271+0530][24.851s][info][gc,heap     ] GC(274) Humongous regions: 120->0
[2026-01-15T18:37:06.271+0530][24.851s][info][gc,metaspace] GC(274) Metaspace: 813K(960K)->813K(960K) NonClass: 759K(832K)->759K(832K) Class: 53K(128K)->53K(128K)
[2026-01-15T18:37:06.271+0530][24.851s][info][gc          ] GC(274) Pause Young (Concurrent Start) (G1 Humongous Allocation) 121M->1M(256M) 2.943ms
[2026-01-15T18:37:06.271+0530][24.851s][info][gc,cpu      ] GC(274) User=0.00s Sys=0.00s Real=0.00s
[2026-01-15T18:37:06.271+0530][24.851s][info][gc          ] GC(275) Concurrent Undo Cycle
[2026-01-15T18:37:06.271+0530][24.851s][info][gc,marking  ] GC(275) Concurrent Clear Claimed Marks
[2026-01-15T18:37:06.271+0530][24.851s][info][gc,marking  ] GC(275) Concurrent Clear Claimed Marks 0.029ms
[2026-01-15T18:37:06.271+0530][24.851s][info][gc,marking  ] GC(275) Concurrent Cleanup for Next Mark
[2026-01-15T18:37:06.271+0530][24.851s][info][gc,marking  ] GC(275) Concurrent Cleanup for Next Mark 0.201ms
[2026-01-15T18:37:06.271+0530][24.851s][info][gc          ] GC(275) Concurrent Undo Cycle 0.391ms
[2026-01-15T18:37:06.583+0530][25.162s][info][gc,start    ] GC(276) Pause Young (Concurrent Start) (G1 Humongous Allocation)
[2026-01-15T18:37:06.583+0530][25.162s][info][gc,task     ] GC(276) Using 6 workers of 8 for evacuation
[2026-01-15T18:37:06.585+0530][25.165s][info][gc,phases   ] GC(276)   Pre Evacuate Collection Set: 0.4ms
[2026-01-15T18:37:06.585+0530][25.165s][info][gc,phases   ] GC(276)   Merge Heap Roots: 0.3ms
[2026-01-15T18:37:06.585+0530][25.165s][info][gc,phases   ] GC(276)   Evacuate Collection Set: 0.5ms
[2026-01-15T18:37:06.585+0530][25.165s][info][gc,phases   ] GC(276)   Post Evacuate Collection Set: 0.9ms
[2026-01-15T18:37:06.585+0530][25.165s][info][gc,phases   ] GC(276)   Other: 0.3ms
[2026-01-15T18:37:06.585+0530][25.165s][info][gc,heap     ] GC(276) Eden regions: 0->0(14)
[2026-01-15T18:37:06.585+0530][25.165s][info][gc,heap     ] GC(276) Survivor regions: 0->0(2)
[2026-01-15T18:37:06.585+0530][25.165s][info][gc,heap     ] GC(276) Old regions: 2->2
[2026-01-15T18:37:06.585+0530][25.165s][info][gc,heap     ] GC(276) Humongous regions: 114->114
[2026-01-15T18:37:06.585+0530][25.165s][info][gc,metaspace] GC(276) Metaspace: 813K(960K)->813K(960K) NonClass: 759K(832K)->759K(832K) Class: 53K(128K)->53K(128K)
[2026-01-15T18:37:06.585+0530][25.165s][info][gc          ] GC(276) Pause Young (Concurrent Start) (G1 Humongous Allocation) 115M->115M(256M) 2.874ms
[2026-01-15T18:37:06.586+0530][25.165s][info][gc,cpu      ] GC(276) User=0.00s Sys=0.02s Real=0.00s
[2026-01-15T18:37:06.586+0530][25.165s][info][gc          ] GC(277) Concurrent Mark Cycle
[2026-01-15T18:37:06.586+0530][25.165s][info][gc,marking  ] GC(277) Concurrent Scan Root Regions
[2026-01-15T18:37:06.586+0530][25.165s][info][gc,marking  ] GC(277) Concurrent Scan Root Regions 0.027ms
[2026-01-15T18:37:06.586+0530][25.165s][info][gc,marking  ] GC(277) Concurrent Mark
[2026-01-15T18:37:06.586+0530][25.165s][info][gc,marking  ] GC(277) Concurrent Mark From Roots
[2026-01-15T18:37:06.586+0530][25.166s][info][gc,task     ] GC(277) Using 2 workers of 2 for marking
[2026-01-15T18:37:06.589+0530][25.169s][info][gc,marking  ] GC(277) Concurrent Mark From Roots 3.148ms
[2026-01-15T18:37:06.589+0530][25.169s][info][gc,marking  ] GC(277) Concurrent Preclean
[2026-01-15T18:37:06.589+0530][25.169s][info][gc,marking  ] GC(277) Concurrent Preclean 0.023ms
[2026-01-15T18:37:06.589+0530][25.169s][info][gc,start    ] GC(277) Pause Remark
[2026-01-15T18:37:06.591+0530][25.170s][info][gc          ] GC(277) Pause Remark 121M->121M(256M) 1.408ms
[2026-01-15T18:37:06.591+0530][25.170s][info][gc,cpu      ] GC(277) User=0.00s Sys=0.00s Real=0.00s
[2026-01-15T18:37:06.591+0530][25.170s][info][gc,marking  ] GC(277) Concurrent Mark 4.941ms
[2026-01-15T18:37:06.591+0530][25.170s][info][gc,marking  ] GC(277) Concurrent Rebuild Remembered Sets and Scrub Regions
[2026-01-15T18:37:06.592+0530][25.171s][info][gc,marking  ] GC(277) Concurrent Rebuild Remembered Sets and Scrub Regions 0.869ms
[2026-01-15T18:37:06.592+0530][25.171s][info][gc,start    ] GC(277) Pause Cleanup
[2026-01-15T18:37:06.592+0530][25.172s][info][gc          ] GC(277) Pause Cleanup 121M->121M(256M) 0.242ms
[2026-01-15T18:37:06.592+0530][25.172s][info][gc,cpu      ] GC(277) User=0.00s Sys=0.00s Real=0.00s
[2026-01-15T18:37:06.592+0530][25.172s][info][gc,marking  ] GC(277) Concurrent Clear Claimed Marks
[2026-01-15T18:37:06.592+0530][25.172s][info][gc,marking  ] GC(277) Concurrent Clear Claimed Marks 0.025ms
[2026-01-15T18:37:06.592+0530][25.172s][info][gc,marking  ] GC(277) Concurrent Cleanup for Next Mark
[2026-01-15T18:37:06.593+0530][25.172s][info][gc,marking  ] GC(277) Concurrent Cleanup for Next Mark 0.408ms
[2026-01-15T18:37:06.593+0530][25.172s][info][gc          ] GC(277) Concurrent Mark Cycle 6.917ms
[2026-01-15T18:37:06.646+0530][25.225s][info][gc,start    ] GC(278) Pause Young (Concurrent Start) (G1 Humongous Allocation)
[2026-01-15T18:37:06.646+0530][25.226s][info][gc,task     ] GC(278) Using 6 workers of 8 for evacuation
[2026-01-15T18:37:06.647+0530][25.227s][info][gc,phases   ] GC(278)   Pre Evacuate Collection Set: 0.2ms
[2026-01-15T18:37:06.647+0530][25.227s][info][gc,phases   ] GC(278)   Merge Heap Roots: 0.1ms
[2026-01-15T18:37:06.647+0530][25.227s][info][gc,phases   ] GC(278)   Evacuate Collection Set: 0.1ms
[2026-01-15T18:37:06.647+0530][25.227s][info][gc,phases   ] GC(278)   Post Evacuate Collection Set: 0.4ms
[2026-01-15T18:37:06.647+0530][25.227s][info][gc,phases   ] GC(278)   Other: 0.1ms
[2026-01-15T18:37:06.647+0530][25.227s][info][gc,heap     ] GC(278) Eden regions: 0->0(14)
[2026-01-15T18:37:06.647+0530][25.227s][info][gc,heap     ] GC(278) Survivor regions: 0->0(2)
[2026-01-15T18:37:06.647+0530][25.227s][info][gc,heap     ] GC(278) Old regions: 2->2
[2026-01-15T18:37:06.647+0530][25.227s][info][gc,heap     ] GC(278) Humongous regions: 120->0
[2026-01-15T18:37:06.647+0530][25.227s][info][gc,metaspace] GC(278) Metaspace: 813K(960K)->813K(960K) NonClass: 759K(832K)->759K(832K) Class: 53K(128K)->53K(128K)
[2026-01-15T18:37:06.647+0530][25.227s][info][gc          ] GC(278) Pause Young (Concurrent Start) (G1 Humongous Allocation) 121M->1M(256M) 1.244ms
[2026-01-15T18:37:06.647+0530][25.227s][info][gc,cpu      ] GC(278) User=0.00s Sys=0.00s Real=0.00s
[2026-01-15T18:37:06.647+0530][25.227s][info][gc          ] GC(279) Concurrent Undo Cycle
[2026-01-15T18:37:06.647+0530][25.227s][info][gc,marking  ] GC(279) Concurrent Clear Claimed Marks
[2026-01-15T18:37:06.647+0530][25.227s][info][gc,marking  ] GC(279) Concurrent Clear Claimed Marks 0.011ms
[2026-01-15T18:37:06.647+0530][25.227s][info][gc,marking  ] GC(279) Concurrent Cleanup for Next Mark
[2026-01-15T18:37:06.647+0530][25.227s][info][gc,marking  ] GC(279) Concurrent Cleanup for Next Mark 0.152ms
[2026-01-15T18:37:06.647+0530][25.227s][info][gc          ] GC(279) Concurrent Undo Cycle 0.236ms
[2026-01-15T18:37:06.959+0530][25.538s][info][gc,start    ] GC(280) Pause Young (Concurrent Start) (G1 Humongous Allocation)
[2026-01-15T18:37:06.959+0530][25.538s][info][gc,task     ] GC(280) Using 6 workers of 8 for evacuation
[2026-01-15T18:37:06.959+0530][25.539s][info][gc,phases   ] GC(280)   Pre Evacuate Collection Set: 0.1ms
[2026-01-15T18:37:06.959+0530][25.539s][info][gc,phases   ] GC(280)   Merge Heap Roots: 0.0ms
[2026-01-15T18:37:06.959+0530][25.539s][info][gc,phases   ] GC(280)   Evacuate Collection Set: 0.1ms
[2026-01-15T18:37:06.959+0530][25.539s][info][gc,phases   ] GC(280)   Post Evacuate Collection Set: 0.2ms
[2026-01-15T18:37:06.959+0530][25.539s][info][gc,phases   ] GC(280)   Other: 0.1ms
[2026-01-15T18:37:06.959+0530][25.539s][info][gc,heap     ] GC(280) Eden regions: 0->0(14)
[2026-01-15T18:37:06.959+0530][25.539s][info][gc,heap     ] GC(280) Survivor regions: 0->0(2)
[2026-01-15T18:37:06.959+0530][25.539s][info][gc,heap     ] GC(280) Old regions: 2->2
[2026-01-15T18:37:06.959+0530][25.539s][info][gc,heap     ] GC(280) Humongous regions: 114->114
[2026-01-15T18:37:06.959+0530][25.539s][info][gc,metaspace] GC(280) Metaspace: 813K(960K)->813K(960K) NonClass: 759K(832K)->759K(832K) Class: 53K(128K)->53K(128K)
[2026-01-15T18:37:06.959+0530][25.539s][info][gc          ] GC(280) Pause Young (Concurrent Start) (G1 Humongous Allocation) 115M->115M(256M) 0.757ms
[2026-01-15T18:37:06.959+0530][25.539s][info][gc,cpu      ] GC(280) User=0.00s Sys=0.00s Real=0.00s
[2026-01-15T18:37:06.959+0530][25.539s][info][gc          ] GC(281) Concurrent Mark Cycle
[2026-01-15T18:37:06.959+0530][25.539s][info][gc,marking  ] GC(281) Concurrent Scan Root Regions
[2026-01-15T18:37:06.959+0530][25.539s][info][gc,marking  ] GC(281) Concurrent Scan Root Regions 0.014ms
[2026-01-15T18:37:06.959+0530][25.539s][info][gc,marking  ] GC(281) Concurrent Mark
[2026-01-15T18:37:06.959+0530][25.539s][info][gc,marking  ] GC(281) Concurrent Mark From Roots
[2026-01-15T18:37:06.959+0530][25.539s][info][gc,task     ] GC(281) Using 2 workers of 2 for marking
[2026-01-15T18:37:06.961+0530][25.541s][info][gc,marking  ] GC(281) Concurrent Mark From Roots 1.754ms
[2026-01-15T18:37:06.961+0530][25.541s][info][gc,marking  ] GC(281) Concurrent Preclean
[2026-01-15T18:37:06.961+0530][25.541s][info][gc,marking  ] GC(281) Concurrent Preclean 0.019ms
[2026-01-15T18:37:06.961+0530][25.541s][info][gc,start    ] GC(281) Pause Remark
[2026-01-15T18:37:06.962+0530][25.541s][info][gc          ] GC(281) Pause Remark 121M->121M(256M) 0.450ms
[2026-01-15T18:37:06.962+0530][25.541s][info][gc,cpu      ] GC(281) User=0.00s Sys=0.00s Real=0.00s
[2026-01-15T18:37:06.962+0530][25.542s][info][gc,marking  ] GC(281) Concurrent Mark 2.408ms
[2026-01-15T18:37:06.962+0530][25.542s][info][gc,marking  ] GC(281) Concurrent Rebuild Remembered Sets and Scrub Regions
[2026-01-15T18:37:06.962+0530][25.542s][info][gc,marking  ] GC(281) Concurrent Rebuild Remembered Sets and Scrub Regions 0.570ms
[2026-01-15T18:37:06.962+0530][25.542s][info][gc,start    ] GC(281) Pause Cleanup
[2026-01-15T18:37:06.963+0530][25.542s][info][gc          ] GC(281) Pause Cleanup 121M->121M(256M) 0.102ms
[2026-01-15T18:37:06.963+0530][25.542s][info][gc,cpu      ] GC(281) User=0.00s Sys=0.00s Real=0.00s
[2026-01-15T18:37:06.963+0530][25.542s][info][gc,marking  ] GC(281) Concurrent Clear Claimed Marks
[2026-01-15T18:37:06.963+0530][25.542s][info][gc,marking  ] GC(281) Concurrent Clear Claimed Marks 0.032ms
[2026-01-15T18:37:06.963+0530][25.542s][info][gc,marking  ] GC(281) Concurrent Cleanup for Next Mark
[2026-01-15T18:37:06.963+0530][25.543s][info][gc,marking  ] GC(281) Concurrent Cleanup for Next Mark 0.604ms
[2026-01-15T18:37:06.963+0530][25.543s][info][gc          ] GC(281) Concurrent Mark Cycle 4.041ms
[2026-01-15T18:37:07.021+0530][25.601s][info][gc,start    ] GC(282) Pause Young (Concurrent Start) (G1 Humongous Allocation)
[2026-01-15T18:37:07.021+0530][25.601s][info][gc,task     ] GC(282) Using 6 workers of 8 for evacuation
[2026-01-15T18:37:07.022+0530][25.602s][info][gc,phases   ] GC(282)   Pre Evacuate Collection Set: 0.2ms
[2026-01-15T18:37:07.022+0530][25.602s][info][gc,phases   ] GC(282)   Merge Heap Roots: 0.0ms
[2026-01-15T18:37:07.022+0530][25.602s][info][gc,phases   ] GC(282)   Evacuate Collection Set: 0.1ms
[2026-01-15T18:37:07.022+0530][25.602s][info][gc,phases   ] GC(282)   Post Evacuate Collection Set: 0.4ms
[2026-01-15T18:37:07.022+0530][25.602s][info][gc,phases   ] GC(282)   Other: 0.1ms
[2026-01-15T18:37:07.022+0530][25.602s][info][gc,heap     ] GC(282) Eden regions: 0->0(14)
[2026-01-15T18:37:07.022+0530][25.602s][info][gc,heap     ] GC(282) Survivor regions: 0->0(2)
[2026-01-15T18:37:07.022+0530][25.602s][info][gc,heap     ] GC(282) Old regions: 2->2
[2026-01-15T18:37:07.022+0530][25.602s][info][gc,heap     ] GC(282) Humongous regions: 120->0
[2026-01-15T18:37:07.022+0530][25.602s][info][gc,metaspace] GC(282) Metaspace: 813K(960K)->813K(960K) NonClass: 759K(832K)->759K(832K) Class: 53K(128K)->53K(128K)
[2026-01-15T18:37:07.022+0530][25.602s][info][gc          ] GC(282) Pause Young (Concurrent Start) (G1 Humongous Allocation) 121M->1M(256M) 1.145ms
[2026-01-15T18:37:07.022+0530][25.602s][info][gc,cpu      ] GC(282) User=0.00s Sys=0.00s Real=0.00s
[2026-01-15T18:37:07.022+0530][25.602s][info][gc          ] GC(283) Concurrent Undo Cycle
[2026-01-15T18:37:07.022+0530][25.602s][info][gc,marking  ] GC(283) Concurrent Clear Claimed Marks
[2026-01-15T18:37:07.022+0530][25.602s][info][gc,marking  ] GC(283) Concurrent Clear Claimed Marks 0.020ms
[2026-01-15T18:37:07.022+0530][25.602s][info][gc,marking  ] GC(283) Concurrent Cleanup for Next Mark
[2026-01-15T18:37:07.022+0530][25.602s][info][gc,marking  ] GC(283) Concurrent Cleanup for Next Mark 0.104ms
[2026-01-15T18:37:07.022+0530][25.602s][info][gc          ] GC(283) Concurrent Undo Cycle 0.245ms
[2026-01-15T18:37:07.334+0530][25.914s][info][gc,start    ] GC(284) Pause Young (Concurrent Start) (G1 Humongous Allocation)
[2026-01-15T18:37:07.334+0530][25.914s][info][gc,task     ] GC(284) Using 6 workers of 8 for evacuation
[2026-01-15T18:37:07.336+0530][25.915s][info][gc,phases   ] GC(284)   Pre Evacuate Collection Set: 0.2ms
[2026-01-15T18:37:07.336+0530][25.915s][info][gc,phases   ] GC(284)   Merge Heap Roots: 0.1ms
[2026-01-15T18:37:07.336+0530][25.915s][info][gc,phases   ] GC(284)   Evacuate Collection Set: 0.2ms
[2026-01-15T18:37:07.336+0530][25.915s][info][gc,phases   ] GC(284)   Post Evacuate Collection Set: 0.4ms
[2026-01-15T18:37:07.336+0530][25.915s][info][gc,phases   ] GC(284)   Other: 0.1ms
[2026-01-15T18:37:07.336+0530][25.915s][info][gc,heap     ] GC(284) Eden regions: 0->0(14)
[2026-01-15T18:37:07.336+0530][25.915s][info][gc,heap     ] GC(284) Survivor regions: 0->0(2)
[2026-01-15T18:37:07.336+0530][25.915s][info][gc,heap     ] GC(284) Old regions: 2->2
[2026-01-15T18:37:07.336+0530][25.915s][info][gc,heap     ] GC(284) Humongous regions: 114->114
[2026-01-15T18:37:07.336+0530][25.915s][info][gc,metaspace] GC(284) Metaspace: 813K(960K)->813K(960K) NonClass: 759K(832K)->759K(832K) Class: 53K(128K)->53K(128K)
[2026-01-15T18:37:07.336+0530][25.915s][info][gc          ] GC(284) Pause Young (Concurrent Start) (G1 Humongous Allocation) 115M->115M(256M) 1.234ms
[2026-01-15T18:37:07.336+0530][25.915s][info][gc,cpu      ] GC(284) User=0.03s Sys=0.00s Real=0.00s
[2026-01-15T18:37:07.336+0530][25.915s][info][gc          ] GC(285) Concurrent Mark Cycle
[2026-01-15T18:37:07.336+0530][25.915s][info][gc,marking  ] GC(285) Concurrent Scan Root Regions
[2026-01-15T18:37:07.336+0530][25.915s][info][gc,marking  ] GC(285) Concurrent Scan Root Regions 0.009ms
[2026-01-15T18:37:07.336+0530][25.915s][info][gc,marking  ] GC(285) Concurrent Mark
[2026-01-15T18:37:07.336+0530][25.915s][info][gc,marking  ] GC(285) Concurrent Mark From Roots
[2026-01-15T18:37:07.336+0530][25.915s][info][gc,task     ] GC(285) Using 2 workers of 2 for marking
[2026-01-15T18:37:07.337+0530][25.917s][info][gc,marking  ] GC(285) Concurrent Mark From Roots 1.516ms
[2026-01-15T18:37:07.337+0530][25.917s][info][gc,marking  ] GC(285) Concurrent Preclean
[2026-01-15T18:37:07.337+0530][25.917s][info][gc,marking  ] GC(285) Concurrent Preclean 0.011ms
[2026-01-15T18:37:07.337+0530][25.917s][info][gc,start    ] GC(285) Pause Remark
[2026-01-15T18:37:07.338+0530][25.918s][info][gc          ] GC(285) Pause Remark 121M->121M(256M) 0.680ms
[2026-01-15T18:37:07.338+0530][25.918s][info][gc,cpu      ] GC(285) User=0.00s Sys=0.00s Real=0.00s
[2026-01-15T18:37:07.338+0530][25.918s][info][gc,marking  ] GC(285) Concurrent Mark 2.395ms
[2026-01-15T18:37:07.338+0530][25.918s][info][gc,marking  ] GC(285) Concurrent Rebuild Remembered Sets and Scrub Regions
[2026-01-15T18:37:07.339+0530][25.918s][info][gc,marking  ] GC(285) Concurrent Rebuild Remembered Sets and Scrub Regions 0.576ms
[2026-01-15T18:37:07.339+0530][25.918s][info][gc,start    ] GC(285) Pause Cleanup
[2026-01-15T18:37:07.339+0530][25.919s][info][gc          ] GC(285) Pause Cleanup 121M->121M(256M) 0.085ms
[2026-01-15T18:37:07.339+0530][25.919s][info][gc,cpu      ] GC(285) User=0.00s Sys=0.00s Real=0.00s
[2026-01-15T18:37:07.339+0530][25.919s][info][gc,marking  ] GC(285) Concurrent Clear Claimed Marks
[2026-01-15T18:37:07.339+0530][25.919s][info][gc,marking  ] GC(285) Concurrent Clear Claimed Marks 0.014ms
[2026-01-15T18:37:07.339+0530][25.919s][info][gc,marking  ] GC(285) Concurrent Cleanup for Next Mark
[2026-01-15T18:37:07.339+0530][25.919s][info][gc,marking  ] GC(285) Concurrent Cleanup for Next Mark 0.303ms
[2026-01-15T18:37:07.339+0530][25.919s][info][gc          ] GC(285) Concurrent Mark Cycle 3.569ms
[2026-01-15T18:37:07.397+0530][25.976s][info][gc,start    ] GC(286) Pause Young (Concurrent Start) (G1 Humongous Allocation)
[2026-01-15T18:37:07.397+0530][25.976s][info][gc,task     ] GC(286) Using 6 workers of 8 for evacuation
[2026-01-15T18:37:07.398+0530][25.978s][info][gc,phases   ] GC(286)   Pre Evacuate Collection Set: 0.3ms
[2026-01-15T18:37:07.398+0530][25.978s][info][gc,phases   ] GC(286)   Merge Heap Roots: 0.1ms
[2026-01-15T18:37:07.398+0530][25.978s][info][gc,phases   ] GC(286)   Evacuate Collection Set: 0.2ms
[2026-01-15T18:37:07.398+0530][25.978s][info][gc,phases   ] GC(286)   Post Evacuate Collection Set: 0.5ms
[2026-01-15T18:37:07.398+0530][25.978s][info][gc,phases   ] GC(286)   Other: 0.1ms
[2026-01-15T18:37:07.398+0530][25.978s][info][gc,heap     ] GC(286) Eden regions: 0->0(14)
[2026-01-15T18:37:07.398+0530][25.978s][info][gc,heap     ] GC(286) Survivor regions: 0->0(2)
[2026-01-15T18:37:07.398+0530][25.978s][info][gc,heap     ] GC(286) Old regions: 2->2
[2026-01-15T18:37:07.398+0530][25.978s][info][gc,heap     ] GC(286) Humongous regions: 120->0
[2026-01-15T18:37:07.398+0530][25.978s][info][gc,metaspace] GC(286) Metaspace: 813K(960K)->813K(960K) NonClass: 759K(832K)->759K(832K) Class: 53K(128K)->53K(128K)
[2026-01-15T18:37:07.398+0530][25.978s][info][gc          ] GC(286) Pause Young (Concurrent Start) (G1 Humongous Allocation) 121M->1M(256M) 1.502ms
[2026-01-15T18:37:07.398+0530][25.978s][info][gc,cpu      ] GC(286) User=0.00s Sys=0.00s Real=0.00s
[2026-01-15T18:37:07.398+0530][25.978s][info][gc          ] GC(287) Concurrent Undo Cycle
[2026-01-15T18:37:07.398+0530][25.978s][info][gc,marking  ] GC(287) Concurrent Clear Claimed Marks
[2026-01-15T18:37:07.398+0530][25.978s][info][gc,marking  ] GC(287) Concurrent Clear Claimed Marks 0.010ms
[2026-01-15T18:37:07.398+0530][25.978s][info][gc,marking  ] GC(287) Concurrent Cleanup for Next Mark
[2026-01-15T18:37:07.398+0530][25.978s][info][gc,marking  ] GC(287) Concurrent Cleanup for Next Mark 0.107ms
[2026-01-15T18:37:07.398+0530][25.978s][info][gc          ] GC(287) Concurrent Undo Cycle 0.196ms
[2026-01-15T18:37:07.711+0530][26.292s][info][gc,start    ] GC(288) Pause Young (Concurrent Start) (G1 Humongous Allocation)
[2026-01-15T18:37:07.711+0530][26.292s][info][gc,task     ] GC(288) Using 6 workers of 8 for evacuation
[2026-01-15T18:37:07.713+0530][26.294s][info][gc,phases   ] GC(288)   Pre Evacuate Collection Set: 0.4ms
[2026-01-15T18:37:07.713+0530][26.294s][info][gc,phases   ] GC(288)   Merge Heap Roots: 0.2ms
[2026-01-15T18:37:07.713+0530][26.294s][info][gc,phases   ] GC(288)   Evacuate Collection Set: 0.3ms
[2026-01-15T18:37:07.713+0530][26.294s][info][gc,phases   ] GC(288)   Post Evacuate Collection Set: 0.8ms
[2026-01-15T18:37:07.713+0530][26.294s][info][gc,phases   ] GC(288)   Other: 0.3ms
[2026-01-15T18:37:07.713+0530][26.294s][info][gc,heap     ] GC(288) Eden regions: 0->0(14)
[2026-01-15T18:37:07.713+0530][26.294s][info][gc,heap     ] GC(288) Survivor regions: 0->0(2)
[2026-01-15T18:37:07.713+0530][26.294s][info][gc,heap     ] GC(288) Old regions: 2->2
[2026-01-15T18:37:07.713+0530][26.294s][info][gc,heap     ] GC(288) Humongous regions: 114->114
[2026-01-15T18:37:07.714+0530][26.294s][info][gc,metaspace] GC(288) Metaspace: 813K(960K)->813K(960K) NonClass: 759K(832K)->759K(832K) Class: 53K(128K)->53K(128K)
[2026-01-15T18:37:07.714+0530][26.294s][info][gc          ] GC(288) Pause Young (Concurrent Start) (G1 Humongous Allocation) 115M->115M(256M) 2.283ms
[2026-01-15T18:37:07.714+0530][26.294s][info][gc,cpu      ] GC(288) User=0.00s Sys=0.00s Real=0.00s
[2026-01-15T18:37:07.714+0530][26.294s][info][gc          ] GC(289) Concurrent Mark Cycle
[2026-01-15T18:37:07.714+0530][26.294s][info][gc,marking  ] GC(289) Concurrent Scan Root Regions
[2026-01-15T18:37:07.714+0530][26.294s][info][gc,marking  ] GC(289) Concurrent Scan Root Regions 0.017ms
[2026-01-15T18:37:07.714+0530][26.294s][info][gc,marking  ] GC(289) Concurrent Mark
[2026-01-15T18:37:07.714+0530][26.294s][info][gc,marking  ] GC(289) Concurrent Mark From Roots
[2026-01-15T18:37:07.714+0530][26.294s][info][gc,task     ] GC(289) Using 2 workers of 2 for marking
[2026-01-15T18:37:07.716+0530][26.296s][info][gc,marking  ] GC(289) Concurrent Mark From Roots 2.407ms
[2026-01-15T18:37:07.716+0530][26.296s][info][gc,marking  ] GC(289) Concurrent Preclean
[2026-01-15T18:37:07.716+0530][26.296s][info][gc,marking  ] GC(289) Concurrent Preclean 0.013ms
[2026-01-15T18:37:07.717+0530][26.296s][info][gc,start    ] GC(289) Pause Remark
[2026-01-15T18:37:07.717+0530][26.298s][info][gc          ] GC(289) Pause Remark 121M->121M(256M) 1.075ms
[2026-01-15T18:37:07.717+0530][26.298s][info][gc,cpu      ] GC(289) User=0.00s Sys=0.00s Real=0.00s
[2026-01-15T18:37:07.717+0530][26.298s][info][gc,marking  ] GC(289) Concurrent Mark 3.710ms
[2026-01-15T18:37:07.717+0530][26.298s][info][gc,marking  ] GC(289) Concurrent Rebuild Remembered Sets and Scrub Regions
[2026-01-15T18:37:07.718+0530][26.298s][info][gc,marking  ] GC(289) Concurrent Rebuild Remembered Sets and Scrub Regions 0.695ms
[2026-01-15T18:37:07.718+0530][26.299s][info][gc,start    ] GC(289) Pause Cleanup
[2026-01-15T18:37:07.718+0530][26.299s][info][gc          ] GC(289) Pause Cleanup 121M->121M(256M) 0.209ms
[2026-01-15T18:37:07.718+0530][26.299s][info][gc,cpu      ] GC(289) User=0.00s Sys=0.00s Real=0.00s
[2026-01-15T18:37:07.718+0530][26.299s][info][gc,marking  ] GC(289) Concurrent Clear Claimed Marks
[2026-01-15T18:37:07.719+0530][26.299s][info][gc,marking  ] GC(289) Concurrent Clear Claimed Marks 0.031ms
[2026-01-15T18:37:07.719+0530][26.299s][info][gc,marking  ] GC(289) Concurrent Cleanup for Next Mark
[2026-01-15T18:37:07.719+0530][26.299s][info][gc,marking  ] GC(289) Concurrent Cleanup for Next Mark 0.419ms
[2026-01-15T18:37:07.719+0530][26.299s][info][gc          ] GC(289) Concurrent Mark Cycle 5.412ms
[2026-01-15T18:37:07.773+0530][26.353s][info][gc,start    ] GC(290) Pause Young (Concurrent Start) (G1 Humongous Allocation)
[2026-01-15T18:37:07.773+0530][26.353s][info][gc,task     ] GC(290) Using 6 workers of 8 for evacuation
[2026-01-15T18:37:07.775+0530][26.354s][info][gc,phases   ] GC(290)   Pre Evacuate Collection Set: 0.4ms
[2026-01-15T18:37:07.775+0530][26.355s][info][gc,phases   ] GC(290)   Merge Heap Roots: 0.2ms
[2026-01-15T18:37:07.775+0530][26.355s][info][gc,phases   ] GC(290)   Evacuate Collection Set: 0.2ms
[2026-01-15T18:37:07.775+0530][26.355s][info][gc,phases   ] GC(290)   Post Evacuate Collection Set: 0.7ms
[2026-01-15T18:37:07.775+0530][26.355s][info][gc,phases   ] GC(290)   Other: 0.2ms
[2026-01-15T18:37:07.775+0530][26.355s][info][gc,heap     ] GC(290) Eden regions: 0->0(14)
[2026-01-15T18:37:07.775+0530][26.355s][info][gc,heap     ] GC(290) Survivor regions: 0->0(2)
[2026-01-15T18:37:07.775+0530][26.355s][info][gc,heap     ] GC(290) Old regions: 2->2
[2026-01-15T18:37:07.775+0530][26.355s][info][gc,heap     ] GC(290) Humongous regions: 120->0
[2026-01-15T18:37:07.775+0530][26.355s][info][gc,metaspace] GC(290) Metaspace: 813K(960K)->813K(960K) NonClass: 759K(832K)->759K(832K) Class: 53K(128K)->53K(128K)
[2026-01-15T18:37:07.775+0530][26.355s][info][gc          ] GC(290) Pause Young (Concurrent Start) (G1 Humongous Allocation) 121M->1M(256M) 2.204ms
[2026-01-15T18:37:07.775+0530][26.355s][info][gc,cpu      ] GC(290) User=0.00s Sys=0.00s Real=0.00s
[2026-01-15T18:37:07.775+0530][26.355s][info][gc          ] GC(291) Concurrent Undo Cycle
[2026-01-15T18:37:07.775+0530][26.355s][info][gc,marking  ] GC(291) Concurrent Clear Claimed Marks
[2026-01-15T18:37:07.775+0530][26.355s][info][gc,marking  ] GC(291) Concurrent Clear Claimed Marks 0.019ms
[2026-01-15T18:37:07.775+0530][26.355s][info][gc,marking  ] GC(291) Concurrent Cleanup for Next Mark
[2026-01-15T18:37:07.776+0530][26.355s][info][gc,marking  ] GC(291) Concurrent Cleanup for Next Mark 0.153ms
[2026-01-15T18:37:07.776+0530][26.355s][info][gc          ] GC(291) Concurrent Undo Cycle 0.377ms
[2026-01-15T18:37:08.085+0530][26.665s][info][gc,start    ] GC(292) Pause Young (Concurrent Start) (G1 Humongous Allocation)
[2026-01-15T18:37:08.085+0530][26.665s][info][gc,task     ] GC(292) Using 6 workers of 8 for evacuation
[2026-01-15T18:37:08.086+0530][26.667s][info][gc,phases   ] GC(292)   Pre Evacuate Collection Set: 0.2ms
[2026-01-15T18:37:08.087+0530][26.667s][info][gc,phases   ] GC(292)   Merge Heap Roots: 0.1ms
[2026-01-15T18:37:08.087+0530][26.667s][info][gc,phases   ] GC(292)   Evacuate Collection Set: 0.3ms
[2026-01-15T18:37:08.087+0530][26.667s][info][gc,phases   ] GC(292)   Post Evacuate Collection Set: 0.5ms
[2026-01-15T18:37:08.087+0530][26.667s][info][gc,phases   ] GC(292)   Other: 0.2ms
[2026-01-15T18:37:08.087+0530][26.667s][info][gc,heap     ] GC(292) Eden regions: 0->0(14)
[2026-01-15T18:37:08.087+0530][26.667s][info][gc,heap     ] GC(292) Survivor regions: 0->0(2)
[2026-01-15T18:37:08.087+0530][26.667s][info][gc,heap     ] GC(292) Old regions: 2->2
[2026-01-15T18:37:08.087+0530][26.667s][info][gc,heap     ] GC(292) Humongous regions: 114->114
[2026-01-15T18:37:08.087+0530][26.667s][info][gc,metaspace] GC(292) Metaspace: 813K(960K)->813K(960K) NonClass: 759K(832K)->759K(832K) Class: 53K(128K)->53K(128K)
[2026-01-15T18:37:08.087+0530][26.667s][info][gc          ] GC(292) Pause Young (Concurrent Start) (G1 Humongous Allocation) 115M->115M(256M) 1.647ms
[2026-01-15T18:37:08.087+0530][26.667s][info][gc,cpu      ] GC(292) User=0.00s Sys=0.00s Real=0.00s
[2026-01-15T18:37:08.087+0530][26.667s][info][gc          ] GC(293) Concurrent Mark Cycle
[2026-01-15T18:37:08.087+0530][26.667s][info][gc,marking  ] GC(293) Concurrent Scan Root Regions
[2026-01-15T18:37:08.087+0530][26.667s][info][gc,marking  ] GC(293) Concurrent Scan Root Regions 0.013ms
[2026-01-15T18:37:08.087+0530][26.667s][info][gc,marking  ] GC(293) Concurrent Mark
[2026-01-15T18:37:08.087+0530][26.667s][info][gc,marking  ] GC(293) Concurrent Mark From Roots
[2026-01-15T18:37:08.087+0530][26.667s][info][gc,task     ] GC(293) Using 2 workers of 2 for marking
[2026-01-15T18:37:08.089+0530][26.669s][info][gc,marking  ] GC(293) Concurrent Mark From Roots 2.182ms
[2026-01-15T18:37:08.089+0530][26.669s][info][gc,marking  ] GC(293) Concurrent Preclean
[2026-01-15T18:37:08.089+0530][26.669s][info][gc,marking  ] GC(293) Concurrent Preclean 0.028ms
[2026-01-15T18:37:08.089+0530][26.670s][info][gc,start    ] GC(293) Pause Remark
[2026-01-15T18:37:08.090+0530][26.671s][info][gc          ] GC(293) Pause Remark 121M->121M(256M) 1.125ms
[2026-01-15T18:37:08.090+0530][26.671s][info][gc,cpu      ] GC(293) User=0.00s Sys=0.00s Real=0.00s
[2026-01-15T18:37:08.091+0530][26.671s][info][gc,marking  ] GC(293) Concurrent Mark 3.695ms
[2026-01-15T18:37:08.091+0530][26.671s][info][gc,marking  ] GC(293) Concurrent Rebuild Remembered Sets and Scrub Regions
[2026-01-15T18:37:08.091+0530][26.671s][info][gc,marking  ] GC(293) Concurrent Rebuild Remembered Sets and Scrub Regions 0.588ms
[2026-01-15T18:37:08.091+0530][26.672s][info][gc,start    ] GC(293) Pause Cleanup
[2026-01-15T18:37:08.091+0530][26.672s][info][gc          ] GC(293) Pause Cleanup 121M->121M(256M) 0.230ms
[2026-01-15T18:37:08.091+0530][26.672s][info][gc,cpu      ] GC(293) User=0.00s Sys=0.00s Real=0.00s
[2026-01-15T18:37:08.092+0530][26.672s][info][gc,marking  ] GC(293) Concurrent Clear Claimed Marks
[2026-01-15T18:37:08.092+0530][26.672s][info][gc,marking  ] GC(293) Concurrent Clear Claimed Marks 0.022ms
[2026-01-15T18:37:08.092+0530][26.672s][info][gc,marking  ] GC(293) Concurrent Cleanup for Next Mark
[2026-01-15T18:37:08.092+0530][26.672s][info][gc,marking  ] GC(293) Concurrent Cleanup for Next Mark 0.448ms
[2026-01-15T18:37:08.092+0530][26.672s][info][gc          ] GC(293) Concurrent Mark Cycle 5.301ms
[2026-01-15T18:37:08.148+0530][26.727s][info][gc,start    ] GC(294) Pause Young (Concurrent Start) (G1 Humongous Allocation)
[2026-01-15T18:37:08.148+0530][26.727s][info][gc,task     ] GC(294) Using 6 workers of 8 for evacuation
[2026-01-15T18:37:08.149+0530][26.729s][info][gc,phases   ] GC(294)   Pre Evacuate Collection Set: 0.3ms
[2026-01-15T18:37:08.149+0530][26.729s][info][gc,phases   ] GC(294)   Merge Heap Roots: 0.2ms
[2026-01-15T18:37:08.149+0530][26.729s][info][gc,phases   ] GC(294)   Evacuate Collection Set: 0.3ms
[2026-01-15T18:37:08.149+0530][26.729s][info][gc,phases   ] GC(294)   Post Evacuate Collection Set: 0.5ms
[2026-01-15T18:37:08.149+0530][26.729s][info][gc,phases   ] GC(294)   Other: 0.2ms
[2026-01-15T18:37:08.149+0530][26.729s][info][gc,heap     ] GC(294) Eden regions: 0->0(14)
[2026-01-15T18:37:08.149+0530][26.729s][info][gc,heap     ] GC(294) Survivor regions: 0->0(2)
[2026-01-15T18:37:08.149+0530][26.729s][info][gc,heap     ] GC(294) Old regions: 2->2
[2026-01-15T18:37:08.149+0530][26.729s][info][gc,heap     ] GC(294) Humongous regions: 120->0
[2026-01-15T18:37:08.149+0530][26.729s][info][gc,metaspace] GC(294) Metaspace: 813K(960K)->813K(960K) NonClass: 759K(832K)->759K(832K) Class: 53K(128K)->53K(128K)
[2026-01-15T18:37:08.149+0530][26.729s][info][gc          ] GC(294) Pause Young (Concurrent Start) (G1 Humongous Allocation) 121M->1M(256M) 1.576ms
[2026-01-15T18:37:08.149+0530][26.729s][info][gc,cpu      ] GC(294) User=0.00s Sys=0.00s Real=0.00s
[2026-01-15T18:37:08.149+0530][26.729s][info][gc          ] GC(295) Concurrent Undo Cycle
[2026-01-15T18:37:08.149+0530][26.729s][info][gc,marking  ] GC(295) Concurrent Clear Claimed Marks
[2026-01-15T18:37:08.149+0530][26.729s][info][gc,marking  ] GC(295) Concurrent Clear Claimed Marks 0.010ms
[2026-01-15T18:37:08.149+0530][26.729s][info][gc,marking  ] GC(295) Concurrent Cleanup for Next Mark
[2026-01-15T18:37:08.149+0530][26.729s][info][gc,marking  ] GC(295) Concurrent Cleanup for Next Mark 0.122ms
[2026-01-15T18:37:08.149+0530][26.729s][info][gc          ] GC(295) Concurrent Undo Cycle 0.207ms
[2026-01-15T18:37:08.461+0530][27.041s][info][gc,start    ] GC(296) Pause Young (Concurrent Start) (G1 Humongous Allocation)
[2026-01-15T18:37:08.461+0530][27.041s][info][gc,task     ] GC(296) Using 6 workers of 8 for evacuation
[2026-01-15T18:37:08.463+0530][27.043s][info][gc,phases   ] GC(296)   Pre Evacuate Collection Set: 0.4ms
[2026-01-15T18:37:08.463+0530][27.043s][info][gc,phases   ] GC(296)   Merge Heap Roots: 0.1ms
[2026-01-15T18:37:08.463+0530][27.043s][info][gc,phases   ] GC(296)   Evacuate Collection Set: 0.3ms
[2026-01-15T18:37:08.463+0530][27.043s][info][gc,phases   ] GC(296)   Post Evacuate Collection Set: 0.5ms
[2026-01-15T18:37:08.463+0530][27.043s][info][gc,phases   ] GC(296)   Other: 0.2ms
[2026-01-15T18:37:08.463+0530][27.043s][info][gc,heap     ] GC(296) Eden regions: 1->0(21)
[2026-01-15T18:37:08.463+0530][27.043s][info][gc,heap     ] GC(296) Survivor regions: 0->1(2)
[2026-01-15T18:37:08.463+0530][27.043s][info][gc,heap     ] GC(296) Old regions: 2->2
[2026-01-15T18:37:08.463+0530][27.043s][info][gc,heap     ] GC(296) Humongous regions: 114->114
[2026-01-15T18:37:08.463+0530][27.043s][info][gc,metaspace] GC(296) Metaspace: 813K(960K)->813K(960K) NonClass: 759K(832K)->759K(832K) Class: 53K(128K)->53K(128K)
[2026-01-15T18:37:08.463+0530][27.043s][info][gc          ] GC(296) Pause Young (Concurrent Start) (G1 Humongous Allocation) 116M->115M(256M) 1.649ms
[2026-01-15T18:37:08.463+0530][27.043s][info][gc,cpu      ] GC(296) User=0.00s Sys=0.00s Real=0.00s
[2026-01-15T18:37:08.463+0530][27.043s][info][gc          ] GC(297) Concurrent Mark Cycle
[2026-01-15T18:37:08.463+0530][27.043s][info][gc,marking  ] GC(297) Concurrent Scan Root Regions
[2026-01-15T18:37:08.463+0530][27.043s][info][gc,marking  ] GC(297) Concurrent Scan Root Regions 0.142ms
[2026-01-15T18:37:08.463+0530][27.043s][info][gc,marking  ] GC(297) Concurrent Mark
[2026-01-15T18:37:08.463+0530][27.043s][info][gc,marking  ] GC(297) Concurrent Mark From Roots
[2026-01-15T18:37:08.463+0530][27.043s][info][gc,task     ] GC(297) Using 2 workers of 2 for marking
[2026-01-15T18:37:08.465+0530][27.044s][info][gc,marking  ] GC(297) Concurrent Mark From Roots 1.447ms
[2026-01-15T18:37:08.465+0530][27.044s][info][gc,marking  ] GC(297) Concurrent Preclean
[2026-01-15T18:37:08.465+0530][27.044s][info][gc,marking  ] GC(297) Concurrent Preclean 0.010ms
[2026-01-15T18:37:08.465+0530][27.045s][info][gc,start    ] GC(297) Pause Remark
[2026-01-15T18:37:08.466+0530][27.046s][info][gc          ] GC(297) Pause Remark 121M->121M(256M) 1.111ms
[2026-01-15T18:37:08.466+0530][27.046s][info][gc,cpu      ] GC(297) User=0.00s Sys=0.00s Real=0.00s
[2026-01-15T18:37:08.466+0530][27.046s][info][gc,marking  ] GC(297) Concurrent Mark 2.752ms
[2026-01-15T18:37:08.466+0530][27.046s][info][gc,marking  ] GC(297) Concurrent Rebuild Remembered Sets and Scrub Regions
[2026-01-15T18:37:08.467+0530][27.046s][info][gc,marking  ] GC(297) Concurrent Rebuild Remembered Sets and Scrub Regions 0.603ms
[2026-01-15T18:37:08.467+0530][27.046s][info][gc,start    ] GC(297) Pause Cleanup
[2026-01-15T18:37:08.467+0530][27.047s][info][gc          ] GC(297) Pause Cleanup 121M->121M(256M) 0.180ms
[2026-01-15T18:37:08.467+0530][27.047s][info][gc,cpu      ] GC(297) User=0.00s Sys=0.00s Real=0.00s
[2026-01-15T18:37:08.467+0530][27.047s][info][gc,marking  ] GC(297) Concurrent Clear Claimed Marks
[2026-01-15T18:37:08.467+0530][27.047s][info][gc,marking  ] GC(297) Concurrent Clear Claimed Marks 0.026ms
[2026-01-15T18:37:08.467+0530][27.047s][info][gc,marking  ] GC(297) Concurrent Cleanup for Next Mark
[2026-01-15T18:37:08.467+0530][27.047s][info][gc,marking  ] GC(297) Concurrent Cleanup for Next Mark 0.358ms
[2026-01-15T18:37:08.467+0530][27.047s][info][gc          ] GC(297) Concurrent Mark Cycle 4.285ms
[2026-01-15T18:37:08.522+0530][27.102s][info][gc,start    ] GC(298) Pause Young (Concurrent Start) (G1 Humongous Allocation)
[2026-01-15T18:37:08.522+0530][27.102s][info][gc,task     ] GC(298) Using 6 workers of 8 for evacuation
[2026-01-15T18:37:08.523+0530][27.104s][info][gc,phases   ] GC(298)   Pre Evacuate Collection Set: 0.2ms
[2026-01-15T18:37:08.523+0530][27.104s][info][gc,phases   ] GC(298)   Merge Heap Roots: 0.1ms
[2026-01-15T18:37:08.523+0530][27.104s][info][gc,phases   ] GC(298)   Evacuate Collection Set: 0.2ms
[2026-01-15T18:37:08.523+0530][27.104s][info][gc,phases   ] GC(298)   Post Evacuate Collection Set: 0.6ms
[2026-01-15T18:37:08.523+0530][27.104s][info][gc,phases   ] GC(298)   Other: 0.2ms
[2026-01-15T18:37:08.523+0530][27.104s][info][gc,heap     ] GC(298) Eden regions: 0->0(24)
[2026-01-15T18:37:08.523+0530][27.104s][info][gc,heap     ] GC(298) Survivor regions: 1->1(3)
[2026-01-15T18:37:08.523+0530][27.104s][info][gc,heap     ] GC(298) Old regions: 2->2
[2026-01-15T18:37:08.523+0530][27.104s][info][gc,heap     ] GC(298) Humongous regions: 120->0
[2026-01-15T18:37:08.524+0530][27.104s][info][gc,metaspace] GC(298) Metaspace: 813K(960K)->813K(960K) NonClass: 759K(832K)->759K(832K) Class: 53K(128K)->53K(128K)
[2026-01-15T18:37:08.524+0530][27.104s][info][gc          ] GC(298) Pause Young (Concurrent Start) (G1 Humongous Allocation) 121M->1M(256M) 1.720ms
[2026-01-15T18:37:08.524+0530][27.104s][info][gc,cpu      ] GC(298) User=0.00s Sys=0.00s Real=0.00s
[2026-01-15T18:37:08.524+0530][27.104s][info][gc          ] GC(299) Concurrent Undo Cycle
[2026-01-15T18:37:08.524+0530][27.104s][info][gc,marking  ] GC(299) Concurrent Clear Claimed Marks
[2026-01-15T18:37:08.524+0530][27.104s][info][gc,marking  ] GC(299) Concurrent Clear Claimed Marks 0.042ms
[2026-01-15T18:37:08.524+0530][27.104s][info][gc,marking  ] GC(299) Concurrent Cleanup for Next Mark
[2026-01-15T18:37:08.524+0530][27.104s][info][gc,marking  ] GC(299) Concurrent Cleanup for Next Mark 0.092ms
[2026-01-15T18:37:08.524+0530][27.104s][info][gc          ] GC(299) Concurrent Undo Cycle 0.348ms
[2026-01-15T18:37:08.835+0530][27.416s][info][gc,start    ] GC(300) Pause Young (Concurrent Start) (G1 Humongous Allocation)
[2026-01-15T18:37:08.835+0530][27.416s][info][gc,task     ] GC(300) Using 6 workers of 8 for evacuation
[2026-01-15T18:37:08.837+0530][27.417s][info][gc,phases   ] GC(300)   Pre Evacuate Collection Set: 0.3ms
[2026-01-15T18:37:08.837+0530][27.417s][info][gc,phases   ] GC(300)   Merge Heap Roots: 0.2ms
[2026-01-15T18:37:08.837+0530][27.417s][info][gc,phases   ] GC(300)   Evacuate Collection Set: 0.3ms
[2026-01-15T18:37:08.837+0530][27.417s][info][gc,phases   ] GC(300)   Post Evacuate Collection Set: 0.6ms
[2026-01-15T18:37:08.837+0530][27.417s][info][gc,phases   ] GC(300)   Other: 0.2ms
[2026-01-15T18:37:08.837+0530][27.417s][info][gc,heap     ] GC(300) Eden regions: 0->0(28)
[2026-01-15T18:37:08.837+0530][27.417s][info][gc,heap     ] GC(300) Survivor regions: 1->1(4)
[2026-01-15T18:37:08.837+0530][27.417s][info][gc,heap     ] GC(300) Old regions: 2->2
[2026-01-15T18:37:08.837+0530][27.417s][info][gc,heap     ] GC(300) Humongous regions: 114->114
[2026-01-15T18:37:08.837+0530][27.417s][info][gc,metaspace] GC(300) Metaspace: 813K(960K)->813K(960K) NonClass: 759K(832K)->759K(832K) Class: 53K(128K)->53K(128K)
[2026-01-15T18:37:08.837+0530][27.417s][info][gc          ] GC(300) Pause Young (Concurrent Start) (G1 Humongous Allocation) 115M->115M(256M) 1.803ms
[2026-01-15T18:37:08.837+0530][27.417s][info][gc,cpu      ] GC(300) User=0.00s Sys=0.00s Real=0.00s
[2026-01-15T18:37:08.837+0530][27.417s][info][gc          ] GC(301) Concurrent Mark Cycle
[2026-01-15T18:37:08.837+0530][27.417s][info][gc,marking  ] GC(301) Concurrent Scan Root Regions
[2026-01-15T18:37:08.837+0530][27.418s][info][gc,marking  ] GC(301) Concurrent Scan Root Regions 0.159ms
[2026-01-15T18:37:08.837+0530][27.418s][info][gc,marking  ] GC(301) Concurrent Mark
[2026-01-15T18:37:08.837+0530][27.418s][info][gc,marking  ] GC(301) Concurrent Mark From Roots
[2026-01-15T18:37:08.837+0530][27.418s][info][gc,task     ] GC(301) Using 2 workers of 2 for marking
[2026-01-15T18:37:08.839+0530][27.419s][info][gc,marking  ] GC(301) Concurrent Mark From Roots 1.474ms
[2026-01-15T18:37:08.839+0530][27.419s][info][gc,marking  ] GC(301) Concurrent Preclean
[2026-01-15T18:37:08.839+0530][27.419s][info][gc,marking  ] GC(301) Concurrent Preclean 0.010ms
[2026-01-15T18:37:08.839+0530][27.419s][info][gc,start    ] GC(301) Pause Remark
[2026-01-15T18:37:08.840+0530][27.420s][info][gc          ] GC(301) Pause Remark 121M->121M(256M) 1.074ms
[2026-01-15T18:37:08.840+0530][27.420s][info][gc,cpu      ] GC(301) User=0.00s Sys=0.00s Real=0.00s
[2026-01-15T18:37:08.840+0530][27.420s][info][gc,marking  ] GC(301) Concurrent Mark 2.752ms
[2026-01-15T18:37:08.840+0530][27.420s][info][gc,marking  ] GC(301) Concurrent Rebuild Remembered Sets and Scrub Regions
[2026-01-15T18:37:08.841+0530][27.421s][info][gc,marking  ] GC(301) Concurrent Rebuild Remembered Sets and Scrub Regions 0.611ms
[2026-01-15T18:37:08.841+0530][27.421s][info][gc,start    ] GC(301) Pause Cleanup
[2026-01-15T18:37:08.841+0530][27.421s][info][gc          ] GC(301) Pause Cleanup 121M->121M(256M) 0.187ms
[2026-01-15T18:37:08.841+0530][27.421s][info][gc,cpu      ] GC(301) User=0.00s Sys=0.00s Real=0.00s
[2026-01-15T18:37:08.841+0530][27.421s][info][gc,marking  ] GC(301) Concurrent Clear Claimed Marks
[2026-01-15T18:37:08.841+0530][27.421s][info][gc,marking  ] GC(301) Concurrent Clear Claimed Marks 0.023ms
[2026-01-15T18:37:08.841+0530][27.421s][info][gc,marking  ] GC(301) Concurrent Cleanup for Next Mark
[2026-01-15T18:37:08.842+0530][27.422s][info][gc,marking  ] GC(301) Concurrent Cleanup for Next Mark 0.419ms
[2026-01-15T18:37:08.842+0530][27.422s][info][gc          ] GC(301) Concurrent Mark Cycle 4.478ms
[2026-01-15T18:37:08.897+0530][27.477s][info][gc,start    ] GC(302) Pause Young (Concurrent Start) (G1 Humongous Allocation)
[2026-01-15T18:37:08.897+0530][27.478s][info][gc,task     ] GC(302) Using 6 workers of 8 for evacuation
[2026-01-15T18:37:08.900+0530][27.479s][info][gc,phases   ] GC(302)   Pre Evacuate Collection Set: 0.3ms
[2026-01-15T18:37:08.900+0530][27.480s][info][gc,phases   ] GC(302)   Merge Heap Roots: 0.1ms
[2026-01-15T18:37:08.900+0530][27.480s][info][gc,phases   ] GC(302)   Evacuate Collection Set: 0.4ms
[2026-01-15T18:37:08.900+0530][27.480s][info][gc,phases   ] GC(302)   Post Evacuate Collection Set: 0.9ms
[2026-01-15T18:37:08.900+0530][27.480s][info][gc,phases   ] GC(302)   Other: 0.2ms
[2026-01-15T18:37:08.900+0530][27.480s][info][gc,heap     ] GC(302) Eden regions: 0->0(27)
[2026-01-15T18:37:08.900+0530][27.480s][info][gc,heap     ] GC(302) Survivor regions: 1->1(4)
[2026-01-15T18:37:08.900+0530][27.480s][info][gc,heap     ] GC(302) Old regions: 2->2
[2026-01-15T18:37:08.900+0530][27.480s][info][gc,heap     ] GC(302) Humongous regions: 120->0
[2026-01-15T18:37:08.900+0530][27.480s][info][gc,metaspace] GC(302) Metaspace: 813K(960K)->813K(960K) NonClass: 759K(832K)->759K(832K) Class: 53K(128K)->53K(128K)
[2026-01-15T18:37:08.900+0530][27.480s][info][gc          ] GC(302) Pause Young (Concurrent Start) (G1 Humongous Allocation) 121M->1M(256M) 2.497ms
[2026-01-15T18:37:08.900+0530][27.480s][info][gc,cpu      ] GC(302) User=0.00s Sys=0.00s Real=0.00s
[2026-01-15T18:37:08.900+0530][27.480s][info][gc          ] GC(303) Concurrent Undo Cycle
[2026-01-15T18:37:08.900+0530][27.480s][info][gc,marking  ] GC(303) Concurrent Clear Claimed Marks
[2026-01-15T18:37:08.900+0530][27.480s][info][gc,marking  ] GC(303) Concurrent Clear Claimed Marks 0.036ms
[2026-01-15T18:37:08.900+0530][27.480s][info][gc,marking  ] GC(303) Concurrent Cleanup for Next Mark
[2026-01-15T18:37:08.901+0530][27.481s][info][gc,marking  ] GC(303) Concurrent Cleanup for Next Mark 0.295ms
[2026-01-15T18:37:08.901+0530][27.481s][info][gc          ] GC(303) Concurrent Undo Cycle 0.635ms
[2026-01-15T18:37:09.209+0530][27.789s][info][gc,start    ] GC(304) Pause Young (Concurrent Start) (G1 Humongous Allocation)
[2026-01-15T18:37:09.209+0530][27.789s][info][gc,task     ] GC(304) Using 6 workers of 8 for evacuation
[2026-01-15T18:37:09.211+0530][27.790s][info][gc,phases   ] GC(304)   Pre Evacuate Collection Set: 0.3ms
[2026-01-15T18:37:09.211+0530][27.791s][info][gc,phases   ] GC(304)   Merge Heap Roots: 0.1ms
[2026-01-15T18:37:09.211+0530][27.791s][info][gc,phases   ] GC(304)   Evacuate Collection Set: 0.3ms
[2026-01-15T18:37:09.211+0530][27.791s][info][gc,phases   ] GC(304)   Post Evacuate Collection Set: 0.5ms
[2026-01-15T18:37:09.211+0530][27.791s][info][gc,phases   ] GC(304)   Other: 0.3ms
[2026-01-15T18:37:09.211+0530][27.791s][info][gc,heap     ] GC(304) Eden regions: 0->0(30)
[2026-01-15T18:37:09.211+0530][27.791s][info][gc,heap     ] GC(304) Survivor regions: 1->1(4)
[2026-01-15T18:37:09.211+0530][27.791s][info][gc,heap     ] GC(304) Old regions: 2->2
[2026-01-15T18:37:09.211+0530][27.791s][info][gc,heap     ] GC(304) Humongous regions: 114->114
[2026-01-15T18:37:09.211+0530][27.791s][info][gc,metaspace] GC(304) Metaspace: 813K(960K)->813K(960K) NonClass: 759K(832K)->759K(832K) Class: 53K(128K)->53K(128K)
[2026-01-15T18:37:09.211+0530][27.791s][info][gc          ] GC(304) Pause Young (Concurrent Start) (G1 Humongous Allocation) 115M->115M(256M) 1.900ms
[2026-01-15T18:37:09.211+0530][27.791s][info][gc,cpu      ] GC(304) User=0.00s Sys=0.00s Real=0.00s
[2026-01-15T18:37:09.211+0530][27.791s][info][gc          ] GC(305) Concurrent Mark Cycle
[2026-01-15T18:37:09.211+0530][27.791s][info][gc,marking  ] GC(305) Concurrent Scan Root Regions
[2026-01-15T18:37:09.212+0530][27.791s][info][gc,marking  ] GC(305) Concurrent Scan Root Regions 0.163ms
[2026-01-15T18:37:09.212+0530][27.791s][info][gc,marking  ] GC(305) Concurrent Mark
[2026-01-15T18:37:09.212+0530][27.791s][info][gc,marking  ] GC(305) Concurrent Mark From Roots
[2026-01-15T18:37:09.212+0530][27.791s][info][gc,task     ] GC(305) Using 2 workers of 2 for marking
[2026-01-15T18:37:09.214+0530][27.794s][info][gc,marking  ] GC(305) Concurrent Mark From Roots 2.362ms
[2026-01-15T18:37:09.214+0530][27.794s][info][gc,marking  ] GC(305) Concurrent Preclean
[2026-01-15T18:37:09.214+0530][27.794s][info][gc,marking  ] GC(305) Concurrent Preclean 0.012ms
[2026-01-15T18:37:09.214+0530][27.794s][info][gc,start    ] GC(305) Pause Remark
[2026-01-15T18:37:09.215+0530][27.795s][info][gc          ] GC(305) Pause Remark 121M->121M(256M) 0.962ms
[2026-01-15T18:37:09.215+0530][27.795s][info][gc,cpu      ] GC(305) User=0.00s Sys=0.00s Real=0.00s
[2026-01-15T18:37:09.215+0530][27.795s][info][gc,marking  ] GC(305) Concurrent Mark 3.607ms
[2026-01-15T18:37:09.215+0530][27.795s][info][gc,marking  ] GC(305) Concurrent Rebuild Remembered Sets and Scrub Regions
[2026-01-15T18:37:09.216+0530][27.796s][info][gc,marking  ] GC(305) Concurrent Rebuild Remembered Sets and Scrub Regions 0.768ms
[2026-01-15T18:37:09.216+0530][27.796s][info][gc,start    ] GC(305) Pause Cleanup
[2026-01-15T18:37:09.216+0530][27.796s][info][gc          ] GC(305) Pause Cleanup 121M->121M(256M) 0.184ms
[2026-01-15T18:37:09.216+0530][27.796s][info][gc,cpu      ] GC(305) User=0.00s Sys=0.00s Real=0.00s
[2026-01-15T18:37:09.216+0530][27.796s][info][gc,marking  ] GC(305) Concurrent Clear Claimed Marks
[2026-01-15T18:37:09.216+0530][27.796s][info][gc,marking  ] GC(305) Concurrent Clear Claimed Marks 0.024ms
[2026-01-15T18:37:09.217+0530][27.796s][info][gc,marking  ] GC(305) Concurrent Cleanup for Next Mark
[2026-01-15T18:37:09.217+0530][27.796s][info][gc,marking  ] GC(305) Concurrent Cleanup for Next Mark 0.368ms
[2026-01-15T18:37:09.217+0530][27.796s][info][gc          ] GC(305) Concurrent Mark Cycle 5.563ms
[2026-01-15T18:37:09.270+0530][27.850s][info][gc,start    ] GC(306) Pause Young (Concurrent Start) (G1 Humongous Allocation)
[2026-01-15T18:37:09.270+0530][27.850s][info][gc,task     ] GC(306) Using 6 workers of 8 for evacuation
[2026-01-15T18:37:09.272+0530][27.851s][info][gc,phases   ] GC(306)   Pre Evacuate Collection Set: 0.3ms
[2026-01-15T18:37:09.272+0530][27.851s][info][gc,phases   ] GC(306)   Merge Heap Roots: 0.1ms
[2026-01-15T18:37:09.272+0530][27.851s][info][gc,phases   ] GC(306)   Evacuate Collection Set: 0.2ms
[2026-01-15T18:37:09.272+0530][27.851s][info][gc,phases   ] GC(306)   Post Evacuate Collection Set: 0.6ms
[2026-01-15T18:37:09.272+0530][27.851s][info][gc,phases   ] GC(306)   Other: 0.1ms
[2026-01-15T18:37:09.272+0530][27.851s][info][gc,heap     ] GC(306) Eden regions: 0->0(34)
[2026-01-15T18:37:09.272+0530][27.852s][info][gc,heap     ] GC(306) Survivor regions: 1->1(4)
[2026-01-15T18:37:09.272+0530][27.852s][info][gc,heap     ] GC(306) Old regions: 2->2
[2026-01-15T18:37:09.272+0530][27.852s][info][gc,heap     ] GC(306) Humongous regions: 120->0
[2026-01-15T18:37:09.272+0530][27.852s][info][gc,metaspace] GC(306) Metaspace: 813K(960K)->813K(960K) NonClass: 759K(832K)->759K(832K) Class: 53K(128K)->53K(128K)
[2026-01-15T18:37:09.272+0530][27.852s][info][gc          ] GC(306) Pause Young (Concurrent Start) (G1 Humongous Allocation) 121M->1M(256M) 1.631ms
[2026-01-15T18:37:09.272+0530][27.852s][info][gc,cpu      ] GC(306) User=0.00s Sys=0.00s Real=0.00s
[2026-01-15T18:37:09.272+0530][27.852s][info][gc          ] GC(307) Concurrent Undo Cycle
[2026-01-15T18:37:09.272+0530][27.852s][info][gc,marking  ] GC(307) Concurrent Clear Claimed Marks
[2026-01-15T18:37:09.272+0530][27.852s][info][gc,marking  ] GC(307) Concurrent Clear Claimed Marks 0.013ms
[2026-01-15T18:37:09.272+0530][27.852s][info][gc,marking  ] GC(307) Concurrent Cleanup for Next Mark
[2026-01-15T18:37:09.272+0530][27.852s][info][gc,marking  ] GC(307) Concurrent Cleanup for Next Mark 0.119ms
[2026-01-15T18:37:09.272+0530][27.852s][info][gc          ] GC(307) Concurrent Undo Cycle 0.246ms
[2026-01-15T18:37:09.583+0530][28.163s][info][gc,start    ] GC(308) Pause Young (Concurrent Start) (G1 Humongous Allocation)
[2026-01-15T18:37:09.583+0530][28.163s][info][gc,task     ] GC(308) Using 6 workers of 8 for evacuation
[2026-01-15T18:37:09.585+0530][28.165s][info][gc,phases   ] GC(308)   Pre Evacuate Collection Set: 0.2ms
[2026-01-15T18:37:09.585+0530][28.165s][info][gc,phases   ] GC(308)   Merge Heap Roots: 0.2ms
[2026-01-15T18:37:09.585+0530][28.165s][info][gc,phases   ] GC(308)   Evacuate Collection Set: 0.3ms
[2026-01-15T18:37:09.585+0530][28.165s][info][gc,phases   ] GC(308)   Post Evacuate Collection Set: 0.5ms
[2026-01-15T18:37:09.585+0530][28.165s][info][gc,phases   ] GC(308)   Other: 0.2ms
[2026-01-15T18:37:09.585+0530][28.165s][info][gc,heap     ] GC(308) Eden regions: 0->0(38)
[2026-01-15T18:37:09.585+0530][28.165s][info][gc,heap     ] GC(308) Survivor regions: 1->1(5)
[2026-01-15T18:37:09.585+0530][28.165s][info][gc,heap     ] GC(308) Old regions: 2->2
[2026-01-15T18:37:09.585+0530][28.165s][info][gc,heap     ] GC(308) Humongous regions: 114->114
[2026-01-15T18:37:09.585+0530][28.165s][info][gc,metaspace] GC(308) Metaspace: 813K(960K)->813K(960K) NonClass: 759K(832K)->759K(832K) Class: 53K(128K)->53K(128K)
[2026-01-15T18:37:09.585+0530][28.165s][info][gc          ] GC(308) Pause Young (Concurrent Start) (G1 Humongous Allocation) 115M->115M(256M) 1.525ms
[2026-01-15T18:37:09.585+0530][28.165s][info][gc,cpu      ] GC(308) User=0.00s Sys=0.09s Real=0.00s
[2026-01-15T18:37:09.585+0530][28.165s][info][gc          ] GC(309) Concurrent Mark Cycle
[2026-01-15T18:37:09.585+0530][28.165s][info][gc,marking  ] GC(309) Concurrent Scan Root Regions
[2026-01-15T18:37:09.585+0530][28.165s][info][gc,marking  ] GC(309) Concurrent Scan Root Regions 0.141ms
[2026-01-15T18:37:09.585+0530][28.165s][info][gc,marking  ] GC(309) Concurrent Mark
[2026-01-15T18:37:09.585+0530][28.165s][info][gc,marking  ] GC(309) Concurrent Mark From Roots
[2026-01-15T18:37:09.585+0530][28.165s][info][gc,task     ] GC(309) Using 2 workers of 2 for marking
[2026-01-15T18:37:09.587+0530][28.166s][info][gc,marking  ] GC(309) Concurrent Mark From Roots 1.452ms
[2026-01-15T18:37:09.587+0530][28.166s][info][gc,marking  ] GC(309) Concurrent Preclean
[2026-01-15T18:37:09.587+0530][28.166s][info][gc,marking  ] GC(309) Concurrent Preclean 0.010ms
[2026-01-15T18:37:09.587+0530][28.167s][info][gc,start    ] GC(309) Pause Remark
[2026-01-15T18:37:09.588+0530][28.168s][info][gc          ] GC(309) Pause Remark 121M->121M(256M) 0.988ms
[2026-01-15T18:37:09.588+0530][28.168s][info][gc,cpu      ] GC(309) User=0.00s Sys=0.00s Real=0.00s
[2026-01-15T18:37:09.588+0530][28.168s][info][gc,marking  ] GC(309) Concurrent Mark 2.642ms
[2026-01-15T18:37:09.588+0530][28.168s][info][gc,marking  ] GC(309) Concurrent Rebuild Remembered Sets and Scrub Regions
[2026-01-15T18:37:09.588+0530][28.168s][info][gc,marking  ] GC(309) Concurrent Rebuild Remembered Sets and Scrub Regions 0.585ms
[2026-01-15T18:37:09.588+0530][28.168s][info][gc,start    ] GC(309) Pause Cleanup
[2026-01-15T18:37:09.589+0530][28.168s][info][gc          ] GC(309) Pause Cleanup 121M->121M(256M) 0.176ms
[2026-01-15T18:37:09.589+0530][28.168s][info][gc,cpu      ] GC(309) User=0.00s Sys=0.00s Real=0.00s
[2026-01-15T18:37:09.589+0530][28.169s][info][gc,marking  ] GC(309) Concurrent Clear Claimed Marks
[2026-01-15T18:37:09.589+0530][28.169s][info][gc,marking  ] GC(309) Concurrent Clear Claimed Marks 0.023ms
[2026-01-15T18:37:09.589+0530][28.169s][info][gc,marking  ] GC(309) Concurrent Cleanup for Next Mark
[2026-01-15T18:37:09.589+0530][28.169s][info][gc,marking  ] GC(309) Concurrent Cleanup for Next Mark 0.351ms
[2026-01-15T18:37:09.589+0530][28.169s][info][gc          ] GC(309) Concurrent Mark Cycle 4.157ms
[2026-01-15T18:37:09.646+0530][28.226s][info][gc,start    ] GC(310) Pause Young (Concurrent Start) (G1 Humongous Allocation)
[2026-01-15T18:37:09.646+0530][28.226s][info][gc,task     ] GC(310) Using 6 workers of 8 for evacuation
[2026-01-15T18:37:09.648+0530][28.228s][info][gc,phases   ] GC(310)   Pre Evacuate Collection Set: 0.3ms
[2026-01-15T18:37:09.648+0530][28.228s][info][gc,phases   ] GC(310)   Merge Heap Roots: 0.2ms
[2026-01-15T18:37:09.648+0530][28.228s][info][gc,phases   ] GC(310)   Evacuate Collection Set: 0.3ms
[2026-01-15T18:37:09.648+0530][28.228s][info][gc,phases   ] GC(310)   Post Evacuate Collection Set: 0.6ms
[2026-01-15T18:37:09.648+0530][28.228s][info][gc,phases   ] GC(310)   Other: 0.3ms
[2026-01-15T18:37:09.648+0530][28.228s][info][gc,heap     ] GC(310) Eden regions: 0->0(37)
[2026-01-15T18:37:09.648+0530][28.228s][info][gc,heap     ] GC(310) Survivor regions: 1->1(5)
[2026-01-15T18:37:09.648+0530][28.228s][info][gc,heap     ] GC(310) Old regions: 2->2
[2026-01-15T18:37:09.648+0530][28.228s][info][gc,heap     ] GC(310) Humongous regions: 120->0
[2026-01-15T18:37:09.648+0530][28.228s][info][gc,metaspace] GC(310) Metaspace: 813K(960K)->813K(960K) NonClass: 759K(832K)->759K(832K) Class: 53K(128K)->53K(128K)
[2026-01-15T18:37:09.648+0530][28.228s][info][gc          ] GC(310) Pause Young (Concurrent Start) (G1 Humongous Allocation) 121M->1M(256M) 2.204ms
[2026-01-15T18:37:09.648+0530][28.228s][info][gc,cpu      ] GC(310) User=0.08s Sys=0.02s Real=0.00s
[2026-01-15T18:37:09.648+0530][28.228s][info][gc          ] GC(311) Concurrent Undo Cycle
[2026-01-15T18:37:09.648+0530][28.228s][info][gc,marking  ] GC(311) Concurrent Clear Claimed Marks
[2026-01-15T18:37:09.648+0530][28.228s][info][gc,marking  ] GC(311) Concurrent Clear Claimed Marks 0.018ms
[2026-01-15T18:37:09.648+0530][28.228s][info][gc,marking  ] GC(311) Concurrent Cleanup for Next Mark
[2026-01-15T18:37:09.648+0530][28.229s][info][gc,marking  ] GC(311) Concurrent Cleanup for Next Mark 0.190ms
[2026-01-15T18:37:09.648+0530][28.229s][info][gc          ] GC(311) Concurrent Undo Cycle 0.345ms
[2026-01-15T18:37:09.959+0530][28.538s][info][gc,start    ] GC(312) Pause Young (Concurrent Start) (G1 Humongous Allocation)
[2026-01-15T18:37:09.959+0530][28.539s][info][gc,task     ] GC(312) Using 6 workers of 8 for evacuation
[2026-01-15T18:37:09.961+0530][28.541s][info][gc,phases   ] GC(312)   Pre Evacuate Collection Set: 0.5ms
[2026-01-15T18:37:09.961+0530][28.541s][info][gc,phases   ] GC(312)   Merge Heap Roots: 0.2ms
[2026-01-15T18:37:09.961+0530][28.541s][info][gc,phases   ] GC(312)   Evacuate Collection Set: 0.5ms
[2026-01-15T18:37:09.961+0530][28.541s][info][gc,phases   ] GC(312)   Post Evacuate Collection Set: 0.9ms
[2026-01-15T18:37:09.961+0530][28.541s][info][gc,phases   ] GC(312)   Other: 0.3ms
[2026-01-15T18:37:09.961+0530][28.541s][info][gc,heap     ] GC(312) Eden regions: 0->0(33)
[2026-01-15T18:37:09.962+0530][28.541s][info][gc,heap     ] GC(312) Survivor regions: 1->1(5)
[2026-01-15T18:37:09.962+0530][28.541s][info][gc,heap     ] GC(312) Old regions: 2->2
[2026-01-15T18:37:09.962+0530][28.541s][info][gc,heap     ] GC(312) Humongous regions: 114->114
[2026-01-15T18:37:09.962+0530][28.541s][info][gc,metaspace] GC(312) Metaspace: 813K(960K)->813K(960K) NonClass: 759K(832K)->759K(832K) Class: 53K(128K)->53K(128K)
[2026-01-15T18:37:09.962+0530][28.541s][info][gc          ] GC(312) Pause Young (Concurrent Start) (G1 Humongous Allocation) 115M->115M(256M) 2.902ms
[2026-01-15T18:37:09.962+0530][28.541s][info][gc,cpu      ] GC(312) User=0.02s Sys=0.02s Real=0.00s
[2026-01-15T18:37:09.962+0530][28.541s][info][gc          ] GC(313) Concurrent Mark Cycle
[2026-01-15T18:37:09.962+0530][28.542s][info][gc,marking  ] GC(313) Concurrent Scan Root Regions
[2026-01-15T18:37:09.962+0530][28.542s][info][gc,marking  ] GC(313) Concurrent Scan Root Regions 0.226ms
[2026-01-15T18:37:09.962+0530][28.542s][info][gc,marking  ] GC(313) Concurrent Mark
[2026-01-15T18:37:09.962+0530][28.542s][info][gc,marking  ] GC(313) Concurrent Mark From Roots
[2026-01-15T18:37:09.962+0530][28.542s][info][gc,task     ] GC(313) Using 2 workers of 2 for marking
[2026-01-15T18:37:09.965+0530][28.545s][info][gc,marking  ] GC(313) Concurrent Mark From Roots 2.954ms
[2026-01-15T18:37:09.965+0530][28.545s][info][gc,marking  ] GC(313) Concurrent Preclean
[2026-01-15T18:37:09.965+0530][28.545s][info][gc,marking  ] GC(313) Concurrent Preclean 0.015ms
[2026-01-15T18:37:09.965+0530][28.545s][info][gc,start    ] GC(313) Pause Remark
[2026-01-15T18:37:09.966+0530][28.546s][info][gc          ] GC(313) Pause Remark 121M->121M(256M) 1.021ms
[2026-01-15T18:37:09.966+0530][28.546s][info][gc,cpu      ] GC(313) User=0.00s Sys=0.00s Real=0.00s
[2026-01-15T18:37:09.966+0530][28.546s][info][gc,marking  ] GC(313) Concurrent Mark 4.273ms
[2026-01-15T18:37:09.966+0530][28.546s][info][gc,marking  ] GC(313) Concurrent Rebuild Remembered Sets and Scrub Regions
[2026-01-15T18:37:09.967+0530][28.547s][info][gc,marking  ] GC(313) Concurrent Rebuild Remembered Sets and Scrub Regions 0.603ms
[2026-01-15T18:37:09.967+0530][28.547s][info][gc,start    ] GC(313) Pause Cleanup
[2026-01-15T18:37:09.968+0530][28.547s][info][gc          ] GC(313) Pause Cleanup 121M->121M(256M) 0.214ms
[2026-01-15T18:37:09.968+0530][28.547s][info][gc,cpu      ] GC(313) User=0.00s Sys=0.00s Real=0.00s
[2026-01-15T18:37:09.968+0530][28.547s][info][gc,marking  ] GC(313) Concurrent Clear Claimed Marks
[2026-01-15T18:37:09.968+0530][28.547s][info][gc,marking  ] GC(313) Concurrent Clear Claimed Marks 0.023ms
[2026-01-15T18:37:09.968+0530][28.547s][info][gc,marking  ] GC(313) Concurrent Cleanup for Next Mark
[2026-01-15T18:37:09.968+0530][28.548s][info][gc,marking  ] GC(313) Concurrent Cleanup for Next Mark 0.433ms
[2026-01-15T18:37:09.968+0530][28.548s][info][gc          ] GC(313) Concurrent Mark Cycle 6.223ms
[2026-01-15T18:37:10.021+0530][28.601s][info][gc,start    ] GC(314) Pause Young (Concurrent Start) (G1 Humongous Allocation)
[2026-01-15T18:37:10.021+0530][28.601s][info][gc,task     ] GC(314) Using 6 workers of 8 for evacuation
[2026-01-15T18:37:10.023+0530][28.603s][info][gc,phases   ] GC(314)   Pre Evacuate Collection Set: 0.3ms
[2026-01-15T18:37:10.023+0530][28.603s][info][gc,phases   ] GC(314)   Merge Heap Roots: 0.2ms
[2026-01-15T18:37:10.023+0530][28.603s][info][gc,phases   ] GC(314)   Evacuate Collection Set: 0.6ms
[2026-01-15T18:37:10.023+0530][28.604s][info][gc,phases   ] GC(314)   Post Evacuate Collection Set: 0.8ms
[2026-01-15T18:37:10.023+0530][28.604s][info][gc,phases   ] GC(314)   Other: 0.3ms
[2026-01-15T18:37:10.023+0530][28.604s][info][gc,heap     ] GC(314) Eden regions: 0->0(28)
[2026-01-15T18:37:10.023+0530][28.604s][info][gc,heap     ] GC(314) Survivor regions: 1->1(5)
[2026-01-15T18:37:10.023+0530][28.604s][info][gc,heap     ] GC(314) Old regions: 2->2
[2026-01-15T18:37:10.023+0530][28.604s][info][gc,heap     ] GC(314) Humongous regions: 120->0
[2026-01-15T18:37:10.023+0530][28.604s][info][gc,metaspace] GC(314) Metaspace: 813K(960K)->813K(960K) NonClass: 759K(832K)->759K(832K) Class: 53K(128K)->53K(128K)
[2026-01-15T18:37:10.024+0530][28.604s][info][gc          ] GC(314) Pause Young (Concurrent Start) (G1 Humongous Allocation) 121M->1M(256M) 2.674ms
[2026-01-15T18:37:10.024+0530][28.604s][info][gc,cpu      ] GC(314) User=0.02s Sys=0.08s Real=0.00s
[2026-01-15T18:37:10.024+0530][28.604s][info][gc          ] GC(315) Concurrent Undo Cycle
[2026-01-15T18:37:10.024+0530][28.604s][info][gc,marking  ] GC(315) Concurrent Clear Claimed Marks
[2026-01-15T18:37:10.024+0530][28.604s][info][gc,marking  ] GC(315) Concurrent Clear Claimed Marks 0.031ms
[2026-01-15T18:37:10.024+0530][28.604s][info][gc,marking  ] GC(315) Concurrent Cleanup for Next Mark
[2026-01-15T18:37:10.024+0530][28.604s][info][gc,marking  ] GC(315) Concurrent Cleanup for Next Mark 0.216ms
[2026-01-15T18:37:10.024+0530][28.604s][info][gc          ] GC(315) Concurrent Undo Cycle 0.460ms
[2026-01-15T18:37:10.333+0530][28.913s][info][gc,start    ] GC(316) Pause Young (Concurrent Start) (G1 Humongous Allocation)
[2026-01-15T18:37:10.333+0530][28.913s][info][gc,task     ] GC(316) Using 6 workers of 8 for evacuation
[2026-01-15T18:37:10.335+0530][28.915s][info][gc,phases   ] GC(316)   Pre Evacuate Collection Set: 0.3ms
[2026-01-15T18:37:10.335+0530][28.915s][info][gc,phases   ] GC(316)   Merge Heap Roots: 0.2ms
[2026-01-15T18:37:10.335+0530][28.915s][info][gc,phases   ] GC(316)   Evacuate Collection Set: 0.3ms
[2026-01-15T18:37:10.335+0530][28.915s][info][gc,phases   ] GC(316)   Post Evacuate Collection Set: 0.6ms
[2026-01-15T18:37:10.335+0530][28.915s][info][gc,phases   ] GC(316)   Other: 0.2ms
[2026-01-15T18:37:10.335+0530][28.915s][info][gc,heap     ] GC(316) Eden regions: 0->0(32)
[2026-01-15T18:37:10.335+0530][28.915s][info][gc,heap     ] GC(316) Survivor regions: 1->1(4)
[2026-01-15T18:37:10.335+0530][28.915s][info][gc,heap     ] GC(316) Old regions: 2->2
[2026-01-15T18:37:10.335+0530][28.915s][info][gc,heap     ] GC(316) Humongous regions: 114->114
[2026-01-15T18:37:10.335+0530][28.915s][info][gc,metaspace] GC(316) Metaspace: 813K(960K)->813K(960K) NonClass: 759K(832K)->759K(832K) Class: 53K(128K)->53K(128K)
[2026-01-15T18:37:10.335+0530][28.915s][info][gc          ] GC(316) Pause Young (Concurrent Start) (G1 Humongous Allocation) 115M->115M(256M) 1.823ms
[2026-01-15T18:37:10.335+0530][28.915s][info][gc,cpu      ] GC(316) User=0.00s Sys=0.00s Real=0.00s
[2026-01-15T18:37:10.335+0530][28.915s][info][gc          ] GC(317) Concurrent Mark Cycle
[2026-01-15T18:37:10.335+0530][28.915s][info][gc,marking  ] GC(317) Concurrent Scan Root Regions
[2026-01-15T18:37:10.335+0530][28.915s][info][gc,marking  ] GC(317) Concurrent Scan Root Regions 0.142ms
[2026-01-15T18:37:10.335+0530][28.915s][info][gc,marking  ] GC(317) Concurrent Mark
[2026-01-15T18:37:10.335+0530][28.915s][info][gc,marking  ] GC(317) Concurrent Mark From Roots
[2026-01-15T18:37:10.335+0530][28.915s][info][gc,task     ] GC(317) Using 2 workers of 2 for marking
[2026-01-15T18:37:10.338+0530][28.918s][info][gc,marking  ] GC(317) Concurrent Mark From Roots 2.804ms
[2026-01-15T18:37:10.338+0530][28.918s][info][gc,marking  ] GC(317) Concurrent Preclean
[2026-01-15T18:37:10.338+0530][28.918s][info][gc,marking  ] GC(317) Concurrent Preclean 0.024ms
[2026-01-15T18:37:10.338+0530][28.918s][info][gc,start    ] GC(317) Pause Remark
[2026-01-15T18:37:10.340+0530][28.920s][info][gc          ] GC(317) Pause Remark 121M->121M(256M) 1.246ms
[2026-01-15T18:37:10.340+0530][28.920s][info][gc,cpu      ] GC(317) User=0.00s Sys=0.00s Real=0.00s
[2026-01-15T18:37:10.340+0530][28.920s][info][gc,marking  ] GC(317) Concurrent Mark 4.362ms
[2026-01-15T18:37:10.340+0530][28.920s][info][gc,marking  ] GC(317) Concurrent Rebuild Remembered Sets and Scrub Regions
[2026-01-15T18:37:10.340+0530][28.920s][info][gc,marking  ] GC(317) Concurrent Rebuild Remembered Sets and Scrub Regions 0.788ms
[2026-01-15T18:37:10.341+0530][28.921s][info][gc,start    ] GC(317) Pause Cleanup
[2026-01-15T18:37:10.341+0530][28.921s][info][gc          ] GC(317) Pause Cleanup 121M->121M(256M) 0.220ms
[2026-01-15T18:37:10.341+0530][28.921s][info][gc,cpu      ] GC(317) User=0.00s Sys=0.00s Real=0.00s
[2026-01-15T18:37:10.341+0530][28.921s][info][gc,marking  ] GC(317) Concurrent Clear Claimed Marks
[2026-01-15T18:37:10.341+0530][28.921s][info][gc,marking  ] GC(317) Concurrent Clear Claimed Marks 0.032ms
[2026-01-15T18:37:10.341+0530][28.921s][info][gc,marking  ] GC(317) Concurrent Cleanup for Next Mark
[2026-01-15T18:37:10.341+0530][28.921s][info][gc,marking  ] GC(317) Concurrent Cleanup for Next Mark 0.472ms
[2026-01-15T18:37:10.342+0530][28.921s][info][gc          ] GC(317) Concurrent Mark Cycle 6.370ms
[2026-01-15T18:37:10.395+0530][28.975s][info][gc,start    ] GC(318) Pause Young (Concurrent Start) (G1 Humongous Allocation)
[2026-01-15T18:37:10.395+0530][28.975s][info][gc,task     ] GC(318) Using 6 workers of 8 for evacuation
[2026-01-15T18:37:10.398+0530][28.977s][info][gc,phases   ] GC(318)   Pre Evacuate Collection Set: 0.3ms
[2026-01-15T18:37:10.398+0530][28.977s][info][gc,phases   ] GC(318)   Merge Heap Roots: 0.2ms
[2026-01-15T18:37:10.398+0530][28.977s][info][gc,phases   ] GC(318)   Evacuate Collection Set: 0.4ms
[2026-01-15T18:37:10.398+0530][28.978s][info][gc,phases   ] GC(318)   Post Evacuate Collection Set: 1.0ms
[2026-01-15T18:37:10.398+0530][28.978s][info][gc,phases   ] GC(318)   Other: 0.3ms
[2026-01-15T18:37:10.398+0530][28.978s][info][gc,heap     ] GC(318) Eden regions: 0->0(31)
[2026-01-15T18:37:10.398+0530][28.978s][info][gc,heap     ] GC(318) Survivor regions: 1->1(5)
[2026-01-15T18:37:10.398+0530][28.978s][info][gc,heap     ] GC(318) Old regions: 2->2
[2026-01-15T18:37:10.398+0530][28.978s][info][gc,heap     ] GC(318) Humongous regions: 120->0
[2026-01-15T18:37:10.398+0530][28.978s][info][gc,metaspace] GC(318) Metaspace: 813K(960K)->813K(960K) NonClass: 759K(832K)->759K(832K) Class: 53K(128K)->53K(128K)
[2026-01-15T18:37:10.398+0530][28.978s][info][gc          ] GC(318) Pause Young (Concurrent Start) (G1 Humongous Allocation) 121M->1M(256M) 2.809ms
[2026-01-15T18:37:10.398+0530][28.978s][info][gc,cpu      ] GC(318) User=0.02s Sys=0.00s Real=0.00s
[2026-01-15T18:37:10.399+0530][28.978s][info][gc          ] GC(319) Concurrent Undo Cycle
[2026-01-15T18:37:10.399+0530][28.978s][info][gc,marking  ] GC(319) Concurrent Clear Claimed Marks
[2026-01-15T18:37:10.399+0530][28.978s][info][gc,marking  ] GC(319) Concurrent Clear Claimed Marks 0.030ms
[2026-01-15T18:37:10.399+0530][28.978s][info][gc,marking  ] GC(319) Concurrent Cleanup for Next Mark
[2026-01-15T18:37:10.399+0530][28.978s][info][gc,marking  ] GC(319) Concurrent Cleanup for Next Mark 0.244ms
[2026-01-15T18:37:10.399+0530][28.978s][info][gc          ] GC(319) Concurrent Undo Cycle 0.467ms
[2026-01-15T18:37:10.706+0530][29.286s][info][gc,start    ] GC(320) Pause Young (Concurrent Start) (G1 Humongous Allocation)
[2026-01-15T18:37:10.706+0530][29.286s][info][gc,task     ] GC(320) Using 6 workers of 8 for evacuation
[2026-01-15T18:37:10.707+0530][29.287s][info][gc,phases   ] GC(320)   Pre Evacuate Collection Set: 0.1ms
[2026-01-15T18:37:10.707+0530][29.287s][info][gc,phases   ] GC(320)   Merge Heap Roots: 0.1ms
[2026-01-15T18:37:10.707+0530][29.287s][info][gc,phases   ] GC(320)   Evacuate Collection Set: 0.2ms
[2026-01-15T18:37:10.707+0530][29.287s][info][gc,phases   ] GC(320)   Post Evacuate Collection Set: 0.4ms
[2026-01-15T18:37:10.707+0530][29.287s][info][gc,phases   ] GC(320)   Other: 0.2ms
[2026-01-15T18:37:10.708+0530][29.287s][info][gc,heap     ] GC(320) Eden regions: 0->0(36)
[2026-01-15T18:37:10.708+0530][29.287s][info][gc,heap     ] GC(320) Survivor regions: 1->1(4)
[2026-01-15T18:37:10.708+0530][29.287s][info][gc,heap     ] GC(320) Old regions: 2->2
[2026-01-15T18:37:10.708+0530][29.287s][info][gc,heap     ] GC(320) Humongous regions: 114->114
[2026-01-15T18:37:10.708+0530][29.287s][info][gc,metaspace] GC(320) Metaspace: 813K(960K)->813K(960K) NonClass: 759K(832K)->759K(832K) Class: 53K(128K)->53K(128K)
[2026-01-15T18:37:10.708+0530][29.288s][info][gc          ] GC(320) Pause Young (Concurrent Start) (G1 Humongous Allocation) 115M->115M(256M) 1.228ms
[2026-01-15T18:37:10.708+0530][29.288s][info][gc,cpu      ] GC(320) User=0.00s Sys=0.00s Real=0.00s
[2026-01-15T18:37:10.708+0530][29.288s][info][gc          ] GC(321) Concurrent Mark Cycle
[2026-01-15T18:37:10.708+0530][29.288s][info][gc,marking  ] GC(321) Concurrent Scan Root Regions
[2026-01-15T18:37:10.708+0530][29.288s][info][gc,marking  ] GC(321) Concurrent Scan Root Regions 0.089ms
[2026-01-15T18:37:10.708+0530][29.288s][info][gc,marking  ] GC(321) Concurrent Mark
[2026-01-15T18:37:10.708+0530][29.288s][info][gc,marking  ] GC(321) Concurrent Mark From Roots
[2026-01-15T18:37:10.708+0530][29.288s][info][gc,task     ] GC(321) Using 2 workers of 2 for marking
[2026-01-15T18:37:10.710+0530][29.290s][info][gc,marking  ] GC(321) Concurrent Mark From Roots 2.187ms
[2026-01-15T18:37:10.710+0530][29.290s][info][gc,marking  ] GC(321) Concurrent Preclean
[2026-01-15T18:37:10.710+0530][29.290s][info][gc,marking  ] GC(321) Concurrent Preclean 0.013ms
[2026-01-15T18:37:10.710+0530][29.290s][info][gc,start    ] GC(321) Pause Remark
[2026-01-15T18:37:10.711+0530][29.291s][info][gc          ] GC(321) Pause Remark 121M->121M(256M) 0.901ms
[2026-01-15T18:37:10.711+0530][29.291s][info][gc,cpu      ] GC(321) User=0.00s Sys=0.00s Real=0.00s
[2026-01-15T18:37:10.711+0530][29.291s][info][gc,marking  ] GC(321) Concurrent Mark 3.394ms
[2026-01-15T18:37:10.711+0530][29.291s][info][gc,marking  ] GC(321) Concurrent Rebuild Remembered Sets and Scrub Regions
[2026-01-15T18:37:10.711+0530][29.292s][info][gc,marking  ] GC(321) Concurrent Rebuild Remembered Sets and Scrub Regions 0.591ms
[2026-01-15T18:37:10.712+0530][29.292s][info][gc,start    ] GC(321) Pause Cleanup
[2026-01-15T18:37:10.712+0530][29.292s][info][gc          ] GC(321) Pause Cleanup 121M->121M(256M) 0.152ms
[2026-01-15T18:37:10.712+0530][29.292s][info][gc,cpu      ] GC(321) User=0.00s Sys=0.00s Real=0.00s
[2026-01-15T18:37:10.712+0530][29.292s][info][gc,marking  ] GC(321) Concurrent Clear Claimed Marks
[2026-01-15T18:37:10.712+0530][29.292s][info][gc,marking  ] GC(321) Concurrent Clear Claimed Marks 0.027ms
[2026-01-15T18:37:10.712+0530][29.292s][info][gc,marking  ] GC(321) Concurrent Cleanup for Next Mark
[2026-01-15T18:37:10.712+0530][29.292s][info][gc,marking  ] GC(321) Concurrent Cleanup for Next Mark 0.367ms
[2026-01-15T18:37:10.712+0530][29.293s][info][gc          ] GC(321) Concurrent Mark Cycle 4.911ms
[2026-01-15T18:37:10.769+0530][29.349s][info][gc,start    ] GC(322) Pause Young (Concurrent Start) (G1 Humongous Allocation)
[2026-01-15T18:37:10.769+0530][29.349s][info][gc,task     ] GC(322) Using 6 workers of 8 for evacuation
[2026-01-15T18:37:10.770+0530][29.349s][info][gc,phases   ] GC(322)   Pre Evacuate Collection Set: 0.1ms
[2026-01-15T18:37:10.770+0530][29.349s][info][gc,phases   ] GC(322)   Merge Heap Roots: 0.0ms
[2026-01-15T18:37:10.770+0530][29.349s][info][gc,phases   ] GC(322)   Evacuate Collection Set: 0.1ms
[2026-01-15T18:37:10.770+0530][29.349s][info][gc,phases   ] GC(322)   Post Evacuate Collection Set: 0.2ms
[2026-01-15T18:37:10.770+0530][29.349s][info][gc,phases   ] GC(322)   Other: 0.1ms
[2026-01-15T18:37:10.770+0530][29.349s][info][gc,heap     ] GC(322) Eden regions: 0->0(40)
[2026-01-15T18:37:10.770+0530][29.349s][info][gc,heap     ] GC(322) Survivor regions: 1->1(5)
[2026-01-15T18:37:10.770+0530][29.349s][info][gc,heap     ] GC(322) Old regions: 2->2
[2026-01-15T18:37:10.770+0530][29.349s][info][gc,heap     ] GC(322) Humongous regions: 120->0
[2026-01-15T18:37:10.770+0530][29.349s][info][gc,metaspace] GC(322) Metaspace: 813K(960K)->813K(960K) NonClass: 759K(832K)->759K(832K) Class: 53K(128K)->53K(128K)
[2026-01-15T18:37:10.770+0530][29.350s][info][gc          ] GC(322) Pause Young (Concurrent Start) (G1 Humongous Allocation) 121M->1M(256M) 0.874ms
[2026-01-15T18:37:10.770+0530][29.350s][info][gc,cpu      ] GC(322) User=0.00s Sys=0.00s Real=0.00s
[2026-01-15T18:37:10.770+0530][29.350s][info][gc          ] GC(323) Concurrent Undo Cycle
[2026-01-15T18:37:10.770+0530][29.350s][info][gc,marking  ] GC(323) Concurrent Clear Claimed Marks
[2026-01-15T18:37:10.770+0530][29.350s][info][gc,marking  ] GC(323) Concurrent Clear Claimed Marks 0.022ms
[2026-01-15T18:37:10.770+0530][29.350s][info][gc,marking  ] GC(323) Concurrent Cleanup for Next Mark
[2026-01-15T18:37:10.770+0530][29.350s][info][gc,marking  ] GC(323) Concurrent Cleanup for Next Mark 0.104ms
[2026-01-15T18:37:10.770+0530][29.350s][info][gc          ] GC(323) Concurrent Undo Cycle 0.277ms
[2026-01-15T18:37:11.081+0530][29.660s][info][gc,start    ] GC(324) Pause Young (Concurrent Start) (G1 Humongous Allocation)
[2026-01-15T18:37:11.081+0530][29.660s][info][gc,task     ] GC(324) Using 6 workers of 8 for evacuation
[2026-01-15T18:37:11.082+0530][29.661s][info][gc,phases   ] GC(324)   Pre Evacuate Collection Set: 0.2ms
[2026-01-15T18:37:11.082+0530][29.661s][info][gc,phases   ] GC(324)   Merge Heap Roots: 0.1ms
[2026-01-15T18:37:11.082+0530][29.661s][info][gc,phases   ] GC(324)   Evacuate Collection Set: 0.2ms
[2026-01-15T18:37:11.082+0530][29.661s][info][gc,phases   ] GC(324)   Post Evacuate Collection Set: 0.4ms
[2026-01-15T18:37:11.082+0530][29.661s][info][gc,phases   ] GC(324)   Other: 0.1ms
[2026-01-15T18:37:11.082+0530][29.661s][info][gc,heap     ] GC(324) Eden regions: 0->0(45)
[2026-01-15T18:37:11.082+0530][29.661s][info][gc,heap     ] GC(324) Survivor regions: 1->1(6)
[2026-01-15T18:37:11.082+0530][29.661s][info][gc,heap     ] GC(324) Old regions: 2->2
[2026-01-15T18:37:11.082+0530][29.661s][info][gc,heap     ] GC(324) Humongous regions: 114->114
[2026-01-15T18:37:11.082+0530][29.661s][info][gc,metaspace] GC(324) Metaspace: 813K(960K)->813K(960K) NonClass: 759K(832K)->759K(832K) Class: 53K(128K)->53K(128K)
[2026-01-15T18:37:11.082+0530][29.662s][info][gc          ] GC(324) Pause Young (Concurrent Start) (G1 Humongous Allocation) 115M->115M(256M) 1.231ms
[2026-01-15T18:37:11.082+0530][29.662s][info][gc,cpu      ] GC(324) User=0.00s Sys=0.00s Real=0.00s
[2026-01-15T18:37:11.082+0530][29.662s][info][gc          ] GC(325) Concurrent Mark Cycle
[2026-01-15T18:37:11.082+0530][29.662s][info][gc,marking  ] GC(325) Concurrent Scan Root Regions
[2026-01-15T18:37:11.082+0530][29.662s][info][gc,marking  ] GC(325) Concurrent Scan Root Regions 0.110ms
[2026-01-15T18:37:11.082+0530][29.662s][info][gc,marking  ] GC(325) Concurrent Mark
[2026-01-15T18:37:11.082+0530][29.662s][info][gc,marking  ] GC(325) Concurrent Mark From Roots
[2026-01-15T18:37:11.082+0530][29.662s][info][gc,task     ] GC(325) Using 2 workers of 2 for marking
[2026-01-15T18:37:11.085+0530][29.665s][info][gc,marking  ] GC(325) Concurrent Mark From Roots 2.848ms
[2026-01-15T18:37:11.085+0530][29.665s][info][gc,marking  ] GC(325) Concurrent Preclean
[2026-01-15T18:37:11.085+0530][29.665s][info][gc,marking  ] GC(325) Concurrent Preclean 0.014ms
[2026-01-15T18:37:11.085+0530][29.665s][info][gc,start    ] GC(325) Pause Remark
[2026-01-15T18:37:11.086+0530][29.666s][info][gc          ] GC(325) Pause Remark 121M->121M(256M) 0.971ms
[2026-01-15T18:37:11.086+0530][29.666s][info][gc,cpu      ] GC(325) User=0.00s Sys=0.00s Real=0.00s
[2026-01-15T18:37:11.086+0530][29.666s][info][gc,marking  ] GC(325) Concurrent Mark 4.029ms
[2026-01-15T18:37:11.086+0530][29.666s][info][gc,marking  ] GC(325) Concurrent Rebuild Remembered Sets and Scrub Regions
[2026-01-15T18:37:11.087+0530][29.667s][info][gc,marking  ] GC(325) Concurrent Rebuild Remembered Sets and Scrub Regions 0.654ms
[2026-01-15T18:37:11.087+0530][29.667s][info][gc,start    ] GC(325) Pause Cleanup
[2026-01-15T18:37:11.087+0530][29.667s][info][gc          ] GC(325) Pause Cleanup 121M->121M(256M) 0.118ms
[2026-01-15T18:37:11.087+0530][29.667s][info][gc,cpu      ] GC(325) User=0.00s Sys=0.00s Real=0.00s
[2026-01-15T18:37:11.087+0530][29.667s][info][gc,marking  ] GC(325) Concurrent Clear Claimed Marks
[2026-01-15T18:37:11.087+0530][29.667s][info][gc,marking  ] GC(325) Concurrent Clear Claimed Marks 0.026ms
[2026-01-15T18:37:11.087+0530][29.667s][info][gc,marking  ] GC(325) Concurrent Cleanup for Next Mark
[2026-01-15T18:37:11.087+0530][29.667s][info][gc,marking  ] GC(325) Concurrent Cleanup for Next Mark 0.267ms
[2026-01-15T18:37:11.087+0530][29.667s][info][gc          ] GC(325) Concurrent Mark Cycle 5.454ms
[2026-01-15T18:37:11.141+0530][29.721s][info][gc,start    ] GC(326) Pause Young (Concurrent Start) (G1 Humongous Allocation)
[2026-01-15T18:37:11.141+0530][29.721s][info][gc,task     ] GC(326) Using 6 workers of 8 for evacuation
[2026-01-15T18:37:11.142+0530][29.722s][info][gc,phases   ] GC(326)   Pre Evacuate Collection Set: 0.2ms
[2026-01-15T18:37:11.142+0530][29.722s][info][gc,phases   ] GC(326)   Merge Heap Roots: 0.1ms
[2026-01-15T18:37:11.142+0530][29.722s][info][gc,phases   ] GC(326)   Evacuate Collection Set: 0.2ms
[2026-01-15T18:37:11.142+0530][29.722s][info][gc,phases   ] GC(326)   Post Evacuate Collection Set: 0.5ms
[2026-01-15T18:37:11.142+0530][29.722s][info][gc,phases   ] GC(326)   Other: 0.1ms
[2026-01-15T18:37:11.142+0530][29.722s][info][gc,heap     ] GC(326) Eden regions: 0->0(46)
[2026-01-15T18:37:11.142+0530][29.723s][info][gc,heap     ] GC(326) Survivor regions: 1->0(6)
[2026-01-15T18:37:11.142+0530][29.723s][info][gc,heap     ] GC(326) Old regions: 2->2
[2026-01-15T18:37:11.142+0530][29.723s][info][gc,heap     ] GC(326) Humongous regions: 120->0
[2026-01-15T18:37:11.142+0530][29.723s][info][gc,metaspace] GC(326) Metaspace: 813K(960K)->813K(960K) NonClass: 759K(832K)->759K(832K) Class: 53K(128K)->53K(128K)
[2026-01-15T18:37:11.143+0530][29.723s][info][gc          ] GC(326) Pause Young (Concurrent Start) (G1 Humongous Allocation) 121M->1M(256M) 1.523ms
[2026-01-15T18:37:11.143+0530][29.723s][info][gc,cpu      ] GC(326) User=0.00s Sys=0.00s Real=0.00s
[2026-01-15T18:37:11.143+0530][29.723s][info][gc          ] GC(327) Concurrent Undo Cycle
[2026-01-15T18:37:11.143+0530][29.723s][info][gc,marking  ] GC(327) Concurrent Clear Claimed Marks
[2026-01-15T18:37:11.143+0530][29.723s][info][gc,marking  ] GC(327) Concurrent Clear Claimed Marks 0.021ms
[2026-01-15T18:37:11.143+0530][29.723s][info][gc,marking  ] GC(327) Concurrent Cleanup for Next Mark
[2026-01-15T18:37:11.143+0530][29.723s][info][gc,marking  ] GC(327) Concurrent Cleanup for Next Mark 0.073ms
[2026-01-15T18:37:11.143+0530][29.723s][info][gc          ] GC(327) Concurrent Undo Cycle 0.209ms
[2026-01-15T18:37:11.455+0530][30.035s][info][gc,start    ] GC(328) Pause Young (Concurrent Start) (G1 Humongous Allocation)
[2026-01-15T18:37:11.456+0530][30.035s][info][gc,task     ] GC(328) Using 6 workers of 8 for evacuation
[2026-01-15T18:37:11.456+0530][30.036s][info][gc,phases   ] GC(328)   Pre Evacuate Collection Set: 0.1ms
[2026-01-15T18:37:11.456+0530][30.036s][info][gc,phases   ] GC(328)   Merge Heap Roots: 0.0ms
[2026-01-15T18:37:11.456+0530][30.036s][info][gc,phases   ] GC(328)   Evacuate Collection Set: 0.1ms
[2026-01-15T18:37:11.456+0530][30.036s][info][gc,phases   ] GC(328)   Post Evacuate Collection Set: 0.3ms
[2026-01-15T18:37:11.456+0530][30.036s][info][gc,phases   ] GC(328)   Other: 0.1ms
[2026-01-15T18:37:11.456+0530][30.036s][info][gc,heap     ] GC(328) Eden regions: 0->0(46)
[2026-01-15T18:37:11.456+0530][30.036s][info][gc,heap     ] GC(328) Survivor regions: 0->0(6)
[2026-01-15T18:37:11.456+0530][30.036s][info][gc,heap     ] GC(328) Old regions: 2->2
[2026-01-15T18:37:11.456+0530][30.036s][info][gc,heap     ] GC(328) Humongous regions: 114->114
[2026-01-15T18:37:11.456+0530][30.036s][info][gc,metaspace] GC(328) Metaspace: 813K(960K)->813K(960K) NonClass: 759K(832K)->759K(832K) Class: 53K(128K)->53K(128K)
[2026-01-15T18:37:11.456+0530][30.036s][info][gc          ] GC(328) Pause Young (Concurrent Start) (G1 Humongous Allocation) 115M->115M(256M) 0.897ms
[2026-01-15T18:37:11.456+0530][30.036s][info][gc,cpu      ] GC(328) User=0.00s Sys=0.00s Real=0.00s
[2026-01-15T18:37:11.456+0530][30.036s][info][gc          ] GC(329) Concurrent Mark Cycle
[2026-01-15T18:37:11.456+0530][30.036s][info][gc,marking  ] GC(329) Concurrent Scan Root Regions
[2026-01-15T18:37:11.456+0530][30.036s][info][gc,marking  ] GC(329) Concurrent Scan Root Regions 0.009ms
[2026-01-15T18:37:11.456+0530][30.036s][info][gc,marking  ] GC(329) Concurrent Mark
[2026-01-15T18:37:11.456+0530][30.036s][info][gc,marking  ] GC(329) Concurrent Mark From Roots
[2026-01-15T18:37:11.456+0530][30.036s][info][gc,task     ] GC(329) Using 2 workers of 2 for marking
[2026-01-15T18:37:11.459+0530][30.038s][info][gc,marking  ] GC(329) Concurrent Mark From Roots 2.295ms
[2026-01-15T18:37:11.459+0530][30.038s][info][gc,marking  ] GC(329) Concurrent Preclean
[2026-01-15T18:37:11.459+0530][30.038s][info][gc,marking  ] GC(329) Concurrent Preclean 0.013ms
[2026-01-15T18:37:11.459+0530][30.038s][info][gc,start    ] GC(329) Pause Remark
[2026-01-15T18:37:11.459+0530][30.039s][info][gc          ] GC(329) Pause Remark 121M->121M(256M) 0.504ms
[2026-01-15T18:37:11.459+0530][30.039s][info][gc,cpu      ] GC(329) User=0.00s Sys=0.00s Real=0.00s
[2026-01-15T18:37:11.459+0530][30.039s][info][gc,marking  ] GC(329) Concurrent Mark 2.983ms
[2026-01-15T18:37:11.459+0530][30.039s][info][gc,marking  ] GC(329) Concurrent Rebuild Remembered Sets and Scrub Regions
[2026-01-15T18:37:11.460+0530][30.039s][info][gc,marking  ] GC(329) Concurrent Rebuild Remembered Sets and Scrub Regions 0.511ms
[2026-01-15T18:37:11.460+0530][30.039s][info][gc,start    ] GC(329) Pause Cleanup
[2026-01-15T18:37:11.460+0530][30.040s][info][gc          ] GC(329) Pause Cleanup 121M->121M(256M) 0.105ms
[2026-01-15T18:37:11.460+0530][30.040s][info][gc,cpu      ] GC(329) User=0.00s Sys=0.00s Real=0.00s
[2026-01-15T18:37:11.460+0530][30.040s][info][gc,marking  ] GC(329) Concurrent Clear Claimed Marks
[2026-01-15T18:37:11.460+0530][30.040s][info][gc,marking  ] GC(329) Concurrent Clear Claimed Marks 0.026ms
[2026-01-15T18:37:11.460+0530][30.040s][info][gc,marking  ] GC(329) Concurrent Cleanup for Next Mark
[2026-01-15T18:37:11.460+0530][30.040s][info][gc,marking  ] GC(329) Concurrent Cleanup for Next Mark 0.326ms
[2026-01-15T18:37:11.460+0530][30.040s][info][gc          ] GC(329) Concurrent Mark Cycle 4.190ms
[2026-01-15T18:37:11.517+0530][30.097s][info][gc,start    ] GC(330) Pause Young (Concurrent Start) (G1 Humongous Allocation)
[2026-01-15T18:37:11.517+0530][30.097s][info][gc,task     ] GC(330) Using 6 workers of 8 for evacuation
[2026-01-15T18:37:11.518+0530][30.098s][info][gc,phases   ] GC(330)   Pre Evacuate Collection Set: 0.1ms
[2026-01-15T18:37:11.518+0530][30.098s][info][gc,phases   ] GC(330)   Merge Heap Roots: 0.1ms
[2026-01-15T18:37:11.518+0530][30.098s][info][gc,phases   ] GC(330)   Evacuate Collection Set: 0.2ms
[2026-01-15T18:37:11.518+0530][30.098s][info][gc,phases   ] GC(330)   Post Evacuate Collection Set: 0.4ms
[2026-01-15T18:37:11.518+0530][30.098s][info][gc,phases   ] GC(330)   Other: 0.2ms
[2026-01-15T18:37:11.518+0530][30.098s][info][gc,heap     ] GC(330) Eden regions: 0->0(46)
[2026-01-15T18:37:11.518+0530][30.098s][info][gc,heap     ] GC(330) Survivor regions: 0->0(6)
[2026-01-15T18:37:11.518+0530][30.098s][info][gc,heap     ] GC(330) Old regions: 2->2
[2026-01-15T18:37:11.518+0530][30.098s][info][gc,heap     ] GC(330) Humongous regions: 120->0
[2026-01-15T18:37:11.518+0530][30.098s][info][gc,metaspace] GC(330) Metaspace: 813K(960K)->813K(960K) NonClass: 759K(832K)->759K(832K) Class: 53K(128K)->53K(128K)
[2026-01-15T18:37:11.518+0530][30.098s][info][gc          ] GC(330) Pause Young (Concurrent Start) (G1 Humongous Allocation) 121M->1M(256M) 1.206ms
[2026-01-15T18:37:11.518+0530][30.098s][info][gc,cpu      ] GC(330) User=0.00s Sys=0.00s Real=0.00s
[2026-01-15T18:37:11.518+0530][30.098s][info][gc          ] GC(331) Concurrent Undo Cycle
[2026-01-15T18:37:11.518+0530][30.098s][info][gc,marking  ] GC(331) Concurrent Clear Claimed Marks
[2026-01-15T18:37:11.518+0530][30.098s][info][gc,marking  ] GC(331) Concurrent Clear Claimed Marks 0.019ms
[2026-01-15T18:37:11.518+0530][30.098s][info][gc,marking  ] GC(331) Concurrent Cleanup for Next Mark
[2026-01-15T18:37:11.519+0530][30.098s][info][gc,marking  ] GC(331) Concurrent Cleanup for Next Mark 0.108ms
[2026-01-15T18:37:11.519+0530][30.098s][info][gc          ] GC(331) Concurrent Undo Cycle 0.254ms
[2026-01-15T18:37:11.827+0530][30.407s][info][gc,start    ] GC(332) Pause Young (Concurrent Start) (G1 Humongous Allocation)
[2026-01-15T18:37:11.827+0530][30.407s][info][gc,task     ] GC(332) Using 6 workers of 8 for evacuation
[2026-01-15T18:37:11.829+0530][30.409s][info][gc,phases   ] GC(332)   Pre Evacuate Collection Set: 0.3ms
[2026-01-15T18:37:11.829+0530][30.409s][info][gc,phases   ] GC(332)   Merge Heap Roots: 0.1ms
[2026-01-15T18:37:11.829+0530][30.409s][info][gc,phases   ] GC(332)   Evacuate Collection Set: 0.2ms
[2026-01-15T18:37:11.829+0530][30.409s][info][gc,phases   ] GC(332)   Post Evacuate Collection Set: 0.5ms
[2026-01-15T18:37:11.829+0530][30.409s][info][gc,phases   ] GC(332)   Other: 0.2ms
[2026-01-15T18:37:11.829+0530][30.409s][info][gc,heap     ] GC(332) Eden regions: 0->0(46)
[2026-01-15T18:37:11.829+0530][30.409s][info][gc,heap     ] GC(332) Survivor regions: 0->0(6)
[2026-01-15T18:37:11.829+0530][30.409s][info][gc,heap     ] GC(332) Old regions: 2->2
[2026-01-15T18:37:11.829+0530][30.409s][info][gc,heap     ] GC(332) Humongous regions: 114->114
[2026-01-15T18:37:11.829+0530][30.409s][info][gc,metaspace] GC(332) Metaspace: 813K(960K)->813K(960K) NonClass: 759K(832K)->759K(832K) Class: 53K(128K)->53K(128K)
[2026-01-15T18:37:11.829+0530][30.409s][info][gc          ] GC(332) Pause Young (Concurrent Start) (G1 Humongous Allocation) 115M->115M(256M) 1.587ms
[2026-01-15T18:37:11.829+0530][30.409s][info][gc,cpu      ] GC(332) User=0.00s Sys=0.00s Real=0.00s
[2026-01-15T18:37:11.829+0530][30.409s][info][gc          ] GC(333) Concurrent Mark Cycle
[2026-01-15T18:37:11.829+0530][30.409s][info][gc,marking  ] GC(333) Concurrent Scan Root Regions
[2026-01-15T18:37:11.829+0530][30.409s][info][gc,marking  ] GC(333) Concurrent Scan Root Regions 0.010ms
[2026-01-15T18:37:11.829+0530][30.409s][info][gc,marking  ] GC(333) Concurrent Mark
[2026-01-15T18:37:11.829+0530][30.409s][info][gc,marking  ] GC(333) Concurrent Mark From Roots
[2026-01-15T18:37:11.829+0530][30.409s][info][gc,task     ] GC(333) Using 2 workers of 2 for marking
[2026-01-15T18:37:11.831+0530][30.411s][info][gc,marking  ] GC(333) Concurrent Mark From Roots 2.203ms
[2026-01-15T18:37:11.831+0530][30.411s][info][gc,marking  ] GC(333) Concurrent Preclean
[2026-01-15T18:37:11.831+0530][30.411s][info][gc,marking  ] GC(333) Concurrent Preclean 0.011ms
[2026-01-15T18:37:11.832+0530][30.411s][info][gc,start    ] GC(333) Pause Remark
[2026-01-15T18:37:11.833+0530][30.412s][info][gc          ] GC(333) Pause Remark 121M->121M(256M) 1.058ms
[2026-01-15T18:37:11.833+0530][30.412s][info][gc,cpu      ] GC(333) User=0.00s Sys=0.00s Real=0.00s
[2026-01-15T18:37:11.833+0530][30.412s][info][gc,marking  ] GC(333) Concurrent Mark 3.533ms
[2026-01-15T18:37:11.833+0530][30.412s][info][gc,marking  ] GC(333) Concurrent Rebuild Remembered Sets and Scrub Regions
[2026-01-15T18:37:11.833+0530][30.413s][info][gc,marking  ] GC(333) Concurrent Rebuild Remembered Sets and Scrub Regions 0.600ms
[2026-01-15T18:37:11.834+0530][30.413s][info][gc,start    ] GC(333) Pause Cleanup
[2026-01-15T18:37:11.834+0530][30.413s][info][gc          ] GC(333) Pause Cleanup 121M->121M(256M) 0.251ms
[2026-01-15T18:37:11.834+0530][30.413s][info][gc,cpu      ] GC(333) User=0.00s Sys=0.00s Real=0.00s
[2026-01-15T18:37:11.834+0530][30.413s][info][gc,marking  ] GC(333) Concurrent Clear Claimed Marks
[2026-01-15T18:37:11.834+0530][30.413s][info][gc,marking  ] GC(333) Concurrent Clear Claimed Marks 0.022ms
[2026-01-15T18:37:11.834+0530][30.413s][info][gc,marking  ] GC(333) Concurrent Cleanup for Next Mark
[2026-01-15T18:37:11.834+0530][30.414s][info][gc,marking  ] GC(333) Concurrent Cleanup for Next Mark 0.417ms
[2026-01-15T18:37:11.834+0530][30.414s][info][gc          ] GC(333) Concurrent Mark Cycle 5.149ms
[2026-01-15T18:37:11.890+0530][30.470s][info][gc,start    ] GC(334) Pause Young (Concurrent Start) (G1 Humongous Allocation)
[2026-01-15T18:37:11.890+0530][30.470s][info][gc,task     ] GC(334) Using 6 workers of 8 for evacuation
[2026-01-15T18:37:11.892+0530][30.471s][info][gc,phases   ] GC(334)   Pre Evacuate Collection Set: 0.2ms
[2026-01-15T18:37:11.892+0530][30.471s][info][gc,phases   ] GC(334)   Merge Heap Roots: 0.2ms
[2026-01-15T18:37:11.892+0530][30.471s][info][gc,phases   ] GC(334)   Evacuate Collection Set: 0.3ms
[2026-01-15T18:37:11.892+0530][30.471s][info][gc,phases   ] GC(334)   Post Evacuate Collection Set: 0.7ms
[2026-01-15T18:37:11.892+0530][30.471s][info][gc,phases   ] GC(334)   Other: 0.2ms
[2026-01-15T18:37:11.892+0530][30.471s][info][gc,heap     ] GC(334) Eden regions: 0->0(46)
[2026-01-15T18:37:11.892+0530][30.471s][info][gc,heap     ] GC(334) Survivor regions: 0->0(6)
[2026-01-15T18:37:11.892+0530][30.471s][info][gc,heap     ] GC(334) Old regions: 2->2
[2026-01-15T18:37:11.892+0530][30.471s][info][gc,heap     ] GC(334) Humongous regions: 120->0
[2026-01-15T18:37:11.892+0530][30.472s][info][gc,metaspace] GC(334) Metaspace: 813K(960K)->813K(960K) NonClass: 759K(832K)->759K(832K) Class: 53K(128K)->53K(128K)
[2026-01-15T18:37:11.892+0530][30.472s][info][gc          ] GC(334) Pause Young (Concurrent Start) (G1 Humongous Allocation) 121M->1M(256M) 1.786ms
[2026-01-15T18:37:11.892+0530][30.472s][info][gc,cpu      ] GC(334) User=0.00s Sys=0.00s Real=0.00s
[2026-01-15T18:37:11.892+0530][30.472s][info][gc          ] GC(335) Concurrent Undo Cycle
[2026-01-15T18:37:11.892+0530][30.472s][info][gc,marking  ] GC(335) Concurrent Clear Claimed Marks
[2026-01-15T18:37:11.892+0530][30.472s][info][gc,marking  ] GC(335) Concurrent Clear Claimed Marks 0.010ms
[2026-01-15T18:37:11.892+0530][30.472s][info][gc,marking  ] GC(335) Concurrent Cleanup for Next Mark
[2026-01-15T18:37:11.892+0530][30.472s][info][gc,marking  ] GC(335) Concurrent Cleanup for Next Mark 0.142ms
[2026-01-15T18:37:11.892+0530][30.472s][info][gc          ] GC(335) Concurrent Undo Cycle 0.239ms
[2026-01-15T18:37:12.203+0530][30.783s][info][gc,start    ] GC(336) Pause Young (Concurrent Start) (G1 Humongous Allocation)
[2026-01-15T18:37:12.203+0530][30.783s][info][gc,task     ] GC(336) Using 6 workers of 8 for evacuation
[2026-01-15T18:37:12.205+0530][30.785s][info][gc,phases   ] GC(336)   Pre Evacuate Collection Set: 0.4ms
[2026-01-15T18:37:12.205+0530][30.785s][info][gc,phases   ] GC(336)   Merge Heap Roots: 0.2ms
[2026-01-15T18:37:12.205+0530][30.785s][info][gc,phases   ] GC(336)   Evacuate Collection Set: 0.4ms
[2026-01-15T18:37:12.205+0530][30.785s][info][gc,phases   ] GC(336)   Post Evacuate Collection Set: 0.7ms
[2026-01-15T18:37:12.205+0530][30.785s][info][gc,phases   ] GC(336)   Other: 0.2ms
[2026-01-15T18:37:12.205+0530][30.785s][info][gc,heap     ] GC(336) Eden regions: 0->0(46)
[2026-01-15T18:37:12.205+0530][30.785s][info][gc,heap     ] GC(336) Survivor regions: 0->0(6)
[2026-01-15T18:37:12.205+0530][30.785s][info][gc,heap     ] GC(336) Old regions: 2->2
[2026-01-15T18:37:12.205+0530][30.785s][info][gc,heap     ] GC(336) Humongous regions: 114->114
[2026-01-15T18:37:12.205+0530][30.785s][info][gc,metaspace] GC(336) Metaspace: 813K(960K)->813K(960K) NonClass: 759K(832K)->759K(832K) Class: 53K(128K)->53K(128K)
[2026-01-15T18:37:12.205+0530][30.785s][info][gc          ] GC(336) Pause Young (Concurrent Start) (G1 Humongous Allocation) 115M->115M(256M) 2.186ms
[2026-01-15T18:37:12.205+0530][30.785s][info][gc,cpu      ] GC(336) User=0.00s Sys=0.00s Real=0.00s
[2026-01-15T18:37:12.205+0530][30.785s][info][gc          ] GC(337) Concurrent Mark Cycle
[2026-01-15T18:37:12.205+0530][30.785s][info][gc,marking  ] GC(337) Concurrent Scan Root Regions
[2026-01-15T18:37:12.205+0530][30.785s][info][gc,marking  ] GC(337) Concurrent Scan Root Regions 0.020ms
[2026-01-15T18:37:12.205+0530][30.785s][info][gc,marking  ] GC(337) Concurrent Mark
[2026-01-15T18:37:12.205+0530][30.785s][info][gc,marking  ] GC(337) Concurrent Mark From Roots
[2026-01-15T18:37:12.205+0530][30.785s][info][gc,task     ] GC(337) Using 2 workers of 2 for marking
[2026-01-15T18:37:12.208+0530][30.788s][info][gc,marking  ] GC(337) Concurrent Mark From Roots 2.646ms
[2026-01-15T18:37:12.208+0530][30.788s][info][gc,marking  ] GC(337) Concurrent Preclean
[2026-01-15T18:37:12.208+0530][30.788s][info][gc,marking  ] GC(337) Concurrent Preclean 0.020ms
[2026-01-15T18:37:12.209+0530][30.788s][info][gc,start    ] GC(337) Pause Remark
[2026-01-15T18:37:12.210+0530][30.789s][info][gc          ] GC(337) Pause Remark 121M->121M(256M) 1.061ms
[2026-01-15T18:37:12.210+0530][30.789s][info][gc,cpu      ] GC(337) User=0.00s Sys=0.00s Real=0.00s
[2026-01-15T18:37:12.210+0530][30.789s][info][gc,marking  ] GC(337) Concurrent Mark 3.974ms
[2026-01-15T18:37:12.210+0530][30.789s][info][gc,marking  ] GC(337) Concurrent Rebuild Remembered Sets and Scrub Regions
[2026-01-15T18:37:12.210+0530][30.790s][info][gc,marking  ] GC(337) Concurrent Rebuild Remembered Sets and Scrub Regions 0.647ms
[2026-01-15T18:37:12.210+0530][30.790s][info][gc,start    ] GC(337) Pause Cleanup
[2026-01-15T18:37:12.211+0530][30.790s][info][gc          ] GC(337) Pause Cleanup 121M->121M(256M) 0.202ms
[2026-01-15T18:37:12.211+0530][30.790s][info][gc,cpu      ] GC(337) User=0.00s Sys=0.00s Real=0.00s
[2026-01-15T18:37:12.211+0530][30.790s][info][gc,marking  ] GC(337) Concurrent Clear Claimed Marks
[2026-01-15T18:37:12.211+0530][30.790s][info][gc,marking  ] GC(337) Concurrent Clear Claimed Marks 0.031ms
[2026-01-15T18:37:12.211+0530][30.790s][info][gc,marking  ] GC(337) Concurrent Cleanup for Next Mark
[2026-01-15T18:37:12.211+0530][30.791s][info][gc,marking  ] GC(337) Concurrent Cleanup for Next Mark 0.420ms
[2026-01-15T18:37:12.211+0530][30.791s][info][gc          ] GC(337) Concurrent Mark Cycle 5.605ms
[2026-01-15T18:37:12.264+0530][30.844s][info][gc,start    ] GC(338) Pause Young (Concurrent Start) (G1 Humongous Allocation)
[2026-01-15T18:37:12.264+0530][30.844s][info][gc,task     ] GC(338) Using 6 workers of 8 for evacuation
[2026-01-15T18:37:12.266+0530][30.845s][info][gc,phases   ] GC(338)   Pre Evacuate Collection Set: 0.2ms
[2026-01-15T18:37:12.266+0530][30.845s][info][gc,phases   ] GC(338)   Merge Heap Roots: 0.1ms
[2026-01-15T18:37:12.266+0530][30.845s][info][gc,phases   ] GC(338)   Evacuate Collection Set: 0.2ms
[2026-01-15T18:37:12.266+0530][30.845s][info][gc,phases   ] GC(338)   Post Evacuate Collection Set: 0.6ms
[2026-01-15T18:37:12.266+0530][30.845s][info][gc,phases   ] GC(338)   Other: 0.2ms
[2026-01-15T18:37:12.266+0530][30.845s][info][gc,heap     ] GC(338) Eden regions: 0->0(46)
[2026-01-15T18:37:12.266+0530][30.845s][info][gc,heap     ] GC(338) Survivor regions: 0->0(6)
[2026-01-15T18:37:12.266+0530][30.845s][info][gc,heap     ] GC(338) Old regions: 2->2
[2026-01-15T18:37:12.266+0530][30.845s][info][gc,heap     ] GC(338) Humongous regions: 120->0
[2026-01-15T18:37:12.266+0530][30.845s][info][gc,metaspace] GC(338) Metaspace: 813K(960K)->813K(960K) NonClass: 759K(832K)->759K(832K) Class: 53K(128K)->53K(128K)
[2026-01-15T18:37:12.266+0530][30.845s][info][gc          ] GC(338) Pause Young (Concurrent Start) (G1 Humongous Allocation) 121M->1M(256M) 1.558ms
[2026-01-15T18:37:12.266+0530][30.845s][info][gc,cpu      ] GC(338) User=0.00s Sys=0.00s Real=0.00s
[2026-01-15T18:37:12.266+0530][30.845s][info][gc          ] GC(339) Concurrent Undo Cycle
[2026-01-15T18:37:12.266+0530][30.845s][info][gc,marking  ] GC(339) Concurrent Clear Claimed Marks
[2026-01-15T18:37:12.266+0530][30.845s][info][gc,marking  ] GC(339) Concurrent Clear Claimed Marks 0.018ms
[2026-01-15T18:37:12.266+0530][30.845s][info][gc,marking  ] GC(339) Concurrent Cleanup for Next Mark
[2026-01-15T18:37:12.266+0530][30.845s][info][gc,marking  ] GC(339) Concurrent Cleanup for Next Mark 0.137ms
[2026-01-15T18:37:12.266+0530][30.845s][info][gc          ] GC(339) Concurrent Undo Cycle 0.262ms
[2026-01-15T18:37:12.578+0530][31.157s][info][gc,start    ] GC(340) Pause Young (Concurrent Start) (G1 Humongous Allocation)
[2026-01-15T18:37:12.578+0530][31.157s][info][gc,task     ] GC(340) Using 6 workers of 8 for evacuation
[2026-01-15T18:37:12.580+0530][31.160s][info][gc,phases   ] GC(340)   Pre Evacuate Collection Set: 0.5ms
[2026-01-15T18:37:12.580+0530][31.160s][info][gc,phases   ] GC(340)   Merge Heap Roots: 0.2ms
[2026-01-15T18:37:12.580+0530][31.160s][info][gc,phases   ] GC(340)   Evacuate Collection Set: 0.4ms
[2026-01-15T18:37:12.580+0530][31.160s][info][gc,phases   ] GC(340)   Post Evacuate Collection Set: 0.9ms
[2026-01-15T18:37:12.580+0530][31.160s][info][gc,phases   ] GC(340)   Other: 0.4ms
[2026-01-15T18:37:12.580+0530][31.160s][info][gc,heap     ] GC(340) Eden regions: 0->0(46)
[2026-01-15T18:37:12.580+0530][31.160s][info][gc,heap     ] GC(340) Survivor regions: 0->0(6)
[2026-01-15T18:37:12.581+0530][31.160s][info][gc,heap     ] GC(340) Old regions: 2->2
[2026-01-15T18:37:12.581+0530][31.160s][info][gc,heap     ] GC(340) Humongous regions: 114->114
[2026-01-15T18:37:12.581+0530][31.160s][info][gc,metaspace] GC(340) Metaspace: 813K(960K)->813K(960K) NonClass: 759K(832K)->759K(832K) Class: 53K(128K)->53K(128K)
[2026-01-15T18:37:12.581+0530][31.160s][info][gc          ] GC(340) Pause Young (Concurrent Start) (G1 Humongous Allocation) 115M->115M(256M) 2.814ms
[2026-01-15T18:37:12.581+0530][31.160s][info][gc,cpu      ] GC(340) User=0.00s Sys=0.00s Real=0.00s
[2026-01-15T18:37:12.581+0530][31.160s][info][gc          ] GC(341) Concurrent Mark Cycle
[2026-01-15T18:37:12.581+0530][31.160s][info][gc,marking  ] GC(341) Concurrent Scan Root Regions
[2026-01-15T18:37:12.581+0530][31.160s][info][gc,marking  ] GC(341) Concurrent Scan Root Regions 0.024ms
[2026-01-15T18:37:12.581+0530][31.160s][info][gc,marking  ] GC(341) Concurrent Mark
[2026-01-15T18:37:12.581+0530][31.160s][info][gc,marking  ] GC(341) Concurrent Mark From Roots
[2026-01-15T18:37:12.581+0530][31.160s][info][gc,task     ] GC(341) Using 2 workers of 2 for marking
[2026-01-15T18:37:12.584+0530][31.163s][info][gc,marking  ] GC(341) Concurrent Mark From Roots 2.754ms
[2026-01-15T18:37:12.584+0530][31.163s][info][gc,marking  ] GC(341) Concurrent Preclean
[2026-01-15T18:37:12.584+0530][31.163s][info][gc,marking  ] GC(341) Concurrent Preclean 0.011ms
[2026-01-15T18:37:12.584+0530][31.163s][info][gc,start    ] GC(341) Pause Remark
[2026-01-15T18:37:12.585+0530][31.164s][info][gc          ] GC(341) Pause Remark 121M->121M(256M) 1.077ms
[2026-01-15T18:37:12.585+0530][31.164s][info][gc,cpu      ] GC(341) User=0.00s Sys=0.00s Real=0.00s
[2026-01-15T18:37:12.585+0530][31.165s][info][gc,marking  ] GC(341) Concurrent Mark 4.098ms
[2026-01-15T18:37:12.585+0530][31.165s][info][gc,marking  ] GC(341) Concurrent Rebuild Remembered Sets and Scrub Regions
[2026-01-15T18:37:12.586+0530][31.165s][info][gc,marking  ] GC(341) Concurrent Rebuild Remembered Sets and Scrub Regions 0.654ms
[2026-01-15T18:37:12.586+0530][31.165s][info][gc,start    ] GC(341) Pause Cleanup
[2026-01-15T18:37:12.586+0530][31.165s][info][gc          ] GC(341) Pause Cleanup 121M->121M(256M) 0.159ms
[2026-01-15T18:37:12.586+0530][31.166s][info][gc,cpu      ] GC(341) User=0.00s Sys=0.00s Real=0.00s
[2026-01-15T18:37:12.586+0530][31.166s][info][gc,marking  ] GC(341) Concurrent Clear Claimed Marks
[2026-01-15T18:37:12.586+0530][31.166s][info][gc,marking  ] GC(341) Concurrent Clear Claimed Marks 0.023ms
[2026-01-15T18:37:12.586+0530][31.166s][info][gc,marking  ] GC(341) Concurrent Cleanup for Next Mark
[2026-01-15T18:37:12.587+0530][31.166s][info][gc,marking  ] GC(341) Concurrent Cleanup for Next Mark 0.414ms
[2026-01-15T18:37:12.587+0530][31.166s][info][gc          ] GC(341) Concurrent Mark Cycle 5.780ms
[2026-01-15T18:37:12.639+0530][31.219s][info][gc,start    ] GC(342) Pause Young (Concurrent Start) (G1 Humongous Allocation)
[2026-01-15T18:37:12.639+0530][31.219s][info][gc,task     ] GC(342) Using 6 workers of 8 for evacuation
[2026-01-15T18:37:12.641+0530][31.221s][info][gc,phases   ] GC(342)   Pre Evacuate Collection Set: 0.3ms
[2026-01-15T18:37:12.641+0530][31.221s][info][gc,phases   ] GC(342)   Merge Heap Roots: 0.1ms
[2026-01-15T18:37:12.641+0530][31.221s][info][gc,phases   ] GC(342)   Evacuate Collection Set: 0.3ms
[2026-01-15T18:37:12.641+0530][31.221s][info][gc,phases   ] GC(342)   Post Evacuate Collection Set: 1.0ms
[2026-01-15T18:37:12.641+0530][31.221s][info][gc,phases   ] GC(342)   Other: 0.2ms
[2026-01-15T18:37:12.641+0530][31.221s][info][gc,heap     ] GC(342) Eden regions: 0->0(46)
[2026-01-15T18:37:12.641+0530][31.221s][info][gc,heap     ] GC(342) Survivor regions: 0->0(6)
[2026-01-15T18:37:12.641+0530][31.221s][info][gc,heap     ] GC(342) Old regions: 2->2
[2026-01-15T18:37:12.641+0530][31.221s][info][gc,heap     ] GC(342) Humongous regions: 120->0
[2026-01-15T18:37:12.641+0530][31.221s][info][gc,metaspace] GC(342) Metaspace: 813K(960K)->813K(960K) NonClass: 759K(832K)->759K(832K) Class: 53K(128K)->53K(128K)
[2026-01-15T18:37:12.641+0530][31.222s][info][gc          ] GC(342) Pause Young (Concurrent Start) (G1 Humongous Allocation) 121M->1M(256M) 2.533ms
[2026-01-15T18:37:12.641+0530][31.222s][info][gc,cpu      ] GC(342) User=0.00s Sys=0.00s Real=0.00s
[2026-01-15T18:37:12.641+0530][31.222s][info][gc          ] GC(343) Concurrent Undo Cycle
[2026-01-15T18:37:12.641+0530][31.222s][info][gc,marking  ] GC(343) Concurrent Clear Claimed Marks
[2026-01-15T18:37:12.641+0530][31.222s][info][gc,marking  ] GC(343) Concurrent Clear Claimed Marks 0.050ms
[2026-01-15T18:37:12.643+0530][31.222s][info][gc,marking  ] GC(343) Concurrent Cleanup for Next Mark
[2026-01-15T18:37:12.643+0530][31.222s][info][gc,marking  ] GC(343) Concurrent Cleanup for Next Mark 0.272ms
[2026-01-15T18:37:12.643+0530][31.222s][info][gc          ] GC(343) Concurrent Undo Cycle 0.685ms
[2026-01-15T18:37:12.949+0530][31.529s][info][gc,start    ] GC(344) Pause Young (Concurrent Start) (G1 Humongous Allocation)
[2026-01-15T18:37:12.949+0530][31.529s][info][gc,task     ] GC(344) Using 6 workers of 8 for evacuation
[2026-01-15T18:37:12.951+0530][31.531s][info][gc,phases   ] GC(344)   Pre Evacuate Collection Set: 0.3ms
[2026-01-15T18:37:12.951+0530][31.531s][info][gc,phases   ] GC(344)   Merge Heap Roots: 0.2ms
[2026-01-15T18:37:12.951+0530][31.531s][info][gc,phases   ] GC(344)   Evacuate Collection Set: 0.3ms
[2026-01-15T18:37:12.951+0530][31.531s][info][gc,phases   ] GC(344)   Post Evacuate Collection Set: 0.5ms
[2026-01-15T18:37:12.951+0530][31.531s][info][gc,phases   ] GC(344)   Other: 0.3ms
[2026-01-15T18:37:12.951+0530][31.531s][info][gc,heap     ] GC(344) Eden regions: 0->0(46)
[2026-01-15T18:37:12.951+0530][31.531s][info][gc,heap     ] GC(344) Survivor regions: 0->0(6)
[2026-01-15T18:37:12.951+0530][31.531s][info][gc,heap     ] GC(344) Old regions: 2->2
[2026-01-15T18:37:12.951+0530][31.531s][info][gc,heap     ] GC(344) Humongous regions: 114->114
[2026-01-15T18:37:12.951+0530][31.531s][info][gc,metaspace] GC(344) Metaspace: 813K(960K)->813K(960K) NonClass: 759K(832K)->759K(832K) Class: 53K(128K)->53K(128K)
[2026-01-15T18:37:12.951+0530][31.531s][info][gc          ] GC(344) Pause Young (Concurrent Start) (G1 Humongous Allocation) 115M->115M(256M) 2.030ms
[2026-01-15T18:37:12.951+0530][31.531s][info][gc,cpu      ] GC(344) User=0.00s Sys=0.00s Real=0.00s
[2026-01-15T18:37:12.952+0530][31.531s][info][gc          ] GC(345) Concurrent Mark Cycle
[2026-01-15T18:37:12.952+0530][31.531s][info][gc,marking  ] GC(345) Concurrent Scan Root Regions
[2026-01-15T18:37:12.952+0530][31.531s][info][gc,marking  ] GC(345) Concurrent Scan Root Regions 0.014ms
[2026-01-15T18:37:12.952+0530][31.531s][info][gc,marking  ] GC(345) Concurrent Mark
[2026-01-15T18:37:12.952+0530][31.531s][info][gc,marking  ] GC(345) Concurrent Mark From Roots
[2026-01-15T18:37:12.952+0530][31.531s][info][gc,task     ] GC(345) Using 2 workers of 2 for marking
[2026-01-15T18:37:12.954+0530][31.533s][info][gc,marking  ] GC(345) Concurrent Mark From Roots 1.830ms
[2026-01-15T18:37:12.954+0530][31.533s][info][gc,marking  ] GC(345) Concurrent Preclean
[2026-01-15T18:37:12.954+0530][31.533s][info][gc,marking  ] GC(345) Concurrent Preclean 0.011ms
[2026-01-15T18:37:12.954+0530][31.533s][info][gc,start    ] GC(345) Pause Remark
[2026-01-15T18:37:12.955+0530][31.534s][info][gc          ] GC(345) Pause Remark 121M->121M(256M) 1.026ms
[2026-01-15T18:37:12.955+0530][31.534s][info][gc,cpu      ] GC(345) User=0.00s Sys=0.00s Real=0.00s
[2026-01-15T18:37:12.955+0530][31.534s][info][gc,marking  ] GC(345) Concurrent Mark 3.065ms
[2026-01-15T18:37:12.955+0530][31.535s][info][gc,marking  ] GC(345) Concurrent Rebuild Remembered Sets and Scrub Regions
[2026-01-15T18:37:12.955+0530][31.535s][info][gc,marking  ] GC(345) Concurrent Rebuild Remembered Sets and Scrub Regions 0.598ms
[2026-01-15T18:37:12.955+0530][31.535s][info][gc,start    ] GC(345) Pause Cleanup
[2026-01-15T18:37:12.956+0530][31.535s][info][gc          ] GC(345) Pause Cleanup 121M->121M(256M) 0.233ms
[2026-01-15T18:37:12.956+0530][31.535s][info][gc,cpu      ] GC(345) User=0.00s Sys=0.00s Real=0.00s
[2026-01-15T18:37:12.956+0530][31.536s][info][gc,marking  ] GC(345) Concurrent Clear Claimed Marks
[2026-01-15T18:37:12.956+0530][31.536s][info][gc,marking  ] GC(345) Concurrent Clear Claimed Marks 0.022ms
[2026-01-15T18:37:12.956+0530][31.536s][info][gc,marking  ] GC(345) Concurrent Cleanup for Next Mark
[2026-01-15T18:37:12.956+0530][31.536s][info][gc,marking  ] GC(345) Concurrent Cleanup for Next Mark 0.417ms
[2026-01-15T18:37:12.956+0530][31.536s][info][gc          ] GC(345) Concurrent Mark Cycle 4.639ms
[2026-01-15T18:37:13.012+0530][31.592s][info][gc,start    ] GC(346) Pause Young (Concurrent Start) (G1 Humongous Allocation)
[2026-01-15T18:37:13.012+0530][31.592s][info][gc,task     ] GC(346) Using 6 workers of 8 for evacuation
[2026-01-15T18:37:13.014+0530][31.594s][info][gc,phases   ] GC(346)   Pre Evacuate Collection Set: 0.4ms
[2026-01-15T18:37:13.014+0530][31.594s][info][gc,phases   ] GC(346)   Merge Heap Roots: 0.2ms
[2026-01-15T18:37:13.014+0530][31.594s][info][gc,phases   ] GC(346)   Evacuate Collection Set: 0.4ms
[2026-01-15T18:37:13.014+0530][31.594s][info][gc,phases   ] GC(346)   Post Evacuate Collection Set: 0.7ms
[2026-01-15T18:37:13.014+0530][31.594s][info][gc,phases   ] GC(346)   Other: 0.3ms
[2026-01-15T18:37:13.014+0530][31.594s][info][gc,heap     ] GC(346) Eden regions: 0->0(46)
[2026-01-15T18:37:13.014+0530][31.594s][info][gc,heap     ] GC(346) Survivor regions: 0->0(6)
[2026-01-15T18:37:13.014+0530][31.594s][info][gc,heap     ] GC(346) Old regions: 2->2
[2026-01-15T18:37:13.014+0530][31.594s][info][gc,heap     ] GC(346) Humongous regions: 120->0
[2026-01-15T18:37:13.014+0530][31.594s][info][gc,metaspace] GC(346) Metaspace: 813K(960K)->813K(960K) NonClass: 759K(832K)->759K(832K) Class: 53K(128K)->53K(128K)
[2026-01-15T18:37:13.014+0530][31.595s][info][gc          ] GC(346) Pause Young (Concurrent Start) (G1 Humongous Allocation) 121M->1M(256M) 2.543ms
[2026-01-15T18:37:13.014+0530][31.595s][info][gc,cpu      ] GC(346) User=0.00s Sys=0.00s Real=0.00s
[2026-01-15T18:37:13.015+0530][31.595s][info][gc          ] GC(347) Concurrent Undo Cycle
[2026-01-15T18:37:13.015+0530][31.595s][info][gc,marking  ] GC(347) Concurrent Clear Claimed Marks
[2026-01-15T18:37:13.015+0530][31.595s][info][gc,marking  ] GC(347) Concurrent Clear Claimed Marks 0.032ms
[2026-01-15T18:37:13.015+0530][31.595s][info][gc,marking  ] GC(347) Concurrent Cleanup for Next Mark
[2026-01-15T18:37:13.015+0530][31.595s][info][gc,marking  ] GC(347) Concurrent Cleanup for Next Mark 0.126ms
[2026-01-15T18:37:13.015+0530][31.595s][info][gc          ] GC(347) Concurrent Undo Cycle 0.371ms
[2026-01-15T18:37:13.325+0530][31.904s][info][gc,start    ] GC(348) Pause Young (Concurrent Start) (G1 Humongous Allocation)
[2026-01-15T18:37:13.325+0530][31.904s][info][gc,task     ] GC(348) Using 6 workers of 8 for evacuation
[2026-01-15T18:37:13.327+0530][31.907s][info][gc,phases   ] GC(348)   Pre Evacuate Collection Set: 0.3ms
[2026-01-15T18:37:13.327+0530][31.907s][info][gc,phases   ] GC(348)   Merge Heap Roots: 0.2ms
[2026-01-15T18:37:13.327+0530][31.907s][info][gc,phases   ] GC(348)   Evacuate Collection Set: 0.5ms
[2026-01-15T18:37:13.327+0530][31.907s][info][gc,phases   ] GC(348)   Post Evacuate Collection Set: 1.0ms
[2026-01-15T18:37:13.327+0530][31.907s][info][gc,phases   ] GC(348)   Other: 0.3ms
[2026-01-15T18:37:13.327+0530][31.907s][info][gc,heap     ] GC(348) Eden regions: 0->0(46)
[2026-01-15T18:37:13.327+0530][31.907s][info][gc,heap     ] GC(348) Survivor regions: 0->0(6)
[2026-01-15T18:37:13.327+0530][31.907s][info][gc,heap     ] GC(348) Old regions: 2->2
[2026-01-15T18:37:13.327+0530][31.907s][info][gc,heap     ] GC(348) Humongous regions: 114->114
[2026-01-15T18:37:13.327+0530][31.907s][info][gc,metaspace] GC(348) Metaspace: 813K(960K)->813K(960K) NonClass: 759K(832K)->759K(832K) Class: 53K(128K)->53K(128K)
[2026-01-15T18:37:13.327+0530][31.907s][info][gc          ] GC(348) Pause Young (Concurrent Start) (G1 Humongous Allocation) 115M->115M(256M) 2.851ms
[2026-01-15T18:37:13.328+0530][31.907s][info][gc,cpu      ] GC(348) User=0.00s Sys=0.00s Real=0.00s
[2026-01-15T18:37:13.328+0530][31.907s][info][gc          ] GC(349) Concurrent Mark Cycle
[2026-01-15T18:37:13.328+0530][31.907s][info][gc,marking  ] GC(349) Concurrent Scan Root Regions
[2026-01-15T18:37:13.328+0530][31.907s][info][gc,marking  ] GC(349) Concurrent Scan Root Regions 0.027ms
[2026-01-15T18:37:13.328+0530][31.907s][info][gc,marking  ] GC(349) Concurrent Mark
[2026-01-15T18:37:13.328+0530][31.907s][info][gc,marking  ] GC(349) Concurrent Mark From Roots
[2026-01-15T18:37:13.328+0530][31.907s][info][gc,task     ] GC(349) Using 2 workers of 2 for marking
[2026-01-15T18:37:13.331+0530][31.911s][info][gc,marking  ] GC(349) Concurrent Mark From Roots 3.594ms
[2026-01-15T18:37:13.331+0530][31.911s][info][gc,marking  ] GC(349) Concurrent Preclean
[2026-01-15T18:37:13.331+0530][31.911s][info][gc,marking  ] GC(349) Concurrent Preclean 0.028ms
[2026-01-15T18:37:13.332+0530][31.911s][info][gc,start    ] GC(349) Pause Remark
[2026-01-15T18:37:13.333+0530][31.912s][info][gc          ] GC(349) Pause Remark 121M->121M(256M) 1.190ms
[2026-01-15T18:37:13.333+0530][31.912s][info][gc,cpu      ] GC(349) User=0.00s Sys=0.00s Real=0.00s
[2026-01-15T18:37:13.333+0530][31.912s][info][gc,marking  ] GC(349) Concurrent Mark 5.176ms
[2026-01-15T18:37:13.333+0530][31.913s][info][gc,marking  ] GC(349) Concurrent Rebuild Remembered Sets and Scrub Regions
[2026-01-15T18:37:13.334+0530][31.913s][info][gc,marking  ] GC(349) Concurrent Rebuild Remembered Sets and Scrub Regions 0.759ms
[2026-01-15T18:37:13.334+0530][31.913s][info][gc,start    ] GC(349) Pause Cleanup
[2026-01-15T18:37:13.334+0530][31.914s][info][gc          ] GC(349) Pause Cleanup 121M->121M(256M) 0.213ms
[2026-01-15T18:37:13.334+0530][31.914s][info][gc,cpu      ] GC(349) User=0.00s Sys=0.00s Real=0.00s
[2026-01-15T18:37:13.334+0530][31.914s][info][gc,marking  ] GC(349) Concurrent Clear Claimed Marks
[2026-01-15T18:37:13.334+0530][31.914s][info][gc,marking  ] GC(349) Concurrent Clear Claimed Marks 0.033ms
[2026-01-15T18:37:13.334+0530][31.914s][info][gc,marking  ] GC(349) Concurrent Cleanup for Next Mark
[2026-01-15T18:37:13.334+0530][31.914s][info][gc,marking  ] GC(349) Concurrent Cleanup for Next Mark 0.422ms
[2026-01-15T18:37:13.334+0530][31.914s][info][gc          ] GC(349) Concurrent Mark Cycle 7.023ms
[2026-01-15T18:37:13.385+0530][31.965s][info][gc,start    ] GC(350) Pause Young (Concurrent Start) (G1 Humongous Allocation)
[2026-01-15T18:37:13.385+0530][31.965s][info][gc,task     ] GC(350) Using 6 workers of 8 for evacuation
[2026-01-15T18:37:13.387+0530][31.966s][info][gc,phases   ] GC(350)   Pre Evacuate Collection Set: 0.3ms
[2026-01-15T18:37:13.387+0530][31.966s][info][gc,phases   ] GC(350)   Merge Heap Roots: 0.1ms
[2026-01-15T18:37:13.387+0530][31.966s][info][gc,phases   ] GC(350)   Evacuate Collection Set: 0.3ms
[2026-01-15T18:37:13.387+0530][31.966s][info][gc,phases   ] GC(350)   Post Evacuate Collection Set: 0.6ms
[2026-01-15T18:37:13.387+0530][31.966s][info][gc,phases   ] GC(350)   Other: 0.2ms
[2026-01-15T18:37:13.387+0530][31.966s][info][gc,heap     ] GC(350) Eden regions: 0->0(46)
[2026-01-15T18:37:13.387+0530][31.966s][info][gc,heap     ] GC(350) Survivor regions: 0->0(6)
[2026-01-15T18:37:13.387+0530][31.966s][info][gc,heap     ] GC(350) Old regions: 2->2
[2026-01-15T18:37:13.387+0530][31.966s][info][gc,heap     ] GC(350) Humongous regions: 120->0
[2026-01-15T18:37:13.387+0530][31.966s][info][gc,metaspace] GC(350) Metaspace: 813K(960K)->813K(960K) NonClass: 759K(832K)->759K(832K) Class: 53K(128K)->53K(128K)
[2026-01-15T18:37:13.387+0530][31.966s][info][gc          ] GC(350) Pause Young (Concurrent Start) (G1 Humongous Allocation) 121M->1M(256M) 1.694ms
[2026-01-15T18:37:13.387+0530][31.966s][info][gc,cpu      ] GC(350) User=0.00s Sys=0.00s Real=0.00s
[2026-01-15T18:37:13.387+0530][31.967s][info][gc          ] GC(351) Concurrent Undo Cycle
[2026-01-15T18:37:13.387+0530][31.967s][info][gc,marking  ] GC(351) Concurrent Clear Claimed Marks
[2026-01-15T18:37:13.387+0530][31.967s][info][gc,marking  ] GC(351) Concurrent Clear Claimed Marks 0.013ms
[2026-01-15T18:37:13.387+0530][31.967s][info][gc,marking  ] GC(351) Concurrent Cleanup for Next Mark
[2026-01-15T18:37:13.387+0530][31.967s][info][gc,marking  ] GC(351) Concurrent Cleanup for Next Mark 0.127ms
[2026-01-15T18:37:13.387+0530][31.967s][info][gc          ] GC(351) Concurrent Undo Cycle 0.240ms
[2026-01-15T18:37:13.698+0530][32.278s][info][gc,start    ] GC(352) Pause Young (Concurrent Start) (G1 Humongous Allocation)
[2026-01-15T18:37:13.698+0530][32.278s][info][gc,task     ] GC(352) Using 6 workers of 8 for evacuation
[2026-01-15T18:37:13.699+0530][32.279s][info][gc,phases   ] GC(352)   Pre Evacuate Collection Set: 0.1ms
[2026-01-15T18:37:13.699+0530][32.279s][info][gc,phases   ] GC(352)   Merge Heap Roots: 0.0ms
[2026-01-15T18:37:13.699+0530][32.279s][info][gc,phases   ] GC(352)   Evacuate Collection Set: 0.2ms
[2026-01-15T18:37:13.699+0530][32.279s][info][gc,phases   ] GC(352)   Post Evacuate Collection Set: 0.4ms
[2026-01-15T18:37:13.699+0530][32.279s][info][gc,phases   ] GC(352)   Other: 0.1ms
[2026-01-15T18:37:13.699+0530][32.279s][info][gc,heap     ] GC(352) Eden regions: 0->0(46)
[2026-01-15T18:37:13.699+0530][32.279s][info][gc,heap     ] GC(352) Survivor regions: 0->0(6)
[2026-01-15T18:37:13.699+0530][32.279s][info][gc,heap     ] GC(352) Old regions: 2->2
[2026-01-15T18:37:13.699+0530][32.279s][info][gc,heap     ] GC(352) Humongous regions: 114->114
[2026-01-15T18:37:13.699+0530][32.279s][info][gc,metaspace] GC(352) Metaspace: 813K(960K)->813K(960K) NonClass: 759K(832K)->759K(832K) Class: 53K(128K)->53K(128K)
[2026-01-15T18:37:13.699+0530][32.279s][info][gc          ] GC(352) Pause Young (Concurrent Start) (G1 Humongous Allocation) 115M->115M(256M) 1.211ms
[2026-01-15T18:37:13.699+0530][32.279s][info][gc,cpu      ] GC(352) User=0.00s Sys=0.00s Real=0.00s
[2026-01-15T18:37:13.699+0530][32.279s][info][gc          ] GC(353) Concurrent Mark Cycle
[2026-01-15T18:37:13.699+0530][32.279s][info][gc,marking  ] GC(353) Concurrent Scan Root Regions
[2026-01-15T18:37:13.699+0530][32.279s][info][gc,marking  ] GC(353) Concurrent Scan Root Regions 0.009ms
[2026-01-15T18:37:13.699+0530][32.279s][info][gc,marking  ] GC(353) Concurrent Mark
[2026-01-15T18:37:13.699+0530][32.279s][info][gc,marking  ] GC(353) Concurrent Mark From Roots
[2026-01-15T18:37:13.699+0530][32.279s][info][gc,task     ] GC(353) Using 2 workers of 2 for marking
[2026-01-15T18:37:13.701+0530][32.281s][info][gc,marking  ] GC(353) Concurrent Mark From Roots 1.763ms
[2026-01-15T18:37:13.701+0530][32.281s][info][gc,marking  ] GC(353) Concurrent Preclean
[2026-01-15T18:37:13.701+0530][32.281s][info][gc,marking  ] GC(353) Concurrent Preclean 0.013ms
[2026-01-15T18:37:13.701+0530][32.281s][info][gc,start    ] GC(353) Pause Remark
[2026-01-15T18:37:13.702+0530][32.282s][info][gc          ] GC(353) Pause Remark 121M->121M(256M) 0.868ms
[2026-01-15T18:37:13.702+0530][32.282s][info][gc,cpu      ] GC(353) User=0.00s Sys=0.00s Real=0.00s
[2026-01-15T18:37:13.702+0530][32.282s][info][gc,marking  ] GC(353) Concurrent Mark 2.891ms
[2026-01-15T18:37:13.702+0530][32.282s][info][gc,marking  ] GC(353) Concurrent Rebuild Remembered Sets and Scrub Regions
[2026-01-15T18:37:13.703+0530][32.283s][info][gc,marking  ] GC(353) Concurrent Rebuild Remembered Sets and Scrub Regions 0.549ms
[2026-01-15T18:37:13.703+0530][32.283s][info][gc,start    ] GC(353) Pause Cleanup
[2026-01-15T18:37:13.703+0530][32.283s][info][gc          ] GC(353) Pause Cleanup 121M->121M(256M) 0.109ms
[2026-01-15T18:37:13.703+0530][32.283s][info][gc,cpu      ] GC(353) User=0.00s Sys=0.00s Real=0.00s
[2026-01-15T18:37:13.703+0530][32.283s][info][gc,marking  ] GC(353) Concurrent Clear Claimed Marks
[2026-01-15T18:37:13.703+0530][32.283s][info][gc,marking  ] GC(353) Concurrent Clear Claimed Marks 0.025ms
[2026-01-15T18:37:13.703+0530][32.283s][info][gc,marking  ] GC(353) Concurrent Cleanup for Next Mark
[2026-01-15T18:37:13.704+0530][32.284s][info][gc,marking  ] GC(353) Concurrent Cleanup for Next Mark 0.570ms
[2026-01-15T18:37:13.704+0530][32.284s][info][gc          ] GC(353) Concurrent Mark Cycle 4.443ms
[2026-01-15T18:37:13.760+0530][32.340s][info][gc,start    ] GC(354) Pause Young (Concurrent Start) (G1 Humongous Allocation)
[2026-01-15T18:37:13.760+0530][32.340s][info][gc,task     ] GC(354) Using 6 workers of 8 for evacuation
[2026-01-15T18:37:13.761+0530][32.341s][info][gc,phases   ] GC(354)   Pre Evacuate Collection Set: 0.1ms
[2026-01-15T18:37:13.761+0530][32.341s][info][gc,phases   ] GC(354)   Merge Heap Roots: 0.0ms
[2026-01-15T18:37:13.761+0530][32.341s][info][gc,phases   ] GC(354)   Evacuate Collection Set: 0.2ms
[2026-01-15T18:37:13.761+0530][32.341s][info][gc,phases   ] GC(354)   Post Evacuate Collection Set: 0.3ms
[2026-01-15T18:37:13.761+0530][32.341s][info][gc,phases   ] GC(354)   Other: 0.1ms
[2026-01-15T18:37:13.761+0530][32.341s][info][gc,heap     ] GC(354) Eden regions: 0->0(46)
[2026-01-15T18:37:13.761+0530][32.341s][info][gc,heap     ] GC(354) Survivor regions: 0->0(6)
[2026-01-15T18:37:13.761+0530][32.341s][info][gc,heap     ] GC(354) Old regions: 2->2
[2026-01-15T18:37:13.761+0530][32.341s][info][gc,heap     ] GC(354) Humongous regions: 120->0
[2026-01-15T18:37:13.761+0530][32.341s][info][gc,metaspace] GC(354) Metaspace: 813K(960K)->813K(960K) NonClass: 759K(832K)->759K(832K) Class: 53K(128K)->53K(128K)
[2026-01-15T18:37:13.761+0530][32.341s][info][gc          ] GC(354) Pause Young (Concurrent Start) (G1 Humongous Allocation) 121M->1M(256M) 1.207ms
[2026-01-15T18:37:13.761+0530][32.341s][info][gc,cpu      ] GC(354) User=0.00s Sys=0.00s Real=0.00s
[2026-01-15T18:37:13.761+0530][32.341s][info][gc          ] GC(355) Concurrent Undo Cycle
[2026-01-15T18:37:13.761+0530][32.341s][info][gc,marking  ] GC(355) Concurrent Clear Claimed Marks
[2026-01-15T18:37:13.761+0530][32.341s][info][gc,marking  ] GC(355) Concurrent Clear Claimed Marks 0.015ms
[2026-01-15T18:37:13.761+0530][32.341s][info][gc,marking  ] GC(355) Concurrent Cleanup for Next Mark
[2026-01-15T18:37:13.761+0530][32.341s][info][gc,marking  ] GC(355) Concurrent Cleanup for Next Mark 0.050ms
[2026-01-15T18:37:13.761+0530][32.341s][info][gc          ] GC(355) Concurrent Undo Cycle 0.157ms
[2026-01-15T18:37:14.073+0530][32.652s][info][gc,start    ] GC(356) Pause Young (Concurrent Start) (G1 Humongous Allocation)
[2026-01-15T18:37:14.073+0530][32.653s][info][gc,task     ] GC(356) Using 6 workers of 8 for evacuation
[2026-01-15T18:37:14.075+0530][32.655s][info][gc,phases   ] GC(356)   Pre Evacuate Collection Set: 0.6ms
[2026-01-15T18:37:14.075+0530][32.655s][info][gc,phases   ] GC(356)   Merge Heap Roots: 0.3ms
[2026-01-15T18:37:14.075+0530][32.655s][info][gc,phases   ] GC(356)   Evacuate Collection Set: 0.5ms
[2026-01-15T18:37:14.075+0530][32.655s][info][gc,phases   ] GC(356)   Post Evacuate Collection Set: 1.0ms
[2026-01-15T18:37:14.075+0530][32.655s][info][gc,phases   ] GC(356)   Other: 0.3ms
[2026-01-15T18:37:14.076+0530][32.655s][info][gc,heap     ] GC(356) Eden regions: 0->0(46)
[2026-01-15T18:37:14.076+0530][32.655s][info][gc,heap     ] GC(356) Survivor regions: 0->0(6)
[2026-01-15T18:37:14.076+0530][32.655s][info][gc,heap     ] GC(356) Old regions: 2->2
[2026-01-15T18:37:14.076+0530][32.655s][info][gc,heap     ] GC(356) Humongous regions: 114->114
[2026-01-15T18:37:14.076+0530][32.655s][info][gc,metaspace] GC(356) Metaspace: 813K(960K)->813K(960K) NonClass: 759K(832K)->759K(832K) Class: 53K(128K)->53K(128K)
[2026-01-15T18:37:14.076+0530][32.656s][info][gc          ] GC(356) Pause Young (Concurrent Start) (G1 Humongous Allocation) 115M->115M(256M) 3.076ms
[2026-01-15T18:37:14.076+0530][32.656s][info][gc,cpu      ] GC(356) User=0.00s Sys=0.00s Real=0.00s
[2026-01-15T18:37:14.076+0530][32.656s][info][gc          ] GC(357) Concurrent Mark Cycle
[2026-01-15T18:37:14.076+0530][32.656s][info][gc,marking  ] GC(357) Concurrent Scan Root Regions
[2026-01-15T18:37:14.076+0530][32.656s][info][gc,marking  ] GC(357) Concurrent Scan Root Regions 0.020ms
[2026-01-15T18:37:14.076+0530][32.656s][info][gc,marking  ] GC(357) Concurrent Mark
[2026-01-15T18:37:14.076+0530][32.656s][info][gc,marking  ] GC(357) Concurrent Mark From Roots
[2026-01-15T18:37:14.076+0530][32.656s][info][gc,task     ] GC(357) Using 2 workers of 2 for marking
[2026-01-15T18:37:14.079+0530][32.659s][info][gc,marking  ] GC(357) Concurrent Mark From Roots 2.818ms
[2026-01-15T18:37:14.079+0530][32.659s][info][gc,marking  ] GC(357) Concurrent Preclean
[2026-01-15T18:37:14.079+0530][32.659s][info][gc,marking  ] GC(357) Concurrent Preclean 0.020ms
[2026-01-15T18:37:14.079+0530][32.659s][info][gc,start    ] GC(357) Pause Remark
[2026-01-15T18:37:14.080+0530][32.660s][info][gc          ] GC(357) Pause Remark 121M->121M(256M) 1.085ms
[2026-01-15T18:37:14.080+0530][32.660s][info][gc,cpu      ] GC(357) User=0.00s Sys=0.00s Real=0.00s
[2026-01-15T18:37:14.080+0530][32.660s][info][gc,marking  ] GC(357) Concurrent Mark 4.139ms
[2026-01-15T18:37:14.080+0530][32.660s][info][gc,marking  ] GC(357) Concurrent Rebuild Remembered Sets and Scrub Regions
[2026-01-15T18:37:14.081+0530][32.661s][info][gc,marking  ] GC(357) Concurrent Rebuild Remembered Sets and Scrub Regions 0.718ms
[2026-01-15T18:37:14.081+0530][32.661s][info][gc,start    ] GC(357) Pause Cleanup
[2026-01-15T18:37:14.081+0530][32.661s][info][gc          ] GC(357) Pause Cleanup 121M->121M(256M) 0.203ms
[2026-01-15T18:37:14.081+0530][32.661s][info][gc,cpu      ] GC(357) User=0.00s Sys=0.00s Real=0.00s
[2026-01-15T18:37:14.081+0530][32.661s][info][gc,marking  ] GC(357) Concurrent Clear Claimed Marks
[2026-01-15T18:37:14.081+0530][32.661s][info][gc,marking  ] GC(357) Concurrent Clear Claimed Marks 0.022ms
[2026-01-15T18:37:14.081+0530][32.661s][info][gc,marking  ] GC(357) Concurrent Cleanup for Next Mark
[2026-01-15T18:37:14.081+0530][32.661s][info][gc,marking  ] GC(357) Concurrent Cleanup for Next Mark 0.435ms
[2026-01-15T18:37:14.081+0530][32.662s][info][gc          ] GC(357) Concurrent Mark Cycle 5.839ms
[2026-01-15T18:37:14.135+0530][32.714s][info][gc,start    ] GC(358) Pause Young (Concurrent Start) (G1 Humongous Allocation)
[2026-01-15T18:37:14.135+0530][32.714s][info][gc,task     ] GC(358) Using 6 workers of 8 for evacuation
[2026-01-15T18:37:14.136+0530][32.715s][info][gc,phases   ] GC(358)   Pre Evacuate Collection Set: 0.2ms
[2026-01-15T18:37:14.136+0530][32.715s][info][gc,phases   ] GC(358)   Merge Heap Roots: 0.0ms
[2026-01-15T18:37:14.136+0530][32.715s][info][gc,phases   ] GC(358)   Evacuate Collection Set: 0.1ms
[2026-01-15T18:37:14.136+0530][32.715s][info][gc,phases   ] GC(358)   Post Evacuate Collection Set: 0.4ms
[2026-01-15T18:37:14.136+0530][32.715s][info][gc,phases   ] GC(358)   Other: 0.1ms
[2026-01-15T18:37:14.136+0530][32.715s][info][gc,heap     ] GC(358) Eden regions: 0->0(46)
[2026-01-15T18:37:14.136+0530][32.715s][info][gc,heap     ] GC(358) Survivor regions: 0->0(6)
[2026-01-15T18:37:14.136+0530][32.715s][info][gc,heap     ] GC(358) Old regions: 2->2
[2026-01-15T18:37:14.136+0530][32.715s][info][gc,heap     ] GC(358) Humongous regions: 120->0
[2026-01-15T18:37:14.136+0530][32.716s][info][gc,metaspace] GC(358) Metaspace: 813K(960K)->813K(960K) NonClass: 759K(832K)->759K(832K) Class: 53K(128K)->53K(128K)
[2026-01-15T18:37:14.136+0530][32.716s][info][gc          ] GC(358) Pause Young (Concurrent Start) (G1 Humongous Allocation) 121M->1M(256M) 1.148ms
[2026-01-15T18:37:14.136+0530][32.716s][info][gc,cpu      ] GC(358) User=0.00s Sys=0.00s Real=0.00s
[2026-01-15T18:37:14.136+0530][32.716s][info][gc          ] GC(359) Concurrent Undo Cycle
[2026-01-15T18:37:14.136+0530][32.716s][info][gc,marking  ] GC(359) Concurrent Clear Claimed Marks
[2026-01-15T18:37:14.136+0530][32.716s][info][gc,marking  ] GC(359) Concurrent Clear Claimed Marks 0.014ms
[2026-01-15T18:37:14.136+0530][32.716s][info][gc,marking  ] GC(359) Concurrent Cleanup for Next Mark
[2026-01-15T18:37:14.136+0530][32.716s][info][gc,marking  ] GC(359) Concurrent Cleanup for Next Mark 0.045ms
[2026-01-15T18:37:14.136+0530][32.716s][info][gc          ] GC(359) Concurrent Undo Cycle 0.140ms
[2026-01-15T18:37:14.446+0530][33.027s][info][gc,start    ] GC(360) Pause Young (Concurrent Start) (G1 Humongous Allocation)
[2026-01-15T18:37:14.446+0530][33.027s][info][gc,task     ] GC(360) Using 6 workers of 8 for evacuation
[2026-01-15T18:37:14.448+0530][33.028s][info][gc,phases   ] GC(360)   Pre Evacuate Collection Set: 0.3ms
[2026-01-15T18:37:14.448+0530][33.028s][info][gc,phases   ] GC(360)   Merge Heap Roots: 0.1ms
[2026-01-15T18:37:14.448+0530][33.028s][info][gc,phases   ] GC(360)   Evacuate Collection Set: 0.3ms
[2026-01-15T18:37:14.448+0530][33.028s][info][gc,phases   ] GC(360)   Post Evacuate Collection Set: 0.6ms
[2026-01-15T18:37:14.448+0530][33.028s][info][gc,phases   ] GC(360)   Other: 0.2ms
[2026-01-15T18:37:14.448+0530][33.028s][info][gc,heap     ] GC(360) Eden regions: 0->0(46)
[2026-01-15T18:37:14.448+0530][33.028s][info][gc,heap     ] GC(360) Survivor regions: 0->0(6)
[2026-01-15T18:37:14.448+0530][33.028s][info][gc,heap     ] GC(360) Old regions: 2->2
[2026-01-15T18:37:14.448+0530][33.028s][info][gc,heap     ] GC(360) Humongous regions: 114->114
[2026-01-15T18:37:14.448+0530][33.028s][info][gc,metaspace] GC(360) Metaspace: 813K(960K)->813K(960K) NonClass: 759K(832K)->759K(832K) Class: 53K(128K)->53K(128K)
[2026-01-15T18:37:14.448+0530][33.029s][info][gc          ] GC(360) Pause Young (Concurrent Start) (G1 Humongous Allocation) 115M->115M(256M) 2.014ms
[2026-01-15T18:37:14.448+0530][33.029s][info][gc,cpu      ] GC(360) User=0.00s Sys=0.00s Real=0.00s
[2026-01-15T18:37:14.448+0530][33.029s][info][gc          ] GC(361) Concurrent Mark Cycle
[2026-01-15T18:37:14.448+0530][33.029s][info][gc,marking  ] GC(361) Concurrent Scan Root Regions
[2026-01-15T18:37:14.448+0530][33.029s][info][gc,marking  ] GC(361) Concurrent Scan Root Regions 0.014ms
[2026-01-15T18:37:14.448+0530][33.029s][info][gc,marking  ] GC(361) Concurrent Mark
[2026-01-15T18:37:14.448+0530][33.029s][info][gc,marking  ] GC(361) Concurrent Mark From Roots
[2026-01-15T18:37:14.448+0530][33.029s][info][gc,task     ] GC(361) Using 2 workers of 2 for marking
[2026-01-15T18:37:14.451+0530][33.031s][info][gc,marking  ] GC(361) Concurrent Mark From Roots 2.299ms
[2026-01-15T18:37:14.451+0530][33.031s][info][gc,marking  ] GC(361) Concurrent Preclean
[2026-01-15T18:37:14.451+0530][33.031s][info][gc,marking  ] GC(361) Concurrent Preclean 0.011ms
[2026-01-15T18:37:14.451+0530][33.031s][info][gc,start    ] GC(361) Pause Remark
[2026-01-15T18:37:14.453+0530][33.032s][info][gc          ] GC(361) Pause Remark 121M->121M(256M) 1.055ms
[2026-01-15T18:37:14.453+0530][33.032s][info][gc,cpu      ] GC(361) User=0.00s Sys=0.00s Real=0.00s
[2026-01-15T18:37:14.453+0530][33.032s][info][gc,marking  ] GC(361) Concurrent Mark 3.557ms
[2026-01-15T18:37:14.453+0530][33.032s][info][gc,marking  ] GC(361) Concurrent Rebuild Remembered Sets and Scrub Regions
[2026-01-15T18:37:14.453+0530][33.033s][info][gc,marking  ] GC(361) Concurrent Rebuild Remembered Sets and Scrub Regions 0.605ms
[2026-01-15T18:37:14.453+0530][33.033s][info][gc,start    ] GC(361) Pause Cleanup
[2026-01-15T18:37:14.454+0530][33.033s][info][gc          ] GC(361) Pause Cleanup 121M->121M(256M) 0.236ms
[2026-01-15T18:37:14.454+0530][33.033s][info][gc,cpu      ] GC(361) User=0.00s Sys=0.00s Real=0.00s
[2026-01-15T18:37:14.454+0530][33.033s][info][gc,marking  ] GC(361) Concurrent Clear Claimed Marks
[2026-01-15T18:37:14.454+0530][33.033s][info][gc,marking  ] GC(361) Concurrent Clear Claimed Marks 0.024ms
[2026-01-15T18:37:14.454+0530][33.033s][info][gc,marking  ] GC(361) Concurrent Cleanup for Next Mark
[2026-01-15T18:37:14.454+0530][33.034s][info][gc,marking  ] GC(361) Concurrent Cleanup for Next Mark 0.363ms
[2026-01-15T18:37:14.454+0530][33.034s][info][gc          ] GC(361) Concurrent Mark Cycle 5.102ms
[2026-01-15T18:37:14.510+0530][33.090s][info][gc,start    ] GC(362) Pause Young (Concurrent Start) (G1 Humongous Allocation)
[2026-01-15T18:37:14.510+0530][33.090s][info][gc,task     ] GC(362) Using 6 workers of 8 for evacuation
[2026-01-15T18:37:14.511+0530][33.091s][info][gc,phases   ] GC(362)   Pre Evacuate Collection Set: 0.2ms
[2026-01-15T18:37:14.511+0530][33.091s][info][gc,phases   ] GC(362)   Merge Heap Roots: 0.1ms
[2026-01-15T18:37:14.511+0530][33.091s][info][gc,phases   ] GC(362)   Evacuate Collection Set: 0.2ms
[2026-01-15T18:37:14.511+0530][33.091s][info][gc,phases   ] GC(362)   Post Evacuate Collection Set: 0.5ms
[2026-01-15T18:37:14.511+0530][33.091s][info][gc,phases   ] GC(362)   Other: 0.2ms
[2026-01-15T18:37:14.511+0530][33.091s][info][gc,heap     ] GC(362) Eden regions: 0->0(46)
[2026-01-15T18:37:14.511+0530][33.091s][info][gc,heap     ] GC(362) Survivor regions: 0->0(6)
[2026-01-15T18:37:14.511+0530][33.091s][info][gc,heap     ] GC(362) Old regions: 2->2
[2026-01-15T18:37:14.511+0530][33.091s][info][gc,heap     ] GC(362) Humongous regions: 120->0
[2026-01-15T18:37:14.511+0530][33.091s][info][gc,metaspace] GC(362) Metaspace: 813K(960K)->813K(960K) NonClass: 759K(832K)->759K(832K) Class: 53K(128K)->53K(128K)
[2026-01-15T18:37:14.511+0530][33.091s][info][gc          ] GC(362) Pause Young (Concurrent Start) (G1 Humongous Allocation) 121M->1M(256M) 1.367ms
[2026-01-15T18:37:14.511+0530][33.091s][info][gc,cpu      ] GC(362) User=0.00s Sys=0.00s Real=0.00s
[2026-01-15T18:37:14.511+0530][33.091s][info][gc          ] GC(363) Concurrent Undo Cycle
[2026-01-15T18:37:14.511+0530][33.091s][info][gc,marking  ] GC(363) Concurrent Clear Claimed Marks
[2026-01-15T18:37:14.511+0530][33.091s][info][gc,marking  ] GC(363) Concurrent Clear Claimed Marks 0.012ms
[2026-01-15T18:37:14.511+0530][33.091s][info][gc,marking  ] GC(363) Concurrent Cleanup for Next Mark
[2026-01-15T18:37:14.511+0530][33.091s][info][gc,marking  ] GC(363) Concurrent Cleanup for Next Mark 0.076ms
[2026-01-15T18:37:14.511+0530][33.091s][info][gc          ] GC(363) Concurrent Undo Cycle 0.182ms
[2026-01-15T18:37:14.823+0530][33.403s][info][gc,start    ] GC(364) Pause Young (Concurrent Start) (G1 Humongous Allocation)
[2026-01-15T18:37:14.823+0530][33.404s][info][gc,task     ] GC(364) Using 6 workers of 8 for evacuation
[2026-01-15T18:37:14.824+0530][33.405s][info][gc,phases   ] GC(364)   Pre Evacuate Collection Set: 0.3ms
[2026-01-15T18:37:14.824+0530][33.405s][info][gc,phases   ] GC(364)   Merge Heap Roots: 0.0ms
[2026-01-15T18:37:14.824+0530][33.405s][info][gc,phases   ] GC(364)   Evacuate Collection Set: 0.1ms
[2026-01-15T18:37:14.825+0530][33.405s][info][gc,phases   ] GC(364)   Post Evacuate Collection Set: 0.6ms
[2026-01-15T18:37:14.825+0530][33.405s][info][gc,phases   ] GC(364)   Other: 0.1ms
[2026-01-15T18:37:14.825+0530][33.405s][info][gc,heap     ] GC(364) Eden regions: 0->0(46)
[2026-01-15T18:37:14.825+0530][33.405s][info][gc,heap     ] GC(364) Survivor regions: 0->0(6)
[2026-01-15T18:37:14.825+0530][33.405s][info][gc,heap     ] GC(364) Old regions: 2->2
[2026-01-15T18:37:14.825+0530][33.405s][info][gc,heap     ] GC(364) Humongous regions: 114->114
[2026-01-15T18:37:14.825+0530][33.405s][info][gc,metaspace] GC(364) Metaspace: 813K(960K)->813K(960K) NonClass: 759K(832K)->759K(832K) Class: 53K(128K)->53K(128K)
[2026-01-15T18:37:14.825+0530][33.405s][info][gc          ] GC(364) Pause Young (Concurrent Start) (G1 Humongous Allocation) 115M->115M(256M) 1.406ms
[2026-01-15T18:37:14.825+0530][33.405s][info][gc,cpu      ] GC(364) User=0.00s Sys=0.00s Real=0.00s
[2026-01-15T18:37:14.825+0530][33.405s][info][gc          ] GC(365) Concurrent Mark Cycle
[2026-01-15T18:37:14.825+0530][33.405s][info][gc,marking  ] GC(365) Concurrent Scan Root Regions
[2026-01-15T18:37:14.825+0530][33.405s][info][gc,marking  ] GC(365) Concurrent Scan Root Regions 0.012ms
[2026-01-15T18:37:14.825+0530][33.405s][info][gc,marking  ] GC(365) Concurrent Mark
[2026-01-15T18:37:14.825+0530][33.405s][info][gc,marking  ] GC(365) Concurrent Mark From Roots
[2026-01-15T18:37:14.825+0530][33.405s][info][gc,task     ] GC(365) Using 2 workers of 2 for marking
[2026-01-15T18:37:14.828+0530][33.408s][info][gc,marking  ] GC(365) Concurrent Mark From Roots 3.076ms
[2026-01-15T18:37:14.828+0530][33.408s][info][gc,marking  ] GC(365) Concurrent Preclean
[2026-01-15T18:37:14.828+0530][33.408s][info][gc,marking  ] GC(365) Concurrent Preclean 0.013ms
[2026-01-15T18:37:14.828+0530][33.408s][info][gc,start    ] GC(365) Pause Remark
[2026-01-15T18:37:14.829+0530][33.409s][info][gc          ] GC(365) Pause Remark 121M->121M(256M) 1.073ms
[2026-01-15T18:37:14.829+0530][33.409s][info][gc,cpu      ] GC(365) User=0.00s Sys=0.00s Real=0.00s
[2026-01-15T18:37:14.829+0530][33.409s][info][gc,marking  ] GC(365) Concurrent Mark 4.436ms
[2026-01-15T18:37:14.829+0530][33.409s][info][gc,marking  ] GC(365) Concurrent Rebuild Remembered Sets and Scrub Regions
[2026-01-15T18:37:14.830+0530][33.410s][info][gc,marking  ] GC(365) Concurrent Rebuild Remembered Sets and Scrub Regions 0.646ms
[2026-01-15T18:37:14.830+0530][33.410s][info][gc,start    ] GC(365) Pause Cleanup
[2026-01-15T18:37:14.830+0530][33.410s][info][gc          ] GC(365) Pause Cleanup 121M->121M(256M) 0.235ms
[2026-01-15T18:37:14.830+0530][33.410s][info][gc,cpu      ] GC(365) User=0.00s Sys=0.00s Real=0.00s
[2026-01-15T18:37:14.830+0530][33.411s][info][gc,marking  ] GC(365) Concurrent Clear Claimed Marks
[2026-01-15T18:37:14.830+0530][33.411s][info][gc,marking  ] GC(365) Concurrent Clear Claimed Marks 0.023ms
[2026-01-15T18:37:14.830+0530][33.411s][info][gc,marking  ] GC(365) Concurrent Cleanup for Next Mark
[2026-01-15T18:37:14.831+0530][33.411s][info][gc,marking  ] GC(365) Concurrent Cleanup for Next Mark 0.467ms
[2026-01-15T18:37:14.831+0530][33.411s][info][gc          ] GC(365) Concurrent Mark Cycle 6.123ms
[2026-01-15T18:37:14.886+0530][33.465s][info][gc,start    ] GC(366) Pause Young (Concurrent Start) (G1 Humongous Allocation)
[2026-01-15T18:37:14.886+0530][33.465s][info][gc,task     ] GC(366) Using 6 workers of 8 for evacuation
[2026-01-15T18:37:14.886+0530][33.466s][info][gc,phases   ] GC(366)   Pre Evacuate Collection Set: 0.1ms
[2026-01-15T18:37:14.886+0530][33.466s][info][gc,phases   ] GC(366)   Merge Heap Roots: 0.0ms
[2026-01-15T18:37:14.886+0530][33.466s][info][gc,phases   ] GC(366)   Evacuate Collection Set: 0.1ms
[2026-01-15T18:37:14.886+0530][33.466s][info][gc,phases   ] GC(366)   Post Evacuate Collection Set: 0.3ms
[2026-01-15T18:37:14.886+0530][33.466s][info][gc,phases   ] GC(366)   Other: 0.1ms
[2026-01-15T18:37:14.887+0530][33.466s][info][gc,heap     ] GC(366) Eden regions: 0->0(46)
[2026-01-15T18:37:14.887+0530][33.466s][info][gc,heap     ] GC(366) Survivor regions: 0->0(6)
[2026-01-15T18:37:14.887+0530][33.466s][info][gc,heap     ] GC(366) Old regions: 2->2
[2026-01-15T18:37:14.887+0530][33.466s][info][gc,heap     ] GC(366) Humongous regions: 120->0
[2026-01-15T18:37:14.887+0530][33.466s][info][gc,metaspace] GC(366) Metaspace: 813K(960K)->813K(960K) NonClass: 759K(832K)->759K(832K) Class: 53K(128K)->53K(128K)
[2026-01-15T18:37:14.887+0530][33.466s][info][gc          ] GC(366) Pause Young (Concurrent Start) (G1 Humongous Allocation) 121M->1M(256M) 0.798ms
[2026-01-15T18:37:14.887+0530][33.466s][info][gc,cpu      ] GC(366) User=0.00s Sys=0.00s Real=0.00s
[2026-01-15T18:37:14.887+0530][33.466s][info][gc          ] GC(367) Concurrent Undo Cycle
[2026-01-15T18:37:14.887+0530][33.466s][info][gc,marking  ] GC(367) Concurrent Clear Claimed Marks
[2026-01-15T18:37:14.887+0530][33.466s][info][gc,marking  ] GC(367) Concurrent Clear Claimed Marks 0.012ms
[2026-01-15T18:37:14.887+0530][33.466s][info][gc,marking  ] GC(367) Concurrent Cleanup for Next Mark
[2026-01-15T18:37:14.887+0530][33.466s][info][gc,marking  ] GC(367) Concurrent Cleanup for Next Mark 0.044ms
[2026-01-15T18:37:14.887+0530][33.466s][info][gc          ] GC(367) Concurrent Undo Cycle 0.130ms
[2026-01-15T18:37:15.194+0530][33.775s][info][gc,start    ] GC(368) Pause Young (Concurrent Start) (G1 Humongous Allocation)
[2026-01-15T18:37:15.194+0530][33.775s][info][gc,task     ] GC(368) Using 6 workers of 8 for evacuation
[2026-01-15T18:37:15.196+0530][33.776s][info][gc,phases   ] GC(368)   Pre Evacuate Collection Set: 0.2ms
[2026-01-15T18:37:15.196+0530][33.776s][info][gc,phases   ] GC(368)   Merge Heap Roots: 0.1ms
[2026-01-15T18:37:15.196+0530][33.776s][info][gc,phases   ] GC(368)   Evacuate Collection Set: 0.2ms
[2026-01-15T18:37:15.196+0530][33.776s][info][gc,phases   ] GC(368)   Post Evacuate Collection Set: 0.6ms
[2026-01-15T18:37:15.196+0530][33.776s][info][gc,phases   ] GC(368)   Other: 0.2ms
[2026-01-15T18:37:15.196+0530][33.776s][info][gc,heap     ] GC(368) Eden regions: 0->0(46)
[2026-01-15T18:37:15.196+0530][33.776s][info][gc,heap     ] GC(368) Survivor regions: 0->0(6)
[2026-01-15T18:37:15.196+0530][33.776s][info][gc,heap     ] GC(368) Old regions: 2->2
[2026-01-15T18:37:15.196+0530][33.776s][info][gc,heap     ] GC(368) Humongous regions: 114->114
[2026-01-15T18:37:15.196+0530][33.776s][info][gc,metaspace] GC(368) Metaspace: 813K(960K)->813K(960K) NonClass: 759K(832K)->759K(832K) Class: 53K(128K)->53K(128K)
[2026-01-15T18:37:15.196+0530][33.776s][info][gc          ] GC(368) Pause Young (Concurrent Start) (G1 Humongous Allocation) 115M->115M(256M) 1.609ms
[2026-01-15T18:37:15.196+0530][33.776s][info][gc,cpu      ] GC(368) User=0.00s Sys=0.00s Real=0.00s
[2026-01-15T18:37:15.196+0530][33.776s][info][gc          ] GC(369) Concurrent Mark Cycle
[2026-01-15T18:37:15.196+0530][33.776s][info][gc,marking  ] GC(369) Concurrent Scan Root Regions
[2026-01-15T18:37:15.196+0530][33.776s][info][gc,marking  ] GC(369) Concurrent Scan Root Regions 0.013ms
[2026-01-15T18:37:15.196+0530][33.776s][info][gc,marking  ] GC(369) Concurrent Mark
[2026-01-15T18:37:15.196+0530][33.776s][info][gc,marking  ] GC(369) Concurrent Mark From Roots
[2026-01-15T18:37:15.196+0530][33.776s][info][gc,task     ] GC(369) Using 2 workers of 2 for marking
[2026-01-15T18:37:15.199+0530][33.779s][info][gc,marking  ] GC(369) Concurrent Mark From Roots 2.653ms
[2026-01-15T18:37:15.199+0530][33.779s][info][gc,marking  ] GC(369) Concurrent Preclean
[2026-01-15T18:37:15.199+0530][33.779s][info][gc,marking  ] GC(369) Concurrent Preclean 0.018ms
[2026-01-15T18:37:15.199+0530][33.779s][info][gc,start    ] GC(369) Pause Remark
[2026-01-15T18:37:15.200+0530][33.780s][info][gc          ] GC(369) Pause Remark 121M->121M(256M) 1.202ms
[2026-01-15T18:37:15.200+0530][33.780s][info][gc,cpu      ] GC(369) User=0.00s Sys=0.00s Real=0.00s
[2026-01-15T18:37:15.200+0530][33.780s][info][gc,marking  ] GC(369) Concurrent Mark 4.125ms
[2026-01-15T18:37:15.200+0530][33.781s][info][gc,marking  ] GC(369) Concurrent Rebuild Remembered Sets and Scrub Regions
[2026-01-15T18:37:15.201+0530][33.781s][info][gc,marking  ] GC(369) Concurrent Rebuild Remembered Sets and Scrub Regions 0.786ms
[2026-01-15T18:37:15.201+0530][33.781s][info][gc,start    ] GC(369) Pause Cleanup
[2026-01-15T18:37:15.201+0530][33.782s][info][gc          ] GC(369) Pause Cleanup 121M->121M(256M) 0.211ms
[2026-01-15T18:37:15.201+0530][33.782s][info][gc,cpu      ] GC(369) User=0.00s Sys=0.00s Real=0.00s
[2026-01-15T18:37:15.202+0530][33.782s][info][gc,marking  ] GC(369) Concurrent Clear Claimed Marks
[2026-01-15T18:37:15.202+0530][33.782s][info][gc,marking  ] GC(369) Concurrent Clear Claimed Marks 0.025ms
[2026-01-15T18:37:15.202+0530][33.782s][info][gc,marking  ] GC(369) Concurrent Cleanup for Next Mark
[2026-01-15T18:37:15.202+0530][33.782s][info][gc,marking  ] GC(369) Concurrent Cleanup for Next Mark 0.410ms
[2026-01-15T18:37:15.202+0530][33.782s][info][gc          ] GC(369) Concurrent Mark Cycle 5.869ms
[2026-01-15T18:37:15.256+0530][33.836s][info][gc,start    ] GC(370) Pause Young (Concurrent Start) (G1 Humongous Allocation)
[2026-01-15T18:37:15.256+0530][33.836s][info][gc,task     ] GC(370) Using 6 workers of 8 for evacuation
[2026-01-15T18:37:15.258+0530][33.838s][info][gc,phases   ] GC(370)   Pre Evacuate Collection Set: 0.3ms
[2026-01-15T18:37:15.258+0530][33.838s][info][gc,phases   ] GC(370)   Merge Heap Roots: 0.2ms
[2026-01-15T18:37:15.258+0530][33.838s][info][gc,phases   ] GC(370)   Evacuate Collection Set: 0.3ms
[2026-01-15T18:37:15.258+0530][33.838s][info][gc,phases   ] GC(370)   Post Evacuate Collection Set: 0.7ms
[2026-01-15T18:37:15.258+0530][33.838s][info][gc,phases   ] GC(370)   Other: 0.2ms
[2026-01-15T18:37:15.258+0530][33.838s][info][gc,heap     ] GC(370) Eden regions: 0->0(46)
[2026-01-15T18:37:15.258+0530][33.838s][info][gc,heap     ] GC(370) Survivor regions: 0->0(6)
[2026-01-15T18:37:15.258+0530][33.838s][info][gc,heap     ] GC(370) Old regions: 2->2
[2026-01-15T18:37:15.258+0530][33.838s][info][gc,heap     ] GC(370) Humongous regions: 120->0
[2026-01-15T18:37:15.258+0530][33.838s][info][gc,metaspace] GC(370) Metaspace: 813K(960K)->813K(960K) NonClass: 759K(832K)->759K(832K) Class: 53K(128K)->53K(128K)
[2026-01-15T18:37:15.258+0530][33.838s][info][gc          ] GC(370) Pause Young (Concurrent Start) (G1 Humongous Allocation) 121M->1M(256M) 2.008ms
[2026-01-15T18:37:15.258+0530][33.838s][info][gc,cpu      ] GC(370) User=0.00s Sys=0.00s Real=0.00s
[2026-01-15T18:37:15.258+0530][33.838s][info][gc          ] GC(371) Concurrent Undo Cycle
[2026-01-15T18:37:15.258+0530][33.838s][info][gc,marking  ] GC(371) Concurrent Clear Claimed Marks
[2026-01-15T18:37:15.258+0530][33.838s][info][gc,marking  ] GC(371) Concurrent Clear Claimed Marks 0.021ms
[2026-01-15T18:37:15.258+0530][33.838s][info][gc,marking  ] GC(371) Concurrent Cleanup for Next Mark
[2026-01-15T18:37:15.258+0530][33.838s][info][gc,marking  ] GC(371) Concurrent Cleanup for Next Mark 0.161ms
[2026-01-15T18:37:15.258+0530][33.838s][info][gc          ] GC(371) Concurrent Undo Cycle 0.321ms
[2026-01-15T18:37:15.569+0530][34.148s][info][gc,start    ] GC(372) Pause Young (Concurrent Start) (G1 Humongous Allocation)
[2026-01-15T18:37:15.569+0530][34.148s][info][gc,task     ] GC(372) Using 6 workers of 8 for evacuation
[2026-01-15T18:37:15.572+0530][34.151s][info][gc,phases   ] GC(372)   Pre Evacuate Collection Set: 0.6ms
[2026-01-15T18:37:15.572+0530][34.151s][info][gc,phases   ] GC(372)   Merge Heap Roots: 0.3ms
[2026-01-15T18:37:15.572+0530][34.151s][info][gc,phases   ] GC(372)   Evacuate Collection Set: 0.5ms
[2026-01-15T18:37:15.572+0530][34.151s][info][gc,phases   ] GC(372)   Post Evacuate Collection Set: 1.1ms
[2026-01-15T18:37:15.572+0530][34.151s][info][gc,phases   ] GC(372)   Other: 0.3ms
[2026-01-15T18:37:15.572+0530][34.151s][info][gc,heap     ] GC(372) Eden regions: 0->0(46)
[2026-01-15T18:37:15.572+0530][34.151s][info][gc,heap     ] GC(372) Survivor regions: 0->0(6)
[2026-01-15T18:37:15.572+0530][34.151s][info][gc,heap     ] GC(372) Old regions: 2->2
[2026-01-15T18:37:15.572+0530][34.151s][info][gc,heap     ] GC(372) Humongous regions: 114->114
[2026-01-15T18:37:15.572+0530][34.152s][info][gc,metaspace] GC(372) Metaspace: 813K(960K)->813K(960K) NonClass: 759K(832K)->759K(832K) Class: 53K(128K)->53K(128K)
[2026-01-15T18:37:15.572+0530][34.152s][info][gc          ] GC(372) Pause Young (Concurrent Start) (G1 Humongous Allocation) 115M->115M(256M) 3.273ms
[2026-01-15T18:37:15.572+0530][34.152s][info][gc,cpu      ] GC(372) User=0.02s Sys=0.00s Real=0.00s
[2026-01-15T18:37:15.572+0530][34.152s][info][gc          ] GC(373) Concurrent Mark Cycle
[2026-01-15T18:37:15.572+0530][34.152s][info][gc,marking  ] GC(373) Concurrent Scan Root Regions
[2026-01-15T18:37:15.572+0530][34.152s][info][gc,marking  ] GC(373) Concurrent Scan Root Regions 0.028ms
[2026-01-15T18:37:15.572+0530][34.152s][info][gc,marking  ] GC(373) Concurrent Mark
[2026-01-15T18:37:15.572+0530][34.152s][info][gc,marking  ] GC(373) Concurrent Mark From Roots
[2026-01-15T18:37:15.572+0530][34.152s][info][gc,task     ] GC(373) Using 2 workers of 2 for marking
[2026-01-15T18:37:15.576+0530][34.155s][info][gc,marking  ] GC(373) Concurrent Mark From Roots 3.531ms
[2026-01-15T18:37:15.576+0530][34.155s][info][gc,marking  ] GC(373) Concurrent Preclean
[2026-01-15T18:37:15.576+0530][34.155s][info][gc,marking  ] GC(373) Concurrent Preclean 0.018ms
[2026-01-15T18:37:15.576+0530][34.156s][info][gc,start    ] GC(373) Pause Remark
[2026-01-15T18:37:15.577+0530][34.157s][info][gc          ] GC(373) Pause Remark 121M->121M(256M) 1.188ms
[2026-01-15T18:37:15.577+0530][34.157s][info][gc,cpu      ] GC(373) User=0.00s Sys=0.00s Real=0.00s
[2026-01-15T18:37:15.577+0530][34.157s][info][gc,marking  ] GC(373) Concurrent Mark 5.003ms
[2026-01-15T18:37:15.577+0530][34.157s][info][gc,marking  ] GC(373) Concurrent Rebuild Remembered Sets and Scrub Regions
[2026-01-15T18:37:15.578+0530][34.158s][info][gc,marking  ] GC(373) Concurrent Rebuild Remembered Sets and Scrub Regions 0.826ms
[2026-01-15T18:37:15.578+0530][34.158s][info][gc,start    ] GC(373) Pause Cleanup
[2026-01-15T18:37:15.578+0530][34.158s][info][gc          ] GC(373) Pause Cleanup 121M->121M(256M) 0.229ms
[2026-01-15T18:37:15.578+0530][34.158s][info][gc,cpu      ] GC(373) User=0.00s Sys=0.00s Real=0.00s
[2026-01-15T18:37:15.578+0530][34.158s][info][gc,marking  ] GC(373) Concurrent Clear Claimed Marks
[2026-01-15T18:37:15.578+0530][34.158s][info][gc,marking  ] GC(373) Concurrent Clear Claimed Marks 0.027ms
[2026-01-15T18:37:15.578+0530][34.158s][info][gc,marking  ] GC(373) Concurrent Cleanup for Next Mark
[2026-01-15T18:37:15.579+0530][34.159s][info][gc,marking  ] GC(373) Concurrent Cleanup for Next Mark 0.420ms
[2026-01-15T18:37:15.579+0530][34.159s][info][gc          ] GC(373) Concurrent Mark Cycle 6.864ms
[2026-01-15T18:37:15.631+0530][34.210s][info][gc,start    ] GC(374) Pause Young (Concurrent Start) (G1 Humongous Allocation)
[2026-01-15T18:37:15.631+0530][34.210s][info][gc,task     ] GC(374) Using 6 workers of 8 for evacuation
[2026-01-15T18:37:15.632+0530][34.212s][info][gc,phases   ] GC(374)   Pre Evacuate Collection Set: 0.3ms
[2026-01-15T18:37:15.632+0530][34.212s][info][gc,phases   ] GC(374)   Merge Heap Roots: 0.1ms
[2026-01-15T18:37:15.632+0530][34.212s][info][gc,phases   ] GC(374)   Evacuate Collection Set: 0.3ms
[2026-01-15T18:37:15.632+0530][34.212s][info][gc,phases   ] GC(374)   Post Evacuate Collection Set: 0.5ms
[2026-01-15T18:37:15.632+0530][34.212s][info][gc,phases   ] GC(374)   Other: 0.2ms
[2026-01-15T18:37:15.632+0530][34.212s][info][gc,heap     ] GC(374) Eden regions: 0->0(46)
[2026-01-15T18:37:15.632+0530][34.212s][info][gc,heap     ] GC(374) Survivor regions: 0->0(6)
[2026-01-15T18:37:15.632+0530][34.212s][info][gc,heap     ] GC(374) Old regions: 2->2
[2026-01-15T18:37:15.632+0530][34.212s][info][gc,heap     ] GC(374) Humongous regions: 120->0
[2026-01-15T18:37:15.632+0530][34.212s][info][gc,metaspace] GC(374) Metaspace: 813K(960K)->813K(960K) NonClass: 759K(832K)->759K(832K) Class: 53K(128K)->53K(128K)
[2026-01-15T18:37:15.632+0530][34.212s][info][gc          ] GC(374) Pause Young (Concurrent Start) (G1 Humongous Allocation) 121M->1M(256M) 1.664ms
[2026-01-15T18:37:15.632+0530][34.212s][info][gc,cpu      ] GC(374) User=0.00s Sys=0.02s Real=0.00s
[2026-01-15T18:37:15.632+0530][34.212s][info][gc          ] GC(375) Concurrent Undo Cycle
[2026-01-15T18:37:15.632+0530][34.212s][info][gc,marking  ] GC(375) Concurrent Clear Claimed Marks
[2026-01-15T18:37:15.632+0530][34.212s][info][gc,marking  ] GC(375) Concurrent Clear Claimed Marks 0.011ms
[2026-01-15T18:37:15.632+0530][34.212s][info][gc,marking  ] GC(375) Concurrent Cleanup for Next Mark
[2026-01-15T18:37:15.632+0530][34.212s][info][gc,marking  ] GC(375) Concurrent Cleanup for Next Mark 0.127ms
[2026-01-15T18:37:15.632+0530][34.212s][info][gc          ] GC(375) Concurrent Undo Cycle 0.208ms
[2026-01-15T18:37:15.945+0530][34.525s][info][gc,start    ] GC(376) Pause Young (Concurrent Start) (G1 Humongous Allocation)
[2026-01-15T18:37:15.945+0530][34.525s][info][gc,task     ] GC(376) Using 6 workers of 8 for evacuation
[2026-01-15T18:37:15.946+0530][34.526s][info][gc,phases   ] GC(376)   Pre Evacuate Collection Set: 0.2ms
[2026-01-15T18:37:15.946+0530][34.526s][info][gc,phases   ] GC(376)   Merge Heap Roots: 0.1ms
[2026-01-15T18:37:15.946+0530][34.526s][info][gc,phases   ] GC(376)   Evacuate Collection Set: 0.2ms
[2026-01-15T18:37:15.946+0530][34.526s][info][gc,phases   ] GC(376)   Post Evacuate Collection Set: 0.3ms
[2026-01-15T18:37:15.946+0530][34.526s][info][gc,phases   ] GC(376)   Other: 0.1ms
[2026-01-15T18:37:15.946+0530][34.526s][info][gc,heap     ] GC(376) Eden regions: 0->0(46)
[2026-01-15T18:37:15.946+0530][34.526s][info][gc,heap     ] GC(376) Survivor regions: 0->0(6)
[2026-01-15T18:37:15.946+0530][34.526s][info][gc,heap     ] GC(376) Old regions: 2->2
[2026-01-15T18:37:15.946+0530][34.526s][info][gc,heap     ] GC(376) Humongous regions: 114->114
[2026-01-15T18:37:15.946+0530][34.526s][info][gc,metaspace] GC(376) Metaspace: 813K(960K)->813K(960K) NonClass: 759K(832K)->759K(832K) Class: 53K(128K)->53K(128K)
[2026-01-15T18:37:15.946+0530][34.526s][info][gc          ] GC(376) Pause Young (Concurrent Start) (G1 Humongous Allocation) 115M->115M(256M) 1.183ms
[2026-01-15T18:37:15.946+0530][34.526s][info][gc,cpu      ] GC(376) User=0.00s Sys=0.00s Real=0.00s
[2026-01-15T18:37:15.946+0530][34.526s][info][gc          ] GC(377) Concurrent Mark Cycle
[2026-01-15T18:37:15.946+0530][34.526s][info][gc,marking  ] GC(377) Concurrent Scan Root Regions
[2026-01-15T18:37:15.946+0530][34.527s][info][gc,marking  ] GC(377) Concurrent Scan Root Regions 0.014ms
[2026-01-15T18:37:15.946+0530][34.527s][info][gc,marking  ] GC(377) Concurrent Mark
[2026-01-15T18:37:15.946+0530][34.527s][info][gc,marking  ] GC(377) Concurrent Mark From Roots
[2026-01-15T18:37:15.946+0530][34.527s][info][gc,task     ] GC(377) Using 2 workers of 2 for marking
[2026-01-15T18:37:15.949+0530][34.529s][info][gc,marking  ] GC(377) Concurrent Mark From Roots 2.454ms
[2026-01-15T18:37:15.949+0530][34.529s][info][gc,marking  ] GC(377) Concurrent Preclean
[2026-01-15T18:37:15.949+0530][34.529s][info][gc,marking  ] GC(377) Concurrent Preclean 0.018ms
[2026-01-15T18:37:15.949+0530][34.529s][info][gc,start    ] GC(377) Pause Remark
[2026-01-15T18:37:15.950+0530][34.530s][info][gc          ] GC(377) Pause Remark 121M->121M(256M) 0.596ms
[2026-01-15T18:37:15.950+0530][34.530s][info][gc,cpu      ] GC(377) User=0.00s Sys=0.00s Real=0.00s
[2026-01-15T18:37:15.950+0530][34.530s][info][gc,marking  ] GC(377) Concurrent Mark 3.254ms
[2026-01-15T18:37:15.950+0530][34.530s][info][gc,marking  ] GC(377) Concurrent Rebuild Remembered Sets and Scrub Regions
[2026-01-15T18:37:15.950+0530][34.530s][info][gc,marking  ] GC(377) Concurrent Rebuild Remembered Sets and Scrub Regions 0.578ms
[2026-01-15T18:37:15.950+0530][34.530s][info][gc,start    ] GC(377) Pause Cleanup
[2026-01-15T18:37:15.950+0530][34.531s][info][gc          ] GC(377) Pause Cleanup 121M->121M(256M) 0.081ms
[2026-01-15T18:37:15.950+0530][34.531s][info][gc,cpu      ] GC(377) User=0.00s Sys=0.00s Real=0.00s
[2026-01-15T18:37:15.950+0530][34.531s][info][gc,marking  ] GC(377) Concurrent Clear Claimed Marks
[2026-01-15T18:37:15.950+0530][34.531s][info][gc,marking  ] GC(377) Concurrent Clear Claimed Marks 0.028ms
[2026-01-15T18:37:15.951+0530][34.531s][info][gc,marking  ] GC(377) Concurrent Cleanup for Next Mark
[2026-01-15T18:37:15.951+0530][34.531s][info][gc,marking  ] GC(377) Concurrent Cleanup for Next Mark 0.444ms
[2026-01-15T18:37:15.951+0530][34.531s][info][gc          ] GC(377) Concurrent Mark Cycle 4.642ms
[2026-01-15T18:37:16.009+0530][34.588s][info][gc,start    ] GC(378) Pause Young (Concurrent Start) (G1 Humongous Allocation)
[2026-01-15T18:37:16.009+0530][34.588s][info][gc,task     ] GC(378) Using 6 workers of 8 for evacuation
[2026-01-15T18:37:16.009+0530][34.589s][info][gc,phases   ] GC(378)   Pre Evacuate Collection Set: 0.1ms
[2026-01-15T18:37:16.009+0530][34.589s][info][gc,phases   ] GC(378)   Merge Heap Roots: 0.0ms
[2026-01-15T18:37:16.009+0530][34.589s][info][gc,phases   ] GC(378)   Evacuate Collection Set: 0.1ms
[2026-01-15T18:37:16.009+0530][34.589s][info][gc,phases   ] GC(378)   Post Evacuate Collection Set: 0.2ms
[2026-01-15T18:37:16.009+0530][34.589s][info][gc,phases   ] GC(378)   Other: 0.1ms
[2026-01-15T18:37:16.009+0530][34.589s][info][gc,heap     ] GC(378) Eden regions: 0->0(46)
[2026-01-15T18:37:16.009+0530][34.589s][info][gc,heap     ] GC(378) Survivor regions: 0->0(6)
[2026-01-15T18:37:16.009+0530][34.589s][info][gc,heap     ] GC(378) Old regions: 2->2
[2026-01-15T18:37:16.009+0530][34.589s][info][gc,heap     ] GC(378) Humongous regions: 120->0
[2026-01-15T18:37:16.009+0530][34.589s][info][gc,metaspace] GC(378) Metaspace: 813K(960K)->813K(960K) NonClass: 759K(832K)->759K(832K) Class: 53K(128K)->53K(128K)
[2026-01-15T18:37:16.009+0530][34.589s][info][gc          ] GC(378) Pause Young (Concurrent Start) (G1 Humongous Allocation) 121M->1M(256M) 0.839ms
[2026-01-15T18:37:16.010+0530][34.589s][info][gc,cpu      ] GC(378) User=0.00s Sys=0.00s Real=0.00s
[2026-01-15T18:37:16.010+0530][34.589s][info][gc          ] GC(379) Concurrent Undo Cycle
[2026-01-15T18:37:16.010+0530][34.589s][info][gc,marking  ] GC(379) Concurrent Clear Claimed Marks
[2026-01-15T18:37:16.010+0530][34.589s][info][gc,marking  ] GC(379) Concurrent Clear Claimed Marks 0.017ms
[2026-01-15T18:37:16.010+0530][34.589s][info][gc,marking  ] GC(379) Concurrent Cleanup for Next Mark
[2026-01-15T18:37:16.010+0530][34.589s][info][gc,marking  ] GC(379) Concurrent Cleanup for Next Mark 0.051ms
[2026-01-15T18:37:16.010+0530][34.589s][info][gc          ] GC(379) Concurrent Undo Cycle 0.191ms
[2026-01-15T18:37:16.339+0530][34.919s][info][gc,start    ] GC(380) Pause Young (Concurrent Start) (G1 Humongous Allocation)
[2026-01-15T18:37:16.339+0530][34.919s][info][gc,task     ] GC(380) Using 6 workers of 8 for evacuation
[2026-01-15T18:37:16.341+0530][34.921s][info][gc,phases   ] GC(380)   Pre Evacuate Collection Set: 0.5ms
[2026-01-15T18:37:16.341+0530][34.921s][info][gc,phases   ] GC(380)   Merge Heap Roots: 0.2ms
[2026-01-15T18:37:16.341+0530][34.921s][info][gc,phases   ] GC(380)   Evacuate Collection Set: 0.4ms
[2026-01-15T18:37:16.341+0530][34.921s][info][gc,phases   ] GC(380)   Post Evacuate Collection Set: 0.6ms
[2026-01-15T18:37:16.341+0530][34.921s][info][gc,phases   ] GC(380)   Other: 0.3ms
[2026-01-15T18:37:16.341+0530][34.921s][info][gc,heap     ] GC(380) Eden regions: 0->0(46)
[2026-01-15T18:37:16.341+0530][34.921s][info][gc,heap     ] GC(380) Survivor regions: 0->0(6)
[2026-01-15T18:37:16.341+0530][34.921s][info][gc,heap     ] GC(380) Old regions: 2->2
[2026-01-15T18:37:16.341+0530][34.921s][info][gc,heap     ] GC(380) Humongous regions: 114->114
[2026-01-15T18:37:16.341+0530][34.921s][info][gc,metaspace] GC(380) Metaspace: 813K(960K)->813K(960K) NonClass: 759K(832K)->759K(832K) Class: 53K(128K)->53K(128K)
[2026-01-15T18:37:16.341+0530][34.921s][info][gc          ] GC(380) Pause Young (Concurrent Start) (G1 Humongous Allocation) 115M->115M(256M) 2.483ms
[2026-01-15T18:37:16.341+0530][34.921s][info][gc,cpu      ] GC(380) User=0.00s Sys=0.00s Real=0.00s
[2026-01-15T18:37:16.341+0530][34.921s][info][gc          ] GC(381) Concurrent Mark Cycle
[2026-01-15T18:37:16.342+0530][34.921s][info][gc,marking  ] GC(381) Concurrent Scan Root Regions
[2026-01-15T18:37:16.342+0530][34.921s][info][gc,marking  ] GC(381) Concurrent Scan Root Regions 0.028ms
[2026-01-15T18:37:16.342+0530][34.921s][info][gc,marking  ] GC(381) Concurrent Mark
[2026-01-15T18:37:16.342+0530][34.921s][info][gc,marking  ] GC(381) Concurrent Mark From Roots
[2026-01-15T18:37:16.342+0530][34.921s][info][gc,task     ] GC(381) Using 2 workers of 2 for marking
[2026-01-15T18:37:16.344+0530][34.924s][info][gc,marking  ] GC(381) Concurrent Mark From Roots 2.668ms
[2026-01-15T18:37:16.344+0530][34.924s][info][gc,marking  ] GC(381) Concurrent Preclean
[2026-01-15T18:37:16.344+0530][34.924s][info][gc,marking  ] GC(381) Concurrent Preclean 0.016ms
[2026-01-15T18:37:16.344+0530][34.924s][info][gc,start    ] GC(381) Pause Remark
[2026-01-15T18:37:16.346+0530][34.925s][info][gc          ] GC(381) Pause Remark 121M->121M(256M) 1.132ms
[2026-01-15T18:37:16.346+0530][34.925s][info][gc,cpu      ] GC(381) User=0.00s Sys=0.00s Real=0.00s
[2026-01-15T18:37:16.346+0530][34.926s][info][gc,marking  ] GC(381) Concurrent Mark 4.070ms
[2026-01-15T18:37:16.346+0530][34.926s][info][gc,marking  ] GC(381) Concurrent Rebuild Remembered Sets and Scrub Regions
[2026-01-15T18:37:16.347+0530][34.926s][info][gc,marking  ] GC(381) Concurrent Rebuild Remembered Sets and Scrub Regions 0.835ms
[2026-01-15T18:37:16.347+0530][34.927s][info][gc,start    ] GC(381) Pause Cleanup
[2026-01-15T18:37:16.347+0530][34.927s][info][gc          ] GC(381) Pause Cleanup 121M->121M(256M) 0.190ms
[2026-01-15T18:37:16.347+0530][34.927s][info][gc,cpu      ] GC(381) User=0.00s Sys=0.00s Real=0.00s
[2026-01-15T18:37:16.347+0530][34.927s][info][gc,marking  ] GC(381) Concurrent Clear Claimed Marks
[2026-01-15T18:37:16.347+0530][34.927s][info][gc,marking  ] GC(381) Concurrent Clear Claimed Marks 0.022ms
[2026-01-15T18:37:16.347+0530][34.927s][info][gc,marking  ] GC(381) Concurrent Cleanup for Next Mark
[2026-01-15T18:37:16.347+0530][34.927s][info][gc,marking  ] GC(381) Concurrent Cleanup for Next Mark 0.437ms
[2026-01-15T18:37:16.347+0530][34.927s][info][gc          ] GC(381) Concurrent Mark Cycle 6.020ms
[2026-01-15T18:37:16.401+0530][34.980s][info][gc,start    ] GC(382) Pause Young (Concurrent Start) (G1 Humongous Allocation)
[2026-01-15T18:37:16.401+0530][34.980s][info][gc,task     ] GC(382) Using 6 workers of 8 for evacuation
[2026-01-15T18:37:16.402+0530][34.982s][info][gc,phases   ] GC(382)   Pre Evacuate Collection Set: 0.2ms
[2026-01-15T18:37:16.402+0530][34.982s][info][gc,phases   ] GC(382)   Merge Heap Roots: 0.2ms
[2026-01-15T18:37:16.402+0530][34.982s][info][gc,phases   ] GC(382)   Evacuate Collection Set: 0.2ms
[2026-01-15T18:37:16.402+0530][34.982s][info][gc,phases   ] GC(382)   Post Evacuate Collection Set: 0.6ms
[2026-01-15T18:37:16.402+0530][34.982s][info][gc,phases   ] GC(382)   Other: 0.1ms
[2026-01-15T18:37:16.402+0530][34.982s][info][gc,heap     ] GC(382) Eden regions: 0->0(46)
[2026-01-15T18:37:16.402+0530][34.982s][info][gc,heap     ] GC(382) Survivor regions: 0->0(6)
[2026-01-15T18:37:16.402+0530][34.982s][info][gc,heap     ] GC(382) Old regions: 2->2
[2026-01-15T18:37:16.402+0530][34.982s][info][gc,heap     ] GC(382) Humongous regions: 120->0
[2026-01-15T18:37:16.402+0530][34.982s][info][gc,metaspace] GC(382) Metaspace: 813K(960K)->813K(960K) NonClass: 759K(832K)->759K(832K) Class: 53K(128K)->53K(128K)
[2026-01-15T18:37:16.402+0530][34.982s][info][gc          ] GC(382) Pause Young (Concurrent Start) (G1 Humongous Allocation) 121M->1M(256M) 1.568ms
[2026-01-15T18:37:16.403+0530][34.982s][info][gc,cpu      ] GC(382) User=0.00s Sys=0.00s Real=0.00s
[2026-01-15T18:37:16.403+0530][34.982s][info][gc          ] GC(383) Concurrent Undo Cycle
[2026-01-15T18:37:16.403+0530][34.982s][info][gc,marking  ] GC(383) Concurrent Clear Claimed Marks
[2026-01-15T18:37:16.403+0530][34.982s][info][gc,marking  ] GC(383) Concurrent Clear Claimed Marks 0.015ms
[2026-01-15T18:37:16.403+0530][34.982s][info][gc,marking  ] GC(383) Concurrent Cleanup for Next Mark
[2026-01-15T18:37:16.403+0530][34.982s][info][gc,marking  ] GC(383) Concurrent Cleanup for Next Mark 0.146ms
[2026-01-15T18:37:16.403+0530][34.982s][info][gc          ] GC(383) Concurrent Undo Cycle 0.259ms
[2026-01-15T18:37:16.714+0530][35.294s][info][gc,start    ] GC(384) Pause Young (Concurrent Start) (G1 Humongous Allocation)
[2026-01-15T18:37:16.714+0530][35.295s][info][gc,task     ] GC(384) Using 6 workers of 8 for evacuation
[2026-01-15T18:37:16.717+0530][35.296s][info][gc,phases   ] GC(384)   Pre Evacuate Collection Set: 0.4ms
[2026-01-15T18:37:16.717+0530][35.296s][info][gc,phases   ] GC(384)   Merge Heap Roots: 0.2ms
[2026-01-15T18:37:16.717+0530][35.296s][info][gc,phases   ] GC(384)   Evacuate Collection Set: 0.2ms
[2026-01-15T18:37:16.717+0530][35.296s][info][gc,phases   ] GC(384)   Post Evacuate Collection Set: 0.8ms
[2026-01-15T18:37:16.717+0530][35.296s][info][gc,phases   ] GC(384)   Other: 0.2ms
[2026-01-15T18:37:16.717+0530][35.296s][info][gc,heap     ] GC(384) Eden regions: 0->0(46)
[2026-01-15T18:37:16.717+0530][35.296s][info][gc,heap     ] GC(384) Survivor regions: 0->0(6)
[2026-01-15T18:37:16.717+0530][35.296s][info][gc,heap     ] GC(384) Old regions: 2->2
[2026-01-15T18:37:16.717+0530][35.296s][info][gc,heap     ] GC(384) Humongous regions: 114->114
[2026-01-15T18:37:16.717+0530][35.296s][info][gc,metaspace] GC(384) Metaspace: 813K(960K)->813K(960K) NonClass: 759K(832K)->759K(832K) Class: 53K(128K)->53K(128K)
[2026-01-15T18:37:16.717+0530][35.296s][info][gc          ] GC(384) Pause Young (Concurrent Start) (G1 Humongous Allocation) 115M->115M(256M) 2.019ms
[2026-01-15T18:37:16.717+0530][35.296s][info][gc,cpu      ] GC(384) User=0.00s Sys=0.00s Real=0.00s
[2026-01-15T18:37:16.717+0530][35.297s][info][gc          ] GC(385) Concurrent Mark Cycle
[2026-01-15T18:37:16.717+0530][35.297s][info][gc,marking  ] GC(385) Concurrent Scan Root Regions
[2026-01-15T18:37:16.717+0530][35.297s][info][gc,marking  ] GC(385) Concurrent Scan Root Regions 0.020ms
[2026-01-15T18:37:16.717+0530][35.297s][info][gc,marking  ] GC(385) Concurrent Mark
[2026-01-15T18:37:16.717+0530][35.297s][info][gc,marking  ] GC(385) Concurrent Mark From Roots
[2026-01-15T18:37:16.717+0530][35.297s][info][gc,task     ] GC(385) Using 2 workers of 2 for marking
[2026-01-15T18:37:16.719+0530][35.298s][info][gc,marking  ] GC(385) Concurrent Mark From Roots 1.481ms
[2026-01-15T18:37:16.719+0530][35.298s][info][gc,marking  ] GC(385) Concurrent Preclean
[2026-01-15T18:37:16.719+0530][35.298s][info][gc,marking  ] GC(385) Concurrent Preclean 0.010ms
[2026-01-15T18:37:16.719+0530][35.298s][info][gc,start    ] GC(385) Pause Remark
[2026-01-15T18:37:16.720+0530][35.299s][info][gc          ] GC(385) Pause Remark 121M->121M(256M) 1.151ms
[2026-01-15T18:37:16.720+0530][35.299s][info][gc,cpu      ] GC(385) User=0.00s Sys=0.00s Real=0.00s
[2026-01-15T18:37:16.720+0530][35.299s][info][gc,marking  ] GC(385) Concurrent Mark 2.826ms
[2026-01-15T18:37:16.720+0530][35.299s][info][gc,marking  ] GC(385) Concurrent Rebuild Remembered Sets and Scrub Regions
[2026-01-15T18:37:16.721+0530][35.300s][info][gc,marking  ] GC(385) Concurrent Rebuild Remembered Sets and Scrub Regions 0.554ms
[2026-01-15T18:37:16.721+0530][35.300s][info][gc,start    ] GC(385) Pause Cleanup
[2026-01-15T18:37:16.721+0530][35.300s][info][gc          ] GC(385) Pause Cleanup 121M->121M(256M) 0.216ms
[2026-01-15T18:37:16.721+0530][35.300s][info][gc,cpu      ] GC(385) User=0.00s Sys=0.00s Real=0.00s
[2026-01-15T18:37:16.721+0530][35.300s][info][gc,marking  ] GC(385) Concurrent Clear Claimed Marks
[2026-01-15T18:37:16.721+0530][35.300s][info][gc,marking  ] GC(385) Concurrent Clear Claimed Marks 0.022ms
[2026-01-15T18:37:16.721+0530][35.300s][info][gc,marking  ] GC(385) Concurrent Cleanup for Next Mark
[2026-01-15T18:37:16.721+0530][35.301s][info][gc,marking  ] GC(385) Concurrent Cleanup for Next Mark 0.447ms
[2026-01-15T18:37:16.721+0530][35.301s][info][gc          ] GC(385) Concurrent Mark Cycle 4.389ms
[2026-01-15T18:37:16.776+0530][35.356s][info][gc,start    ] GC(386) Pause Young (Concurrent Start) (G1 Humongous Allocation)
[2026-01-15T18:37:16.776+0530][35.356s][info][gc,task     ] GC(386) Using 6 workers of 8 for evacuation
[2026-01-15T18:37:16.779+0530][35.358s][info][gc,phases   ] GC(386)   Pre Evacuate Collection Set: 0.2ms
[2026-01-15T18:37:16.779+0530][35.358s][info][gc,phases   ] GC(386)   Merge Heap Roots: 0.2ms
[2026-01-15T18:37:16.779+0530][35.358s][info][gc,phases   ] GC(386)   Evacuate Collection Set: 0.4ms
[2026-01-15T18:37:16.779+0530][35.358s][info][gc,phases   ] GC(386)   Post Evacuate Collection Set: 0.9ms
[2026-01-15T18:37:16.779+0530][35.358s][info][gc,phases   ] GC(386)   Other: 0.2ms
[2026-01-15T18:37:16.779+0530][35.358s][info][gc,heap     ] GC(386) Eden regions: 0->0(46)
[2026-01-15T18:37:16.779+0530][35.358s][info][gc,heap     ] GC(386) Survivor regions: 0->0(6)
[2026-01-15T18:37:16.779+0530][35.358s][info][gc,heap     ] GC(386) Old regions: 2->2
[2026-01-15T18:37:16.779+0530][35.358s][info][gc,heap     ] GC(386) Humongous regions: 120->0
[2026-01-15T18:37:16.779+0530][35.358s][info][gc,metaspace] GC(386) Metaspace: 813K(960K)->813K(960K) NonClass: 759K(832K)->759K(832K) Class: 53K(128K)->53K(128K)
[2026-01-15T18:37:16.779+0530][35.359s][info][gc          ] GC(386) Pause Young (Concurrent Start) (G1 Humongous Allocation) 121M->1M(256M) 2.393ms
[2026-01-15T18:37:16.779+0530][35.359s][info][gc,cpu      ] GC(386) User=0.00s Sys=0.00s Real=0.00s
[2026-01-15T18:37:16.779+0530][35.359s][info][gc          ] GC(387) Concurrent Undo Cycle
[2026-01-15T18:37:16.779+0530][35.359s][info][gc,marking  ] GC(387) Concurrent Clear Claimed Marks
[2026-01-15T18:37:16.779+0530][35.359s][info][gc,marking  ] GC(387) Concurrent Clear Claimed Marks 0.041ms
[2026-01-15T18:37:16.779+0530][35.359s][info][gc,marking  ] GC(387) Concurrent Cleanup for Next Mark
[2026-01-15T18:37:16.780+0530][35.359s][info][gc,marking  ] GC(387) Concurrent Cleanup for Next Mark 0.329ms
[2026-01-15T18:37:16.780+0530][35.359s][info][gc          ] GC(387) Concurrent Undo Cycle 0.641ms
[2026-01-15T18:37:17.088+0530][35.668s][info][gc,start    ] GC(388) Pause Young (Concurrent Start) (G1 Humongous Allocation)
[2026-01-15T18:37:17.088+0530][35.668s][info][gc,task     ] GC(388) Using 6 workers of 8 for evacuation
[2026-01-15T18:37:17.090+0530][35.670s][info][gc,phases   ] GC(388)   Pre Evacuate Collection Set: 0.3ms
[2026-01-15T18:37:17.090+0530][35.670s][info][gc,phases   ] GC(388)   Merge Heap Roots: 0.2ms
[2026-01-15T18:37:17.090+0530][35.670s][info][gc,phases   ] GC(388)   Evacuate Collection Set: 0.3ms
[2026-01-15T18:37:17.090+0530][35.670s][info][gc,phases   ] GC(388)   Post Evacuate Collection Set: 0.6ms
[2026-01-15T18:37:17.090+0530][35.670s][info][gc,phases   ] GC(388)   Other: 0.2ms
[2026-01-15T18:37:17.090+0530][35.670s][info][gc,heap     ] GC(388) Eden regions: 0->0(46)
[2026-01-15T18:37:17.090+0530][35.670s][info][gc,heap     ] GC(388) Survivor regions: 0->0(6)
[2026-01-15T18:37:17.090+0530][35.670s][info][gc,heap     ] GC(388) Old regions: 2->2
[2026-01-15T18:37:17.090+0530][35.670s][info][gc,heap     ] GC(388) Humongous regions: 114->114
[2026-01-15T18:37:17.090+0530][35.670s][info][gc,metaspace] GC(388) Metaspace: 813K(960K)->813K(960K) NonClass: 759K(832K)->759K(832K) Class: 53K(128K)->53K(128K)
[2026-01-15T18:37:17.090+0530][35.670s][info][gc          ] GC(388) Pause Young (Concurrent Start) (G1 Humongous Allocation) 115M->115M(256M) 2.078ms
[2026-01-15T18:37:17.090+0530][35.670s][info][gc,cpu      ] GC(388) User=0.00s Sys=0.00s Real=0.00s
[2026-01-15T18:37:17.090+0530][35.670s][info][gc          ] GC(389) Concurrent Mark Cycle
[2026-01-15T18:37:17.091+0530][35.670s][info][gc,marking  ] GC(389) Concurrent Scan Root Regions
[2026-01-15T18:37:17.091+0530][35.670s][info][gc,marking  ] GC(389) Concurrent Scan Root Regions 0.015ms
[2026-01-15T18:37:17.091+0530][35.670s][info][gc,marking  ] GC(389) Concurrent Mark
[2026-01-15T18:37:17.091+0530][35.670s][info][gc,marking  ] GC(389) Concurrent Mark From Roots
[2026-01-15T18:37:17.091+0530][35.670s][info][gc,task     ] GC(389) Using 2 workers of 2 for marking
[2026-01-15T18:37:17.093+0530][35.672s][info][gc,marking  ] GC(389) Concurrent Mark From Roots 2.008ms
[2026-01-15T18:37:17.093+0530][35.672s][info][gc,marking  ] GC(389) Concurrent Preclean
[2026-01-15T18:37:17.093+0530][35.672s][info][gc,marking  ] GC(389) Concurrent Preclean 0.011ms
[2026-01-15T18:37:17.093+0530][35.672s][info][gc,start    ] GC(389) Pause Remark
[2026-01-15T18:37:17.094+0530][35.673s][info][gc          ] GC(389) Pause Remark 121M->121M(256M) 1.078ms
[2026-01-15T18:37:17.094+0530][35.673s][info][gc,cpu      ] GC(389) User=0.00s Sys=0.00s Real=0.00s
[2026-01-15T18:37:17.094+0530][35.674s][info][gc,marking  ] GC(389) Concurrent Mark 3.329ms
[2026-01-15T18:37:17.094+0530][35.674s][info][gc,marking  ] GC(389) Concurrent Rebuild Remembered Sets and Scrub Regions
[2026-01-15T18:37:17.094+0530][35.674s][info][gc,marking  ] GC(389) Concurrent Rebuild Remembered Sets and Scrub Regions 0.582ms
[2026-01-15T18:37:17.095+0530][35.674s][info][gc,start    ] GC(389) Pause Cleanup
[2026-01-15T18:37:17.095+0530][35.674s][info][gc          ] GC(389) Pause Cleanup 121M->121M(256M) 0.214ms
[2026-01-15T18:37:17.095+0530][35.674s][info][gc,cpu      ] GC(389) User=0.00s Sys=0.00s Real=0.00s
[2026-01-15T18:37:17.095+0530][35.675s][info][gc,marking  ] GC(389) Concurrent Clear Claimed Marks
[2026-01-15T18:37:17.095+0530][35.675s][info][gc,marking  ] GC(389) Concurrent Clear Claimed Marks 0.022ms
[2026-01-15T18:37:17.095+0530][35.675s][info][gc,marking  ] GC(389) Concurrent Cleanup for Next Mark
[2026-01-15T18:37:17.095+0530][35.675s][info][gc,marking  ] GC(389) Concurrent Cleanup for Next Mark 0.417ms
[2026-01-15T18:37:17.095+0530][35.675s][info][gc          ] GC(389) Concurrent Mark Cycle 4.832ms
[2026-01-15T18:37:17.150+0530][35.730s][info][gc,start    ] GC(390) Pause Young (Concurrent Start) (G1 Humongous Allocation)
[2026-01-15T18:37:17.150+0530][35.730s][info][gc,task     ] GC(390) Using 6 workers of 8 for evacuation
[2026-01-15T18:37:17.151+0530][35.731s][info][gc,phases   ] GC(390)   Pre Evacuate Collection Set: 0.2ms
[2026-01-15T18:37:17.151+0530][35.731s][info][gc,phases   ] GC(390)   Merge Heap Roots: 0.1ms
[2026-01-15T18:37:17.151+0530][35.731s][info][gc,phases   ] GC(390)   Evacuate Collection Set: 0.2ms
[2026-01-15T18:37:17.151+0530][35.731s][info][gc,phases   ] GC(390)   Post Evacuate Collection Set: 0.5ms
[2026-01-15T18:37:17.151+0530][35.731s][info][gc,phases   ] GC(390)   Other: 0.2ms
[2026-01-15T18:37:17.151+0530][35.731s][info][gc,heap     ] GC(390) Eden regions: 0->0(46)
[2026-01-15T18:37:17.151+0530][35.731s][info][gc,heap     ] GC(390) Survivor regions: 0->0(6)
[2026-01-15T18:37:17.151+0530][35.731s][info][gc,heap     ] GC(390) Old regions: 2->2
[2026-01-15T18:37:17.151+0530][35.731s][info][gc,heap     ] GC(390) Humongous regions: 120->0
[2026-01-15T18:37:17.151+0530][35.731s][info][gc,metaspace] GC(390) Metaspace: 813K(960K)->813K(960K) NonClass: 759K(832K)->759K(832K) Class: 53K(128K)->53K(128K)
[2026-01-15T18:37:17.151+0530][35.731s][info][gc          ] GC(390) Pause Young (Concurrent Start) (G1 Humongous Allocation) 121M->1M(256M) 1.545ms
[2026-01-15T18:37:17.151+0530][35.731s][info][gc,cpu      ] GC(390) User=0.00s Sys=0.00s Real=0.00s
[2026-01-15T18:37:17.151+0530][35.731s][info][gc          ] GC(391) Concurrent Undo Cycle
[2026-01-15T18:37:17.151+0530][35.732s][info][gc,marking  ] GC(391) Concurrent Clear Claimed Marks
[2026-01-15T18:37:17.151+0530][35.732s][info][gc,marking  ] GC(391) Concurrent Clear Claimed Marks 0.016ms
[2026-01-15T18:37:17.151+0530][35.732s][info][gc,marking  ] GC(391) Concurrent Cleanup for Next Mark
[2026-01-15T18:37:17.152+0530][35.732s][info][gc,marking  ] GC(391) Concurrent Cleanup for Next Mark 0.121ms
[2026-01-15T18:37:17.152+0530][35.732s][info][gc          ] GC(391) Concurrent Undo Cycle 0.267ms
[2026-01-15T18:37:17.463+0530][36.042s][info][gc,start    ] GC(392) Pause Young (Concurrent Start) (G1 Humongous Allocation)
[2026-01-15T18:37:17.463+0530][36.042s][info][gc,task     ] GC(392) Using 6 workers of 8 for evacuation
[2026-01-15T18:37:17.465+0530][36.044s][info][gc,phases   ] GC(392)   Pre Evacuate Collection Set: 0.5ms
[2026-01-15T18:37:17.465+0530][36.044s][info][gc,phases   ] GC(392)   Merge Heap Roots: 0.2ms
[2026-01-15T18:37:17.465+0530][36.044s][info][gc,phases   ] GC(392)   Evacuate Collection Set: 0.5ms
[2026-01-15T18:37:17.465+0530][36.044s][info][gc,phases   ] GC(392)   Post Evacuate Collection Set: 0.7ms
[2026-01-15T18:37:17.465+0530][36.045s][info][gc,phases   ] GC(392)   Other: 0.3ms
[2026-01-15T18:37:17.465+0530][36.045s][info][gc,heap     ] GC(392) Eden regions: 0->0(46)
[2026-01-15T18:37:17.465+0530][36.045s][info][gc,heap     ] GC(392) Survivor regions: 0->0(6)
[2026-01-15T18:37:17.465+0530][36.045s][info][gc,heap     ] GC(392) Old regions: 2->2
[2026-01-15T18:37:17.465+0530][36.045s][info][gc,heap     ] GC(392) Humongous regions: 114->114
[2026-01-15T18:37:17.465+0530][36.045s][info][gc,metaspace] GC(392) Metaspace: 813K(960K)->813K(960K) NonClass: 759K(832K)->759K(832K) Class: 53K(128K)->53K(128K)
[2026-01-15T18:37:17.465+0530][36.045s][info][gc          ] GC(392) Pause Young (Concurrent Start) (G1 Humongous Allocation) 115M->115M(256M) 2.543ms
[2026-01-15T18:37:17.465+0530][36.045s][info][gc,cpu      ] GC(392) User=0.00s Sys=0.00s Real=0.00s
[2026-01-15T18:37:17.465+0530][36.045s][info][gc          ] GC(393) Concurrent Mark Cycle
[2026-01-15T18:37:17.465+0530][36.045s][info][gc,marking  ] GC(393) Concurrent Scan Root Regions
[2026-01-15T18:37:17.465+0530][36.045s][info][gc,marking  ] GC(393) Concurrent Scan Root Regions 0.020ms
[2026-01-15T18:37:17.465+0530][36.045s][info][gc,marking  ] GC(393) Concurrent Mark
[2026-01-15T18:37:17.465+0530][36.045s][info][gc,marking  ] GC(393) Concurrent Mark From Roots
[2026-01-15T18:37:17.465+0530][36.045s][info][gc,task     ] GC(393) Using 2 workers of 2 for marking
[2026-01-15T18:37:17.468+0530][36.047s][info][gc,marking  ] GC(393) Concurrent Mark From Roots 2.449ms
[2026-01-15T18:37:17.468+0530][36.047s][info][gc,marking  ] GC(393) Concurrent Preclean
[2026-01-15T18:37:17.468+0530][36.047s][info][gc,marking  ] GC(393) Concurrent Preclean 0.014ms
[2026-01-15T18:37:17.468+0530][36.047s][info][gc,start    ] GC(393) Pause Remark
[2026-01-15T18:37:17.469+0530][36.049s][info][gc          ] GC(393) Pause Remark 121M->121M(256M) 1.107ms
[2026-01-15T18:37:17.469+0530][36.049s][info][gc,cpu      ] GC(393) User=0.00s Sys=0.00s Real=0.00s
[2026-01-15T18:37:17.469+0530][36.049s][info][gc,marking  ] GC(393) Concurrent Mark 3.797ms
[2026-01-15T18:37:17.469+0530][36.049s][info][gc,marking  ] GC(393) Concurrent Rebuild Remembered Sets and Scrub Regions
[2026-01-15T18:37:17.470+0530][36.049s][info][gc,marking  ] GC(393) Concurrent Rebuild Remembered Sets and Scrub Regions 0.789ms
[2026-01-15T18:37:17.470+0530][36.050s][info][gc,start    ] GC(393) Pause Cleanup
[2026-01-15T18:37:17.470+0530][36.050s][info][gc          ] GC(393) Pause Cleanup 121M->121M(256M) 0.263ms
[2026-01-15T18:37:17.470+0530][36.050s][info][gc,cpu      ] GC(393) User=0.00s Sys=0.00s Real=0.00s
[2026-01-15T18:37:17.470+0530][36.050s][info][gc,marking  ] GC(393) Concurrent Clear Claimed Marks
[2026-01-15T18:37:17.470+0530][36.050s][info][gc,marking  ] GC(393) Concurrent Clear Claimed Marks 0.022ms
[2026-01-15T18:37:17.470+0530][36.050s][info][gc,marking  ] GC(393) Concurrent Cleanup for Next Mark
[2026-01-15T18:37:17.470+0530][36.050s][info][gc,marking  ] GC(393) Concurrent Cleanup for Next Mark 0.456ms
[2026-01-15T18:37:17.470+0530][36.050s][info][gc          ] GC(393) Concurrent Mark Cycle 5.721ms
[2026-01-15T18:37:17.525+0530][36.104s][info][gc,start    ] GC(394) Pause Young (Concurrent Start) (G1 Humongous Allocation)
[2026-01-15T18:37:17.525+0530][36.105s][info][gc,task     ] GC(394) Using 6 workers of 8 for evacuation
[2026-01-15T18:37:17.527+0530][36.106s][info][gc,phases   ] GC(394)   Pre Evacuate Collection Set: 0.2ms
[2026-01-15T18:37:17.527+0530][36.106s][info][gc,phases   ] GC(394)   Merge Heap Roots: 0.2ms
[2026-01-15T18:37:17.527+0530][36.106s][info][gc,phases   ] GC(394)   Evacuate Collection Set: 0.4ms
[2026-01-15T18:37:17.527+0530][36.107s][info][gc,phases   ] GC(394)   Post Evacuate Collection Set: 0.8ms
[2026-01-15T18:37:17.527+0530][36.107s][info][gc,phases   ] GC(394)   Other: 0.2ms
[2026-01-15T18:37:17.527+0530][36.107s][info][gc,heap     ] GC(394) Eden regions: 0->0(46)
[2026-01-15T18:37:17.527+0530][36.107s][info][gc,heap     ] GC(394) Survivor regions: 0->0(6)
[2026-01-15T18:37:17.527+0530][36.107s][info][gc,heap     ] GC(394) Old regions: 2->2
[2026-01-15T18:37:17.527+0530][36.107s][info][gc,heap     ] GC(394) Humongous regions: 120->0
[2026-01-15T18:37:17.527+0530][36.107s][info][gc,metaspace] GC(394) Metaspace: 813K(960K)->813K(960K) NonClass: 759K(832K)->759K(832K) Class: 53K(128K)->53K(128K)
[2026-01-15T18:37:17.527+0530][36.107s][info][gc          ] GC(394) Pause Young (Concurrent Start) (G1 Humongous Allocation) 121M->1M(256M) 2.297ms
[2026-01-15T18:37:17.527+0530][36.107s][info][gc,cpu      ] GC(394) User=0.00s Sys=0.00s Real=0.00s
[2026-01-15T18:37:17.527+0530][36.107s][info][gc          ] GC(395) Concurrent Undo Cycle
[2026-01-15T18:37:17.528+0530][36.107s][info][gc,marking  ] GC(395) Concurrent Clear Claimed Marks
[2026-01-15T18:37:17.528+0530][36.107s][info][gc,marking  ] GC(395) Concurrent Clear Claimed Marks 0.030ms
[2026-01-15T18:37:17.528+0530][36.107s][info][gc,marking  ] GC(395) Concurrent Cleanup for Next Mark
[2026-01-15T18:37:17.528+0530][36.107s][info][gc,marking  ] GC(395) Concurrent Cleanup for Next Mark 0.244ms
[2026-01-15T18:37:17.528+0530][36.107s][info][gc          ] GC(395) Concurrent Undo Cycle 0.481ms
[2026-01-15T18:37:17.839+0530][36.419s][info][gc,start    ] GC(396) Pause Young (Concurrent Start) (G1 Humongous Allocation)
[2026-01-15T18:37:17.839+0530][36.419s][info][gc,task     ] GC(396) Using 6 workers of 8 for evacuation
[2026-01-15T18:37:17.841+0530][36.420s][info][gc,phases   ] GC(396)   Pre Evacuate Collection Set: 0.3ms
[2026-01-15T18:37:17.841+0530][36.421s][info][gc,phases   ] GC(396)   Merge Heap Roots: 0.2ms
[2026-01-15T18:37:17.841+0530][36.421s][info][gc,phases   ] GC(396)   Evacuate Collection Set: 0.3ms
[2026-01-15T18:37:17.841+0530][36.421s][info][gc,phases   ] GC(396)   Post Evacuate Collection Set: 0.6ms
[2026-01-15T18:37:17.841+0530][36.421s][info][gc,phases   ] GC(396)   Other: 0.2ms
[2026-01-15T18:37:17.841+0530][36.421s][info][gc,heap     ] GC(396) Eden regions: 0->0(46)
[2026-01-15T18:37:17.841+0530][36.421s][info][gc,heap     ] GC(396) Survivor regions: 0->0(6)
[2026-01-15T18:37:17.841+0530][36.421s][info][gc,heap     ] GC(396) Old regions: 2->2
[2026-01-15T18:37:17.841+0530][36.421s][info][gc,heap     ] GC(396) Humongous regions: 114->114
[2026-01-15T18:37:17.841+0530][36.421s][info][gc,metaspace] GC(396) Metaspace: 813K(960K)->813K(960K) NonClass: 759K(832K)->759K(832K) Class: 53K(128K)->53K(128K)
[2026-01-15T18:37:17.841+0530][36.421s][info][gc          ] GC(396) Pause Young (Concurrent Start) (G1 Humongous Allocation) 115M->115M(256M) 1.758ms
[2026-01-15T18:37:17.841+0530][36.421s][info][gc,cpu      ] GC(396) User=0.00s Sys=0.00s Real=0.00s
[2026-01-15T18:37:17.841+0530][36.421s][info][gc          ] GC(397) Concurrent Mark Cycle
[2026-01-15T18:37:17.841+0530][36.421s][info][gc,marking  ] GC(397) Concurrent Scan Root Regions
[2026-01-15T18:37:17.841+0530][36.421s][info][gc,marking  ] GC(397) Concurrent Scan Root Regions 0.010ms
[2026-01-15T18:37:17.841+0530][36.421s][info][gc,marking  ] GC(397) Concurrent Mark
[2026-01-15T18:37:17.841+0530][36.421s][info][gc,marking  ] GC(397) Concurrent Mark From Roots
[2026-01-15T18:37:17.841+0530][36.421s][info][gc,task     ] GC(397) Using 2 workers of 2 for marking
[2026-01-15T18:37:17.843+0530][36.422s][info][gc,marking  ] GC(397) Concurrent Mark From Roots 1.667ms
[2026-01-15T18:37:17.843+0530][36.422s][info][gc,marking  ] GC(397) Concurrent Preclean
[2026-01-15T18:37:17.843+0530][36.422s][info][gc,marking  ] GC(397) Concurrent Preclean 0.010ms
[2026-01-15T18:37:17.843+0530][36.423s][info][gc,start    ] GC(397) Pause Remark
[2026-01-15T18:37:17.844+0530][36.424s][info][gc          ] GC(397) Pause Remark 121M->121M(256M) 1.013ms
[2026-01-15T18:37:17.844+0530][36.424s][info][gc,cpu      ] GC(397) User=0.00s Sys=0.00s Real=0.00s
[2026-01-15T18:37:17.844+0530][36.424s][info][gc,marking  ] GC(397) Concurrent Mark 2.876ms
[2026-01-15T18:37:17.844+0530][36.424s][info][gc,marking  ] GC(397) Concurrent Rebuild Remembered Sets and Scrub Regions
[2026-01-15T18:37:17.844+0530][36.424s][info][gc,marking  ] GC(397) Concurrent Rebuild Remembered Sets and Scrub Regions 0.595ms
[2026-01-15T18:37:17.845+0530][36.424s][info][gc,start    ] GC(397) Pause Cleanup
[2026-01-15T18:37:17.845+0530][36.424s][info][gc          ] GC(397) Pause Cleanup 121M->121M(256M) 0.221ms
[2026-01-15T18:37:17.845+0530][36.425s][info][gc,cpu      ] GC(397) User=0.00s Sys=0.00s Real=0.00s
[2026-01-15T18:37:17.845+0530][36.425s][info][gc,marking  ] GC(397) Concurrent Clear Claimed Marks
[2026-01-15T18:37:17.845+0530][36.425s][info][gc,marking  ] GC(397) Concurrent Clear Claimed Marks 0.022ms
[2026-01-15T18:37:17.845+0530][36.425s][info][gc,marking  ] GC(397) Concurrent Cleanup for Next Mark
[2026-01-15T18:37:17.845+0530][36.425s][info][gc,marking  ] GC(397) Concurrent Cleanup for Next Mark 0.413ms
[2026-01-15T18:37:17.845+0530][36.425s][info][gc          ] GC(397) Concurrent Mark Cycle 4.366ms
[2026-01-15T18:37:17.901+0530][36.480s][info][gc,start    ] GC(398) Pause Young (Concurrent Start) (G1 Humongous Allocation)
[2026-01-15T18:37:17.901+0530][36.480s][info][gc,task     ] GC(398) Using 6 workers of 8 for evacuation
[2026-01-15T18:37:17.902+0530][36.482s][info][gc,phases   ] GC(398)   Pre Evacuate Collection Set: 0.3ms
[2026-01-15T18:37:17.902+0530][36.482s][info][gc,phases   ] GC(398)   Merge Heap Roots: 0.2ms
[2026-01-15T18:37:17.902+0530][36.482s][info][gc,phases   ] GC(398)   Evacuate Collection Set: 0.3ms
[2026-01-15T18:37:17.902+0530][36.482s][info][gc,phases   ] GC(398)   Post Evacuate Collection Set: 0.6ms
[2026-01-15T18:37:17.902+0530][36.482s][info][gc,phases   ] GC(398)   Other: 0.1ms
[2026-01-15T18:37:17.902+0530][36.482s][info][gc,heap     ] GC(398) Eden regions: 0->0(46)
[2026-01-15T18:37:17.902+0530][36.482s][info][gc,heap     ] GC(398) Survivor regions: 0->0(6)
[2026-01-15T18:37:17.902+0530][36.482s][info][gc,heap     ] GC(398) Old regions: 2->2
[2026-01-15T18:37:17.902+0530][36.482s][info][gc,heap     ] GC(398) Humongous regions: 120->0
[2026-01-15T18:37:17.902+0530][36.482s][info][gc,metaspace] GC(398) Metaspace: 813K(960K)->813K(960K) NonClass: 759K(832K)->759K(832K) Class: 53K(128K)->53K(128K)
[2026-01-15T18:37:17.902+0530][36.482s][info][gc          ] GC(398) Pause Young (Concurrent Start) (G1 Humongous Allocation) 121M->1M(256M) 1.711ms
[2026-01-15T18:37:17.902+0530][36.482s][info][gc,cpu      ] GC(398) User=0.00s Sys=0.00s Real=0.00s
[2026-01-15T18:37:17.902+0530][36.482s][info][gc          ] GC(399) Concurrent Undo Cycle
[2026-01-15T18:37:17.902+0530][36.482s][info][gc,marking  ] GC(399) Concurrent Clear Claimed Marks
[2026-01-15T18:37:17.902+0530][36.482s][info][gc,marking  ] GC(399) Concurrent Clear Claimed Marks 0.010ms
[2026-01-15T18:37:17.902+0530][36.482s][info][gc,marking  ] GC(399) Concurrent Cleanup for Next Mark
[2026-01-15T18:37:17.902+0530][36.482s][info][gc,marking  ] GC(399) Concurrent Cleanup for Next Mark 0.139ms
[2026-01-15T18:37:17.902+0530][36.482s][info][gc          ] GC(399) Concurrent Undo Cycle 0.258ms
[2026-01-15T18:37:18.213+0530][36.793s][info][gc,start    ] GC(400) Pause Young (Concurrent Start) (G1 Humongous Allocation)
[2026-01-15T18:37:18.213+0530][36.793s][info][gc,task     ] GC(400) Using 6 workers of 8 for evacuation
[2026-01-15T18:37:18.216+0530][36.796s][info][gc,phases   ] GC(400)   Pre Evacuate Collection Set: 0.5ms
[2026-01-15T18:37:18.216+0530][36.796s][info][gc,phases   ] GC(400)   Merge Heap Roots: 0.3ms
[2026-01-15T18:37:18.216+0530][36.796s][info][gc,phases   ] GC(400)   Evacuate Collection Set: 0.5ms
[2026-01-15T18:37:18.216+0530][36.796s][info][gc,phases   ] GC(400)   Post Evacuate Collection Set: 1.0ms
[2026-01-15T18:37:18.216+0530][36.796s][info][gc,phases   ] GC(400)   Other: 0.4ms
[2026-01-15T18:37:18.216+0530][36.796s][info][gc,heap     ] GC(400) Eden regions: 0->0(46)
[2026-01-15T18:37:18.216+0530][36.796s][info][gc,heap     ] GC(400) Survivor regions: 0->0(6)
[2026-01-15T18:37:18.216+0530][36.796s][info][gc,heap     ] GC(400) Old regions: 2->2
[2026-01-15T18:37:18.216+0530][36.796s][info][gc,heap     ] GC(400) Humongous regions: 114->114
[2026-01-15T18:37:18.216+0530][36.796s][info][gc,metaspace] GC(400) Metaspace: 813K(960K)->813K(960K) NonClass: 759K(832K)->759K(832K) Class: 53K(128K)->53K(128K)
[2026-01-15T18:37:18.216+0530][36.796s][info][gc          ] GC(400) Pause Young (Concurrent Start) (G1 Humongous Allocation) 115M->115M(256M) 3.112ms
[2026-01-15T18:37:18.216+0530][36.796s][info][gc,cpu      ] GC(400) User=0.00s Sys=0.00s Real=0.00s
[2026-01-15T18:37:18.217+0530][36.796s][info][gc          ] GC(401) Concurrent Mark Cycle
[2026-01-15T18:37:18.217+0530][36.796s][info][gc,marking  ] GC(401) Concurrent Scan Root Regions
[2026-01-15T18:37:18.217+0530][36.796s][info][gc,marking  ] GC(401) Concurrent Scan Root Regions 0.025ms
[2026-01-15T18:37:18.217+0530][36.796s][info][gc,marking  ] GC(401) Concurrent Mark
[2026-01-15T18:37:18.217+0530][36.796s][info][gc,marking  ] GC(401) Concurrent Mark From Roots
[2026-01-15T18:37:18.217+0530][36.796s][info][gc,task     ] GC(401) Using 2 workers of 2 for marking
[2026-01-15T18:37:18.220+0530][36.800s][info][gc,marking  ] GC(401) Concurrent Mark From Roots 3.316ms
[2026-01-15T18:37:18.220+0530][36.800s][info][gc,marking  ] GC(401) Concurrent Preclean
[2026-01-15T18:37:18.220+0530][36.800s][info][gc,marking  ] GC(401) Concurrent Preclean 0.022ms
[2026-01-15T18:37:18.220+0530][36.800s][info][gc,start    ] GC(401) Pause Remark
[2026-01-15T18:37:18.221+0530][36.801s][info][gc          ] GC(401) Pause Remark 121M->121M(256M) 1.193ms
[2026-01-15T18:37:18.221+0530][36.801s][info][gc,cpu      ] GC(401) User=0.00s Sys=0.00s Real=0.00s
[2026-01-15T18:37:18.221+0530][36.801s][info][gc,marking  ] GC(401) Concurrent Mark 4.812ms
[2026-01-15T18:37:18.222+0530][36.801s][info][gc,marking  ] GC(401) Concurrent Rebuild Remembered Sets and Scrub Regions
[2026-01-15T18:37:18.222+0530][36.802s][info][gc,marking  ] GC(401) Concurrent Rebuild Remembered Sets and Scrub Regions 0.721ms
[2026-01-15T18:37:18.222+0530][36.802s][info][gc,start    ] GC(401) Pause Cleanup
[2026-01-15T18:37:18.223+0530][36.802s][info][gc          ] GC(401) Pause Cleanup 121M->121M(256M) 0.171ms
[2026-01-15T18:37:18.223+0530][36.802s][info][gc,cpu      ] GC(401) User=0.00s Sys=0.00s Real=0.00s
[2026-01-15T18:37:18.223+0530][36.802s][info][gc,marking  ] GC(401) Concurrent Clear Claimed Marks
[2026-01-15T18:37:18.223+0530][36.802s][info][gc,marking  ] GC(401) Concurrent Clear Claimed Marks 0.029ms
[2026-01-15T18:37:18.223+0530][36.802s][info][gc,marking  ] GC(401) Concurrent Cleanup for Next Mark
[2026-01-15T18:37:18.223+0530][36.803s][info][gc,marking  ] GC(401) Concurrent Cleanup for Next Mark 0.422ms
[2026-01-15T18:37:18.223+0530][36.803s][info][gc          ] GC(401) Concurrent Mark Cycle 6.523ms
[2026-01-15T18:37:18.275+0530][36.854s][info][gc,start    ] GC(402) Pause Young (Concurrent Start) (G1 Humongous Allocation)
[2026-01-15T18:37:18.275+0530][36.854s][info][gc,task     ] GC(402) Using 6 workers of 8 for evacuation
[2026-01-15T18:37:18.276+0530][36.856s][info][gc,phases   ] GC(402)   Pre Evacuate Collection Set: 0.3ms
[2026-01-15T18:37:18.276+0530][36.856s][info][gc,phases   ] GC(402)   Merge Heap Roots: 0.1ms
[2026-01-15T18:37:18.276+0530][36.856s][info][gc,phases   ] GC(402)   Evacuate Collection Set: 0.2ms
[2026-01-15T18:37:18.276+0530][36.856s][info][gc,phases   ] GC(402)   Post Evacuate Collection Set: 0.6ms
[2026-01-15T18:37:18.276+0530][36.856s][info][gc,phases   ] GC(402)   Other: 0.2ms
[2026-01-15T18:37:18.276+0530][36.856s][info][gc,heap     ] GC(402) Eden regions: 0->0(46)
[2026-01-15T18:37:18.276+0530][36.856s][info][gc,heap     ] GC(402) Survivor regions: 0->0(6)
[2026-01-15T18:37:18.276+0530][36.856s][info][gc,heap     ] GC(402) Old regions: 2->2
[2026-01-15T18:37:18.276+0530][36.856s][info][gc,heap     ] GC(402) Humongous regions: 120->0
[2026-01-15T18:37:18.276+0530][36.856s][info][gc,metaspace] GC(402) Metaspace: 813K(960K)->813K(960K) NonClass: 759K(832K)->759K(832K) Class: 53K(128K)->53K(128K)
[2026-01-15T18:37:18.276+0530][36.856s][info][gc          ] GC(402) Pause Young (Concurrent Start) (G1 Humongous Allocation) 121M->1M(256M) 1.550ms
[2026-01-15T18:37:18.276+0530][36.856s][info][gc,cpu      ] GC(402) User=0.00s Sys=0.00s Real=0.00s
[2026-01-15T18:37:18.276+0530][36.856s][info][gc          ] GC(403) Concurrent Undo Cycle
[2026-01-15T18:37:18.276+0530][36.856s][info][gc,marking  ] GC(403) Concurrent Clear Claimed Marks
[2026-01-15T18:37:18.276+0530][36.856s][info][gc,marking  ] GC(403) Concurrent Clear Claimed Marks 0.010ms
[2026-01-15T18:37:18.276+0530][36.856s][info][gc,marking  ] GC(403) Concurrent Cleanup for Next Mark
[2026-01-15T18:37:18.276+0530][36.856s][info][gc,marking  ] GC(403) Concurrent Cleanup for Next Mark 0.146ms
[2026-01-15T18:37:18.276+0530][36.856s][info][gc          ] GC(403) Concurrent Undo Cycle 0.224ms
[2026-01-15T18:37:18.587+0530][37.168s][info][gc,start    ] GC(404) Pause Young (Concurrent Start) (G1 Humongous Allocation)
[2026-01-15T18:37:18.587+0530][37.168s][info][gc,task     ] GC(404) Using 6 workers of 8 for evacuation
[2026-01-15T18:37:18.589+0530][37.169s][info][gc,phases   ] GC(404)   Pre Evacuate Collection Set: 0.1ms
[2026-01-15T18:37:18.589+0530][37.169s][info][gc,phases   ] GC(404)   Merge Heap Roots: 0.0ms
[2026-01-15T18:37:18.589+0530][37.169s][info][gc,phases   ] GC(404)   Evacuate Collection Set: 0.2ms
[2026-01-15T18:37:18.589+0530][37.169s][info][gc,phases   ] GC(404)   Post Evacuate Collection Set: 0.5ms
[2026-01-15T18:37:18.589+0530][37.169s][info][gc,phases   ] GC(404)   Other: 0.1ms
[2026-01-15T18:37:18.589+0530][37.169s][info][gc,heap     ] GC(404) Eden regions: 0->0(46)
[2026-01-15T18:37:18.589+0530][37.169s][info][gc,heap     ] GC(404) Survivor regions: 0->0(6)
[2026-01-15T18:37:18.589+0530][37.169s][info][gc,heap     ] GC(404) Old regions: 2->2
[2026-01-15T18:37:18.589+0530][37.169s][info][gc,heap     ] GC(404) Humongous regions: 114->114
[2026-01-15T18:37:18.589+0530][37.169s][info][gc,metaspace] GC(404) Metaspace: 813K(960K)->813K(960K) NonClass: 759K(832K)->759K(832K) Class: 53K(128K)->53K(128K)
[2026-01-15T18:37:18.590+0530][37.169s][info][gc          ] GC(404) Pause Young (Concurrent Start) (G1 Humongous Allocation) 115M->115M(256M) 1.308ms
[2026-01-15T18:37:18.590+0530][37.169s][info][gc,cpu      ] GC(404) User=0.00s Sys=0.00s Real=0.00s
[2026-01-15T18:37:18.590+0530][37.169s][info][gc          ] GC(405) Concurrent Mark Cycle
[2026-01-15T18:37:18.590+0530][37.169s][info][gc,marking  ] GC(405) Concurrent Scan Root Regions
[2026-01-15T18:37:18.590+0530][37.169s][info][gc,marking  ] GC(405) Concurrent Scan Root Regions 0.012ms
[2026-01-15T18:37:18.590+0530][37.169s][info][gc,marking  ] GC(405) Concurrent Mark
[2026-01-15T18:37:18.590+0530][37.169s][info][gc,marking  ] GC(405) Concurrent Mark From Roots
[2026-01-15T18:37:18.590+0530][37.169s][info][gc,task     ] GC(405) Using 2 workers of 2 for marking
[2026-01-15T18:37:18.592+0530][37.172s][info][gc,marking  ] GC(405) Concurrent Mark From Roots 2.868ms
[2026-01-15T18:37:18.592+0530][37.172s][info][gc,marking  ] GC(405) Concurrent Preclean
[2026-01-15T18:37:18.592+0530][37.172s][info][gc,marking  ] GC(405) Concurrent Preclean 0.019ms
[2026-01-15T18:37:18.592+0530][37.172s][info][gc,start    ] GC(405) Pause Remark
[2026-01-15T18:37:18.593+0530][37.173s][info][gc          ] GC(405) Pause Remark 121M->121M(256M) 0.457ms
[2026-01-15T18:37:18.593+0530][37.173s][info][gc,cpu      ] GC(405) User=0.00s Sys=0.00s Real=0.00s
[2026-01-15T18:37:18.593+0530][37.173s][info][gc,marking  ] GC(405) Concurrent Mark 3.554ms
[2026-01-15T18:37:18.593+0530][37.173s][info][gc,marking  ] GC(405) Concurrent Rebuild Remembered Sets and Scrub Regions
[2026-01-15T18:37:18.593+0530][37.173s][info][gc,marking  ] GC(405) Concurrent Rebuild Remembered Sets and Scrub Regions 0.712ms
[2026-01-15T18:37:18.593+0530][37.174s][info][gc,start    ] GC(405) Pause Cleanup
[2026-01-15T18:37:18.594+0530][37.174s][info][gc          ] GC(405) Pause Cleanup 121M->121M(256M) 0.128ms
[2026-01-15T18:37:18.594+0530][37.174s][info][gc,cpu      ] GC(405) User=0.00s Sys=0.00s Real=0.00s
[2026-01-15T18:37:18.594+0530][37.174s][info][gc,marking  ] GC(405) Concurrent Clear Claimed Marks
[2026-01-15T18:37:18.594+0530][37.174s][info][gc,marking  ] GC(405) Concurrent Clear Claimed Marks 0.025ms
[2026-01-15T18:37:18.594+0530][37.174s][info][gc,marking  ] GC(405) Concurrent Cleanup for Next Mark
[2026-01-15T18:37:18.594+0530][37.174s][info][gc,marking  ] GC(405) Concurrent Cleanup for Next Mark 0.511ms
[2026-01-15T18:37:18.594+0530][37.174s][info][gc          ] GC(405) Concurrent Mark Cycle 5.208ms
[2026-01-15T18:37:18.651+0530][37.230s][info][gc,start    ] GC(406) Pause Young (Concurrent Start) (G1 Humongous Allocation)
[2026-01-15T18:37:18.651+0530][37.230s][info][gc,task     ] GC(406) Using 6 workers of 8 for evacuation
[2026-01-15T18:37:18.653+0530][37.233s][info][gc,phases   ] GC(406)   Pre Evacuate Collection Set: 0.4ms
[2026-01-15T18:37:18.653+0530][37.233s][info][gc,phases   ] GC(406)   Merge Heap Roots: 0.2ms
[2026-01-15T18:37:18.653+0530][37.233s][info][gc,phases   ] GC(406)   Evacuate Collection Set: 0.4ms
[2026-01-15T18:37:18.653+0530][37.233s][info][gc,phases   ] GC(406)   Post Evacuate Collection Set: 1.0ms
[2026-01-15T18:37:18.653+0530][37.233s][info][gc,phases   ] GC(406)   Other: 0.3ms
[2026-01-15T18:37:18.653+0530][37.233s][info][gc,heap     ] GC(406) Eden regions: 0->0(46)
[2026-01-15T18:37:18.653+0530][37.233s][info][gc,heap     ] GC(406) Survivor regions: 0->0(6)
[2026-01-15T18:37:18.653+0530][37.233s][info][gc,heap     ] GC(406) Old regions: 2->2
[2026-01-15T18:37:18.653+0530][37.233s][info][gc,heap     ] GC(406) Humongous regions: 120->0
[2026-01-15T18:37:18.653+0530][37.233s][info][gc,metaspace] GC(406) Metaspace: 813K(960K)->813K(960K) NonClass: 759K(832K)->759K(832K) Class: 53K(128K)->53K(128K)
[2026-01-15T18:37:18.653+0530][37.233s][info][gc          ] GC(406) Pause Young (Concurrent Start) (G1 Humongous Allocation) 121M->1M(256M) 2.837ms
[2026-01-15T18:37:18.653+0530][37.233s][info][gc,cpu      ] GC(406) User=0.00s Sys=0.00s Real=0.00s
[2026-01-15T18:37:18.653+0530][37.233s][info][gc          ] GC(407) Concurrent Undo Cycle
[2026-01-15T18:37:18.653+0530][37.233s][info][gc,marking  ] GC(407) Concurrent Clear Claimed Marks
[2026-01-15T18:37:18.653+0530][37.233s][info][gc,marking  ] GC(407) Concurrent Clear Claimed Marks 0.028ms
[2026-01-15T18:37:18.653+0530][37.233s][info][gc,marking  ] GC(407) Concurrent Cleanup for Next Mark
[2026-01-15T18:37:18.654+0530][37.234s][info][gc,marking  ] GC(407) Concurrent Cleanup for Next Mark 0.211ms
[2026-01-15T18:37:18.654+0530][37.234s][info][gc          ] GC(407) Concurrent Undo Cycle 0.429ms
[2026-01-15T18:37:18.961+0530][37.541s][info][gc,start    ] GC(408) Pause Young (Concurrent Start) (G1 Humongous Allocation)
[2026-01-15T18:37:18.961+0530][37.541s][info][gc,task     ] GC(408) Using 6 workers of 8 for evacuation
[2026-01-15T18:37:18.963+0530][37.542s][info][gc,phases   ] GC(408)   Pre Evacuate Collection Set: 0.2ms
[2026-01-15T18:37:18.963+0530][37.542s][info][gc,phases   ] GC(408)   Merge Heap Roots: 0.1ms
[2026-01-15T18:37:18.963+0530][37.542s][info][gc,phases   ] GC(408)   Evacuate Collection Set: 0.3ms
[2026-01-15T18:37:18.963+0530][37.542s][info][gc,phases   ] GC(408)   Post Evacuate Collection Set: 0.5ms
[2026-01-15T18:37:18.963+0530][37.542s][info][gc,phases   ] GC(408)   Other: 0.2ms
[2026-01-15T18:37:18.963+0530][37.542s][info][gc,heap     ] GC(408) Eden regions: 0->0(46)
[2026-01-15T18:37:18.963+0530][37.542s][info][gc,heap     ] GC(408) Survivor regions: 0->0(6)
[2026-01-15T18:37:18.963+0530][37.543s][info][gc,heap     ] GC(408) Old regions: 2->2
[2026-01-15T18:37:18.963+0530][37.543s][info][gc,heap     ] GC(408) Humongous regions: 114->114
[2026-01-15T18:37:18.963+0530][37.543s][info][gc,metaspace] GC(408) Metaspace: 813K(960K)->813K(960K) NonClass: 759K(832K)->759K(832K) Class: 53K(128K)->53K(128K)
[2026-01-15T18:37:18.963+0530][37.543s][info][gc          ] GC(408) Pause Young (Concurrent Start) (G1 Humongous Allocation) 115M->115M(256M) 1.592ms
[2026-01-15T18:37:18.963+0530][37.543s][info][gc,cpu      ] GC(408) User=0.00s Sys=0.00s Real=0.00s
[2026-01-15T18:37:18.963+0530][37.543s][info][gc          ] GC(409) Concurrent Mark Cycle
[2026-01-15T18:37:18.963+0530][37.543s][info][gc,marking  ] GC(409) Concurrent Scan Root Regions
[2026-01-15T18:37:18.963+0530][37.543s][info][gc,marking  ] GC(409) Concurrent Scan Root Regions 0.010ms
[2026-01-15T18:37:18.963+0530][37.543s][info][gc,marking  ] GC(409) Concurrent Mark
[2026-01-15T18:37:18.963+0530][37.543s][info][gc,marking  ] GC(409) Concurrent Mark From Roots
[2026-01-15T18:37:18.963+0530][37.543s][info][gc,task     ] GC(409) Using 2 workers of 2 for marking
[2026-01-15T18:37:18.966+0530][37.545s][info][gc,marking  ] GC(409) Concurrent Mark From Roots 2.692ms
[2026-01-15T18:37:18.966+0530][37.545s][info][gc,marking  ] GC(409) Concurrent Preclean
[2026-01-15T18:37:18.966+0530][37.545s][info][gc,marking  ] GC(409) Concurrent Preclean 0.014ms
[2026-01-15T18:37:18.966+0530][37.545s][info][gc,start    ] GC(409) Pause Remark
[2026-01-15T18:37:18.967+0530][37.547s][info][gc          ] GC(409) Pause Remark 121M->121M(256M) 1.072ms
[2026-01-15T18:37:18.967+0530][37.547s][info][gc,cpu      ] GC(409) User=0.00s Sys=0.00s Real=0.00s
[2026-01-15T18:37:18.967+0530][37.547s][info][gc,marking  ] GC(409) Concurrent Mark 3.989ms
[2026-01-15T18:37:18.967+0530][37.547s][info][gc,marking  ] GC(409) Concurrent Rebuild Remembered Sets and Scrub Regions
[2026-01-15T18:37:18.967+0530][37.547s][info][gc,marking  ] GC(409) Concurrent Rebuild Remembered Sets and Scrub Regions 0.693ms
[2026-01-15T18:37:18.968+0530][37.547s][info][gc,start    ] GC(409) Pause Cleanup
[2026-01-15T18:37:18.968+0530][37.548s][info][gc          ] GC(409) Pause Cleanup 121M->121M(256M) 0.169ms
[2026-01-15T18:37:18.968+0530][37.548s][info][gc,cpu      ] GC(409) User=0.00s Sys=0.00s Real=0.00s
[2026-01-15T18:37:18.968+0530][37.548s][info][gc,marking  ] GC(409) Concurrent Clear Claimed Marks
[2026-01-15T18:37:18.968+0530][37.548s][info][gc,marking  ] GC(409) Concurrent Clear Claimed Marks 0.031ms
[2026-01-15T18:37:18.968+0530][37.548s][info][gc,marking  ] GC(409) Concurrent Cleanup for Next Mark
[2026-01-15T18:37:18.968+0530][37.548s][info][gc,marking  ] GC(409) Concurrent Cleanup for Next Mark 0.406ms
[2026-01-15T18:37:18.968+0530][37.548s][info][gc          ] GC(409) Concurrent Mark Cycle 5.560ms
[2026-01-15T18:37:19.022+0530][37.602s][info][gc,start    ] GC(410) Pause Young (Concurrent Start) (G1 Humongous Allocation)
[2026-01-15T18:37:19.022+0530][37.602s][info][gc,task     ] GC(410) Using 6 workers of 8 for evacuation
[2026-01-15T18:37:19.024+0530][37.604s][info][gc,phases   ] GC(410)   Pre Evacuate Collection Set: 0.4ms
[2026-01-15T18:37:19.024+0530][37.605s][info][gc,phases   ] GC(410)   Merge Heap Roots: 0.2ms
[2026-01-15T18:37:19.024+0530][37.605s][info][gc,phases   ] GC(410)   Evacuate Collection Set: 0.4ms
[2026-01-15T18:37:19.024+0530][37.605s][info][gc,phases   ] GC(410)   Post Evacuate Collection Set: 0.8ms
[2026-01-15T18:37:19.024+0530][37.605s][info][gc,phases   ] GC(410)   Other: 0.3ms
[2026-01-15T18:37:19.025+0530][37.605s][info][gc,heap     ] GC(410) Eden regions: 0->0(46)
[2026-01-15T18:37:19.025+0530][37.605s][info][gc,heap     ] GC(410) Survivor regions: 0->0(6)
[2026-01-15T18:37:19.025+0530][37.605s][info][gc,heap     ] GC(410) Old regions: 2->2
[2026-01-15T18:37:19.025+0530][37.605s][info][gc,heap     ] GC(410) Humongous regions: 120->0
[2026-01-15T18:37:19.025+0530][37.605s][info][gc,metaspace] GC(410) Metaspace: 813K(960K)->813K(960K) NonClass: 759K(832K)->759K(832K) Class: 53K(128K)->53K(128K)
[2026-01-15T18:37:19.025+0530][37.605s][info][gc          ] GC(410) Pause Young (Concurrent Start) (G1 Humongous Allocation) 121M->1M(256M) 2.625ms
[2026-01-15T18:37:19.025+0530][37.605s][info][gc,cpu      ] GC(410) User=0.00s Sys=0.00s Real=0.00s
[2026-01-15T18:37:19.025+0530][37.605s][info][gc          ] GC(411) Concurrent Undo Cycle
[2026-01-15T18:37:19.025+0530][37.605s][info][gc,marking  ] GC(411) Concurrent Clear Claimed Marks
[2026-01-15T18:37:19.025+0530][37.605s][info][gc,marking  ] GC(411) Concurrent Clear Claimed Marks 0.019ms
[2026-01-15T18:37:19.025+0530][37.605s][info][gc,marking  ] GC(411) Concurrent Cleanup for Next Mark
[2026-01-15T18:37:19.025+0530][37.605s][info][gc,marking  ] GC(411) Concurrent Cleanup for Next Mark 0.164ms
[2026-01-15T18:37:19.025+0530][37.605s][info][gc          ] GC(411) Concurrent Undo Cycle 0.309ms
[2026-01-15T18:37:19.336+0530][37.915s][info][gc,start    ] GC(412) Pause Young (Concurrent Start) (G1 Humongous Allocation)
[2026-01-15T18:37:19.336+0530][37.916s][info][gc,task     ] GC(412) Using 6 workers of 8 for evacuation
[2026-01-15T18:37:19.338+0530][37.918s][info][gc,phases   ] GC(412)   Pre Evacuate Collection Set: 0.4ms
[2026-01-15T18:37:19.338+0530][37.918s][info][gc,phases   ] GC(412)   Merge Heap Roots: 0.3ms
[2026-01-15T18:37:19.338+0530][37.918s][info][gc,phases   ] GC(412)   Evacuate Collection Set: 0.5ms
[2026-01-15T18:37:19.338+0530][37.918s][info][gc,phases   ] GC(412)   Post Evacuate Collection Set: 1.0ms
[2026-01-15T18:37:19.338+0530][37.918s][info][gc,phases   ] GC(412)   Other: 0.3ms
[2026-01-15T18:37:19.338+0530][37.918s][info][gc,heap     ] GC(412) Eden regions: 0->0(46)
[2026-01-15T18:37:19.338+0530][37.918s][info][gc,heap     ] GC(412) Survivor regions: 0->0(6)
[2026-01-15T18:37:19.338+0530][37.918s][info][gc,heap     ] GC(412) Old regions: 2->2
[2026-01-15T18:37:19.338+0530][37.918s][info][gc,heap     ] GC(412) Humongous regions: 114->114
[2026-01-15T18:37:19.338+0530][37.918s][info][gc,metaspace] GC(412) Metaspace: 813K(960K)->813K(960K) NonClass: 759K(832K)->759K(832K) Class: 53K(128K)->53K(128K)
[2026-01-15T18:37:19.338+0530][37.918s][info][gc          ] GC(412) Pause Young (Concurrent Start) (G1 Humongous Allocation) 115M->115M(256M) 2.988ms
[2026-01-15T18:37:19.339+0530][37.919s][info][gc,cpu      ] GC(412) User=0.00s Sys=0.00s Real=0.00s
[2026-01-15T18:37:19.339+0530][37.919s][info][gc          ] GC(413) Concurrent Mark Cycle
[2026-01-15T18:37:19.339+0530][37.919s][info][gc,marking  ] GC(413) Concurrent Scan Root Regions
[2026-01-15T18:37:19.339+0530][37.919s][info][gc,marking  ] GC(413) Concurrent Scan Root Regions 0.027ms
[2026-01-15T18:37:19.339+0530][37.919s][info][gc,marking  ] GC(413) Concurrent Mark
[2026-01-15T18:37:19.339+0530][37.919s][info][gc,marking  ] GC(413) Concurrent Mark From Roots
[2026-01-15T18:37:19.339+0530][37.919s][info][gc,task     ] GC(413) Using 2 workers of 2 for marking
[2026-01-15T18:37:19.342+0530][37.922s][info][gc,marking  ] GC(413) Concurrent Mark From Roots 3.212ms
[2026-01-15T18:37:19.342+0530][37.922s][info][gc,marking  ] GC(413) Concurrent Preclean
[2026-01-15T18:37:19.342+0530][37.922s][info][gc,marking  ] GC(413) Concurrent Preclean 0.016ms
[2026-01-15T18:37:19.342+0530][37.922s][info][gc,start    ] GC(413) Pause Remark
[2026-01-15T18:37:19.343+0530][37.923s][info][gc          ] GC(413) Pause Remark 121M->121M(256M) 1.051ms
[2026-01-15T18:37:19.343+0530][37.923s][info][gc,cpu      ] GC(413) User=0.00s Sys=0.00s Real=0.00s
[2026-01-15T18:37:19.343+0530][37.923s][info][gc,marking  ] GC(413) Concurrent Mark 4.526ms
[2026-01-15T18:37:19.343+0530][37.923s][info][gc,marking  ] GC(413) Concurrent Rebuild Remembered Sets and Scrub Regions
[2026-01-15T18:37:19.344+0530][37.924s][info][gc,marking  ] GC(413) Concurrent Rebuild Remembered Sets and Scrub Regions 0.803ms
[2026-01-15T18:37:19.344+0530][37.924s][info][gc,start    ] GC(413) Pause Cleanup
[2026-01-15T18:37:19.345+0530][37.924s][info][gc          ] GC(413) Pause Cleanup 121M->121M(256M) 0.186ms
[2026-01-15T18:37:19.345+0530][37.925s][info][gc,cpu      ] GC(413) User=0.00s Sys=0.00s Real=0.00s
[2026-01-15T18:37:19.345+0530][37.925s][info][gc,marking  ] GC(413) Concurrent Clear Claimed Marks
[2026-01-15T18:37:19.345+0530][37.925s][info][gc,marking  ] GC(413) Concurrent Clear Claimed Marks 0.034ms
[2026-01-15T18:37:19.345+0530][37.925s][info][gc,marking  ] GC(413) Concurrent Cleanup for Next Mark
[2026-01-15T18:37:19.345+0530][37.925s][info][gc,marking  ] GC(413) Concurrent Cleanup for Next Mark 0.381ms
[2026-01-15T18:37:19.345+0530][37.925s][info][gc          ] GC(413) Concurrent Mark Cycle 6.411ms
[2026-01-15T18:37:19.398+0530][37.977s][info][gc,start    ] GC(414) Pause Young (Concurrent Start) (G1 Humongous Allocation)
[2026-01-15T18:37:19.398+0530][37.978s][info][gc,task     ] GC(414) Using 6 workers of 8 for evacuation
[2026-01-15T18:37:19.400+0530][37.980s][info][gc,phases   ] GC(414)   Pre Evacuate Collection Set: 0.3ms
[2026-01-15T18:37:19.400+0530][37.980s][info][gc,phases   ] GC(414)   Merge Heap Roots: 0.2ms
[2026-01-15T18:37:19.400+0530][37.980s][info][gc,phases   ] GC(414)   Evacuate Collection Set: 0.3ms
[2026-01-15T18:37:19.400+0530][37.980s][info][gc,phases   ] GC(414)   Post Evacuate Collection Set: 0.8ms
[2026-01-15T18:37:19.400+0530][37.980s][info][gc,phases   ] GC(414)   Other: 0.3ms
[2026-01-15T18:37:19.400+0530][37.980s][info][gc,heap     ] GC(414) Eden regions: 0->0(46)
[2026-01-15T18:37:19.400+0530][37.980s][info][gc,heap     ] GC(414) Survivor regions: 0->0(6)
[2026-01-15T18:37:19.400+0530][37.980s][info][gc,heap     ] GC(414) Old regions: 2->2
[2026-01-15T18:37:19.400+0530][37.980s][info][gc,heap     ] GC(414) Humongous regions: 120->0
[2026-01-15T18:37:19.401+0530][37.980s][info][gc,metaspace] GC(414) Metaspace: 813K(960K)->813K(960K) NonClass: 760K(832K)->760K(832K) Class: 53K(128K)->53K(128K)
[2026-01-15T18:37:19.401+0530][37.980s][info][gc          ] GC(414) Pause Young (Concurrent Start) (G1 Humongous Allocation) 121M->1M(256M) 2.752ms
[2026-01-15T18:37:19.401+0530][37.980s][info][gc,cpu      ] GC(414) User=0.00s Sys=0.00s Real=0.00s
[2026-01-15T18:37:19.401+0530][37.980s][info][gc          ] GC(415) Concurrent Undo Cycle
[2026-01-15T18:37:19.401+0530][37.980s][info][gc,marking  ] GC(415) Concurrent Clear Claimed Marks
[2026-01-15T18:37:19.401+0530][37.980s][info][gc,marking  ] GC(415) Concurrent Clear Claimed Marks 0.040ms
[2026-01-15T18:37:19.401+0530][37.980s][info][gc,marking  ] GC(415) Concurrent Cleanup for Next Mark
[2026-01-15T18:37:19.401+0530][37.981s][info][gc,marking  ] GC(415) Concurrent Cleanup for Next Mark 0.182ms
[2026-01-15T18:37:19.401+0530][37.981s][info][gc          ] GC(415) Concurrent Undo Cycle 0.447ms
[2026-01-15T18:37:19.712+0530][38.291s][info][gc,start    ] GC(416) Pause Young (Concurrent Start) (G1 Humongous Allocation)
[2026-01-15T18:37:19.712+0530][38.291s][info][gc,task     ] GC(416) Using 6 workers of 8 for evacuation
[2026-01-15T18:37:19.713+0530][38.294s][info][gc,phases   ] GC(416)   Pre Evacuate Collection Set: 0.6ms
[2026-01-15T18:37:19.714+0530][38.294s][info][gc,phases   ] GC(416)   Merge Heap Roots: 0.3ms
[2026-01-15T18:37:19.714+0530][38.294s][info][gc,phases   ] GC(416)   Evacuate Collection Set: 0.3ms
[2026-01-15T18:37:19.714+0530][38.294s][info][gc,phases   ] GC(416)   Post Evacuate Collection Set: 0.9ms
[2026-01-15T18:37:19.714+0530][38.294s][info][gc,phases   ] GC(416)   Other: 0.3ms
[2026-01-15T18:37:19.714+0530][38.294s][info][gc,heap     ] GC(416) Eden regions: 0->0(46)
[2026-01-15T18:37:19.714+0530][38.294s][info][gc,heap     ] GC(416) Survivor regions: 0->0(6)
[2026-01-15T18:37:19.714+0530][38.294s][info][gc,heap     ] GC(416) Old regions: 2->2
[2026-01-15T18:37:19.714+0530][38.294s][info][gc,heap     ] GC(416) Humongous regions: 114->114
[2026-01-15T18:37:19.714+0530][38.294s][info][gc,metaspace] GC(416) Metaspace: 813K(960K)->813K(960K) NonClass: 760K(832K)->760K(832K) Class: 53K(128K)->53K(128K)
[2026-01-15T18:37:19.714+0530][38.294s][info][gc          ] GC(416) Pause Young (Concurrent Start) (G1 Humongous Allocation) 115M->115M(256M) 2.677ms
[2026-01-15T18:37:19.714+0530][38.294s][info][gc,cpu      ] GC(416) User=0.00s Sys=0.00s Real=0.00s
[2026-01-15T18:37:19.714+0530][38.294s][info][gc          ] GC(417) Concurrent Mark Cycle
[2026-01-15T18:37:19.714+0530][38.294s][info][gc,marking  ] GC(417) Concurrent Scan Root Regions
[2026-01-15T18:37:19.714+0530][38.294s][info][gc,marking  ] GC(417) Concurrent Scan Root Regions 0.020ms
[2026-01-15T18:37:19.714+0530][38.294s][info][gc,marking  ] GC(417) Concurrent Mark
[2026-01-15T18:37:19.714+0530][38.294s][info][gc,marking  ] GC(417) Concurrent Mark From Roots
[2026-01-15T18:37:19.714+0530][38.294s][info][gc,task     ] GC(417) Using 2 workers of 2 for marking
[2026-01-15T18:37:19.717+0530][38.297s][info][gc,marking  ] GC(417) Concurrent Mark From Roots 2.877ms
[2026-01-15T18:37:19.717+0530][38.297s][info][gc,marking  ] GC(417) Concurrent Preclean
[2026-01-15T18:37:19.717+0530][38.297s][info][gc,marking  ] GC(417) Concurrent Preclean 0.015ms
[2026-01-15T18:37:19.717+0530][38.297s][info][gc,start    ] GC(417) Pause Remark
[2026-01-15T18:37:19.718+0530][38.298s][info][gc          ] GC(417) Pause Remark 121M->121M(256M) 1.058ms
[2026-01-15T18:37:19.718+0530][38.298s][info][gc,cpu      ] GC(417) User=0.00s Sys=0.00s Real=0.00s
[2026-01-15T18:37:19.718+0530][38.298s][info][gc,marking  ] GC(417) Concurrent Mark 4.180ms
[2026-01-15T18:37:19.718+0530][38.298s][info][gc,marking  ] GC(417) Concurrent Rebuild Remembered Sets and Scrub Regions
[2026-01-15T18:37:19.719+0530][38.299s][info][gc,marking  ] GC(417) Concurrent Rebuild Remembered Sets and Scrub Regions 0.768ms
[2026-01-15T18:37:19.719+0530][38.299s][info][gc,start    ] GC(417) Pause Cleanup
[2026-01-15T18:37:19.719+0530][38.299s][info][gc          ] GC(417) Pause Cleanup 121M->121M(256M) 0.222ms
[2026-01-15T18:37:19.719+0530][38.300s][info][gc,cpu      ] GC(417) User=0.00s Sys=0.00s Real=0.00s
[2026-01-15T18:37:19.719+0530][38.300s][info][gc,marking  ] GC(417) Concurrent Clear Claimed Marks
[2026-01-15T18:37:19.719+0530][38.300s][info][gc,marking  ] GC(417) Concurrent Clear Claimed Marks 0.035ms
[2026-01-15T18:37:19.719+0530][38.300s][info][gc,marking  ] GC(417) Concurrent Cleanup for Next Mark
[2026-01-15T18:37:19.720+0530][38.300s][info][gc,marking  ] GC(417) Concurrent Cleanup for Next Mark 0.437ms
[2026-01-15T18:37:19.720+0530][38.300s][info][gc          ] GC(417) Concurrent Mark Cycle 6.013ms
[2026-01-15T18:37:19.774+0530][38.353s][info][gc,start    ] GC(418) Pause Young (Concurrent Start) (G1 Humongous Allocation)
[2026-01-15T18:37:19.774+0530][38.354s][info][gc,task     ] GC(418) Using 6 workers of 8 for evacuation
[2026-01-15T18:37:19.776+0530][38.355s][info][gc,phases   ] GC(418)   Pre Evacuate Collection Set: 0.3ms
[2026-01-15T18:37:19.776+0530][38.355s][info][gc,phases   ] GC(418)   Merge Heap Roots: 0.1ms
[2026-01-15T18:37:19.776+0530][38.355s][info][gc,phases   ] GC(418)   Evacuate Collection Set: 0.2ms
[2026-01-15T18:37:19.776+0530][38.355s][info][gc,phases   ] GC(418)   Post Evacuate Collection Set: 0.8ms
[2026-01-15T18:37:19.776+0530][38.355s][info][gc,phases   ] GC(418)   Other: 0.3ms
[2026-01-15T18:37:19.776+0530][38.355s][info][gc,heap     ] GC(418) Eden regions: 0->0(46)
[2026-01-15T18:37:19.776+0530][38.356s][info][gc,heap     ] GC(418) Survivor regions: 0->0(6)
[2026-01-15T18:37:19.776+0530][38.356s][info][gc,heap     ] GC(418) Old regions: 2->2
[2026-01-15T18:37:19.776+0530][38.356s][info][gc,heap     ] GC(418) Humongous regions: 120->0
[2026-01-15T18:37:19.776+0530][38.356s][info][gc,metaspace] GC(418) Metaspace: 813K(960K)->813K(960K) NonClass: 760K(832K)->760K(832K) Class: 53K(128K)->53K(128K)
[2026-01-15T18:37:19.776+0530][38.356s][info][gc          ] GC(418) Pause Young (Concurrent Start) (G1 Humongous Allocation) 121M->1M(256M) 2.167ms
[2026-01-15T18:37:19.776+0530][38.356s][info][gc,cpu      ] GC(418) User=0.00s Sys=0.00s Real=0.00s
[2026-01-15T18:37:19.776+0530][38.356s][info][gc          ] GC(419) Concurrent Undo Cycle
[2026-01-15T18:37:19.776+0530][38.356s][info][gc,marking  ] GC(419) Concurrent Clear Claimed Marks
[2026-01-15T18:37:19.776+0530][38.356s][info][gc,marking  ] GC(419) Concurrent Clear Claimed Marks 0.025ms
[2026-01-15T18:37:19.776+0530][38.356s][info][gc,marking  ] GC(419) Concurrent Cleanup for Next Mark
[2026-01-15T18:37:19.777+0530][38.356s][info][gc,marking  ] GC(419) Concurrent Cleanup for Next Mark 0.146ms
[2026-01-15T18:37:19.777+0530][38.356s][info][gc          ] GC(419) Concurrent Undo Cycle 0.311ms
[2026-01-15T18:37:20.088+0530][38.667s][info][gc,start    ] GC(420) Pause Young (Concurrent Start) (G1 Humongous Allocation)
[2026-01-15T18:37:20.088+0530][38.668s][info][gc,task     ] GC(420) Using 6 workers of 8 for evacuation
[2026-01-15T18:37:20.090+0530][38.670s][info][gc,phases   ] GC(420)   Pre Evacuate Collection Set: 0.4ms
[2026-01-15T18:37:20.090+0530][38.670s][info][gc,phases   ] GC(420)   Merge Heap Roots: 0.2ms
[2026-01-15T18:37:20.090+0530][38.670s][info][gc,phases   ] GC(420)   Evacuate Collection Set: 0.5ms
[2026-01-15T18:37:20.090+0530][38.670s][info][gc,phases   ] GC(420)   Post Evacuate Collection Set: 0.8ms
[2026-01-15T18:37:20.090+0530][38.670s][info][gc,phases   ] GC(420)   Other: 0.3ms
[2026-01-15T18:37:20.090+0530][38.670s][info][gc,heap     ] GC(420) Eden regions: 0->0(46)
[2026-01-15T18:37:20.090+0530][38.670s][info][gc,heap     ] GC(420) Survivor regions: 0->0(6)
[2026-01-15T18:37:20.090+0530][38.670s][info][gc,heap     ] GC(420) Old regions: 2->2
[2026-01-15T18:37:20.090+0530][38.670s][info][gc,heap     ] GC(420) Humongous regions: 114->114
[2026-01-15T18:37:20.090+0530][38.670s][info][gc,metaspace] GC(420) Metaspace: 813K(960K)->813K(960K) NonClass: 760K(832K)->760K(832K) Class: 53K(128K)->53K(128K)
[2026-01-15T18:37:20.090+0530][38.670s][info][gc          ] GC(420) Pause Young (Concurrent Start) (G1 Humongous Allocation) 115M->115M(256M) 2.690ms
[2026-01-15T18:37:20.090+0530][38.670s][info][gc,cpu      ] GC(420) User=0.00s Sys=0.00s Real=0.00s
[2026-01-15T18:37:20.091+0530][38.670s][info][gc          ] GC(421) Concurrent Mark Cycle
[2026-01-15T18:37:20.091+0530][38.670s][info][gc,marking  ] GC(421) Concurrent Scan Root Regions
[2026-01-15T18:37:20.091+0530][38.670s][info][gc,marking  ] GC(421) Concurrent Scan Root Regions 0.021ms
[2026-01-15T18:37:20.091+0530][38.670s][info][gc,marking  ] GC(421) Concurrent Mark
[2026-01-15T18:37:20.091+0530][38.670s][info][gc,marking  ] GC(421) Concurrent Mark From Roots
[2026-01-15T18:37:20.091+0530][38.670s][info][gc,task     ] GC(421) Using 2 workers of 2 for marking
[2026-01-15T18:37:20.094+0530][38.673s][info][gc,marking  ] GC(421) Concurrent Mark From Roots 2.836ms
[2026-01-15T18:37:20.094+0530][38.673s][info][gc,marking  ] GC(421) Concurrent Preclean
[2026-01-15T18:37:20.094+0530][38.673s][info][gc,marking  ] GC(421) Concurrent Preclean 0.023ms
[2026-01-15T18:37:20.094+0530][38.673s][info][gc,start    ] GC(421) Pause Remark
[2026-01-15T18:37:20.095+0530][38.674s][info][gc          ] GC(421) Pause Remark 121M->121M(256M) 1.056ms
[2026-01-15T18:37:20.095+0530][38.674s][info][gc,cpu      ] GC(421) User=0.00s Sys=0.00s Real=0.00s
[2026-01-15T18:37:20.095+0530][38.675s][info][gc,marking  ] GC(421) Concurrent Mark 4.212ms
[2026-01-15T18:37:20.095+0530][38.675s][info][gc,marking  ] GC(421) Concurrent Rebuild Remembered Sets and Scrub Regions
[2026-01-15T18:37:20.095+0530][38.675s][info][gc,marking  ] GC(421) Concurrent Rebuild Remembered Sets and Scrub Regions 0.713ms
[2026-01-15T18:37:20.096+0530][38.675s][info][gc,start    ] GC(421) Pause Cleanup
[2026-01-15T18:37:20.096+0530][38.676s][info][gc          ] GC(421) Pause Cleanup 121M->121M(256M) 0.231ms
[2026-01-15T18:37:20.096+0530][38.676s][info][gc,cpu      ] GC(421) User=0.00s Sys=0.00s Real=0.00s
[2026-01-15T18:37:20.096+0530][38.676s][info][gc,marking  ] GC(421) Concurrent Clear Claimed Marks
[2026-01-15T18:37:20.096+0530][38.676s][info][gc,marking  ] GC(421) Concurrent Clear Claimed Marks 0.022ms
[2026-01-15T18:37:20.096+0530][38.676s][info][gc,marking  ] GC(421) Concurrent Cleanup for Next Mark
[2026-01-15T18:37:20.096+0530][38.676s][info][gc,marking  ] GC(421) Concurrent Cleanup for Next Mark 0.427ms
[2026-01-15T18:37:20.096+0530][38.676s][info][gc          ] GC(421) Concurrent Mark Cycle 5.907ms
[2026-01-15T18:37:20.148+0530][38.728s][info][gc,start    ] GC(422) Pause Young (Concurrent Start) (G1 Humongous Allocation)
[2026-01-15T18:37:20.148+0530][38.728s][info][gc,task     ] GC(422) Using 6 workers of 8 for evacuation
[2026-01-15T18:37:20.149+0530][38.729s][info][gc,phases   ] GC(422)   Pre Evacuate Collection Set: 0.1ms
[2026-01-15T18:37:20.149+0530][38.729s][info][gc,phases   ] GC(422)   Merge Heap Roots: 0.0ms
[2026-01-15T18:37:20.149+0530][38.729s][info][gc,phases   ] GC(422)   Evacuate Collection Set: 0.1ms
[2026-01-15T18:37:20.149+0530][38.729s][info][gc,phases   ] GC(422)   Post Evacuate Collection Set: 0.5ms
[2026-01-15T18:37:20.149+0530][38.729s][info][gc,phases   ] GC(422)   Other: 0.1ms
[2026-01-15T18:37:20.149+0530][38.729s][info][gc,heap     ] GC(422) Eden regions: 0->0(46)
[2026-01-15T18:37:20.149+0530][38.729s][info][gc,heap     ] GC(422) Survivor regions: 0->0(6)
[2026-01-15T18:37:20.149+0530][38.729s][info][gc,heap     ] GC(422) Old regions: 2->2
[2026-01-15T18:37:20.149+0530][38.729s][info][gc,heap     ] GC(422) Humongous regions: 120->0
[2026-01-15T18:37:20.149+0530][38.729s][info][gc,metaspace] GC(422) Metaspace: 813K(960K)->813K(960K) NonClass: 760K(832K)->760K(832K) Class: 53K(128K)->53K(128K)
[2026-01-15T18:37:20.149+0530][38.729s][info][gc          ] GC(422) Pause Young (Concurrent Start) (G1 Humongous Allocation) 121M->1M(256M) 1.163ms
[2026-01-15T18:37:20.149+0530][38.729s][info][gc,cpu      ] GC(422) User=0.00s Sys=0.00s Real=0.00s
[2026-01-15T18:37:20.149+0530][38.729s][info][gc          ] GC(423) Concurrent Undo Cycle
[2026-01-15T18:37:20.149+0530][38.729s][info][gc,marking  ] GC(423) Concurrent Clear Claimed Marks
[2026-01-15T18:37:20.149+0530][38.729s][info][gc,marking  ] GC(423) Concurrent Clear Claimed Marks 0.048ms
[2026-01-15T18:37:20.149+0530][38.729s][info][gc,marking  ] GC(423) Concurrent Cleanup for Next Mark
[2026-01-15T18:37:20.149+0530][38.730s][info][gc,marking  ] GC(423) Concurrent Cleanup for Next Mark 0.183ms
[2026-01-15T18:37:20.149+0530][38.730s][info][gc          ] GC(423) Concurrent Undo Cycle 0.435ms
[2026-01-15T18:37:20.464+0530][39.044s][info][gc,start    ] GC(424) Pause Young (Concurrent Start) (G1 Humongous Allocation)
[2026-01-15T18:37:20.464+0530][39.044s][info][gc,task     ] GC(424) Using 6 workers of 8 for evacuation
[2026-01-15T18:37:20.467+0530][39.046s][info][gc,phases   ] GC(424)   Pre Evacuate Collection Set: 0.5ms
[2026-01-15T18:37:20.467+0530][39.046s][info][gc,phases   ] GC(424)   Merge Heap Roots: 0.2ms
[2026-01-15T18:37:20.467+0530][39.046s][info][gc,phases   ] GC(424)   Evacuate Collection Set: 0.4ms
[2026-01-15T18:37:20.467+0530][39.046s][info][gc,phases   ] GC(424)   Post Evacuate Collection Set: 1.0ms
[2026-01-15T18:37:20.467+0530][39.046s][info][gc,phases   ] GC(424)   Other: 0.4ms
[2026-01-15T18:37:20.467+0530][39.046s][info][gc,heap     ] GC(424) Eden regions: 0->0(46)
[2026-01-15T18:37:20.467+0530][39.047s][info][gc,heap     ] GC(424) Survivor regions: 0->0(6)
[2026-01-15T18:37:20.467+0530][39.047s][info][gc,heap     ] GC(424) Old regions: 2->2
[2026-01-15T18:37:20.467+0530][39.047s][info][gc,heap     ] GC(424) Humongous regions: 114->114
[2026-01-15T18:37:20.467+0530][39.047s][info][gc,metaspace] GC(424) Metaspace: 813K(960K)->813K(960K) NonClass: 760K(832K)->760K(832K) Class: 53K(128K)->53K(128K)
[2026-01-15T18:37:20.467+0530][39.047s][info][gc          ] GC(424) Pause Young (Concurrent Start) (G1 Humongous Allocation) 115M->115M(256M) 3.075ms
[2026-01-15T18:37:20.467+0530][39.047s][info][gc,cpu      ] GC(424) User=0.00s Sys=0.00s Real=0.00s
[2026-01-15T18:37:20.467+0530][39.047s][info][gc          ] GC(425) Concurrent Mark Cycle
[2026-01-15T18:37:20.467+0530][39.047s][info][gc,marking  ] GC(425) Concurrent Scan Root Regions
[2026-01-15T18:37:20.467+0530][39.047s][info][gc,marking  ] GC(425) Concurrent Scan Root Regions 0.024ms
[2026-01-15T18:37:20.467+0530][39.047s][info][gc,marking  ] GC(425) Concurrent Mark
[2026-01-15T18:37:20.467+0530][39.047s][info][gc,marking  ] GC(425) Concurrent Mark From Roots
[2026-01-15T18:37:20.467+0530][39.047s][info][gc,task     ] GC(425) Using 2 workers of 2 for marking
[2026-01-15T18:37:20.470+0530][39.050s][info][gc,marking  ] GC(425) Concurrent Mark From Roots 2.710ms
[2026-01-15T18:37:20.470+0530][39.050s][info][gc,marking  ] GC(425) Concurrent Preclean
[2026-01-15T18:37:20.470+0530][39.050s][info][gc,marking  ] GC(425) Concurrent Preclean 0.011ms
[2026-01-15T18:37:20.470+0530][39.050s][info][gc,start    ] GC(425) Pause Remark
[2026-01-15T18:37:20.471+0530][39.051s][info][gc          ] GC(425) Pause Remark 121M->121M(256M) 1.005ms
[2026-01-15T18:37:20.471+0530][39.051s][info][gc,cpu      ] GC(425) User=0.00s Sys=0.00s Real=0.00s
[2026-01-15T18:37:20.471+0530][39.051s][info][gc,marking  ] GC(425) Concurrent Mark 3.981ms
[2026-01-15T18:37:20.471+0530][39.051s][info][gc,marking  ] GC(425) Concurrent Rebuild Remembered Sets and Scrub Regions
[2026-01-15T18:37:20.472+0530][39.051s][info][gc,marking  ] GC(425) Concurrent Rebuild Remembered Sets and Scrub Regions 0.639ms
[2026-01-15T18:37:20.472+0530][39.052s][info][gc,start    ] GC(425) Pause Cleanup
[2026-01-15T18:37:20.472+0530][39.052s][info][gc          ] GC(425) Pause Cleanup 121M->121M(256M) 0.240ms
[2026-01-15T18:37:20.472+0530][39.052s][info][gc,cpu      ] GC(425) User=0.00s Sys=0.00s Real=0.00s
[2026-01-15T18:37:20.472+0530][39.052s][info][gc,marking  ] GC(425) Concurrent Clear Claimed Marks
[2026-01-15T18:37:20.472+0530][39.052s][info][gc,marking  ] GC(425) Concurrent Clear Claimed Marks 0.032ms
[2026-01-15T18:37:20.472+0530][39.052s][info][gc,marking  ] GC(425) Concurrent Cleanup for Next Mark
[2026-01-15T18:37:20.473+0530][39.052s][info][gc,marking  ] GC(425) Concurrent Cleanup for Next Mark 0.396ms
[2026-01-15T18:37:20.473+0530][39.052s][info][gc          ] GC(425) Concurrent Mark Cycle 5.649ms
[2026-01-15T18:37:20.524+0530][39.104s][info][gc,start    ] GC(426) Pause Young (Concurrent Start) (G1 Humongous Allocation)
[2026-01-15T18:37:20.524+0530][39.104s][info][gc,task     ] GC(426) Using 6 workers of 8 for evacuation
[2026-01-15T18:37:20.525+0530][39.105s][info][gc,phases   ] GC(426)   Pre Evacuate Collection Set: 0.3ms
[2026-01-15T18:37:20.525+0530][39.105s][info][gc,phases   ] GC(426)   Merge Heap Roots: 0.2ms
[2026-01-15T18:37:20.525+0530][39.105s][info][gc,phases   ] GC(426)   Evacuate Collection Set: 0.3ms
[2026-01-15T18:37:20.525+0530][39.105s][info][gc,phases   ] GC(426)   Post Evacuate Collection Set: 0.6ms
[2026-01-15T18:37:20.525+0530][39.105s][info][gc,phases   ] GC(426)   Other: 0.2ms
[2026-01-15T18:37:20.525+0530][39.105s][info][gc,heap     ] GC(426) Eden regions: 0->0(46)
[2026-01-15T18:37:20.525+0530][39.105s][info][gc,heap     ] GC(426) Survivor regions: 0->0(6)
[2026-01-15T18:37:20.525+0530][39.105s][info][gc,heap     ] GC(426) Old regions: 2->2
[2026-01-15T18:37:20.525+0530][39.105s][info][gc,heap     ] GC(426) Humongous regions: 120->0
[2026-01-15T18:37:20.525+0530][39.105s][info][gc,metaspace] GC(426) Metaspace: 813K(960K)->813K(960K) NonClass: 760K(832K)->760K(832K) Class: 53K(128K)->53K(128K)
[2026-01-15T18:37:20.525+0530][39.105s][info][gc          ] GC(426) Pause Young (Concurrent Start) (G1 Humongous Allocation) 121M->1M(256M) 1.757ms
[2026-01-15T18:37:20.525+0530][39.105s][info][gc,cpu      ] GC(426) User=0.00s Sys=0.00s Real=0.00s
[2026-01-15T18:37:20.525+0530][39.106s][info][gc          ] GC(427) Concurrent Undo Cycle
[2026-01-15T18:37:20.526+0530][39.106s][info][gc,marking  ] GC(427) Concurrent Clear Claimed Marks
[2026-01-15T18:37:20.526+0530][39.106s][info][gc,marking  ] GC(427) Concurrent Clear Claimed Marks 0.010ms
[2026-01-15T18:37:20.526+0530][39.106s][info][gc,marking  ] GC(427) Concurrent Cleanup for Next Mark
[2026-01-15T18:37:20.526+0530][39.106s][info][gc,marking  ] GC(427) Concurrent Cleanup for Next Mark 0.151ms
[2026-01-15T18:37:20.526+0530][39.106s][info][gc          ] GC(427) Concurrent Undo Cycle 0.232ms
[2026-01-15T18:37:20.836+0530][39.416s][info][gc,start    ] GC(428) Pause Young (Concurrent Start) (G1 Humongous Allocation)
[2026-01-15T18:37:20.836+0530][39.416s][info][gc,task     ] GC(428) Using 6 workers of 8 for evacuation
[2026-01-15T18:37:20.838+0530][39.418s][info][gc,phases   ] GC(428)   Pre Evacuate Collection Set: 0.3ms
[2026-01-15T18:37:20.838+0530][39.418s][info][gc,phases   ] GC(428)   Merge Heap Roots: 0.1ms
[2026-01-15T18:37:20.838+0530][39.418s][info][gc,phases   ] GC(428)   Evacuate Collection Set: 0.2ms
[2026-01-15T18:37:20.838+0530][39.418s][info][gc,phases   ] GC(428)   Post Evacuate Collection Set: 0.5ms
[2026-01-15T18:37:20.838+0530][39.418s][info][gc,phases   ] GC(428)   Other: 0.2ms
[2026-01-15T18:37:20.838+0530][39.418s][info][gc,heap     ] GC(428) Eden regions: 0->0(46)
[2026-01-15T18:37:20.838+0530][39.418s][info][gc,heap     ] GC(428) Survivor regions: 0->0(6)
[2026-01-15T18:37:20.838+0530][39.418s][info][gc,heap     ] GC(428) Old regions: 2->2
[2026-01-15T18:37:20.838+0530][39.418s][info][gc,heap     ] GC(428) Humongous regions: 114->114
[2026-01-15T18:37:20.838+0530][39.418s][info][gc,metaspace] GC(428) Metaspace: 813K(960K)->813K(960K) NonClass: 760K(832K)->760K(832K) Class: 53K(128K)->53K(128K)
[2026-01-15T18:37:20.838+0530][39.418s][info][gc          ] GC(428) Pause Young (Concurrent Start) (G1 Humongous Allocation) 115M->115M(256M) 1.522ms
[2026-01-15T18:37:20.838+0530][39.418s][info][gc,cpu      ] GC(428) User=0.00s Sys=0.00s Real=0.00s
[2026-01-15T18:37:20.838+0530][39.418s][info][gc          ] GC(429) Concurrent Mark Cycle
[2026-01-15T18:37:20.838+0530][39.418s][info][gc,marking  ] GC(429) Concurrent Scan Root Regions
[2026-01-15T18:37:20.838+0530][39.418s][info][gc,marking  ] GC(429) Concurrent Scan Root Regions 0.009ms
[2026-01-15T18:37:20.838+0530][39.418s][info][gc,marking  ] GC(429) Concurrent Mark
[2026-01-15T18:37:20.838+0530][39.418s][info][gc,marking  ] GC(429) Concurrent Mark From Roots
[2026-01-15T18:37:20.838+0530][39.418s][info][gc,task     ] GC(429) Using 2 workers of 2 for marking
[2026-01-15T18:37:20.840+0530][39.420s][info][gc,marking  ] GC(429) Concurrent Mark From Roots 1.630ms
[2026-01-15T18:37:20.840+0530][39.420s][info][gc,marking  ] GC(429) Concurrent Preclean
[2026-01-15T18:37:20.840+0530][39.420s][info][gc,marking  ] GC(429) Concurrent Preclean 0.015ms
[2026-01-15T18:37:20.840+0530][39.420s][info][gc,start    ] GC(429) Pause Remark
[2026-01-15T18:37:20.841+0530][39.421s][info][gc          ] GC(429) Pause Remark 121M->121M(256M) 0.995ms
[2026-01-15T18:37:20.841+0530][39.421s][info][gc,cpu      ] GC(429) User=0.00s Sys=0.00s Real=0.00s
[2026-01-15T18:37:20.841+0530][39.421s][info][gc,marking  ] GC(429) Concurrent Mark 2.907ms
[2026-01-15T18:37:20.841+0530][39.421s][info][gc,marking  ] GC(429) Concurrent Rebuild Remembered Sets and Scrub Regions
[2026-01-15T18:37:20.841+0530][39.422s][info][gc,marking  ] GC(429) Concurrent Rebuild Remembered Sets and Scrub Regions 0.645ms
[2026-01-15T18:37:20.841+0530][39.422s][info][gc,start    ] GC(429) Pause Cleanup
[2026-01-15T18:37:20.842+0530][39.422s][info][gc          ] GC(429) Pause Cleanup 121M->121M(256M) 0.176ms
[2026-01-15T18:37:20.842+0530][39.422s][info][gc,cpu      ] GC(429) User=0.00s Sys=0.00s Real=0.00s
[2026-01-15T18:37:20.842+0530][39.422s][info][gc,marking  ] GC(429) Concurrent Clear Claimed Marks
[2026-01-15T18:37:20.842+0530][39.422s][info][gc,marking  ] GC(429) Concurrent Clear Claimed Marks 0.023ms
[2026-01-15T18:37:20.842+0530][39.422s][info][gc,marking  ] GC(429) Concurrent Cleanup for Next Mark
[2026-01-15T18:37:20.842+0530][39.422s][info][gc,marking  ] GC(429) Concurrent Cleanup for Next Mark 0.426ms
[2026-01-15T18:37:20.842+0530][39.422s][info][gc          ] GC(429) Concurrent Mark Cycle 4.502ms
[2026-01-15T18:37:20.898+0530][39.477s][info][gc,start    ] GC(430) Pause Young (Concurrent Start) (G1 Humongous Allocation)
[2026-01-15T18:37:20.898+0530][39.478s][info][gc,task     ] GC(430) Using 6 workers of 8 for evacuation
[2026-01-15T18:37:20.900+0530][39.480s][info][gc,phases   ] GC(430)   Pre Evacuate Collection Set: 0.4ms
[2026-01-15T18:37:20.900+0530][39.480s][info][gc,phases   ] GC(430)   Merge Heap Roots: 0.2ms
[2026-01-15T18:37:20.900+0530][39.480s][info][gc,phases   ] GC(430)   Evacuate Collection Set: 0.4ms
[2026-01-15T18:37:20.900+0530][39.480s][info][gc,phases   ] GC(430)   Post Evacuate Collection Set: 1.0ms
[2026-01-15T18:37:20.900+0530][39.480s][info][gc,phases   ] GC(430)   Other: 0.3ms
[2026-01-15T18:37:20.900+0530][39.480s][info][gc,heap     ] GC(430) Eden regions: 0->0(46)
[2026-01-15T18:37:20.900+0530][39.480s][info][gc,heap     ] GC(430) Survivor regions: 0->0(6)
[2026-01-15T18:37:20.900+0530][39.480s][info][gc,heap     ] GC(430) Old regions: 2->2
[2026-01-15T18:37:20.900+0530][39.480s][info][gc,heap     ] GC(430) Humongous regions: 120->0
[2026-01-15T18:37:20.900+0530][39.480s][info][gc,metaspace] GC(430) Metaspace: 813K(960K)->813K(960K) NonClass: 760K(832K)->760K(832K) Class: 53K(128K)->53K(128K)
[2026-01-15T18:37:20.900+0530][39.480s][info][gc          ] GC(430) Pause Young (Concurrent Start) (G1 Humongous Allocation) 121M->1M(256M) 2.911ms
[2026-01-15T18:37:20.901+0530][39.480s][info][gc,cpu      ] GC(430) User=0.00s Sys=0.00s Real=0.00s
[2026-01-15T18:37:20.901+0530][39.480s][info][gc          ] GC(431) Concurrent Undo Cycle
[2026-01-15T18:37:20.901+0530][39.481s][info][gc,marking  ] GC(431) Concurrent Clear Claimed Marks
[2026-01-15T18:37:20.901+0530][39.481s][info][gc,marking  ] GC(431) Concurrent Clear Claimed Marks 0.030ms
[2026-01-15T18:37:20.901+0530][39.481s][info][gc,marking  ] GC(431) Concurrent Cleanup for Next Mark
[2026-01-15T18:37:20.901+0530][39.481s][info][gc,marking  ] GC(431) Concurrent Cleanup for Next Mark 0.223ms
[2026-01-15T18:37:20.901+0530][39.481s][info][gc          ] GC(431) Concurrent Undo Cycle 0.460ms
[2026-01-15T18:37:21.211+0530][39.791s][info][gc,start    ] GC(432) Pause Young (Concurrent Start) (G1 Humongous Allocation)
[2026-01-15T18:37:21.211+0530][39.791s][info][gc,task     ] GC(432) Using 6 workers of 8 for evacuation
[2026-01-15T18:37:21.212+0530][39.792s][info][gc,phases   ] GC(432)   Pre Evacuate Collection Set: 0.1ms
[2026-01-15T18:37:21.212+0530][39.792s][info][gc,phases   ] GC(432)   Merge Heap Roots: 0.1ms
[2026-01-15T18:37:21.212+0530][39.792s][info][gc,phases   ] GC(432)   Evacuate Collection Set: 0.2ms
[2026-01-15T18:37:21.212+0530][39.792s][info][gc,phases   ] GC(432)   Post Evacuate Collection Set: 0.2ms
[2026-01-15T18:37:21.212+0530][39.792s][info][gc,phases   ] GC(432)   Other: 0.1ms
[2026-01-15T18:37:21.212+0530][39.792s][info][gc,heap     ] GC(432) Eden regions: 0->0(46)
[2026-01-15T18:37:21.212+0530][39.792s][info][gc,heap     ] GC(432) Survivor regions: 0->0(6)
[2026-01-15T18:37:21.212+0530][39.792s][info][gc,heap     ] GC(432) Old regions: 2->2
[2026-01-15T18:37:21.212+0530][39.792s][info][gc,heap     ] GC(432) Humongous regions: 114->114
[2026-01-15T18:37:21.212+0530][39.792s][info][gc,metaspace] GC(432) Metaspace: 813K(960K)->813K(960K) NonClass: 760K(832K)->760K(832K) Class: 53K(128K)->53K(128K)
[2026-01-15T18:37:21.212+0530][39.792s][info][gc          ] GC(432) Pause Young (Concurrent Start) (G1 Humongous Allocation) 115M->115M(256M) 0.848ms
[2026-01-15T18:37:21.212+0530][39.792s][info][gc,cpu      ] GC(432) User=0.00s Sys=0.00s Real=0.00s
[2026-01-15T18:37:21.212+0530][39.792s][info][gc          ] GC(433) Concurrent Mark Cycle
[2026-01-15T18:37:21.212+0530][39.792s][info][gc,marking  ] GC(433) Concurrent Scan Root Regions
[2026-01-15T18:37:21.212+0530][39.792s][info][gc,marking  ] GC(433) Concurrent Scan Root Regions 0.011ms
[2026-01-15T18:37:21.212+0530][39.792s][info][gc,marking  ] GC(433) Concurrent Mark
[2026-01-15T18:37:21.212+0530][39.792s][info][gc,marking  ] GC(433) Concurrent Mark From Roots
[2026-01-15T18:37:21.212+0530][39.792s][info][gc,task     ] GC(433) Using 2 workers of 2 for marking
[2026-01-15T18:37:21.214+0530][39.794s][info][gc,marking  ] GC(433) Concurrent Mark From Roots 1.613ms
[2026-01-15T18:37:21.214+0530][39.794s][info][gc,marking  ] GC(433) Concurrent Preclean
[2026-01-15T18:37:21.214+0530][39.794s][info][gc,marking  ] GC(433) Concurrent Preclean 0.021ms
[2026-01-15T18:37:21.214+0530][39.794s][info][gc,start    ] GC(433) Pause Remark
[2026-01-15T18:37:21.215+0530][39.794s][info][gc          ] GC(433) Pause Remark 121M->121M(256M) 0.498ms
[2026-01-15T18:37:21.215+0530][39.794s][info][gc,cpu      ] GC(433) User=0.00s Sys=0.00s Real=0.00s
[2026-01-15T18:37:21.215+0530][39.794s][info][gc,marking  ] GC(433) Concurrent Mark 2.313ms
[2026-01-15T18:37:21.215+0530][39.794s][info][gc,marking  ] GC(433) Concurrent Rebuild Remembered Sets and Scrub Regions
[2026-01-15T18:37:21.216+0530][39.795s][info][gc,marking  ] GC(433) Concurrent Rebuild Remembered Sets and Scrub Regions 0.633ms
[2026-01-15T18:37:21.216+0530][39.795s][info][gc,start    ] GC(433) Pause Cleanup
[2026-01-15T18:37:21.216+0530][39.795s][info][gc          ] GC(433) Pause Cleanup 121M->121M(256M) 0.105ms
[2026-01-15T18:37:21.216+0530][39.795s][info][gc,cpu      ] GC(433) User=0.00s Sys=0.00s Real=0.00s
[2026-01-15T18:37:21.216+0530][39.795s][info][gc,marking  ] GC(433) Concurrent Clear Claimed Marks
[2026-01-15T18:37:21.216+0530][39.795s][info][gc,marking  ] GC(433) Concurrent Clear Claimed Marks 0.026ms
[2026-01-15T18:37:21.216+0530][39.795s][info][gc,marking  ] GC(433) Concurrent Cleanup for Next Mark
[2026-01-15T18:37:21.216+0530][39.796s][info][gc,marking  ] GC(433) Concurrent Cleanup for Next Mark 0.407ms
[2026-01-15T18:37:21.216+0530][39.796s][info][gc          ] GC(433) Concurrent Mark Cycle 3.743ms
[2026-01-15T18:37:21.275+0530][39.855s][info][gc,start    ] GC(434) Pause Young (Concurrent Start) (G1 Humongous Allocation)
[2026-01-15T18:37:21.275+0530][39.855s][info][gc,task     ] GC(434) Using 6 workers of 8 for evacuation
[2026-01-15T18:37:21.276+0530][39.855s][info][gc,phases   ] GC(434)   Pre Evacuate Collection Set: 0.1ms
[2026-01-15T18:37:21.276+0530][39.856s][info][gc,phases   ] GC(434)   Merge Heap Roots: 0.0ms
[2026-01-15T18:37:21.276+0530][39.856s][info][gc,phases   ] GC(434)   Evacuate Collection Set: 0.1ms
[2026-01-15T18:37:21.276+0530][39.856s][info][gc,phases   ] GC(434)   Post Evacuate Collection Set: 0.3ms
[2026-01-15T18:37:21.276+0530][39.856s][info][gc,phases   ] GC(434)   Other: 0.1ms
[2026-01-15T18:37:21.276+0530][39.856s][info][gc,heap     ] GC(434) Eden regions: 0->0(46)
[2026-01-15T18:37:21.276+0530][39.856s][info][gc,heap     ] GC(434) Survivor regions: 0->0(6)
[2026-01-15T18:37:21.276+0530][39.856s][info][gc,heap     ] GC(434) Old regions: 2->2
[2026-01-15T18:37:21.276+0530][39.856s][info][gc,heap     ] GC(434) Humongous regions: 120->0
[2026-01-15T18:37:21.276+0530][39.856s][info][gc,metaspace] GC(434) Metaspace: 813K(960K)->813K(960K) NonClass: 760K(832K)->760K(832K) Class: 53K(128K)->53K(128K)
[2026-01-15T18:37:21.276+0530][39.856s][info][gc          ] GC(434) Pause Young (Concurrent Start) (G1 Humongous Allocation) 121M->1M(256M) 1.025ms
[2026-01-15T18:37:21.276+0530][39.856s][info][gc,cpu      ] GC(434) User=0.00s Sys=0.00s Real=0.00s
[2026-01-15T18:37:21.276+0530][39.856s][info][gc          ] GC(435) Concurrent Undo Cycle
[2026-01-15T18:37:21.276+0530][39.856s][info][gc,marking  ] GC(435) Concurrent Clear Claimed Marks
[2026-01-15T18:37:21.276+0530][39.856s][info][gc,marking  ] GC(435) Concurrent Clear Claimed Marks 0.017ms
[2026-01-15T18:37:21.276+0530][39.856s][info][gc,marking  ] GC(435) Concurrent Cleanup for Next Mark
[2026-01-15T18:37:21.276+0530][39.856s][info][gc,marking  ] GC(435) Concurrent Cleanup for Next Mark 0.064ms
[2026-01-15T18:37:21.276+0530][39.856s][info][gc          ] GC(435) Concurrent Undo Cycle 0.180ms
[2026-01-15T18:37:21.587+0530][40.167s][info][gc,start    ] GC(436) Pause Young (Concurrent Start) (G1 Humongous Allocation)
[2026-01-15T18:37:21.587+0530][40.167s][info][gc,task     ] GC(436) Using 6 workers of 8 for evacuation
[2026-01-15T18:37:21.589+0530][40.169s][info][gc,phases   ] GC(436)   Pre Evacuate Collection Set: 0.5ms
[2026-01-15T18:37:21.590+0530][40.169s][info][gc,phases   ] GC(436)   Merge Heap Roots: 0.2ms
[2026-01-15T18:37:21.590+0530][40.169s][info][gc,phases   ] GC(436)   Evacuate Collection Set: 0.5ms
[2026-01-15T18:37:21.590+0530][40.169s][info][gc,phases   ] GC(436)   Post Evacuate Collection Set: 1.0ms
[2026-01-15T18:37:21.590+0530][40.169s][info][gc,phases   ] GC(436)   Other: 0.3ms
[2026-01-15T18:37:21.590+0530][40.170s][info][gc,heap     ] GC(436) Eden regions: 0->0(46)
[2026-01-15T18:37:21.590+0530][40.170s][info][gc,heap     ] GC(436) Survivor regions: 0->0(6)
[2026-01-15T18:37:21.590+0530][40.170s][info][gc,heap     ] GC(436) Old regions: 2->2
[2026-01-15T18:37:21.590+0530][40.170s][info][gc,heap     ] GC(436) Humongous regions: 114->114
[2026-01-15T18:37:21.590+0530][40.170s][info][gc,metaspace] GC(436) Metaspace: 813K(960K)->813K(960K) NonClass: 760K(832K)->760K(832K) Class: 53K(128K)->53K(128K)
[2026-01-15T18:37:21.590+0530][40.170s][info][gc          ] GC(436) Pause Young (Concurrent Start) (G1 Humongous Allocation) 115M->115M(256M) 2.975ms
[2026-01-15T18:37:21.590+0530][40.170s][info][gc,cpu      ] GC(436) User=0.00s Sys=0.00s Real=0.00s
[2026-01-15T18:37:21.590+0530][40.170s][info][gc          ] GC(437) Concurrent Mark Cycle
[2026-01-15T18:37:21.590+0530][40.170s][info][gc,marking  ] GC(437) Concurrent Scan Root Regions
[2026-01-15T18:37:21.590+0530][40.170s][info][gc,marking  ] GC(437) Concurrent Scan Root Regions 0.025ms
[2026-01-15T18:37:21.590+0530][40.170s][info][gc,marking  ] GC(437) Concurrent Mark
[2026-01-15T18:37:21.590+0530][40.170s][info][gc,marking  ] GC(437) Concurrent Mark From Roots
[2026-01-15T18:37:21.590+0530][40.170s][info][gc,task     ] GC(437) Using 2 workers of 2 for marking
[2026-01-15T18:37:21.594+0530][40.173s][info][gc,marking  ] GC(437) Concurrent Mark From Roots 3.424ms
[2026-01-15T18:37:21.594+0530][40.173s][info][gc,marking  ] GC(437) Concurrent Preclean
[2026-01-15T18:37:21.594+0530][40.173s][info][gc,marking  ] GC(437) Concurrent Preclean 0.022ms
[2026-01-15T18:37:21.594+0530][40.174s][info][gc,start    ] GC(437) Pause Remark
[2026-01-15T18:37:21.595+0530][40.175s][info][gc          ] GC(437) Pause Remark 121M->121M(256M) 1.152ms
[2026-01-15T18:37:21.595+0530][40.175s][info][gc,cpu      ] GC(437) User=0.00s Sys=0.00s Real=0.00s
[2026-01-15T18:37:21.595+0530][40.175s][info][gc,marking  ] GC(437) Concurrent Mark 4.875ms
[2026-01-15T18:37:21.595+0530][40.175s][info][gc,marking  ] GC(437) Concurrent Rebuild Remembered Sets and Scrub Regions
[2026-01-15T18:37:21.596+0530][40.176s][info][gc,marking  ] GC(437) Concurrent Rebuild Remembered Sets and Scrub Regions 0.821ms
[2026-01-15T18:37:21.596+0530][40.176s][info][gc,start    ] GC(437) Pause Cleanup
[2026-01-15T18:37:21.596+0530][40.176s][info][gc          ] GC(437) Pause Cleanup 121M->121M(256M) 0.230ms
[2026-01-15T18:37:21.596+0530][40.176s][info][gc,cpu      ] GC(437) User=0.00s Sys=0.00s Real=0.00s
[2026-01-15T18:37:21.596+0530][40.176s][info][gc,marking  ] GC(437) Concurrent Clear Claimed Marks
[2026-01-15T18:37:21.596+0530][40.176s][info][gc,marking  ] GC(437) Concurrent Clear Claimed Marks 0.038ms
[2026-01-15T18:37:21.596+0530][40.176s][info][gc,marking  ] GC(437) Concurrent Cleanup for Next Mark
[2026-01-15T18:37:21.597+0530][40.177s][info][gc,marking  ] GC(437) Concurrent Cleanup for Next Mark 0.443ms
[2026-01-15T18:37:21.597+0530][40.177s][info][gc          ] GC(437) Concurrent Mark Cycle 6.839ms
[2026-01-15T18:37:21.649+0530][40.228s][info][gc,start    ] GC(438) Pause Young (Concurrent Start) (G1 Humongous Allocation)
[2026-01-15T18:37:21.649+0530][40.229s][info][gc,task     ] GC(438) Using 6 workers of 8 for evacuation
[2026-01-15T18:37:21.650+0530][40.229s][info][gc,phases   ] GC(438)   Pre Evacuate Collection Set: 0.1ms
[2026-01-15T18:37:21.650+0530][40.229s][info][gc,phases   ] GC(438)   Merge Heap Roots: 0.0ms
[2026-01-15T18:37:21.650+0530][40.229s][info][gc,phases   ] GC(438)   Evacuate Collection Set: 0.1ms
[2026-01-15T18:37:21.650+0530][40.229s][info][gc,phases   ] GC(438)   Post Evacuate Collection Set: 0.4ms
[2026-01-15T18:37:21.650+0530][40.229s][info][gc,phases   ] GC(438)   Other: 0.1ms
[2026-01-15T18:37:21.650+0530][40.229s][info][gc,heap     ] GC(438) Eden regions: 0->0(46)
[2026-01-15T18:37:21.650+0530][40.229s][info][gc,heap     ] GC(438) Survivor regions: 0->0(6)
[2026-01-15T18:37:21.650+0530][40.229s][info][gc,heap     ] GC(438) Old regions: 2->2
[2026-01-15T18:37:21.650+0530][40.229s][info][gc,heap     ] GC(438) Humongous regions: 120->0
[2026-01-15T18:37:21.650+0530][40.229s][info][gc,metaspace] GC(438) Metaspace: 813K(960K)->813K(960K) NonClass: 760K(832K)->760K(832K) Class: 53K(128K)->53K(128K)
[2026-01-15T18:37:21.650+0530][40.229s][info][gc          ] GC(438) Pause Young (Concurrent Start) (G1 Humongous Allocation) 121M->1M(256M) 1.002ms
[2026-01-15T18:37:21.650+0530][40.229s][info][gc,cpu      ] GC(438) User=0.00s Sys=0.00s Real=0.00s
[2026-01-15T18:37:21.650+0530][40.230s][info][gc          ] GC(439) Concurrent Undo Cycle
[2026-01-15T18:37:21.650+0530][40.230s][info][gc,marking  ] GC(439) Concurrent Clear Claimed Marks
[2026-01-15T18:37:21.650+0530][40.230s][info][gc,marking  ] GC(439) Concurrent Clear Claimed Marks 0.011ms
[2026-01-15T18:37:21.650+0530][40.230s][info][gc,marking  ] GC(439) Concurrent Cleanup for Next Mark
[2026-01-15T18:37:21.650+0530][40.230s][info][gc,marking  ] GC(439) Concurrent Cleanup for Next Mark 0.148ms
[2026-01-15T18:37:21.650+0530][40.230s][info][gc          ] GC(439) Concurrent Undo Cycle 0.234ms
[2026-01-15T18:37:21.962+0530][40.542s][info][gc,start    ] GC(440) Pause Young (Concurrent Start) (G1 Humongous Allocation)
[2026-01-15T18:37:21.962+0530][40.542s][info][gc,task     ] GC(440) Using 6 workers of 8 for evacuation
[2026-01-15T18:37:21.965+0530][40.544s][info][gc,phases   ] GC(440)   Pre Evacuate Collection Set: 0.5ms
[2026-01-15T18:37:21.965+0530][40.544s][info][gc,phases   ] GC(440)   Merge Heap Roots: 0.3ms
[2026-01-15T18:37:21.965+0530][40.544s][info][gc,phases   ] GC(440)   Evacuate Collection Set: 0.5ms
[2026-01-15T18:37:21.965+0530][40.544s][info][gc,phases   ] GC(440)   Post Evacuate Collection Set: 0.8ms
[2026-01-15T18:37:21.965+0530][40.544s][info][gc,phases   ] GC(440)   Other: 0.3ms
[2026-01-15T18:37:21.965+0530][40.544s][info][gc,heap     ] GC(440) Eden regions: 0->0(46)
[2026-01-15T18:37:21.965+0530][40.544s][info][gc,heap     ] GC(440) Survivor regions: 0->0(6)
[2026-01-15T18:37:21.965+0530][40.544s][info][gc,heap     ] GC(440) Old regions: 2->2
[2026-01-15T18:37:21.965+0530][40.544s][info][gc,heap     ] GC(440) Humongous regions: 114->114
[2026-01-15T18:37:21.965+0530][40.544s][info][gc,metaspace] GC(440) Metaspace: 813K(960K)->813K(960K) NonClass: 760K(832K)->760K(832K) Class: 53K(128K)->53K(128K)
[2026-01-15T18:37:21.965+0530][40.545s][info][gc          ] GC(440) Pause Young (Concurrent Start) (G1 Humongous Allocation) 115M->115M(256M) 2.789ms
[2026-01-15T18:37:21.965+0530][40.545s][info][gc,cpu      ] GC(440) User=0.00s Sys=0.00s Real=0.00s
[2026-01-15T18:37:21.965+0530][40.545s][info][gc          ] GC(441) Concurrent Mark Cycle
[2026-01-15T18:37:21.965+0530][40.545s][info][gc,marking  ] GC(441) Concurrent Scan Root Regions
[2026-01-15T18:37:21.965+0530][40.545s][info][gc,marking  ] GC(441) Concurrent Scan Root Regions 0.023ms
[2026-01-15T18:37:21.965+0530][40.545s][info][gc,marking  ] GC(441) Concurrent Mark
[2026-01-15T18:37:21.965+0530][40.545s][info][gc,marking  ] GC(441) Concurrent Mark From Roots
[2026-01-15T18:37:21.965+0530][40.545s][info][gc,task     ] GC(441) Using 2 workers of 2 for marking
[2026-01-15T18:37:21.967+0530][40.548s][info][gc,marking  ] GC(441) Concurrent Mark From Roots 2.901ms
[2026-01-15T18:37:21.967+0530][40.548s][info][gc,marking  ] GC(441) Concurrent Preclean
[2026-01-15T18:37:21.967+0530][40.548s][info][gc,marking  ] GC(441) Concurrent Preclean 0.016ms
[2026-01-15T18:37:21.968+0530][40.548s][info][gc,start    ] GC(441) Pause Remark
[2026-01-15T18:37:21.969+0530][40.549s][info][gc          ] GC(441) Pause Remark 121M->121M(256M) 1.013ms
[2026-01-15T18:37:21.969+0530][40.549s][info][gc,cpu      ] GC(441) User=0.00s Sys=0.00s Real=0.00s
[2026-01-15T18:37:21.969+0530][40.549s][info][gc,marking  ] GC(441) Concurrent Mark 4.204ms
[2026-01-15T18:37:21.969+0530][40.549s][info][gc,marking  ] GC(441) Concurrent Rebuild Remembered Sets and Scrub Regions
[2026-01-15T18:37:21.970+0530][40.550s][info][gc,marking  ] GC(441) Concurrent Rebuild Remembered Sets and Scrub Regions 0.800ms
[2026-01-15T18:37:21.970+0530][40.550s][info][gc,start    ] GC(441) Pause Cleanup
[2026-01-15T18:37:21.970+0530][40.550s][info][gc          ] GC(441) Pause Cleanup 121M->121M(256M) 0.248ms
[2026-01-15T18:37:21.970+0530][40.550s][info][gc,cpu      ] GC(441) User=0.00s Sys=0.00s Real=0.00s
[2026-01-15T18:37:21.970+0530][40.550s][info][gc,marking  ] GC(441) Concurrent Clear Claimed Marks
[2026-01-15T18:37:21.970+0530][40.550s][info][gc,marking  ] GC(441) Concurrent Clear Claimed Marks 0.022ms
[2026-01-15T18:37:21.970+0530][40.550s][info][gc,marking  ] GC(441) Concurrent Cleanup for Next Mark
[2026-01-15T18:37:21.970+0530][40.551s][info][gc,marking  ] GC(441) Concurrent Cleanup for Next Mark 0.420ms
[2026-01-15T18:37:21.971+0530][40.551s][info][gc          ] GC(441) Concurrent Mark Cycle 6.072ms
[2026-01-15T18:37:22.023+0530][40.603s][info][gc,start    ] GC(442) Pause Young (Concurrent Start) (G1 Humongous Allocation)
[2026-01-15T18:37:22.023+0530][40.603s][info][gc,task     ] GC(442) Using 6 workers of 8 for evacuation
[2026-01-15T18:37:22.023+0530][40.604s][info][gc,phases   ] GC(442)   Pre Evacuate Collection Set: 0.1ms
[2026-01-15T18:37:22.023+0530][40.604s][info][gc,phases   ] GC(442)   Merge Heap Roots: 0.0ms
[2026-01-15T18:37:22.025+0530][40.604s][info][gc,phases   ] GC(442)   Evacuate Collection Set: 0.2ms
[2026-01-15T18:37:22.025+0530][40.604s][info][gc,phases   ] GC(442)   Post Evacuate Collection Set: 0.5ms
[2026-01-15T18:37:22.025+0530][40.605s][info][gc,phases   ] GC(442)   Other: 0.1ms
[2026-01-15T18:37:22.025+0530][40.605s][info][gc,heap     ] GC(442) Eden regions: 0->0(46)
[2026-01-15T18:37:22.025+0530][40.605s][info][gc,heap     ] GC(442) Survivor regions: 0->0(6)
[2026-01-15T18:37:22.025+0530][40.605s][info][gc,heap     ] GC(442) Old regions: 2->2
[2026-01-15T18:37:22.025+0530][40.605s][info][gc,heap     ] GC(442) Humongous regions: 120->0
[2026-01-15T18:37:22.025+0530][40.605s][info][gc,metaspace] GC(442) Metaspace: 813K(960K)->813K(960K) NonClass: 760K(832K)->760K(832K) Class: 53K(128K)->53K(128K)
[2026-01-15T18:37:22.025+0530][40.605s][info][gc          ] GC(442) Pause Young (Concurrent Start) (G1 Humongous Allocation) 121M->1M(256M) 1.365ms
[2026-01-15T18:37:22.025+0530][40.605s][info][gc,cpu      ] GC(442) User=0.00s Sys=0.00s Real=0.00s
[2026-01-15T18:37:22.025+0530][40.605s][info][gc          ] GC(443) Concurrent Undo Cycle
[2026-01-15T18:37:22.025+0530][40.605s][info][gc,marking  ] GC(443) Concurrent Clear Claimed Marks
[2026-01-15T18:37:22.025+0530][40.605s][info][gc,marking  ] GC(443) Concurrent Clear Claimed Marks 0.026ms
[2026-01-15T18:37:22.025+0530][40.605s][info][gc,marking  ] GC(443) Concurrent Cleanup for Next Mark
[2026-01-15T18:37:22.025+0530][40.605s][info][gc,marking  ] GC(443) Concurrent Cleanup for Next Mark 0.089ms
[2026-01-15T18:37:22.025+0530][40.605s][info][gc          ] GC(443) Concurrent Undo Cycle 0.266ms
[2026-01-15T18:37:22.337+0530][40.917s][info][gc,start    ] GC(444) Pause Young (Concurrent Start) (G1 Humongous Allocation)
[2026-01-15T18:37:22.337+0530][40.917s][info][gc,task     ] GC(444) Using 6 workers of 8 for evacuation
[2026-01-15T18:37:22.339+0530][40.919s][info][gc,phases   ] GC(444)   Pre Evacuate Collection Set: 0.3ms
[2026-01-15T18:37:22.339+0530][40.919s][info][gc,phases   ] GC(444)   Merge Heap Roots: 0.1ms
[2026-01-15T18:37:22.339+0530][40.919s][info][gc,phases   ] GC(444)   Evacuate Collection Set: 0.3ms
[2026-01-15T18:37:22.339+0530][40.919s][info][gc,phases   ] GC(444)   Post Evacuate Collection Set: 0.6ms
[2026-01-15T18:37:22.339+0530][40.919s][info][gc,phases   ] GC(444)   Other: 0.2ms
[2026-01-15T18:37:22.339+0530][40.919s][info][gc,heap     ] GC(444) Eden regions: 0->0(46)
[2026-01-15T18:37:22.339+0530][40.919s][info][gc,heap     ] GC(444) Survivor regions: 0->0(6)
[2026-01-15T18:37:22.339+0530][40.919s][info][gc,heap     ] GC(444) Old regions: 2->2
[2026-01-15T18:37:22.339+0530][40.919s][info][gc,heap     ] GC(444) Humongous regions: 114->114
[2026-01-15T18:37:22.339+0530][40.919s][info][gc,metaspace] GC(444) Metaspace: 813K(960K)->813K(960K) NonClass: 760K(832K)->760K(832K) Class: 53K(128K)->53K(128K)
[2026-01-15T18:37:22.339+0530][40.919s][info][gc          ] GC(444) Pause Young (Concurrent Start) (G1 Humongous Allocation) 115M->115M(256M) 1.880ms
[2026-01-15T18:37:22.339+0530][40.919s][info][gc,cpu      ] GC(444) User=0.00s Sys=0.00s Real=0.00s
[2026-01-15T18:37:22.339+0530][40.919s][info][gc          ] GC(445) Concurrent Mark Cycle
[2026-01-15T18:37:22.339+0530][40.919s][info][gc,marking  ] GC(445) Concurrent Scan Root Regions
[2026-01-15T18:37:22.339+0530][40.919s][info][gc,marking  ] GC(445) Concurrent Scan Root Regions 0.018ms
[2026-01-15T18:37:22.339+0530][40.919s][info][gc,marking  ] GC(445) Concurrent Mark
[2026-01-15T18:37:22.340+0530][40.919s][info][gc,marking  ] GC(445) Concurrent Mark From Roots
[2026-01-15T18:37:22.340+0530][40.919s][info][gc,task     ] GC(445) Using 2 workers of 2 for marking
[2026-01-15T18:37:22.343+0530][40.922s][info][gc,marking  ] GC(445) Concurrent Mark From Roots 2.960ms
[2026-01-15T18:37:22.343+0530][40.922s][info][gc,marking  ] GC(445) Concurrent Preclean
[2026-01-15T18:37:22.343+0530][40.922s][info][gc,marking  ] GC(445) Concurrent Preclean 0.014ms
[2026-01-15T18:37:22.343+0530][40.922s][info][gc,start    ] GC(445) Pause Remark
[2026-01-15T18:37:22.343+0530][40.923s][info][gc          ] GC(445) Pause Remark 121M->121M(256M) 1.002ms
[2026-01-15T18:37:22.343+0530][40.923s][info][gc,cpu      ] GC(445) User=0.00s Sys=0.00s Real=0.00s
[2026-01-15T18:37:22.344+0530][40.923s][info][gc,marking  ] GC(445) Concurrent Mark 4.262ms
[2026-01-15T18:37:22.344+0530][40.923s][info][gc,marking  ] GC(445) Concurrent Rebuild Remembered Sets and Scrub Regions
[2026-01-15T18:37:22.344+0530][40.924s][info][gc,marking  ] GC(445) Concurrent Rebuild Remembered Sets and Scrub Regions 0.595ms
[2026-01-15T18:37:22.344+0530][40.924s][info][gc,start    ] GC(445) Pause Cleanup
[2026-01-15T18:37:22.344+0530][40.924s][info][gc          ] GC(445) Pause Cleanup 121M->121M(256M) 0.250ms
[2026-01-15T18:37:22.344+0530][40.924s][info][gc,cpu      ] GC(445) User=0.00s Sys=0.00s Real=0.00s
[2026-01-15T18:37:22.345+0530][40.924s][info][gc,marking  ] GC(445) Concurrent Clear Claimed Marks
[2026-01-15T18:37:22.345+0530][40.924s][info][gc,marking  ] GC(445) Concurrent Clear Claimed Marks 0.023ms
[2026-01-15T18:37:22.345+0530][40.924s][info][gc,marking  ] GC(445) Concurrent Cleanup for Next Mark
[2026-01-15T18:37:22.345+0530][40.925s][info][gc,marking  ] GC(445) Concurrent Cleanup for Next Mark 0.411ms
[2026-01-15T18:37:22.345+0530][40.925s][info][gc          ] GC(445) Concurrent Mark Cycle 5.824ms
[2026-01-15T18:37:22.399+0530][40.979s][info][gc,start    ] GC(446) Pause Young (Concurrent Start) (G1 Humongous Allocation)
[2026-01-15T18:37:22.399+0530][40.979s][info][gc,task     ] GC(446) Using 6 workers of 8 for evacuation
[2026-01-15T18:37:22.402+0530][40.982s][info][gc,phases   ] GC(446)   Pre Evacuate Collection Set: 0.4ms
[2026-01-15T18:37:22.402+0530][40.982s][info][gc,phases   ] GC(446)   Merge Heap Roots: 0.2ms
[2026-01-15T18:37:22.402+0530][40.982s][info][gc,phases   ] GC(446)   Evacuate Collection Set: 0.5ms
[2026-01-15T18:37:22.402+0530][40.982s][info][gc,phases   ] GC(446)   Post Evacuate Collection Set: 1.1ms
[2026-01-15T18:37:22.402+0530][40.982s][info][gc,phases   ] GC(446)   Other: 0.3ms
[2026-01-15T18:37:22.402+0530][40.982s][info][gc,heap     ] GC(446) Eden regions: 0->0(46)
[2026-01-15T18:37:22.402+0530][40.982s][info][gc,heap     ] GC(446) Survivor regions: 0->0(6)
[2026-01-15T18:37:22.402+0530][40.982s][info][gc,heap     ] GC(446) Old regions: 2->2
[2026-01-15T18:37:22.402+0530][40.982s][info][gc,heap     ] GC(446) Humongous regions: 120->0
[2026-01-15T18:37:22.402+0530][40.982s][info][gc,metaspace] GC(446) Metaspace: 813K(960K)->813K(960K) NonClass: 760K(832K)->760K(832K) Class: 53K(128K)->53K(128K)
[2026-01-15T18:37:22.402+0530][40.982s][info][gc          ] GC(446) Pause Young (Concurrent Start) (G1 Humongous Allocation) 121M->1M(256M) 2.974ms
[2026-01-15T18:37:22.403+0530][40.982s][info][gc,cpu      ] GC(446) User=0.00s Sys=0.00s Real=0.00s
[2026-01-15T18:37:22.403+0530][40.982s][info][gc          ] GC(447) Concurrent Undo Cycle
[2026-01-15T18:37:22.403+0530][40.982s][info][gc,marking  ] GC(447) Concurrent Clear Claimed Marks
[2026-01-15T18:37:22.403+0530][40.982s][info][gc,marking  ] GC(447) Concurrent Clear Claimed Marks 0.030ms
[2026-01-15T18:37:22.403+0530][40.982s][info][gc,marking  ] GC(447) Concurrent Cleanup for Next Mark
[2026-01-15T18:37:22.403+0530][40.983s][info][gc,marking  ] GC(447) Concurrent Cleanup for Next Mark 0.235ms
[2026-01-15T18:37:22.403+0530][40.983s][info][gc          ] GC(447) Concurrent Undo Cycle 0.465ms
[2026-01-15T18:37:22.713+0530][41.293s][info][gc,start    ] GC(448) Pause Young (Concurrent Start) (G1 Humongous Allocation)
[2026-01-15T18:37:22.713+0530][41.293s][info][gc,task     ] GC(448) Using 6 workers of 8 for evacuation
[2026-01-15T18:37:22.716+0530][41.296s][info][gc,phases   ] GC(448)   Pre Evacuate Collection Set: 0.5ms
[2026-01-15T18:37:22.716+0530][41.296s][info][gc,phases   ] GC(448)   Merge Heap Roots: 0.3ms
[2026-01-15T18:37:22.716+0530][41.296s][info][gc,phases   ] GC(448)   Evacuate Collection Set: 0.5ms
[2026-01-15T18:37:22.716+0530][41.296s][info][gc,phases   ] GC(448)   Post Evacuate Collection Set: 1.0ms
[2026-01-15T18:37:22.716+0530][41.296s][info][gc,phases   ] GC(448)   Other: 0.3ms
[2026-01-15T18:37:22.716+0530][41.296s][info][gc,heap     ] GC(448) Eden regions: 0->0(46)
[2026-01-15T18:37:22.716+0530][41.296s][info][gc,heap     ] GC(448) Survivor regions: 0->0(6)
[2026-01-15T18:37:22.716+0530][41.296s][info][gc,heap     ] GC(448) Old regions: 2->2
[2026-01-15T18:37:22.716+0530][41.296s][info][gc,heap     ] GC(448) Humongous regions: 114->114
[2026-01-15T18:37:22.716+0530][41.296s][info][gc,metaspace] GC(448) Metaspace: 813K(960K)->813K(960K) NonClass: 760K(832K)->760K(832K) Class: 53K(128K)->53K(128K)
[2026-01-15T18:37:22.716+0530][41.296s][info][gc          ] GC(448) Pause Young (Concurrent Start) (G1 Humongous Allocation) 115M->115M(256M) 3.076ms
[2026-01-15T18:37:22.716+0530][41.296s][info][gc,cpu      ] GC(448) User=0.00s Sys=0.00s Real=0.00s
[2026-01-15T18:37:22.716+0530][41.296s][info][gc          ] GC(449) Concurrent Mark Cycle
[2026-01-15T18:37:22.716+0530][41.296s][info][gc,marking  ] GC(449) Concurrent Scan Root Regions
[2026-01-15T18:37:22.716+0530][41.297s][info][gc,marking  ] GC(449) Concurrent Scan Root Regions 0.023ms
[2026-01-15T18:37:22.716+0530][41.297s][info][gc,marking  ] GC(449) Concurrent Mark
[2026-01-15T18:37:22.716+0530][41.297s][info][gc,marking  ] GC(449) Concurrent Mark From Roots
[2026-01-15T18:37:22.716+0530][41.297s][info][gc,task     ] GC(449) Using 2 workers of 2 for marking
[2026-01-15T18:37:22.719+0530][41.300s][info][gc,marking  ] GC(449) Concurrent Mark From Roots 3.060ms
[2026-01-15T18:37:22.719+0530][41.300s][info][gc,marking  ] GC(449) Concurrent Preclean
[2026-01-15T18:37:22.720+0530][41.300s][info][gc,marking  ] GC(449) Concurrent Preclean 0.014ms
[2026-01-15T18:37:22.720+0530][41.300s][info][gc,start    ] GC(449) Pause Remark
[2026-01-15T18:37:22.721+0530][41.301s][info][gc          ] GC(449) Pause Remark 121M->121M(256M) 1.022ms
[2026-01-15T18:37:22.721+0530][41.301s][info][gc,cpu      ] GC(449) User=0.00s Sys=0.00s Real=0.00s
[2026-01-15T18:37:22.721+0530][41.301s][info][gc,marking  ] GC(449) Concurrent Mark 4.324ms
[2026-01-15T18:37:22.721+0530][41.301s][info][gc,marking  ] GC(449) Concurrent Rebuild Remembered Sets and Scrub Regions
[2026-01-15T18:37:22.721+0530][41.302s][info][gc,marking  ] GC(449) Concurrent Rebuild Remembered Sets and Scrub Regions 0.711ms
[2026-01-15T18:37:22.722+0530][41.302s][info][gc,start    ] GC(449) Pause Cleanup
[2026-01-15T18:37:22.722+0530][41.302s][info][gc          ] GC(449) Pause Cleanup 121M->121M(256M) 0.253ms
[2026-01-15T18:37:22.722+0530][41.302s][info][gc,cpu      ] GC(449) User=0.00s Sys=0.00s Real=0.00s
[2026-01-15T18:37:22.722+0530][41.302s][info][gc,marking  ] GC(449) Concurrent Clear Claimed Marks
[2026-01-15T18:37:22.722+0530][41.302s][info][gc,marking  ] GC(449) Concurrent Clear Claimed Marks 0.022ms
[2026-01-15T18:37:22.722+0530][41.302s][info][gc,marking  ] GC(449) Concurrent Cleanup for Next Mark
[2026-01-15T18:37:22.722+0530][41.303s][info][gc,marking  ] GC(449) Concurrent Cleanup for Next Mark 0.434ms
[2026-01-15T18:37:22.722+0530][41.303s][info][gc          ] GC(449) Concurrent Mark Cycle 6.097ms
[2026-01-15T18:37:22.774+0530][41.354s][info][gc,start    ] GC(450) Pause Young (Concurrent Start) (G1 Humongous Allocation)
[2026-01-15T18:37:22.774+0530][41.354s][info][gc,task     ] GC(450) Using 6 workers of 8 for evacuation
[2026-01-15T18:37:22.776+0530][41.355s][info][gc,phases   ] GC(450)   Pre Evacuate Collection Set: 0.2ms
[2026-01-15T18:37:22.776+0530][41.355s][info][gc,phases   ] GC(450)   Merge Heap Roots: 0.0ms
[2026-01-15T18:37:22.776+0530][41.355s][info][gc,phases   ] GC(450)   Evacuate Collection Set: 0.2ms
[2026-01-15T18:37:22.776+0530][41.355s][info][gc,phases   ] GC(450)   Post Evacuate Collection Set: 0.7ms
[2026-01-15T18:37:22.776+0530][41.355s][info][gc,phases   ] GC(450)   Other: 0.2ms
[2026-01-15T18:37:22.776+0530][41.355s][info][gc,heap     ] GC(450) Eden regions: 0->0(46)
[2026-01-15T18:37:22.776+0530][41.355s][info][gc,heap     ] GC(450) Survivor regions: 0->0(6)
[2026-01-15T18:37:22.776+0530][41.355s][info][gc,heap     ] GC(450) Old regions: 2->2
[2026-01-15T18:37:22.776+0530][41.355s][info][gc,heap     ] GC(450) Humongous regions: 120->0
[2026-01-15T18:37:22.776+0530][41.355s][info][gc,metaspace] GC(450) Metaspace: 813K(960K)->813K(960K) NonClass: 760K(832K)->760K(832K) Class: 53K(128K)->53K(128K)
[2026-01-15T18:37:22.776+0530][41.355s][info][gc          ] GC(450) Pause Young (Concurrent Start) (G1 Humongous Allocation) 121M->1M(256M) 1.554ms
[2026-01-15T18:37:22.776+0530][41.355s][info][gc,cpu      ] GC(450) User=0.00s Sys=0.00s Real=0.00s
[2026-01-15T18:37:22.776+0530][41.355s][info][gc          ] GC(451) Concurrent Undo Cycle
[2026-01-15T18:37:22.776+0530][41.355s][info][gc,marking  ] GC(451) Concurrent Clear Claimed Marks
[2026-01-15T18:37:22.776+0530][41.355s][info][gc,marking  ] GC(451) Concurrent Clear Claimed Marks 0.017ms
[2026-01-15T18:37:22.776+0530][41.355s][info][gc,marking  ] GC(451) Concurrent Cleanup for Next Mark
[2026-01-15T18:37:22.776+0530][41.355s][info][gc,marking  ] GC(451) Concurrent Cleanup for Next Mark 0.128ms
[2026-01-15T18:37:22.776+0530][41.355s][info][gc          ] GC(451) Concurrent Undo Cycle 0.221ms
[2026-01-15T18:37:23.084+0530][41.664s][info][gc,start    ] GC(452) Pause Young (Concurrent Start) (G1 Humongous Allocation)
[2026-01-15T18:37:23.084+0530][41.664s][info][gc,task     ] GC(452) Using 6 workers of 8 for evacuation
[2026-01-15T18:37:23.086+0530][41.666s][info][gc,phases   ] GC(452)   Pre Evacuate Collection Set: 0.2ms
[2026-01-15T18:37:23.086+0530][41.666s][info][gc,phases   ] GC(452)   Merge Heap Roots: 0.1ms
[2026-01-15T18:37:23.086+0530][41.666s][info][gc,phases   ] GC(452)   Evacuate Collection Set: 0.2ms
[2026-01-15T18:37:23.086+0530][41.666s][info][gc,phases   ] GC(452)   Post Evacuate Collection Set: 0.5ms
[2026-01-15T18:37:23.086+0530][41.666s][info][gc,phases   ] GC(452)   Other: 0.2ms
[2026-01-15T18:37:23.086+0530][41.666s][info][gc,heap     ] GC(452) Eden regions: 0->0(46)
[2026-01-15T18:37:23.086+0530][41.666s][info][gc,heap     ] GC(452) Survivor regions: 0->0(6)
[2026-01-15T18:37:23.086+0530][41.666s][info][gc,heap     ] GC(452) Old regions: 2->2
[2026-01-15T18:37:23.086+0530][41.666s][info][gc,heap     ] GC(452) Humongous regions: 114->114
[2026-01-15T18:37:23.086+0530][41.666s][info][gc,metaspace] GC(452) Metaspace: 813K(960K)->813K(960K) NonClass: 760K(832K)->760K(832K) Class: 53K(128K)->53K(128K)
[2026-01-15T18:37:23.086+0530][41.666s][info][gc          ] GC(452) Pause Young (Concurrent Start) (G1 Humongous Allocation) 115M->115M(256M) 1.379ms
[2026-01-15T18:37:23.086+0530][41.666s][info][gc,cpu      ] GC(452) User=0.00s Sys=0.00s Real=0.00s
[2026-01-15T18:37:23.086+0530][41.666s][info][gc          ] GC(453) Concurrent Mark Cycle
[2026-01-15T18:37:23.086+0530][41.666s][info][gc,marking  ] GC(453) Concurrent Scan Root Regions
[2026-01-15T18:37:23.086+0530][41.666s][info][gc,marking  ] GC(453) Concurrent Scan Root Regions 0.010ms
[2026-01-15T18:37:23.086+0530][41.666s][info][gc,marking  ] GC(453) Concurrent Mark
[2026-01-15T18:37:23.086+0530][41.666s][info][gc,marking  ] GC(453) Concurrent Mark From Roots
[2026-01-15T18:37:23.086+0530][41.666s][info][gc,task     ] GC(453) Using 2 workers of 2 for marking
[2026-01-15T18:37:23.088+0530][41.667s][info][gc,marking  ] GC(453) Concurrent Mark From Roots 1.606ms
[2026-01-15T18:37:23.088+0530][41.667s][info][gc,marking  ] GC(453) Concurrent Preclean
[2026-01-15T18:37:23.088+0530][41.667s][info][gc,marking  ] GC(453) Concurrent Preclean 0.013ms
[2026-01-15T18:37:23.088+0530][41.668s][info][gc,start    ] GC(453) Pause Remark
[2026-01-15T18:37:23.089+0530][41.669s][info][gc          ] GC(453) Pause Remark 121M->121M(256M) 1.018ms
[2026-01-15T18:37:23.089+0530][41.669s][info][gc,cpu      ] GC(453) User=0.00s Sys=0.00s Real=0.00s
[2026-01-15T18:37:23.089+0530][41.669s][info][gc,marking  ] GC(453) Concurrent Mark 2.886ms
[2026-01-15T18:37:23.089+0530][41.669s][info][gc,marking  ] GC(453) Concurrent Rebuild Remembered Sets and Scrub Regions
[2026-01-15T18:37:23.090+0530][41.669s][info][gc,marking  ] GC(453) Concurrent Rebuild Remembered Sets and Scrub Regions 0.591ms
[2026-01-15T18:37:23.090+0530][41.669s][info][gc,start    ] GC(453) Pause Cleanup
[2026-01-15T18:37:23.090+0530][41.670s][info][gc          ] GC(453) Pause Cleanup 121M->121M(256M) 0.211ms
[2026-01-15T18:37:23.090+0530][41.670s][info][gc,cpu      ] GC(453) User=0.00s Sys=0.00s Real=0.00s
[2026-01-15T18:37:23.090+0530][41.670s][info][gc,marking  ] GC(453) Concurrent Clear Claimed Marks
[2026-01-15T18:37:23.090+0530][41.670s][info][gc,marking  ] GC(453) Concurrent Clear Claimed Marks 0.025ms
[2026-01-15T18:37:23.090+0530][41.670s][info][gc,marking  ] GC(453) Concurrent Cleanup for Next Mark
[2026-01-15T18:37:23.091+0530][41.670s][info][gc,marking  ] GC(453) Concurrent Cleanup for Next Mark 0.421ms
[2026-01-15T18:37:23.091+0530][41.670s][info][gc          ] GC(453) Concurrent Mark Cycle 4.516ms
[2026-01-15T18:37:23.146+0530][41.725s][info][gc,start    ] GC(454) Pause Young (Concurrent Start) (G1 Humongous Allocation)
[2026-01-15T18:37:23.146+0530][41.725s][info][gc,task     ] GC(454) Using 6 workers of 8 for evacuation
[2026-01-15T18:37:23.146+0530][41.727s][info][gc,phases   ] GC(454)   Pre Evacuate Collection Set: 0.2ms
[2026-01-15T18:37:23.146+0530][41.727s][info][gc,phases   ] GC(454)   Merge Heap Roots: 0.1ms
[2026-01-15T18:37:23.146+0530][41.727s][info][gc,phases   ] GC(454)   Evacuate Collection Set: 0.2ms
[2026-01-15T18:37:23.146+0530][41.727s][info][gc,phases   ] GC(454)   Post Evacuate Collection Set: 0.5ms
[2026-01-15T18:37:23.146+0530][41.727s][info][gc,phases   ] GC(454)   Other: 0.2ms
[2026-01-15T18:37:23.146+0530][41.727s][info][gc,heap     ] GC(454) Eden regions: 0->0(46)
[2026-01-15T18:37:23.146+0530][41.727s][info][gc,heap     ] GC(454) Survivor regions: 0->0(6)
[2026-01-15T18:37:23.146+0530][41.727s][info][gc,heap     ] GC(454) Old regions: 2->2
[2026-01-15T18:37:23.146+0530][41.727s][info][gc,heap     ] GC(454) Humongous regions: 120->0
[2026-01-15T18:37:23.146+0530][41.727s][info][gc,metaspace] GC(454) Metaspace: 813K(960K)->813K(960K) NonClass: 760K(832K)->760K(832K) Class: 53K(128K)->53K(128K)
[2026-01-15T18:37:23.147+0530][41.727s][info][gc          ] GC(454) Pause Young (Concurrent Start) (G1 Humongous Allocation) 121M->1M(256M) 1.443ms
[2026-01-15T18:37:23.147+0530][41.727s][info][gc,cpu      ] GC(454) User=0.00s Sys=0.00s Real=0.00s
[2026-01-15T18:37:23.147+0530][41.727s][info][gc          ] GC(455) Concurrent Undo Cycle
[2026-01-15T18:37:23.147+0530][41.727s][info][gc,marking  ] GC(455) Concurrent Clear Claimed Marks
[2026-01-15T18:37:23.147+0530][41.727s][info][gc,marking  ] GC(455) Concurrent Clear Claimed Marks 0.010ms
[2026-01-15T18:37:23.147+0530][41.727s][info][gc,marking  ] GC(455) Concurrent Cleanup for Next Mark
[2026-01-15T18:37:23.147+0530][41.727s][info][gc,marking  ] GC(455) Concurrent Cleanup for Next Mark 0.129ms
[2026-01-15T18:37:23.147+0530][41.727s][info][gc          ] GC(455) Concurrent Undo Cycle 0.218ms
[2026-01-15T18:37:23.457+0530][42.037s][info][gc,start    ] GC(456) Pause Young (Concurrent Start) (G1 Humongous Allocation)
[2026-01-15T18:37:23.457+0530][42.037s][info][gc,task     ] GC(456) Using 6 workers of 8 for evacuation
[2026-01-15T18:37:23.459+0530][42.038s][info][gc,phases   ] GC(456)   Pre Evacuate Collection Set: 0.4ms
[2026-01-15T18:37:23.459+0530][42.038s][info][gc,phases   ] GC(456)   Merge Heap Roots: 0.1ms
[2026-01-15T18:37:23.459+0530][42.038s][info][gc,phases   ] GC(456)   Evacuate Collection Set: 0.3ms
[2026-01-15T18:37:23.459+0530][42.038s][info][gc,phases   ] GC(456)   Post Evacuate Collection Set: 0.5ms
[2026-01-15T18:37:23.459+0530][42.038s][info][gc,phases   ] GC(456)   Other: 0.2ms
[2026-01-15T18:37:23.459+0530][42.038s][info][gc,heap     ] GC(456) Eden regions: 0->0(46)
[2026-01-15T18:37:23.459+0530][42.038s][info][gc,heap     ] GC(456) Survivor regions: 0->0(6)
[2026-01-15T18:37:23.459+0530][42.038s][info][gc,heap     ] GC(456) Old regions: 2->2
[2026-01-15T18:37:23.459+0530][42.038s][info][gc,heap     ] GC(456) Humongous regions: 114->114
[2026-01-15T18:37:23.459+0530][42.038s][info][gc,metaspace] GC(456) Metaspace: 813K(960K)->813K(960K) NonClass: 760K(832K)->760K(832K) Class: 53K(128K)->53K(128K)
[2026-01-15T18:37:23.459+0530][42.038s][info][gc          ] GC(456) Pause Young (Concurrent Start) (G1 Humongous Allocation) 115M->115M(256M) 1.701ms
[2026-01-15T18:37:23.459+0530][42.038s][info][gc,cpu      ] GC(456) User=0.00s Sys=0.00s Real=0.00s
[2026-01-15T18:37:23.459+0530][42.038s][info][gc          ] GC(457) Concurrent Mark Cycle
[2026-01-15T18:37:23.459+0530][42.038s][info][gc,marking  ] GC(457) Concurrent Scan Root Regions
[2026-01-15T18:37:23.459+0530][42.038s][info][gc,marking  ] GC(457) Concurrent Scan Root Regions 0.009ms
[2026-01-15T18:37:23.459+0530][42.038s][info][gc,marking  ] GC(457) Concurrent Mark
[2026-01-15T18:37:23.459+0530][42.038s][info][gc,marking  ] GC(457) Concurrent Mark From Roots
[2026-01-15T18:37:23.459+0530][42.038s][info][gc,task     ] GC(457) Using 2 workers of 2 for marking
[2026-01-15T18:37:23.461+0530][42.040s][info][gc,marking  ] GC(457) Concurrent Mark From Roots 1.593ms
[2026-01-15T18:37:23.461+0530][42.040s][info][gc,marking  ] GC(457) Concurrent Preclean
[2026-01-15T18:37:23.461+0530][42.040s][info][gc,marking  ] GC(457) Concurrent Preclean 0.010ms
[2026-01-15T18:37:23.461+0530][42.040s][info][gc,start    ] GC(457) Pause Remark
[2026-01-15T18:37:23.462+0530][42.041s][info][gc          ] GC(457) Pause Remark 121M->121M(256M) 1.104ms
[2026-01-15T18:37:23.462+0530][42.041s][info][gc,cpu      ] GC(457) User=0.00s Sys=0.00s Real=0.00s
[2026-01-15T18:37:23.462+0530][42.041s][info][gc,marking  ] GC(457) Concurrent Mark 2.895ms
[2026-01-15T18:37:23.462+0530][42.041s][info][gc,marking  ] GC(457) Concurrent Rebuild Remembered Sets and Scrub Regions
[2026-01-15T18:37:23.462+0530][42.042s][info][gc,marking  ] GC(457) Concurrent Rebuild Remembered Sets and Scrub Regions 0.582ms
[2026-01-15T18:37:23.463+0530][42.042s][info][gc,start    ] GC(457) Pause Cleanup
[2026-01-15T18:37:23.463+0530][42.042s][info][gc          ] GC(457) Pause Cleanup 121M->121M(256M) 0.234ms
[2026-01-15T18:37:23.463+0530][42.042s][info][gc,cpu      ] GC(457) User=0.00s Sys=0.00s Real=0.00s
[2026-01-15T18:37:23.463+0530][42.042s][info][gc,marking  ] GC(457) Concurrent Clear Claimed Marks
[2026-01-15T18:37:23.463+0530][42.042s][info][gc,marking  ] GC(457) Concurrent Clear Claimed Marks 0.022ms
[2026-01-15T18:37:23.463+0530][42.042s][info][gc,marking  ] GC(457) Concurrent Cleanup for Next Mark
[2026-01-15T18:37:23.463+0530][42.043s][info][gc,marking  ] GC(457) Concurrent Cleanup for Next Mark 0.440ms
[2026-01-15T18:37:23.463+0530][42.043s][info][gc          ] GC(457) Concurrent Mark Cycle 4.402ms
[2026-01-15T18:37:23.520+0530][42.100s][info][gc,start    ] GC(458) Pause Young (Concurrent Start) (G1 Humongous Allocation)
[2026-01-15T18:37:23.520+0530][42.100s][info][gc,task     ] GC(458) Using 6 workers of 8 for evacuation
[2026-01-15T18:37:23.522+0530][42.102s][info][gc,phases   ] GC(458)   Pre Evacuate Collection Set: 0.4ms
[2026-01-15T18:37:23.523+0530][42.103s][info][gc,phases   ] GC(458)   Merge Heap Roots: 0.3ms
[2026-01-15T18:37:23.523+0530][42.103s][info][gc,phases   ] GC(458)   Evacuate Collection Set: 0.5ms
[2026-01-15T18:37:23.523+0530][42.103s][info][gc,phases   ] GC(458)   Post Evacuate Collection Set: 0.8ms
[2026-01-15T18:37:23.523+0530][42.103s][info][gc,phases   ] GC(458)   Other: 0.3ms
[2026-01-15T18:37:23.523+0530][42.103s][info][gc,heap     ] GC(458) Eden regions: 0->0(46)
[2026-01-15T18:37:23.523+0530][42.103s][info][gc,heap     ] GC(458) Survivor regions: 0->0(6)
[2026-01-15T18:37:23.523+0530][42.103s][info][gc,heap     ] GC(458) Old regions: 2->2
[2026-01-15T18:37:23.523+0530][42.103s][info][gc,heap     ] GC(458) Humongous regions: 120->0
[2026-01-15T18:37:23.523+0530][42.103s][info][gc,metaspace] GC(458) Metaspace: 813K(960K)->813K(960K) NonClass: 760K(832K)->760K(832K) Class: 53K(128K)->53K(128K)
[2026-01-15T18:37:23.523+0530][42.103s][info][gc          ] GC(458) Pause Young (Concurrent Start) (G1 Humongous Allocation) 121M->1M(256M) 2.737ms
[2026-01-15T18:37:23.523+0530][42.103s][info][gc,cpu      ] GC(458) User=0.02s Sys=0.00s Real=0.00s
[2026-01-15T18:37:23.523+0530][42.103s][info][gc          ] GC(459) Concurrent Undo Cycle
[2026-01-15T18:37:23.523+0530][42.103s][info][gc,marking  ] GC(459) Concurrent Clear Claimed Marks
[2026-01-15T18:37:23.523+0530][42.103s][info][gc,marking  ] GC(459) Concurrent Clear Claimed Marks 0.024ms
[2026-01-15T18:37:23.523+0530][42.103s][info][gc,marking  ] GC(459) Concurrent Cleanup for Next Mark
[2026-01-15T18:37:23.523+0530][42.103s][info][gc,marking  ] GC(459) Concurrent Cleanup for Next Mark 0.191ms
[2026-01-15T18:37:23.523+0530][42.103s][info][gc          ] GC(459) Concurrent Undo Cycle 0.382ms
[2026-01-15T18:37:23.831+0530][42.411s][info][gc,start    ] GC(460) Pause Young (Concurrent Start) (G1 Humongous Allocation)
[2026-01-15T18:37:23.831+0530][42.411s][info][gc,task     ] GC(460) Using 6 workers of 8 for evacuation
[2026-01-15T18:37:23.833+0530][42.412s][info][gc,phases   ] GC(460)   Pre Evacuate Collection Set: 0.3ms
[2026-01-15T18:37:23.833+0530][42.412s][info][gc,phases   ] GC(460)   Merge Heap Roots: 0.1ms
[2026-01-15T18:37:23.833+0530][42.412s][info][gc,phases   ] GC(460)   Evacuate Collection Set: 0.3ms
[2026-01-15T18:37:23.833+0530][42.412s][info][gc,phases   ] GC(460)   Post Evacuate Collection Set: 0.6ms
[2026-01-15T18:37:23.833+0530][42.412s][info][gc,phases   ] GC(460)   Other: 0.2ms
[2026-01-15T18:37:23.833+0530][42.412s][info][gc,heap     ] GC(460) Eden regions: 0->0(46)
[2026-01-15T18:37:23.833+0530][42.412s][info][gc,heap     ] GC(460) Survivor regions: 0->0(6)
[2026-01-15T18:37:23.833+0530][42.412s][info][gc,heap     ] GC(460) Old regions: 2->2
[2026-01-15T18:37:23.833+0530][42.412s][info][gc,heap     ] GC(460) Humongous regions: 114->114
[2026-01-15T18:37:23.833+0530][42.412s][info][gc,metaspace] GC(460) Metaspace: 813K(960K)->813K(960K) NonClass: 760K(832K)->760K(832K) Class: 53K(128K)->53K(128K)
[2026-01-15T18:37:23.833+0530][42.412s][info][gc          ] GC(460) Pause Young (Concurrent Start) (G1 Humongous Allocation) 115M->115M(256M) 1.675ms
[2026-01-15T18:37:23.833+0530][42.413s][info][gc,cpu      ] GC(460) User=0.00s Sys=0.00s Real=0.00s
[2026-01-15T18:37:23.833+0530][42.413s][info][gc          ] GC(461) Concurrent Mark Cycle
[2026-01-15T18:37:23.833+0530][42.413s][info][gc,marking  ] GC(461) Concurrent Scan Root Regions
[2026-01-15T18:37:23.833+0530][42.413s][info][gc,marking  ] GC(461) Concurrent Scan Root Regions 0.009ms
[2026-01-15T18:37:23.833+0530][42.413s][info][gc,marking  ] GC(461) Concurrent Mark
[2026-01-15T18:37:23.833+0530][42.413s][info][gc,marking  ] GC(461) Concurrent Mark From Roots
[2026-01-15T18:37:23.833+0530][42.413s][info][gc,task     ] GC(461) Using 2 workers of 2 for marking
[2026-01-15T18:37:23.835+0530][42.414s][info][gc,marking  ] GC(461) Concurrent Mark From Roots 1.501ms
[2026-01-15T18:37:23.835+0530][42.414s][info][gc,marking  ] GC(461) Concurrent Preclean
[2026-01-15T18:37:23.835+0530][42.414s][info][gc,marking  ] GC(461) Concurrent Preclean 0.010ms
[2026-01-15T18:37:23.835+0530][42.414s][info][gc,start    ] GC(461) Pause Remark
[2026-01-15T18:37:23.836+0530][42.415s][info][gc          ] GC(461) Pause Remark 121M->121M(256M) 0.965ms
[2026-01-15T18:37:23.836+0530][42.415s][info][gc,cpu      ] GC(461) User=0.02s Sys=0.00s Real=0.00s
[2026-01-15T18:37:23.836+0530][42.415s][info][gc,marking  ] GC(461) Concurrent Mark 2.661ms
[2026-01-15T18:37:23.836+0530][42.415s][info][gc,marking  ] GC(461) Concurrent Rebuild Remembered Sets and Scrub Regions
[2026-01-15T18:37:23.836+0530][42.416s][info][gc,marking  ] GC(461) Concurrent Rebuild Remembered Sets and Scrub Regions 0.583ms
[2026-01-15T18:37:23.836+0530][42.416s][info][gc,start    ] GC(461) Pause Cleanup
[2026-01-15T18:37:23.837+0530][42.416s][info][gc          ] GC(461) Pause Cleanup 121M->121M(256M) 0.218ms
[2026-01-15T18:37:23.837+0530][42.416s][info][gc,cpu      ] GC(461) User=0.00s Sys=0.00s Real=0.00s
[2026-01-15T18:37:23.837+0530][42.416s][info][gc,marking  ] GC(461) Concurrent Clear Claimed Marks
[2026-01-15T18:37:23.837+0530][42.416s][info][gc,marking  ] GC(461) Concurrent Clear Claimed Marks 0.028ms
[2026-01-15T18:37:23.837+0530][42.416s][info][gc,marking  ] GC(461) Concurrent Cleanup for Next Mark
[2026-01-15T18:37:23.837+0530][42.417s][info][gc,marking  ] GC(461) Concurrent Cleanup for Next Mark 0.427ms
[2026-01-15T18:37:23.837+0530][42.417s][info][gc          ] GC(461) Concurrent Mark Cycle 4.178ms
[2026-01-15T18:37:23.893+0530][42.472s][info][gc,start    ] GC(462) Pause Young (Concurrent Start) (G1 Humongous Allocation)
[2026-01-15T18:37:23.893+0530][42.473s][info][gc,task     ] GC(462) Using 6 workers of 8 for evacuation
[2026-01-15T18:37:23.895+0530][42.474s][info][gc,phases   ] GC(462)   Pre Evacuate Collection Set: 0.2ms
[2026-01-15T18:37:23.895+0530][42.474s][info][gc,phases   ] GC(462)   Merge Heap Roots: 0.1ms
[2026-01-15T18:37:23.895+0530][42.474s][info][gc,phases   ] GC(462)   Evacuate Collection Set: 0.4ms
[2026-01-15T18:37:23.895+0530][42.474s][info][gc,phases   ] GC(462)   Post Evacuate Collection Set: 0.8ms
[2026-01-15T18:37:23.895+0530][42.474s][info][gc,phases   ] GC(462)   Other: 0.2ms
[2026-01-15T18:37:23.895+0530][42.474s][info][gc,heap     ] GC(462) Eden regions: 0->0(46)
[2026-01-15T18:37:23.895+0530][42.475s][info][gc,heap     ] GC(462) Survivor regions: 0->0(6)
[2026-01-15T18:37:23.895+0530][42.475s][info][gc,heap     ] GC(462) Old regions: 2->2
[2026-01-15T18:37:23.895+0530][42.475s][info][gc,heap     ] GC(462) Humongous regions: 120->0
[2026-01-15T18:37:23.895+0530][42.475s][info][gc,metaspace] GC(462) Metaspace: 813K(960K)->813K(960K) NonClass: 760K(832K)->760K(832K) Class: 53K(128K)->53K(128K)
[2026-01-15T18:37:23.895+0530][42.475s][info][gc          ] GC(462) Pause Young (Concurrent Start) (G1 Humongous Allocation) 121M->1M(256M) 2.149ms
[2026-01-15T18:37:23.895+0530][42.475s][info][gc,cpu      ] GC(462) User=0.00s Sys=0.00s Real=0.00s
[2026-01-15T18:37:23.895+0530][42.475s][info][gc          ] GC(463) Concurrent Undo Cycle
[2026-01-15T18:37:23.895+0530][42.475s][info][gc,marking  ] GC(463) Concurrent Clear Claimed Marks
[2026-01-15T18:37:23.895+0530][42.475s][info][gc,marking  ] GC(463) Concurrent Clear Claimed Marks 0.040ms
[2026-01-15T18:37:23.896+0530][42.475s][info][gc,marking  ] GC(463) Concurrent Cleanup for Next Mark
[2026-01-15T18:37:23.896+0530][42.475s][info][gc,marking  ] GC(463) Concurrent Cleanup for Next Mark 0.297ms
[2026-01-15T18:37:23.896+0530][42.475s][info][gc          ] GC(463) Concurrent Undo Cycle 0.711ms
[2026-01-15T18:37:24.204+0530][42.783s][info][gc,start    ] GC(464) Pause Young (Concurrent Start) (G1 Humongous Allocation)
[2026-01-15T18:37:24.204+0530][42.784s][info][gc,task     ] GC(464) Using 6 workers of 8 for evacuation
[2026-01-15T18:37:24.206+0530][42.786s][info][gc,phases   ] GC(464)   Pre Evacuate Collection Set: 0.5ms
[2026-01-15T18:37:24.206+0530][42.786s][info][gc,phases   ] GC(464)   Merge Heap Roots: 0.3ms
[2026-01-15T18:37:24.206+0530][42.786s][info][gc,phases   ] GC(464)   Evacuate Collection Set: 0.4ms
[2026-01-15T18:37:24.206+0530][42.786s][info][gc,phases   ] GC(464)   Post Evacuate Collection Set: 1.0ms
[2026-01-15T18:37:24.206+0530][42.786s][info][gc,phases   ] GC(464)   Other: 0.3ms
[2026-01-15T18:37:24.206+0530][42.786s][info][gc,heap     ] GC(464) Eden regions: 0->0(46)
[2026-01-15T18:37:24.206+0530][42.786s][info][gc,heap     ] GC(464) Survivor regions: 0->0(6)
[2026-01-15T18:37:24.206+0530][42.786s][info][gc,heap     ] GC(464) Old regions: 2->2
[2026-01-15T18:37:24.206+0530][42.786s][info][gc,heap     ] GC(464) Humongous regions: 114->114
[2026-01-15T18:37:24.206+0530][42.786s][info][gc,metaspace] GC(464) Metaspace: 813K(960K)->813K(960K) NonClass: 760K(832K)->760K(832K) Class: 53K(128K)->53K(128K)
[2026-01-15T18:37:24.206+0530][42.786s][info][gc          ] GC(464) Pause Young (Concurrent Start) (G1 Humongous Allocation) 115M->115M(256M) 3.018ms
[2026-01-15T18:37:24.207+0530][42.786s][info][gc,cpu      ] GC(464) User=0.00s Sys=0.00s Real=0.00s
[2026-01-15T18:37:24.207+0530][42.787s][info][gc          ] GC(465) Concurrent Mark Cycle
[2026-01-15T18:37:24.207+0530][42.787s][info][gc,marking  ] GC(465) Concurrent Scan Root Regions
[2026-01-15T18:37:24.207+0530][42.787s][info][gc,marking  ] GC(465) Concurrent Scan Root Regions 0.034ms
[2026-01-15T18:37:24.207+0530][42.787s][info][gc,marking  ] GC(465) Concurrent Mark
[2026-01-15T18:37:24.207+0530][42.787s][info][gc,marking  ] GC(465) Concurrent Mark From Roots
[2026-01-15T18:37:24.207+0530][42.787s][info][gc,task     ] GC(465) Using 2 workers of 2 for marking
[2026-01-15T18:37:24.212+0530][42.792s][info][gc,marking  ] GC(465) Concurrent Mark From Roots 4.814ms
[2026-01-15T18:37:24.212+0530][42.792s][info][gc,marking  ] GC(465) Concurrent Preclean
[2026-01-15T18:37:24.212+0530][42.792s][info][gc,marking  ] GC(465) Concurrent Preclean 0.014ms
[2026-01-15T18:37:24.212+0530][42.792s][info][gc,start    ] GC(465) Pause Remark
[2026-01-15T18:37:24.213+0530][42.793s][info][gc          ] GC(465) Pause Remark 121M->121M(256M) 0.975ms
[2026-01-15T18:37:24.213+0530][42.793s][info][gc,cpu      ] GC(465) User=0.00s Sys=0.00s Real=0.00s
[2026-01-15T18:37:24.213+0530][42.793s][info][gc,marking  ] GC(465) Concurrent Mark 6.044ms
[2026-01-15T18:37:24.213+0530][42.793s][info][gc,marking  ] GC(465) Concurrent Rebuild Remembered Sets and Scrub Regions
[2026-01-15T18:37:24.213+0530][42.793s][info][gc,marking  ] GC(465) Concurrent Rebuild Remembered Sets and Scrub Regions 0.708ms
[2026-01-15T18:37:24.214+0530][42.794s][info][gc,start    ] GC(465) Pause Cleanup
[2026-01-15T18:37:24.214+0530][42.794s][info][gc          ] GC(465) Pause Cleanup 121M->121M(256M) 0.238ms
[2026-01-15T18:37:24.214+0530][42.794s][info][gc,cpu      ] GC(465) User=0.00s Sys=0.00s Real=0.00s
[2026-01-15T18:37:24.214+0530][42.794s][info][gc,marking  ] GC(465) Concurrent Clear Claimed Marks
[2026-01-15T18:37:24.214+0530][42.794s][info][gc,marking  ] GC(465) Concurrent Clear Claimed Marks 0.028ms
[2026-01-15T18:37:24.214+0530][42.794s][info][gc,marking  ] GC(465) Concurrent Cleanup for Next Mark
[2026-01-15T18:37:24.214+0530][42.794s][info][gc,marking  ] GC(465) Concurrent Cleanup for Next Mark 0.407ms
[2026-01-15T18:37:24.214+0530][42.794s][info][gc          ] GC(465) Concurrent Mark Cycle 7.829ms
[2026-01-15T18:37:24.265+0530][42.845s][info][gc,start    ] GC(466) Pause Young (Concurrent Start) (G1 Humongous Allocation)
[2026-01-15T18:37:24.265+0530][42.845s][info][gc,task     ] GC(466) Using 6 workers of 8 for evacuation
[2026-01-15T18:37:24.267+0530][42.847s][info][gc,phases   ] GC(466)   Pre Evacuate Collection Set: 0.3ms
[2026-01-15T18:37:24.267+0530][42.847s][info][gc,phases   ] GC(466)   Merge Heap Roots: 0.2ms
[2026-01-15T18:37:24.267+0530][42.847s][info][gc,phases   ] GC(466)   Evacuate Collection Set: 0.4ms
[2026-01-15T18:37:24.267+0530][42.847s][info][gc,phases   ] GC(466)   Post Evacuate Collection Set: 0.7ms
[2026-01-15T18:37:24.267+0530][42.847s][info][gc,phases   ] GC(466)   Other: 0.2ms
[2026-01-15T18:37:24.267+0530][42.847s][info][gc,heap     ] GC(466) Eden regions: 0->0(46)
[2026-01-15T18:37:24.267+0530][42.847s][info][gc,heap     ] GC(466) Survivor regions: 0->0(6)
[2026-01-15T18:37:24.267+0530][42.847s][info][gc,heap     ] GC(466) Old regions: 2->2
[2026-01-15T18:37:24.267+0530][42.847s][info][gc,heap     ] GC(466) Humongous regions: 120->0
[2026-01-15T18:37:24.267+0530][42.847s][info][gc,metaspace] GC(466) Metaspace: 813K(960K)->813K(960K) NonClass: 760K(832K)->760K(832K) Class: 53K(128K)->53K(128K)
[2026-01-15T18:37:24.267+0530][42.847s][info][gc          ] GC(466) Pause Young (Concurrent Start) (G1 Humongous Allocation) 121M->1M(256M) 2.250ms
[2026-01-15T18:37:24.267+0530][42.847s][info][gc,cpu      ] GC(466) User=0.00s Sys=0.00s Real=0.00s
[2026-01-15T18:37:24.267+0530][42.848s][info][gc          ] GC(467) Concurrent Undo Cycle
[2026-01-15T18:37:24.267+0530][42.848s][info][gc,marking  ] GC(467) Concurrent Clear Claimed Marks
[2026-01-15T18:37:24.267+0530][42.848s][info][gc,marking  ] GC(467) Concurrent Clear Claimed Marks 0.026ms
[2026-01-15T18:37:24.268+0530][42.848s][info][gc,marking  ] GC(467) Concurrent Cleanup for Next Mark
[2026-01-15T18:37:24.268+0530][42.848s][info][gc,marking  ] GC(467) Concurrent Cleanup for Next Mark 0.227ms
[2026-01-15T18:37:24.268+0530][42.848s][info][gc          ] GC(467) Concurrent Undo Cycle 0.443ms
[2026-01-15T18:37:24.579+0530][43.159s][info][gc,start    ] GC(468) Pause Young (Concurrent Start) (G1 Humongous Allocation)
[2026-01-15T18:37:24.579+0530][43.159s][info][gc,task     ] GC(468) Using 6 workers of 8 for evacuation
[2026-01-15T18:37:24.581+0530][43.162s][info][gc,phases   ] GC(468)   Pre Evacuate Collection Set: 0.4ms
[2026-01-15T18:37:24.581+0530][43.162s][info][gc,phases   ] GC(468)   Merge Heap Roots: 0.2ms
[2026-01-15T18:37:24.581+0530][43.162s][info][gc,phases   ] GC(468)   Evacuate Collection Set: 0.4ms
[2026-01-15T18:37:24.581+0530][43.162s][info][gc,phases   ] GC(468)   Post Evacuate Collection Set: 0.8ms
[2026-01-15T18:37:24.581+0530][43.162s][info][gc,phases   ] GC(468)   Other: 0.3ms
[2026-01-15T18:37:24.581+0530][43.162s][info][gc,heap     ] GC(468) Eden regions: 0->0(46)
[2026-01-15T18:37:24.581+0530][43.162s][info][gc,heap     ] GC(468) Survivor regions: 0->0(6)
[2026-01-15T18:37:24.581+0530][43.162s][info][gc,heap     ] GC(468) Old regions: 2->2
[2026-01-15T18:37:24.581+0530][43.162s][info][gc,heap     ] GC(468) Humongous regions: 114->114
[2026-01-15T18:37:24.582+0530][43.162s][info][gc,metaspace] GC(468) Metaspace: 813K(960K)->813K(960K) NonClass: 760K(832K)->760K(832K) Class: 53K(128K)->53K(128K)
[2026-01-15T18:37:24.582+0530][43.162s][info][gc          ] GC(468) Pause Young (Concurrent Start) (G1 Humongous Allocation) 115M->115M(256M) 2.645ms
[2026-01-15T18:37:24.582+0530][43.162s][info][gc,cpu      ] GC(468) User=0.00s Sys=0.00s Real=0.00s
[2026-01-15T18:37:24.582+0530][43.162s][info][gc          ] GC(469) Concurrent Mark Cycle
[2026-01-15T18:37:24.582+0530][43.162s][info][gc,marking  ] GC(469) Concurrent Scan Root Regions
[2026-01-15T18:37:24.582+0530][43.162s][info][gc,marking  ] GC(469) Concurrent Scan Root Regions 0.028ms
[2026-01-15T18:37:24.582+0530][43.162s][info][gc,marking  ] GC(469) Concurrent Mark
[2026-01-15T18:37:24.582+0530][43.162s][info][gc,marking  ] GC(469) Concurrent Mark From Roots
[2026-01-15T18:37:24.582+0530][43.162s][info][gc,task     ] GC(469) Using 2 workers of 2 for marking
[2026-01-15T18:37:24.586+0530][43.167s][info][gc,marking  ] GC(469) Concurrent Mark From Roots 4.330ms
[2026-01-15T18:37:24.586+0530][43.167s][info][gc,marking  ] GC(469) Concurrent Preclean
[2026-01-15T18:37:24.586+0530][43.167s][info][gc,marking  ] GC(469) Concurrent Preclean 0.019ms
[2026-01-15T18:37:24.586+0530][43.167s][info][gc,start    ] GC(469) Pause Remark
[2026-01-15T18:37:24.587+0530][43.168s][info][gc          ] GC(469) Pause Remark 121M->121M(256M) 0.885ms
[2026-01-15T18:37:24.587+0530][43.168s][info][gc,cpu      ] GC(469) User=0.00s Sys=0.00s Real=0.00s
[2026-01-15T18:37:24.587+0530][43.168s][info][gc,marking  ] GC(469) Concurrent Mark 5.478ms
[2026-01-15T18:37:24.587+0530][43.168s][info][gc,marking  ] GC(469) Concurrent Rebuild Remembered Sets and Scrub Regions
[2026-01-15T18:37:24.589+0530][43.168s][info][gc,marking  ] GC(469) Concurrent Rebuild Remembered Sets and Scrub Regions 0.740ms
[2026-01-15T18:37:24.589+0530][43.169s][info][gc,start    ] GC(469) Pause Cleanup
[2026-01-15T18:37:24.589+0530][43.169s][info][gc          ] GC(469) Pause Cleanup 121M->121M(256M) 0.243ms
[2026-01-15T18:37:24.589+0530][43.169s][info][gc,cpu      ] GC(469) User=0.00s Sys=0.00s Real=0.00s
[2026-01-15T18:37:24.589+0530][43.169s][info][gc,marking  ] GC(469) Concurrent Clear Claimed Marks
[2026-01-15T18:37:24.589+0530][43.169s][info][gc,marking  ] GC(469) Concurrent Clear Claimed Marks 0.023ms
[2026-01-15T18:37:24.589+0530][43.169s][info][gc,marking  ] GC(469) Concurrent Cleanup for Next Mark
[2026-01-15T18:37:24.589+0530][43.169s][info][gc,marking  ] GC(469) Concurrent Cleanup for Next Mark 0.442ms
[2026-01-15T18:37:24.589+0530][43.169s][info][gc          ] GC(469) Concurrent Mark Cycle 7.306ms
[2026-01-15T18:37:24.642+0530][43.222s][info][gc,start    ] GC(470) Pause Young (Concurrent Start) (G1 Humongous Allocation)
[2026-01-15T18:37:24.642+0530][43.222s][info][gc,task     ] GC(470) Using 6 workers of 8 for evacuation
[2026-01-15T18:37:24.644+0530][43.225s][info][gc,phases   ] GC(470)   Pre Evacuate Collection Set: 0.4ms
[2026-01-15T18:37:24.644+0530][43.225s][info][gc,phases   ] GC(470)   Merge Heap Roots: 0.2ms
[2026-01-15T18:37:24.644+0530][43.225s][info][gc,phases   ] GC(470)   Evacuate Collection Set: 0.4ms
[2026-01-15T18:37:24.644+0530][43.225s][info][gc,phases   ] GC(470)   Post Evacuate Collection Set: 0.8ms
[2026-01-15T18:37:24.644+0530][43.225s][info][gc,phases   ] GC(470)   Other: 0.2ms
[2026-01-15T18:37:24.644+0530][43.225s][info][gc,heap     ] GC(470) Eden regions: 0->0(46)
[2026-01-15T18:37:24.644+0530][43.225s][info][gc,heap     ] GC(470) Survivor regions: 0->0(6)
[2026-01-15T18:37:24.644+0530][43.225s][info][gc,heap     ] GC(470) Old regions: 2->2
[2026-01-15T18:37:24.644+0530][43.225s][info][gc,heap     ] GC(470) Humongous regions: 120->0
[2026-01-15T18:37:24.644+0530][43.225s][info][gc,metaspace] GC(470) Metaspace: 813K(960K)->813K(960K) NonClass: 760K(832K)->760K(832K) Class: 53K(128K)->53K(128K)
[2026-01-15T18:37:24.645+0530][43.225s][info][gc          ] GC(470) Pause Young (Concurrent Start) (G1 Humongous Allocation) 121M->1M(256M) 2.544ms
[2026-01-15T18:37:24.645+0530][43.225s][info][gc,cpu      ] GC(470) User=0.00s Sys=0.00s Real=0.00s
[2026-01-15T18:37:24.645+0530][43.225s][info][gc          ] GC(471) Concurrent Undo Cycle
[2026-01-15T18:37:24.645+0530][43.225s][info][gc,marking  ] GC(471) Concurrent Clear Claimed Marks
[2026-01-15T18:37:24.645+0530][43.225s][info][gc,marking  ] GC(471) Concurrent Clear Claimed Marks 0.032ms
[2026-01-15T18:37:24.645+0530][43.225s][info][gc,marking  ] GC(471) Concurrent Cleanup for Next Mark
[2026-01-15T18:37:24.645+0530][43.225s][info][gc,marking  ] GC(471) Concurrent Cleanup for Next Mark 0.231ms
[2026-01-15T18:37:24.645+0530][43.225s][info][gc          ] GC(471) Concurrent Undo Cycle 0.480ms
[2026-01-15T18:37:24.955+0530][43.535s][info][gc,start    ] GC(472) Pause Young (Concurrent Start) (G1 Humongous Allocation)
[2026-01-15T18:37:24.955+0530][43.535s][info][gc,task     ] GC(472) Using 6 workers of 8 for evacuation
[2026-01-15T18:37:24.956+0530][43.537s][info][gc,phases   ] GC(472)   Pre Evacuate Collection Set: 0.2ms
[2026-01-15T18:37:24.957+0530][43.537s][info][gc,phases   ] GC(472)   Merge Heap Roots: 0.1ms
[2026-01-15T18:37:24.957+0530][43.537s][info][gc,phases   ] GC(472)   Evacuate Collection Set: 0.3ms
[2026-01-15T18:37:24.957+0530][43.537s][info][gc,phases   ] GC(472)   Post Evacuate Collection Set: 0.5ms
[2026-01-15T18:37:24.957+0530][43.537s][info][gc,phases   ] GC(472)   Other: 0.2ms
[2026-01-15T18:37:24.957+0530][43.537s][info][gc,heap     ] GC(472) Eden regions: 0->0(46)
[2026-01-15T18:37:24.957+0530][43.537s][info][gc,heap     ] GC(472) Survivor regions: 0->0(6)
[2026-01-15T18:37:24.957+0530][43.537s][info][gc,heap     ] GC(472) Old regions: 2->2
[2026-01-15T18:37:24.957+0530][43.537s][info][gc,heap     ] GC(472) Humongous regions: 114->114
[2026-01-15T18:37:24.957+0530][43.537s][info][gc,metaspace] GC(472) Metaspace: 813K(960K)->813K(960K) NonClass: 760K(832K)->760K(832K) Class: 53K(128K)->53K(128K)
[2026-01-15T18:37:24.957+0530][43.537s][info][gc          ] GC(472) Pause Young (Concurrent Start) (G1 Humongous Allocation) 115M->115M(256M) 1.655ms
[2026-01-15T18:37:24.957+0530][43.537s][info][gc,cpu      ] GC(472) User=0.00s Sys=0.00s Real=0.00s
[2026-01-15T18:37:24.957+0530][43.537s][info][gc          ] GC(473) Concurrent Mark Cycle
[2026-01-15T18:37:24.957+0530][43.537s][info][gc,marking  ] GC(473) Concurrent Scan Root Regions
[2026-01-15T18:37:24.957+0530][43.537s][info][gc,marking  ] GC(473) Concurrent Scan Root Regions 0.012ms
[2026-01-15T18:37:24.957+0530][43.537s][info][gc,marking  ] GC(473) Concurrent Mark
[2026-01-15T18:37:24.957+0530][43.537s][info][gc,marking  ] GC(473) Concurrent Mark From Roots
[2026-01-15T18:37:24.957+0530][43.537s][info][gc,task     ] GC(473) Using 2 workers of 2 for marking
[2026-01-15T18:37:24.960+0530][43.540s][info][gc,marking  ] GC(473) Concurrent Mark From Roots 2.988ms
[2026-01-15T18:37:24.960+0530][43.540s][info][gc,marking  ] GC(473) Concurrent Preclean
[2026-01-15T18:37:24.960+0530][43.540s][info][gc,marking  ] GC(473) Concurrent Preclean 0.022ms
[2026-01-15T18:37:24.960+0530][43.540s][info][gc,start    ] GC(473) Pause Remark
[2026-01-15T18:37:24.961+0530][43.541s][info][gc          ] GC(473) Pause Remark 121M->121M(256M) 1.399ms
[2026-01-15T18:37:24.961+0530][43.541s][info][gc,cpu      ] GC(473) User=0.00s Sys=0.00s Real=0.00s
[2026-01-15T18:37:24.961+0530][43.542s][info][gc,marking  ] GC(473) Concurrent Mark 4.666ms
[2026-01-15T18:37:24.961+0530][43.542s][info][gc,marking  ] GC(473) Concurrent Rebuild Remembered Sets and Scrub Regions
[2026-01-15T18:37:24.962+0530][43.542s][info][gc,marking  ] GC(473) Concurrent Rebuild Remembered Sets and Scrub Regions 0.621ms
[2026-01-15T18:37:24.962+0530][43.542s][info][gc,start    ] GC(473) Pause Cleanup
[2026-01-15T18:37:24.962+0530][43.542s][info][gc          ] GC(473) Pause Cleanup 121M->121M(256M) 0.205ms
[2026-01-15T18:37:24.962+0530][43.543s][info][gc,cpu      ] GC(473) User=0.00s Sys=0.00s Real=0.00s
[2026-01-15T18:37:24.962+0530][43.543s][info][gc,marking  ] GC(473) Concurrent Clear Claimed Marks
[2026-01-15T18:37:24.962+0530][43.543s][info][gc,marking  ] GC(473) Concurrent Clear Claimed Marks 0.028ms
[2026-01-15T18:37:24.962+0530][43.543s][info][gc,marking  ] GC(473) Concurrent Cleanup for Next Mark
[2026-01-15T18:37:24.963+0530][43.543s][info][gc,marking  ] GC(473) Concurrent Cleanup for Next Mark 0.349ms
[2026-01-15T18:37:24.963+0530][43.543s][info][gc          ] GC(473) Concurrent Mark Cycle 6.174ms
[2026-01-15T18:37:25.018+0530][43.597s][info][gc,start    ] GC(474) Pause Young (Concurrent Start) (G1 Humongous Allocation)
[2026-01-15T18:37:25.018+0530][43.598s][info][gc,task     ] GC(474) Using 6 workers of 8 for evacuation
[2026-01-15T18:37:25.020+0530][43.600s][info][gc,phases   ] GC(474)   Pre Evacuate Collection Set: 0.4ms
[2026-01-15T18:37:25.020+0530][43.600s][info][gc,phases   ] GC(474)   Merge Heap Roots: 0.2ms
[2026-01-15T18:37:25.020+0530][43.600s][info][gc,phases   ] GC(474)   Evacuate Collection Set: 0.4ms
[2026-01-15T18:37:25.020+0530][43.600s][info][gc,phases   ] GC(474)   Post Evacuate Collection Set: 0.9ms
[2026-01-15T18:37:25.020+0530][43.600s][info][gc,phases   ] GC(474)   Other: 0.3ms
[2026-01-15T18:37:25.020+0530][43.600s][info][gc,heap     ] GC(474) Eden regions: 0->0(46)
[2026-01-15T18:37:25.020+0530][43.600s][info][gc,heap     ] GC(474) Survivor regions: 0->0(6)
[2026-01-15T18:37:25.020+0530][43.600s][info][gc,heap     ] GC(474) Old regions: 2->2
[2026-01-15T18:37:25.020+0530][43.600s][info][gc,heap     ] GC(474) Humongous regions: 120->0
[2026-01-15T18:37:25.020+0530][43.600s][info][gc,metaspace] GC(474) Metaspace: 813K(960K)->813K(960K) NonClass: 760K(832K)->760K(832K) Class: 53K(128K)->53K(128K)
[2026-01-15T18:37:25.020+0530][43.600s][info][gc          ] GC(474) Pause Young (Concurrent Start) (G1 Humongous Allocation) 121M->1M(256M) 2.715ms
[2026-01-15T18:37:25.020+0530][43.600s][info][gc,cpu      ] GC(474) User=0.00s Sys=0.00s Real=0.00s
[2026-01-15T18:37:25.020+0530][43.600s][info][gc          ] GC(475) Concurrent Undo Cycle
[2026-01-15T18:37:25.020+0530][43.600s][info][gc,marking  ] GC(475) Concurrent Clear Claimed Marks
[2026-01-15T18:37:25.020+0530][43.601s][info][gc,marking  ] GC(475) Concurrent Clear Claimed Marks 0.030ms
[2026-01-15T18:37:25.020+0530][43.601s][info][gc,marking  ] GC(475) Concurrent Cleanup for Next Mark
[2026-01-15T18:37:25.021+0530][43.601s][info][gc,marking  ] GC(475) Concurrent Cleanup for Next Mark 0.241ms
[2026-01-15T18:37:25.021+0530][43.601s][info][gc          ] GC(475) Concurrent Undo Cycle 0.479ms
[2026-01-15T18:37:25.329+0530][43.909s][info][gc,start    ] GC(476) Pause Young (Concurrent Start) (G1 Humongous Allocation)
[2026-01-15T18:37:25.329+0530][43.909s][info][gc,task     ] GC(476) Using 6 workers of 8 for evacuation
[2026-01-15T18:37:25.330+0530][43.910s][info][gc,phases   ] GC(476)   Pre Evacuate Collection Set: 0.3ms
[2026-01-15T18:37:25.330+0530][43.910s][info][gc,phases   ] GC(476)   Merge Heap Roots: 0.1ms
[2026-01-15T18:37:25.330+0530][43.910s][info][gc,phases   ] GC(476)   Evacuate Collection Set: 0.2ms
[2026-01-15T18:37:25.330+0530][43.910s][info][gc,phases   ] GC(476)   Post Evacuate Collection Set: 0.5ms
[2026-01-15T18:37:25.330+0530][43.910s][info][gc,phases   ] GC(476)   Other: 0.2ms
[2026-01-15T18:37:25.330+0530][43.910s][info][gc,heap     ] GC(476) Eden regions: 0->0(46)
[2026-01-15T18:37:25.330+0530][43.911s][info][gc,heap     ] GC(476) Survivor regions: 0->0(6)
[2026-01-15T18:37:25.331+0530][43.911s][info][gc,heap     ] GC(476) Old regions: 2->2
[2026-01-15T18:37:25.331+0530][43.911s][info][gc,heap     ] GC(476) Humongous regions: 114->114
[2026-01-15T18:37:25.331+0530][43.911s][info][gc,metaspace] GC(476) Metaspace: 813K(960K)->813K(960K) NonClass: 760K(832K)->760K(832K) Class: 53K(128K)->53K(128K)
[2026-01-15T18:37:25.331+0530][43.911s][info][gc          ] GC(476) Pause Young (Concurrent Start) (G1 Humongous Allocation) 115M->115M(256M) 1.618ms
[2026-01-15T18:37:25.331+0530][43.911s][info][gc,cpu      ] GC(476) User=0.00s Sys=0.00s Real=0.00s
[2026-01-15T18:37:25.331+0530][43.911s][info][gc          ] GC(477) Concurrent Mark Cycle
[2026-01-15T18:37:25.331+0530][43.911s][info][gc,marking  ] GC(477) Concurrent Scan Root Regions
[2026-01-15T18:37:25.331+0530][43.911s][info][gc,marking  ] GC(477) Concurrent Scan Root Regions 0.010ms
[2026-01-15T18:37:25.331+0530][43.911s][info][gc,marking  ] GC(477) Concurrent Mark
[2026-01-15T18:37:25.331+0530][43.911s][info][gc,marking  ] GC(477) Concurrent Mark From Roots
[2026-01-15T18:37:25.331+0530][43.911s][info][gc,task     ] GC(477) Using 2 workers of 2 for marking
[2026-01-15T18:37:25.333+0530][43.913s][info][gc,marking  ] GC(477) Concurrent Mark From Roots 2.182ms
[2026-01-15T18:37:25.333+0530][43.913s][info][gc,marking  ] GC(477) Concurrent Preclean
[2026-01-15T18:37:25.333+0530][43.913s][info][gc,marking  ] GC(477) Concurrent Preclean 0.011ms
[2026-01-15T18:37:25.333+0530][43.913s][info][gc,start    ] GC(477) Pause Remark
[2026-01-15T18:37:25.335+0530][43.914s][info][gc          ] GC(477) Pause Remark 121M->121M(256M) 1.198ms
[2026-01-15T18:37:25.335+0530][43.914s][info][gc,cpu      ] GC(477) User=0.00s Sys=0.00s Real=0.00s
[2026-01-15T18:37:25.335+0530][43.914s][info][gc,marking  ] GC(477) Concurrent Mark 3.667ms
[2026-01-15T18:37:25.335+0530][43.914s][info][gc,marking  ] GC(477) Concurrent Rebuild Remembered Sets and Scrub Regions
[2026-01-15T18:37:25.335+0530][43.915s][info][gc,marking  ] GC(477) Concurrent Rebuild Remembered Sets and Scrub Regions 0.645ms
[2026-01-15T18:37:25.335+0530][43.915s][info][gc,start    ] GC(477) Pause Cleanup
[2026-01-15T18:37:25.336+0530][43.915s][info][gc          ] GC(477) Pause Cleanup 121M->121M(256M) 0.183ms
[2026-01-15T18:37:25.336+0530][43.915s][info][gc,cpu      ] GC(477) User=0.00s Sys=0.00s Real=0.00s
[2026-01-15T18:37:25.336+0530][43.915s][info][gc,marking  ] GC(477) Concurrent Clear Claimed Marks
[2026-01-15T18:37:25.336+0530][43.915s][info][gc,marking  ] GC(477) Concurrent Clear Claimed Marks 0.022ms
[2026-01-15T18:37:25.336+0530][43.915s][info][gc,marking  ] GC(477) Concurrent Cleanup for Next Mark
[2026-01-15T18:37:25.336+0530][43.916s][info][gc,marking  ] GC(477) Concurrent Cleanup for Next Mark 0.460ms
[2026-01-15T18:37:25.336+0530][43.916s][info][gc          ] GC(477) Concurrent Mark Cycle 5.313ms
[2026-01-15T18:37:25.391+0530][43.970s][info][gc,start    ] GC(478) Pause Young (Concurrent Start) (G1 Humongous Allocation)
[2026-01-15T18:37:25.391+0530][43.970s][info][gc,task     ] GC(478) Using 6 workers of 8 for evacuation
[2026-01-15T18:37:25.392+0530][43.972s][info][gc,phases   ] GC(478)   Pre Evacuate Collection Set: 0.2ms
[2026-01-15T18:37:25.392+0530][43.972s][info][gc,phases   ] GC(478)   Merge Heap Roots: 0.1ms
[2026-01-15T18:37:25.392+0530][43.972s][info][gc,phases   ] GC(478)   Evacuate Collection Set: 0.3ms
[2026-01-15T18:37:25.392+0530][43.972s][info][gc,phases   ] GC(478)   Post Evacuate Collection Set: 0.5ms
[2026-01-15T18:37:25.392+0530][43.972s][info][gc,phases   ] GC(478)   Other: 0.2ms
[2026-01-15T18:37:25.392+0530][43.972s][info][gc,heap     ] GC(478) Eden regions: 0->0(46)
[2026-01-15T18:37:25.392+0530][43.972s][info][gc,heap     ] GC(478) Survivor regions: 0->0(6)
[2026-01-15T18:37:25.392+0530][43.972s][info][gc,heap     ] GC(478) Old regions: 2->2
[2026-01-15T18:37:25.392+0530][43.972s][info][gc,heap     ] GC(478) Humongous regions: 120->0
[2026-01-15T18:37:25.392+0530][43.972s][info][gc,metaspace] GC(478) Metaspace: 813K(960K)->813K(960K) NonClass: 760K(832K)->760K(832K) Class: 53K(128K)->53K(128K)
[2026-01-15T18:37:25.392+0530][43.972s][info][gc          ] GC(478) Pause Young (Concurrent Start) (G1 Humongous Allocation) 121M->1M(256M) 1.511ms
[2026-01-15T18:37:25.392+0530][43.972s][info][gc,cpu      ] GC(478) User=0.00s Sys=0.00s Real=0.00s
[2026-01-15T18:37:25.392+0530][43.972s][info][gc          ] GC(479) Concurrent Undo Cycle
[2026-01-15T18:37:25.392+0530][43.972s][info][gc,marking  ] GC(479) Concurrent Clear Claimed Marks
[2026-01-15T18:37:25.392+0530][43.972s][info][gc,marking  ] GC(479) Concurrent Clear Claimed Marks 0.012ms
[2026-01-15T18:37:25.392+0530][43.972s][info][gc,marking  ] GC(479) Concurrent Cleanup for Next Mark
[2026-01-15T18:37:25.392+0530][43.972s][info][gc,marking  ] GC(479) Concurrent Cleanup for Next Mark 0.117ms
[2026-01-15T18:37:25.392+0530][43.972s][info][gc          ] GC(479) Concurrent Undo Cycle 0.209ms
[2026-01-15T18:37:25.704+0530][44.284s][info][gc,start    ] GC(480) Pause Young (Concurrent Start) (G1 Humongous Allocation)
[2026-01-15T18:37:25.704+0530][44.284s][info][gc,task     ] GC(480) Using 6 workers of 8 for evacuation
[2026-01-15T18:37:25.705+0530][44.285s][info][gc,phases   ] GC(480)   Pre Evacuate Collection Set: 0.3ms
[2026-01-15T18:37:25.705+0530][44.285s][info][gc,phases   ] GC(480)   Merge Heap Roots: 0.1ms
[2026-01-15T18:37:25.705+0530][44.285s][info][gc,phases   ] GC(480)   Evacuate Collection Set: 0.3ms
[2026-01-15T18:37:25.705+0530][44.285s][info][gc,phases   ] GC(480)   Post Evacuate Collection Set: 0.6ms
[2026-01-15T18:37:25.705+0530][44.285s][info][gc,phases   ] GC(480)   Other: 0.1ms
[2026-01-15T18:37:25.705+0530][44.285s][info][gc,heap     ] GC(480) Eden regions: 0->0(46)
[2026-01-15T18:37:25.705+0530][44.285s][info][gc,heap     ] GC(480) Survivor regions: 0->0(6)
[2026-01-15T18:37:25.705+0530][44.285s][info][gc,heap     ] GC(480) Old regions: 2->2
[2026-01-15T18:37:25.705+0530][44.285s][info][gc,heap     ] GC(480) Humongous regions: 114->114
[2026-01-15T18:37:25.705+0530][44.285s][info][gc,metaspace] GC(480) Metaspace: 813K(960K)->813K(960K) NonClass: 760K(832K)->760K(832K) Class: 53K(128K)->53K(128K)
[2026-01-15T18:37:25.705+0530][44.285s][info][gc          ] GC(480) Pause Young (Concurrent Start) (G1 Humongous Allocation) 115M->115M(256M) 1.624ms
[2026-01-15T18:37:25.705+0530][44.285s][info][gc,cpu      ] GC(480) User=0.00s Sys=0.00s Real=0.00s
[2026-01-15T18:37:25.705+0530][44.285s][info][gc          ] GC(481) Concurrent Mark Cycle
[2026-01-15T18:37:25.705+0530][44.285s][info][gc,marking  ] GC(481) Concurrent Scan Root Regions
[2026-01-15T18:37:25.705+0530][44.285s][info][gc,marking  ] GC(481) Concurrent Scan Root Regions 0.014ms
[2026-01-15T18:37:25.705+0530][44.285s][info][gc,marking  ] GC(481) Concurrent Mark
[2026-01-15T18:37:25.705+0530][44.285s][info][gc,marking  ] GC(481) Concurrent Mark From Roots
[2026-01-15T18:37:25.705+0530][44.285s][info][gc,task     ] GC(481) Using 2 workers of 2 for marking
[2026-01-15T18:37:25.707+0530][44.287s][info][gc,marking  ] GC(481) Concurrent Mark From Roots 1.497ms
[2026-01-15T18:37:25.708+0530][44.287s][info][gc,marking  ] GC(481) Concurrent Preclean
[2026-01-15T18:37:25.708+0530][44.287s][info][gc,marking  ] GC(481) Concurrent Preclean 0.012ms
[2026-01-15T18:37:25.708+0530][44.287s][info][gc,start    ] GC(481) Pause Remark
[2026-01-15T18:37:25.708+0530][44.288s][info][gc          ] GC(481) Pause Remark 121M->121M(256M) 1.015ms
[2026-01-15T18:37:25.708+0530][44.288s][info][gc,cpu      ] GC(481) User=0.00s Sys=0.00s Real=0.00s
[2026-01-15T18:37:25.708+0530][44.288s][info][gc,marking  ] GC(481) Concurrent Mark 2.748ms
[2026-01-15T18:37:25.708+0530][44.288s][info][gc,marking  ] GC(481) Concurrent Rebuild Remembered Sets and Scrub Regions
[2026-01-15T18:37:25.708+0530][44.289s][info][gc,marking  ] GC(481) Concurrent Rebuild Remembered Sets and Scrub Regions 0.598ms
[2026-01-15T18:37:25.708+0530][44.289s][info][gc,start    ] GC(481) Pause Cleanup
[2026-01-15T18:37:25.709+0530][44.289s][info][gc          ] GC(481) Pause Cleanup 121M->121M(256M) 0.244ms
[2026-01-15T18:37:25.709+0530][44.289s][info][gc,cpu      ] GC(481) User=0.00s Sys=0.00s Real=0.00s
[2026-01-15T18:37:25.709+0530][44.289s][info][gc,marking  ] GC(481) Concurrent Clear Claimed Marks
[2026-01-15T18:37:25.709+0530][44.289s][info][gc,marking  ] GC(481) Concurrent Clear Claimed Marks 0.023ms
[2026-01-15T18:37:25.709+0530][44.289s][info][gc,marking  ] GC(481) Concurrent Cleanup for Next Mark
[2026-01-15T18:37:25.709+0530][44.290s][info][gc,marking  ] GC(481) Concurrent Cleanup for Next Mark 0.424ms
[2026-01-15T18:37:25.709+0530][44.290s][info][gc          ] GC(481) Concurrent Mark Cycle 4.345ms
[2026-01-15T18:37:25.766+0530][44.345s][info][gc,start    ] GC(482) Pause Young (Concurrent Start) (G1 Humongous Allocation)
[2026-01-15T18:37:25.766+0530][44.346s][info][gc,task     ] GC(482) Using 6 workers of 8 for evacuation
[2026-01-15T18:37:25.768+0530][44.348s][info][gc,phases   ] GC(482)   Pre Evacuate Collection Set: 0.4ms
[2026-01-15T18:37:25.769+0530][44.348s][info][gc,phases   ] GC(482)   Merge Heap Roots: 0.2ms
[2026-01-15T18:37:25.769+0530][44.348s][info][gc,phases   ] GC(482)   Evacuate Collection Set: 0.4ms
[2026-01-15T18:37:25.769+0530][44.348s][info][gc,phases   ] GC(482)   Post Evacuate Collection Set: 0.9ms
[2026-01-15T18:37:25.769+0530][44.348s][info][gc,phases   ] GC(482)   Other: 0.4ms
[2026-01-15T18:37:25.769+0530][44.348s][info][gc,heap     ] GC(482) Eden regions: 0->0(46)
[2026-01-15T18:37:25.769+0530][44.348s][info][gc,heap     ] GC(482) Survivor regions: 0->0(6)
[2026-01-15T18:37:25.769+0530][44.348s][info][gc,heap     ] GC(482) Old regions: 2->2
[2026-01-15T18:37:25.769+0530][44.348s][info][gc,heap     ] GC(482) Humongous regions: 120->0
[2026-01-15T18:37:25.769+0530][44.348s][info][gc,metaspace] GC(482) Metaspace: 813K(960K)->813K(960K) NonClass: 760K(832K)->760K(832K) Class: 53K(128K)->53K(128K)
[2026-01-15T18:37:25.769+0530][44.348s][info][gc          ] GC(482) Pause Young (Concurrent Start) (G1 Humongous Allocation) 121M->1M(256M) 3.004ms
[2026-01-15T18:37:25.769+0530][44.349s][info][gc,cpu      ] GC(482) User=0.00s Sys=0.00s Real=0.00s
[2026-01-15T18:37:25.769+0530][44.349s][info][gc          ] GC(483) Concurrent Undo Cycle
[2026-01-15T18:37:25.769+0530][44.349s][info][gc,marking  ] GC(483) Concurrent Clear Claimed Marks
[2026-01-15T18:37:25.769+0530][44.349s][info][gc,marking  ] GC(483) Concurrent Clear Claimed Marks 0.034ms
[2026-01-15T18:37:25.769+0530][44.349s][info][gc,marking  ] GC(483) Concurrent Cleanup for Next Mark
[2026-01-15T18:37:25.770+0530][44.349s][info][gc,marking  ] GC(483) Concurrent Cleanup for Next Mark 0.249ms
[2026-01-15T18:37:25.770+0530][44.349s][info][gc          ] GC(483) Concurrent Undo Cycle 0.498ms
[2026-01-15T18:37:26.076+0530][44.656s][info][gc,start    ] GC(484) Pause Young (Concurrent Start) (G1 Humongous Allocation)
[2026-01-15T18:37:26.076+0530][44.656s][info][gc,task     ] GC(484) Using 6 workers of 8 for evacuation
[2026-01-15T18:37:26.078+0530][44.658s][info][gc,phases   ] GC(484)   Pre Evacuate Collection Set: 0.3ms
[2026-01-15T18:37:26.078+0530][44.658s][info][gc,phases   ] GC(484)   Merge Heap Roots: 0.1ms
[2026-01-15T18:37:26.078+0530][44.658s][info][gc,phases   ] GC(484)   Evacuate Collection Set: 0.3ms
[2026-01-15T18:37:26.078+0530][44.658s][info][gc,phases   ] GC(484)   Post Evacuate Collection Set: 0.6ms
[2026-01-15T18:37:26.078+0530][44.658s][info][gc,phases   ] GC(484)   Other: 0.3ms
[2026-01-15T18:37:26.078+0530][44.658s][info][gc,heap     ] GC(484) Eden regions: 0->0(46)
[2026-01-15T18:37:26.078+0530][44.658s][info][gc,heap     ] GC(484) Survivor regions: 0->0(6)
[2026-01-15T18:37:26.078+0530][44.658s][info][gc,heap     ] GC(484) Old regions: 2->2
[2026-01-15T18:37:26.078+0530][44.658s][info][gc,heap     ] GC(484) Humongous regions: 114->114
[2026-01-15T18:37:26.078+0530][44.658s][info][gc,metaspace] GC(484) Metaspace: 813K(960K)->813K(960K) NonClass: 760K(832K)->760K(832K) Class: 53K(128K)->53K(128K)
[2026-01-15T18:37:26.078+0530][44.658s][info][gc          ] GC(484) Pause Young (Concurrent Start) (G1 Humongous Allocation) 115M->115M(256M) 2.155ms
[2026-01-15T18:37:26.079+0530][44.658s][info][gc,cpu      ] GC(484) User=0.00s Sys=0.00s Real=0.00s
[2026-01-15T18:37:26.079+0530][44.658s][info][gc          ] GC(485) Concurrent Mark Cycle
[2026-01-15T18:37:26.079+0530][44.658s][info][gc,marking  ] GC(485) Concurrent Scan Root Regions
[2026-01-15T18:37:26.079+0530][44.658s][info][gc,marking  ] GC(485) Concurrent Scan Root Regions 0.015ms
[2026-01-15T18:37:26.079+0530][44.658s][info][gc,marking  ] GC(485) Concurrent Mark
[2026-01-15T18:37:26.079+0530][44.658s][info][gc,marking  ] GC(485) Concurrent Mark From Roots
[2026-01-15T18:37:26.079+0530][44.658s][info][gc,task     ] GC(485) Using 2 workers of 2 for marking
[2026-01-15T18:37:26.081+0530][44.660s][info][gc,marking  ] GC(485) Concurrent Mark From Roots 1.871ms
[2026-01-15T18:37:26.081+0530][44.660s][info][gc,marking  ] GC(485) Concurrent Preclean
[2026-01-15T18:37:26.081+0530][44.660s][info][gc,marking  ] GC(485) Concurrent Preclean 0.011ms
[2026-01-15T18:37:26.081+0530][44.660s][info][gc,start    ] GC(485) Pause Remark
[2026-01-15T18:37:26.082+0530][44.662s][info][gc          ] GC(485) Pause Remark 121M->121M(256M) 1.139ms
[2026-01-15T18:37:26.082+0530][44.662s][info][gc,cpu      ] GC(485) User=0.00s Sys=0.00s Real=0.00s
[2026-01-15T18:37:26.082+0530][44.662s][info][gc,marking  ] GC(485) Concurrent Mark 3.227ms
[2026-01-15T18:37:26.082+0530][44.662s][info][gc,marking  ] GC(485) Concurrent Rebuild Remembered Sets and Scrub Regions
[2026-01-15T18:37:26.083+0530][44.662s][info][gc,marking  ] GC(485) Concurrent Rebuild Remembered Sets and Scrub Regions 0.565ms
[2026-01-15T18:37:26.083+0530][44.662s][info][gc,start    ] GC(485) Pause Cleanup
[2026-01-15T18:37:26.083+0530][44.663s][info][gc          ] GC(485) Pause Cleanup 121M->121M(256M) 0.233ms
[2026-01-15T18:37:26.083+0530][44.663s][info][gc,cpu      ] GC(485) User=0.00s Sys=0.00s Real=0.00s
[2026-01-15T18:37:26.083+0530][44.663s][info][gc,marking  ] GC(485) Concurrent Clear Claimed Marks
[2026-01-15T18:37:26.083+0530][44.663s][info][gc,marking  ] GC(485) Concurrent Clear Claimed Marks 0.022ms
[2026-01-15T18:37:26.083+0530][44.663s][info][gc,marking  ] GC(485) Concurrent Cleanup for Next Mark
[2026-01-15T18:37:26.084+0530][44.663s][info][gc,marking  ] GC(485) Concurrent Cleanup for Next Mark 0.416ms
[2026-01-15T18:37:26.084+0530][44.663s][info][gc          ] GC(485) Concurrent Mark Cycle 4.829ms
[2026-01-15T18:37:26.137+0530][44.717s][info][gc,start    ] GC(486) Pause Young (Concurrent Start) (G1 Humongous Allocation)
[2026-01-15T18:37:26.137+0530][44.717s][info][gc,task     ] GC(486) Using 6 workers of 8 for evacuation
[2026-01-15T18:37:26.139+0530][44.718s][info][gc,phases   ] GC(486)   Pre Evacuate Collection Set: 0.4ms
[2026-01-15T18:37:26.139+0530][44.718s][info][gc,phases   ] GC(486)   Merge Heap Roots: 0.1ms
[2026-01-15T18:37:26.139+0530][44.718s][info][gc,phases   ] GC(486)   Evacuate Collection Set: 0.3ms
[2026-01-15T18:37:26.139+0530][44.718s][info][gc,phases   ] GC(486)   Post Evacuate Collection Set: 0.5ms
[2026-01-15T18:37:26.139+0530][44.718s][info][gc,phases   ] GC(486)   Other: 0.1ms
[2026-01-15T18:37:26.139+0530][44.718s][info][gc,heap     ] GC(486) Eden regions: 0->0(46)
[2026-01-15T18:37:26.139+0530][44.718s][info][gc,heap     ] GC(486) Survivor regions: 0->0(6)
[2026-01-15T18:37:26.139+0530][44.718s][info][gc,heap     ] GC(486) Old regions: 2->2
[2026-01-15T18:37:26.139+0530][44.718s][info][gc,heap     ] GC(486) Humongous regions: 120->0
[2026-01-15T18:37:26.139+0530][44.718s][info][gc,metaspace] GC(486) Metaspace: 813K(960K)->813K(960K) NonClass: 760K(832K)->760K(832K) Class: 53K(128K)->53K(128K)
[2026-01-15T18:37:26.139+0530][44.718s][info][gc          ] GC(486) Pause Young (Concurrent Start) (G1 Humongous Allocation) 121M->1M(256M) 1.675ms
[2026-01-15T18:37:26.139+0530][44.718s][info][gc,cpu      ] GC(486) User=0.00s Sys=0.00s Real=0.00s
[2026-01-15T18:37:26.139+0530][44.718s][info][gc          ] GC(487) Concurrent Undo Cycle
[2026-01-15T18:37:26.139+0530][44.719s][info][gc,marking  ] GC(487) Concurrent Clear Claimed Marks
[2026-01-15T18:37:26.139+0530][44.719s][info][gc,marking  ] GC(487) Concurrent Clear Claimed Marks 0.011ms
[2026-01-15T18:37:26.139+0530][44.719s][info][gc,marking  ] GC(487) Concurrent Cleanup for Next Mark
[2026-01-15T18:37:26.139+0530][44.719s][info][gc,marking  ] GC(487) Concurrent Cleanup for Next Mark 0.147ms
[2026-01-15T18:37:26.139+0530][44.719s][info][gc          ] GC(487) Concurrent Undo Cycle 0.239ms
[2026-01-15T18:37:26.448+0530][45.029s][info][gc,start    ] GC(488) Pause Young (Concurrent Start) (G1 Humongous Allocation)
[2026-01-15T18:37:26.448+0530][45.029s][info][gc,task     ] GC(488) Using 6 workers of 8 for evacuation
[2026-01-15T18:37:26.449+0530][45.029s][info][gc,phases   ] GC(488)   Pre Evacuate Collection Set: 0.2ms
[2026-01-15T18:37:26.449+0530][45.029s][info][gc,phases   ] GC(488)   Merge Heap Roots: 0.1ms
[2026-01-15T18:37:26.449+0530][45.029s][info][gc,phases   ] GC(488)   Evacuate Collection Set: 0.1ms
[2026-01-15T18:37:26.449+0530][45.029s][info][gc,phases   ] GC(488)   Post Evacuate Collection Set: 0.2ms
[2026-01-15T18:37:26.449+0530][45.029s][info][gc,phases   ] GC(488)   Other: 0.2ms
[2026-01-15T18:37:26.449+0530][45.029s][info][gc,heap     ] GC(488) Eden regions: 0->0(46)
[2026-01-15T18:37:26.449+0530][45.030s][info][gc,heap     ] GC(488) Survivor regions: 0->0(6)
[2026-01-15T18:37:26.449+0530][45.030s][info][gc,heap     ] GC(488) Old regions: 2->2
[2026-01-15T18:37:26.449+0530][45.030s][info][gc,heap     ] GC(488) Humongous regions: 114->114
[2026-01-15T18:37:26.449+0530][45.030s][info][gc,metaspace] GC(488) Metaspace: 813K(960K)->813K(960K) NonClass: 760K(832K)->760K(832K) Class: 53K(128K)->53K(128K)
[2026-01-15T18:37:26.449+0530][45.030s][info][gc          ] GC(488) Pause Young (Concurrent Start) (G1 Humongous Allocation) 115M->115M(256M) 1.040ms
[2026-01-15T18:37:26.449+0530][45.030s][info][gc,cpu      ] GC(488) User=0.00s Sys=0.00s Real=0.00s
[2026-01-15T18:37:26.449+0530][45.030s][info][gc          ] GC(489) Concurrent Mark Cycle
[2026-01-15T18:37:26.449+0530][45.030s][info][gc,marking  ] GC(489) Concurrent Scan Root Regions
[2026-01-15T18:37:26.449+0530][45.030s][info][gc,marking  ] GC(489) Concurrent Scan Root Regions 0.014ms
[2026-01-15T18:37:26.449+0530][45.030s][info][gc,marking  ] GC(489) Concurrent Mark
[2026-01-15T18:37:26.449+0530][45.030s][info][gc,marking  ] GC(489) Concurrent Mark From Roots
[2026-01-15T18:37:26.449+0530][45.030s][info][gc,task     ] GC(489) Using 2 workers of 2 for marking
[2026-01-15T18:37:26.452+0530][45.032s][info][gc,marking  ] GC(489) Concurrent Mark From Roots 2.256ms
[2026-01-15T18:37:26.452+0530][45.032s][info][gc,marking  ] GC(489) Concurrent Preclean
[2026-01-15T18:37:26.452+0530][45.032s][info][gc,marking  ] GC(489) Concurrent Preclean 0.013ms
[2026-01-15T18:37:26.452+0530][45.032s][info][gc,start    ] GC(489) Pause Remark
[2026-01-15T18:37:26.452+0530][45.033s][info][gc          ] GC(489) Pause Remark 121M->121M(256M) 0.724ms
[2026-01-15T18:37:26.452+0530][45.033s][info][gc,cpu      ] GC(489) User=0.00s Sys=0.00s Real=0.00s
[2026-01-15T18:37:26.453+0530][45.033s][info][gc,marking  ] GC(489) Concurrent Mark 3.217ms
[2026-01-15T18:37:26.453+0530][45.033s][info][gc,marking  ] GC(489) Concurrent Rebuild Remembered Sets and Scrub Regions
[2026-01-15T18:37:26.453+0530][45.034s][info][gc,marking  ] GC(489) Concurrent Rebuild Remembered Sets and Scrub Regions 0.681ms
[2026-01-15T18:37:26.453+0530][45.034s][info][gc,start    ] GC(489) Pause Cleanup
[2026-01-15T18:37:26.454+0530][45.034s][info][gc          ] GC(489) Pause Cleanup 121M->121M(256M) 0.159ms
[2026-01-15T18:37:26.454+0530][45.034s][info][gc,cpu      ] GC(489) User=0.00s Sys=0.00s Real=0.00s
[2026-01-15T18:37:26.454+0530][45.034s][info][gc,marking  ] GC(489) Concurrent Clear Claimed Marks
[2026-01-15T18:37:26.454+0530][45.034s][info][gc,marking  ] GC(489) Concurrent Clear Claimed Marks 0.025ms
[2026-01-15T18:37:26.454+0530][45.034s][info][gc,marking  ] GC(489) Concurrent Cleanup for Next Mark
[2026-01-15T18:37:26.454+0530][45.035s][info][gc,marking  ] GC(489) Concurrent Cleanup for Next Mark 0.617ms
[2026-01-15T18:37:26.454+0530][45.035s][info][gc          ] GC(489) Concurrent Mark Cycle 5.038ms
[2026-01-15T18:37:26.512+0530][45.092s][info][gc,start    ] GC(490) Pause Young (Concurrent Start) (G1 Humongous Allocation)
[2026-01-15T18:37:26.512+0530][45.092s][info][gc,task     ] GC(490) Using 6 workers of 8 for evacuation
[2026-01-15T18:37:26.513+0530][45.093s][info][gc,phases   ] GC(490)   Pre Evacuate Collection Set: 0.1ms
[2026-01-15T18:37:26.513+0530][45.093s][info][gc,phases   ] GC(490)   Merge Heap Roots: 0.0ms
[2026-01-15T18:37:26.513+0530][45.093s][info][gc,phases   ] GC(490)   Evacuate Collection Set: 0.3ms
[2026-01-15T18:37:26.513+0530][45.093s][info][gc,phases   ] GC(490)   Post Evacuate Collection Set: 0.3ms
[2026-01-15T18:37:26.513+0530][45.093s][info][gc,phases   ] GC(490)   Other: 0.1ms
[2026-01-15T18:37:26.513+0530][45.093s][info][gc,heap     ] GC(490) Eden regions: 0->0(46)
[2026-01-15T18:37:26.513+0530][45.093s][info][gc,heap     ] GC(490) Survivor regions: 0->0(6)
[2026-01-15T18:37:26.513+0530][45.093s][info][gc,heap     ] GC(490) Old regions: 2->2
[2026-01-15T18:37:26.513+0530][45.093s][info][gc,heap     ] GC(490) Humongous regions: 120->0
[2026-01-15T18:37:26.513+0530][45.093s][info][gc,metaspace] GC(490) Metaspace: 813K(960K)->813K(960K) NonClass: 760K(832K)->760K(832K) Class: 53K(128K)->53K(128K)
[2026-01-15T18:37:26.513+0530][45.093s][info][gc          ] GC(490) Pause Young (Concurrent Start) (G1 Humongous Allocation) 121M->1M(256M) 1.068ms
[2026-01-15T18:37:26.513+0530][45.093s][info][gc,cpu      ] GC(490) User=0.00s Sys=0.00s Real=0.00s
[2026-01-15T18:37:26.513+0530][45.093s][info][gc          ] GC(491) Concurrent Undo Cycle
[2026-01-15T18:37:26.513+0530][45.093s][info][gc,marking  ] GC(491) Concurrent Clear Claimed Marks
[2026-01-15T18:37:26.513+0530][45.093s][info][gc,marking  ] GC(491) Concurrent Clear Claimed Marks 0.016ms
[2026-01-15T18:37:26.513+0530][45.093s][info][gc,marking  ] GC(491) Concurrent Cleanup for Next Mark
[2026-01-15T18:37:26.513+0530][45.093s][info][gc,marking  ] GC(491) Concurrent Cleanup for Next Mark 0.074ms
[2026-01-15T18:37:26.513+0530][45.093s][info][gc          ] GC(491) Concurrent Undo Cycle 0.187ms
[2026-01-15T18:37:26.828+0530][45.408s][info][gc,start    ] GC(492) Pause Young (Concurrent Start) (G1 Humongous Allocation)
[2026-01-15T18:37:26.829+0530][45.408s][info][gc,task     ] GC(492) Using 6 workers of 8 for evacuation
[2026-01-15T18:37:26.830+0530][45.410s][info][gc,phases   ] GC(492)   Pre Evacuate Collection Set: 0.3ms
[2026-01-15T18:37:26.830+0530][45.410s][info][gc,phases   ] GC(492)   Merge Heap Roots: 0.1ms
[2026-01-15T18:37:26.830+0530][45.410s][info][gc,phases   ] GC(492)   Evacuate Collection Set: 0.2ms
[2026-01-15T18:37:26.830+0530][45.410s][info][gc,phases   ] GC(492)   Post Evacuate Collection Set: 0.5ms
[2026-01-15T18:37:26.830+0530][45.410s][info][gc,phases   ] GC(492)   Other: 0.2ms
[2026-01-15T18:37:26.830+0530][45.410s][info][gc,heap     ] GC(492) Eden regions: 0->0(46)
[2026-01-15T18:37:26.830+0530][45.410s][info][gc,heap     ] GC(492) Survivor regions: 0->0(6)
[2026-01-15T18:37:26.830+0530][45.410s][info][gc,heap     ] GC(492) Old regions: 2->2
[2026-01-15T18:37:26.830+0530][45.410s][info][gc,heap     ] GC(492) Humongous regions: 114->114
[2026-01-15T18:37:26.830+0530][45.410s][info][gc,metaspace] GC(492) Metaspace: 813K(960K)->813K(960K) NonClass: 760K(832K)->760K(832K) Class: 53K(128K)->53K(128K)
[2026-01-15T18:37:26.830+0530][45.410s][info][gc          ] GC(492) Pause Young (Concurrent Start) (G1 Humongous Allocation) 115M->115M(256M) 1.539ms
[2026-01-15T18:37:26.830+0530][45.410s][info][gc,cpu      ] GC(492) User=0.00s Sys=0.00s Real=0.00s
[2026-01-15T18:37:26.830+0530][45.410s][info][gc          ] GC(493) Concurrent Mark Cycle
[2026-01-15T18:37:26.830+0530][45.410s][info][gc,marking  ] GC(493) Concurrent Scan Root Regions
[2026-01-15T18:37:26.830+0530][45.410s][info][gc,marking  ] GC(493) Concurrent Scan Root Regions 0.009ms
[2026-01-15T18:37:26.830+0530][45.410s][info][gc,marking  ] GC(493) Concurrent Mark
[2026-01-15T18:37:26.830+0530][45.410s][info][gc,marking  ] GC(493) Concurrent Mark From Roots
[2026-01-15T18:37:26.830+0530][45.410s][info][gc,task     ] GC(493) Using 2 workers of 2 for marking
[2026-01-15T18:37:26.832+0530][45.411s][info][gc,marking  ] GC(493) Concurrent Mark From Roots 1.567ms
[2026-01-15T18:37:26.832+0530][45.412s][info][gc,marking  ] GC(493) Concurrent Preclean
[2026-01-15T18:37:26.832+0530][45.412s][info][gc,marking  ] GC(493) Concurrent Preclean 0.011ms
[2026-01-15T18:37:26.832+0530][45.412s][info][gc,start    ] GC(493) Pause Remark
[2026-01-15T18:37:26.833+0530][45.413s][info][gc          ] GC(493) Pause Remark 121M->121M(256M) 1.050ms
[2026-01-15T18:37:26.833+0530][45.413s][info][gc,cpu      ] GC(493) User=0.00s Sys=0.00s Real=0.00s
[2026-01-15T18:37:26.833+0530][45.413s][info][gc,marking  ] GC(493) Concurrent Mark 2.876ms
[2026-01-15T18:37:26.833+0530][45.413s][info][gc,marking  ] GC(493) Concurrent Rebuild Remembered Sets and Scrub Regions
[2026-01-15T18:37:26.834+0530][45.413s][info][gc,marking  ] GC(493) Concurrent Rebuild Remembered Sets and Scrub Regions 0.660ms
[2026-01-15T18:37:26.834+0530][45.414s][info][gc,start    ] GC(493) Pause Cleanup
[2026-01-15T18:37:26.834+0530][45.414s][info][gc          ] GC(493) Pause Cleanup 121M->121M(256M) 0.209ms
[2026-01-15T18:37:26.834+0530][45.414s][info][gc,cpu      ] GC(493) User=0.00s Sys=0.00s Real=0.00s
[2026-01-15T18:37:26.834+0530][45.414s][info][gc,marking  ] GC(493) Concurrent Clear Claimed Marks
[2026-01-15T18:37:26.834+0530][45.414s][info][gc,marking  ] GC(493) Concurrent Clear Claimed Marks 0.022ms
[2026-01-15T18:37:26.834+0530][45.414s][info][gc,marking  ] GC(493) Concurrent Cleanup for Next Mark
[2026-01-15T18:37:26.834+0530][45.414s][info][gc,marking  ] GC(493) Concurrent Cleanup for Next Mark 0.409ms
[2026-01-15T18:37:26.835+0530][45.414s][info][gc          ] GC(493) Concurrent Mark Cycle 4.492ms
[2026-01-15T18:37:26.890+0530][45.470s][info][gc,start    ] GC(494) Pause Young (Concurrent Start) (G1 Humongous Allocation)
[2026-01-15T18:37:26.890+0530][45.470s][info][gc,task     ] GC(494) Using 6 workers of 8 for evacuation
[2026-01-15T18:37:26.893+0530][45.473s][info][gc,phases   ] GC(494)   Pre Evacuate Collection Set: 0.4ms
[2026-01-15T18:37:26.893+0530][45.473s][info][gc,phases   ] GC(494)   Merge Heap Roots: 0.2ms
[2026-01-15T18:37:26.893+0530][45.473s][info][gc,phases   ] GC(494)   Evacuate Collection Set: 0.4ms
[2026-01-15T18:37:26.893+0530][45.473s][info][gc,phases   ] GC(494)   Post Evacuate Collection Set: 1.0ms
[2026-01-15T18:37:26.893+0530][45.473s][info][gc,phases   ] GC(494)   Other: 0.3ms
[2026-01-15T18:37:26.893+0530][45.473s][info][gc,heap     ] GC(494) Eden regions: 0->0(46)
[2026-01-15T18:37:26.893+0530][45.473s][info][gc,heap     ] GC(494) Survivor regions: 0->0(6)
[2026-01-15T18:37:26.893+0530][45.473s][info][gc,heap     ] GC(494) Old regions: 2->2
[2026-01-15T18:37:26.893+0530][45.473s][info][gc,heap     ] GC(494) Humongous regions: 120->0
[2026-01-15T18:37:26.893+0530][45.473s][info][gc,metaspace] GC(494) Metaspace: 813K(960K)->813K(960K) NonClass: 760K(832K)->760K(832K) Class: 53K(128K)->53K(128K)
[2026-01-15T18:37:26.893+0530][45.473s][info][gc          ] GC(494) Pause Young (Concurrent Start) (G1 Humongous Allocation) 121M->1M(256M) 2.722ms
[2026-01-15T18:37:26.893+0530][45.473s][info][gc,cpu      ] GC(494) User=0.00s Sys=0.00s Real=0.00s
[2026-01-15T18:37:26.893+0530][45.473s][info][gc          ] GC(495) Concurrent Undo Cycle
[2026-01-15T18:37:26.894+0530][45.473s][info][gc,marking  ] GC(495) Concurrent Clear Claimed Marks
[2026-01-15T18:37:26.894+0530][45.473s][info][gc,marking  ] GC(495) Concurrent Clear Claimed Marks 0.028ms
[2026-01-15T18:37:26.894+0530][45.473s][info][gc,marking  ] GC(495) Concurrent Cleanup for Next Mark
[2026-01-15T18:37:26.894+0530][45.473s][info][gc,marking  ] GC(495) Concurrent Cleanup for Next Mark 0.203ms
[2026-01-15T18:37:26.894+0530][45.473s][info][gc          ] GC(495) Concurrent Undo Cycle 0.422ms
[2026-01-15T18:37:27.203+0530][45.783s][info][gc,start    ] GC(496) Pause Young (Concurrent Start) (G1 Humongous Allocation)
[2026-01-15T18:37:27.203+0530][45.783s][info][gc,task     ] GC(496) Using 6 workers of 8 for evacuation
[2026-01-15T18:37:27.206+0530][45.785s][info][gc,phases   ] GC(496)   Pre Evacuate Collection Set: 0.5ms
[2026-01-15T18:37:27.206+0530][45.785s][info][gc,phases   ] GC(496)   Merge Heap Roots: 0.2ms
[2026-01-15T18:37:27.206+0530][45.785s][info][gc,phases   ] GC(496)   Evacuate Collection Set: 0.4ms
[2026-01-15T18:37:27.206+0530][45.785s][info][gc,phases   ] GC(496)   Post Evacuate Collection Set: 0.9ms
[2026-01-15T18:37:27.206+0530][45.785s][info][gc,phases   ] GC(496)   Other: 0.3ms
[2026-01-15T18:37:27.206+0530][45.785s][info][gc,heap     ] GC(496) Eden regions: 0->0(46)
[2026-01-15T18:37:27.206+0530][45.785s][info][gc,heap     ] GC(496) Survivor regions: 0->0(6)
[2026-01-15T18:37:27.206+0530][45.785s][info][gc,heap     ] GC(496) Old regions: 2->2
[2026-01-15T18:37:27.206+0530][45.785s][info][gc,heap     ] GC(496) Humongous regions: 114->114
[2026-01-15T18:37:27.206+0530][45.785s][info][gc,metaspace] GC(496) Metaspace: 813K(960K)->813K(960K) NonClass: 760K(832K)->760K(832K) Class: 53K(128K)->53K(128K)
[2026-01-15T18:37:27.206+0530][45.785s][info][gc          ] GC(496) Pause Young (Concurrent Start) (G1 Humongous Allocation) 115M->115M(256M) 2.625ms
[2026-01-15T18:37:27.206+0530][45.785s][info][gc,cpu      ] GC(496) User=0.00s Sys=0.00s Real=0.00s
[2026-01-15T18:37:27.206+0530][45.786s][info][gc          ] GC(497) Concurrent Mark Cycle
[2026-01-15T18:37:27.206+0530][45.786s][info][gc,marking  ] GC(497) Concurrent Scan Root Regions
[2026-01-15T18:37:27.206+0530][45.786s][info][gc,marking  ] GC(497) Concurrent Scan Root Regions 0.021ms
[2026-01-15T18:37:27.206+0530][45.786s][info][gc,marking  ] GC(497) Concurrent Mark
[2026-01-15T18:37:27.206+0530][45.786s][info][gc,marking  ] GC(497) Concurrent Mark From Roots
[2026-01-15T18:37:27.206+0530][45.786s][info][gc,task     ] GC(497) Using 2 workers of 2 for marking
[2026-01-15T18:37:27.209+0530][45.789s][info][gc,marking  ] GC(497) Concurrent Mark From Roots 3.231ms
[2026-01-15T18:37:27.209+0530][45.789s][info][gc,marking  ] GC(497) Concurrent Preclean
[2026-01-15T18:37:27.209+0530][45.789s][info][gc,marking  ] GC(497) Concurrent Preclean 0.025ms
[2026-01-15T18:37:27.210+0530][45.789s][info][gc,start    ] GC(497) Pause Remark
[2026-01-15T18:37:27.211+0530][45.790s][info][gc          ] GC(497) Pause Remark 121M->121M(256M) 1.077ms
[2026-01-15T18:37:27.211+0530][45.790s][info][gc,cpu      ] GC(497) User=0.11s Sys=0.00s Real=0.00s
[2026-01-15T18:37:27.211+0530][45.790s][info][gc,marking  ] GC(497) Concurrent Mark 4.665ms
[2026-01-15T18:37:27.211+0530][45.790s][info][gc,marking  ] GC(497) Concurrent Rebuild Remembered Sets and Scrub Regions
[2026-01-15T18:37:27.212+0530][45.791s][info][gc,marking  ] GC(497) Concurrent Rebuild Remembered Sets and Scrub Regions 0.787ms
[2026-01-15T18:37:27.212+0530][45.791s][info][gc,start    ] GC(497) Pause Cleanup
[2026-01-15T18:37:27.212+0530][45.791s][info][gc          ] GC(497) Pause Cleanup 121M->121M(256M) 0.219ms
[2026-01-15T18:37:27.212+0530][45.792s][info][gc,cpu      ] GC(497) User=0.00s Sys=0.00s Real=0.00s
[2026-01-15T18:37:27.212+0530][45.792s][info][gc,marking  ] GC(497) Concurrent Clear Claimed Marks
[2026-01-15T18:37:27.212+0530][45.792s][info][gc,marking  ] GC(497) Concurrent Clear Claimed Marks 0.033ms
[2026-01-15T18:37:27.212+0530][45.792s][info][gc,marking  ] GC(497) Concurrent Cleanup for Next Mark
[2026-01-15T18:37:27.213+0530][45.792s][info][gc,marking  ] GC(497) Concurrent Cleanup for Next Mark 0.522ms
[2026-01-15T18:37:27.213+0530][45.792s][info][gc          ] GC(497) Concurrent Mark Cycle 6.612ms
[2026-01-15T18:37:27.265+0530][45.845s][info][gc,start    ] GC(498) Pause Young (Concurrent Start) (G1 Humongous Allocation)
[2026-01-15T18:37:27.265+0530][45.845s][info][gc,task     ] GC(498) Using 6 workers of 8 for evacuation
[2026-01-15T18:37:27.267+0530][45.847s][info][gc,phases   ] GC(498)   Pre Evacuate Collection Set: 0.4ms
[2026-01-15T18:37:27.267+0530][45.847s][info][gc,phases   ] GC(498)   Merge Heap Roots: 0.1ms
[2026-01-15T18:37:27.267+0530][45.847s][info][gc,phases   ] GC(498)   Evacuate Collection Set: 0.5ms
[2026-01-15T18:37:27.267+0530][45.847s][info][gc,phases   ] GC(498)   Post Evacuate Collection Set: 0.7ms
[2026-01-15T18:37:27.267+0530][45.847s][info][gc,phases   ] GC(498)   Other: 0.3ms
[2026-01-15T18:37:27.267+0530][45.847s][info][gc,heap     ] GC(498) Eden regions: 0->0(46)
[2026-01-15T18:37:27.267+0530][45.847s][info][gc,heap     ] GC(498) Survivor regions: 0->0(6)
[2026-01-15T18:37:27.267+0530][45.847s][info][gc,heap     ] GC(498) Old regions: 2->2
[2026-01-15T18:37:27.267+0530][45.847s][info][gc,heap     ] GC(498) Humongous regions: 120->0
[2026-01-15T18:37:27.267+0530][45.848s][info][gc,metaspace] GC(498) Metaspace: 813K(960K)->813K(960K) NonClass: 760K(832K)->760K(832K) Class: 53K(128K)->53K(128K)
[2026-01-15T18:37:27.268+0530][45.848s][info][gc          ] GC(498) Pause Young (Concurrent Start) (G1 Humongous Allocation) 121M->1M(256M) 2.567ms
[2026-01-15T18:37:27.268+0530][45.848s][info][gc,cpu      ] GC(498) User=0.00s Sys=0.00s Real=0.00s
[2026-01-15T18:37:27.268+0530][45.848s][info][gc          ] GC(499) Concurrent Undo Cycle
[2026-01-15T18:37:27.268+0530][45.848s][info][gc,marking  ] GC(499) Concurrent Clear Claimed Marks
[2026-01-15T18:37:27.268+0530][45.848s][info][gc,marking  ] GC(499) Concurrent Clear Claimed Marks 0.050ms
[2026-01-15T18:37:27.268+0530][45.848s][info][gc,marking  ] GC(499) Concurrent Cleanup for Next Mark
[2026-01-15T18:37:27.268+0530][45.848s][info][gc,marking  ] GC(499) Concurrent Cleanup for Next Mark 0.210ms
[2026-01-15T18:37:27.268+0530][45.848s][info][gc          ] GC(499) Concurrent Undo Cycle 0.539ms
[2026-01-15T18:37:27.577+0530][46.157s][info][gc,start    ] GC(500) Pause Young (Concurrent Start) (G1 Humongous Allocation)
[2026-01-15T18:37:27.577+0530][46.157s][info][gc,task     ] GC(500) Using 6 workers of 8 for evacuation
[2026-01-15T18:37:27.579+0530][46.159s][info][gc,phases   ] GC(500)   Pre Evacuate Collection Set: 0.1ms
[2026-01-15T18:37:27.579+0530][46.159s][info][gc,phases   ] GC(500)   Merge Heap Roots: 0.0ms
[2026-01-15T18:37:27.579+0530][46.159s][info][gc,phases   ] GC(500)   Evacuate Collection Set: 0.2ms
[2026-01-15T18:37:27.579+0530][46.159s][info][gc,phases   ] GC(500)   Post Evacuate Collection Set: 0.6ms
[2026-01-15T18:37:27.579+0530][46.159s][info][gc,phases   ] GC(500)   Other: 0.2ms
[2026-01-15T18:37:27.579+0530][46.159s][info][gc,heap     ] GC(500) Eden regions: 0->0(46)
[2026-01-15T18:37:27.579+0530][46.159s][info][gc,heap     ] GC(500) Survivor regions: 0->0(6)
[2026-01-15T18:37:27.579+0530][46.159s][info][gc,heap     ] GC(500) Old regions: 2->2
[2026-01-15T18:37:27.579+0530][46.159s][info][gc,heap     ] GC(500) Humongous regions: 114->114
[2026-01-15T18:37:27.579+0530][46.159s][info][gc,metaspace] GC(500) Metaspace: 813K(960K)->813K(960K) NonClass: 760K(832K)->760K(832K) Class: 53K(128K)->53K(128K)
[2026-01-15T18:37:27.579+0530][46.159s][info][gc          ] GC(500) Pause Young (Concurrent Start) (G1 Humongous Allocation) 115M->115M(256M) 1.461ms
[2026-01-15T18:37:27.579+0530][46.159s][info][gc,cpu      ] GC(500) User=0.00s Sys=0.00s Real=0.00s
[2026-01-15T18:37:27.579+0530][46.159s][info][gc          ] GC(501) Concurrent Mark Cycle
[2026-01-15T18:37:27.579+0530][46.159s][info][gc,marking  ] GC(501) Concurrent Scan Root Regions
[2026-01-15T18:37:27.579+0530][46.159s][info][gc,marking  ] GC(501) Concurrent Scan Root Regions 0.016ms
[2026-01-15T18:37:27.579+0530][46.159s][info][gc,marking  ] GC(501) Concurrent Mark
[2026-01-15T18:37:27.579+0530][46.159s][info][gc,marking  ] GC(501) Concurrent Mark From Roots
[2026-01-15T18:37:27.579+0530][46.159s][info][gc,task     ] GC(501) Using 2 workers of 2 for marking
[2026-01-15T18:37:27.580+0530][46.161s][info][gc,marking  ] GC(501) Concurrent Mark From Roots 1.531ms
[2026-01-15T18:37:27.581+0530][46.161s][info][gc,marking  ] GC(501) Concurrent Preclean
[2026-01-15T18:37:27.581+0530][46.161s][info][gc,marking  ] GC(501) Concurrent Preclean 0.011ms
[2026-01-15T18:37:27.581+0530][46.161s][info][gc,start    ] GC(501) Pause Remark
[2026-01-15T18:37:27.582+0530][46.161s][info][gc          ] GC(501) Pause Remark 121M->121M(256M) 0.723ms
[2026-01-15T18:37:27.582+0530][46.161s][info][gc,cpu      ] GC(501) User=0.00s Sys=0.00s Real=0.00s
[2026-01-15T18:37:27.582+0530][46.161s][info][gc,marking  ] GC(501) Concurrent Mark 2.451ms
[2026-01-15T18:37:27.582+0530][46.161s][info][gc,marking  ] GC(501) Concurrent Rebuild Remembered Sets and Scrub Regions
[2026-01-15T18:37:27.583+0530][46.162s][info][gc,marking  ] GC(501) Concurrent Rebuild Remembered Sets and Scrub Regions 0.748ms
[2026-01-15T18:37:27.583+0530][46.162s][info][gc,start    ] GC(501) Pause Cleanup
[2026-01-15T18:37:27.583+0530][46.162s][info][gc          ] GC(501) Pause Cleanup 121M->121M(256M) 0.143ms
[2026-01-15T18:37:27.583+0530][46.162s][info][gc,cpu      ] GC(501) User=0.00s Sys=0.00s Real=0.00s
[2026-01-15T18:37:27.583+0530][46.163s][info][gc,marking  ] GC(501) Concurrent Clear Claimed Marks
[2026-01-15T18:37:27.583+0530][46.163s][info][gc,marking  ] GC(501) Concurrent Clear Claimed Marks 0.024ms
[2026-01-15T18:37:27.583+0530][46.163s][info][gc,marking  ] GC(501) Concurrent Cleanup for Next Mark
[2026-01-15T18:37:27.583+0530][46.163s][info][gc,marking  ] GC(501) Concurrent Cleanup for Next Mark 0.370ms
[2026-01-15T18:37:27.583+0530][46.163s][info][gc          ] GC(501) Concurrent Mark Cycle 4.038ms
[2026-01-15T18:37:27.639+0530][46.218s][info][gc,start    ] GC(502) Pause Young (Concurrent Start) (G1 Humongous Allocation)
[2026-01-15T18:37:27.639+0530][46.218s][info][gc,task     ] GC(502) Using 6 workers of 8 for evacuation
[2026-01-15T18:37:27.639+0530][46.219s][info][gc,phases   ] GC(502)   Pre Evacuate Collection Set: 0.1ms
[2026-01-15T18:37:27.639+0530][46.219s][info][gc,phases   ] GC(502)   Merge Heap Roots: 0.0ms
[2026-01-15T18:37:27.639+0530][46.219s][info][gc,phases   ] GC(502)   Evacuate Collection Set: 0.1ms
[2026-01-15T18:37:27.639+0530][46.219s][info][gc,phases   ] GC(502)   Post Evacuate Collection Set: 0.3ms
[2026-01-15T18:37:27.639+0530][46.219s][info][gc,phases   ] GC(502)   Other: 0.1ms
[2026-01-15T18:37:27.639+0530][46.219s][info][gc,heap     ] GC(502) Eden regions: 0->0(46)
[2026-01-15T18:37:27.639+0530][46.219s][info][gc,heap     ] GC(502) Survivor regions: 0->0(6)
[2026-01-15T18:37:27.639+0530][46.219s][info][gc,heap     ] GC(502) Old regions: 2->2
[2026-01-15T18:37:27.639+0530][46.219s][info][gc,heap     ] GC(502) Humongous regions: 120->0
[2026-01-15T18:37:27.639+0530][46.219s][info][gc,metaspace] GC(502) Metaspace: 813K(960K)->813K(960K) NonClass: 760K(832K)->760K(832K) Class: 53K(128K)->53K(128K)
[2026-01-15T18:37:27.639+0530][46.219s][info][gc          ] GC(502) Pause Young (Concurrent Start) (G1 Humongous Allocation) 121M->1M(256M) 1.010ms
[2026-01-15T18:37:27.640+0530][46.219s][info][gc,cpu      ] GC(502) User=0.00s Sys=0.00s Real=0.00s
[2026-01-15T18:37:27.640+0530][46.219s][info][gc          ] GC(503) Concurrent Undo Cycle
[2026-01-15T18:37:27.640+0530][46.219s][info][gc,marking  ] GC(503) Concurrent Clear Claimed Marks
[2026-01-15T18:37:27.640+0530][46.219s][info][gc,marking  ] GC(503) Concurrent Clear Claimed Marks 0.016ms
[2026-01-15T18:37:27.640+0530][46.219s][info][gc,marking  ] GC(503) Concurrent Cleanup for Next Mark
[2026-01-15T18:37:27.640+0530][46.220s][info][gc,marking  ] GC(503) Concurrent Cleanup for Next Mark 0.128ms
[2026-01-15T18:37:27.640+0530][46.220s][info][gc          ] GC(503) Concurrent Undo Cycle 0.258ms
[2026-01-15T18:37:27.950+0530][46.530s][info][gc,start    ] GC(504) Pause Young (Concurrent Start) (G1 Humongous Allocation)
[2026-01-15T18:37:27.950+0530][46.530s][info][gc,task     ] GC(504) Using 6 workers of 8 for evacuation
[2026-01-15T18:37:27.952+0530][46.532s][info][gc,phases   ] GC(504)   Pre Evacuate Collection Set: 0.3ms
[2026-01-15T18:37:27.952+0530][46.532s][info][gc,phases   ] GC(504)   Merge Heap Roots: 0.1ms
[2026-01-15T18:37:27.952+0530][46.532s][info][gc,phases   ] GC(504)   Evacuate Collection Set: 0.3ms
[2026-01-15T18:37:27.952+0530][46.532s][info][gc,phases   ] GC(504)   Post Evacuate Collection Set: 0.5ms
[2026-01-15T18:37:27.953+0530][46.532s][info][gc,phases   ] GC(504)   Other: 0.2ms
[2026-01-15T18:37:27.953+0530][46.532s][info][gc,heap     ] GC(504) Eden regions: 0->0(46)
[2026-01-15T18:37:27.953+0530][46.532s][info][gc,heap     ] GC(504) Survivor regions: 0->0(6)
[2026-01-15T18:37:27.953+0530][46.532s][info][gc,heap     ] GC(504) Old regions: 2->2
[2026-01-15T18:37:27.953+0530][46.532s][info][gc,heap     ] GC(504) Humongous regions: 114->114
[2026-01-15T18:37:27.953+0530][46.532s][info][gc,metaspace] GC(504) Metaspace: 813K(960K)->813K(960K) NonClass: 760K(832K)->760K(832K) Class: 53K(128K)->53K(128K)
[2026-01-15T18:37:27.953+0530][46.532s][info][gc          ] GC(504) Pause Young (Concurrent Start) (G1 Humongous Allocation) 115M->115M(256M) 1.759ms
[2026-01-15T18:37:27.953+0530][46.532s][info][gc,cpu      ] GC(504) User=0.00s Sys=0.00s Real=0.00s
[2026-01-15T18:37:27.953+0530][46.532s][info][gc          ] GC(505) Concurrent Mark Cycle
[2026-01-15T18:37:27.953+0530][46.532s][info][gc,marking  ] GC(505) Concurrent Scan Root Regions
[2026-01-15T18:37:27.953+0530][46.532s][info][gc,marking  ] GC(505) Concurrent Scan Root Regions 0.014ms
[2026-01-15T18:37:27.953+0530][46.532s][info][gc,marking  ] GC(505) Concurrent Mark
[2026-01-15T18:37:27.953+0530][46.532s][info][gc,marking  ] GC(505) Concurrent Mark From Roots
[2026-01-15T18:37:27.953+0530][46.532s][info][gc,task     ] GC(505) Using 2 workers of 2 for marking
[2026-01-15T18:37:27.955+0530][46.534s][info][gc,marking  ] GC(505) Concurrent Mark From Roots 1.995ms
[2026-01-15T18:37:27.955+0530][46.534s][info][gc,marking  ] GC(505) Concurrent Preclean
[2026-01-15T18:37:27.955+0530][46.534s][info][gc,marking  ] GC(505) Concurrent Preclean 0.011ms
[2026-01-15T18:37:27.955+0530][46.534s][info][gc,start    ] GC(505) Pause Remark
[2026-01-15T18:37:27.956+0530][46.536s][info][gc          ] GC(505) Pause Remark 121M->121M(256M) 1.033ms
[2026-01-15T18:37:27.956+0530][46.536s][info][gc,cpu      ] GC(505) User=0.00s Sys=0.00s Real=0.00s
[2026-01-15T18:37:27.956+0530][46.536s][info][gc,marking  ] GC(505) Concurrent Mark 3.297ms
[2026-01-15T18:37:27.956+0530][46.536s][info][gc,marking  ] GC(505) Concurrent Rebuild Remembered Sets and Scrub Regions
[2026-01-15T18:37:27.957+0530][46.536s][info][gc,marking  ] GC(505) Concurrent Rebuild Remembered Sets and Scrub Regions 0.543ms
[2026-01-15T18:37:27.957+0530][46.536s][info][gc,start    ] GC(505) Pause Cleanup
[2026-01-15T18:37:27.957+0530][46.537s][info][gc          ] GC(505) Pause Cleanup 121M->121M(256M) 0.253ms
[2026-01-15T18:37:27.957+0530][46.537s][info][gc,cpu      ] GC(505) User=0.00s Sys=0.00s Real=0.00s
[2026-01-15T18:37:27.957+0530][46.537s][info][gc,marking  ] GC(505) Concurrent Clear Claimed Marks
[2026-01-15T18:37:27.957+0530][46.537s][info][gc,marking  ] GC(505) Concurrent Clear Claimed Marks 0.022ms
[2026-01-15T18:37:27.957+0530][46.537s][info][gc,marking  ] GC(505) Concurrent Cleanup for Next Mark
[2026-01-15T18:37:27.958+0530][46.537s][info][gc,marking  ] GC(505) Concurrent Cleanup for Next Mark 0.463ms
[2026-01-15T18:37:27.958+0530][46.537s][info][gc          ] GC(505) Concurrent Mark Cycle 4.875ms
[2026-01-15T18:37:28.013+0530][46.593s][info][gc,start    ] GC(506) Pause Young (Concurrent Start) (G1 Humongous Allocation)
[2026-01-15T18:37:28.013+0530][46.593s][info][gc,task     ] GC(506) Using 6 workers of 8 for evacuation
[2026-01-15T18:37:28.016+0530][46.595s][info][gc,phases   ] GC(506)   Pre Evacuate Collection Set: 0.4ms
[2026-01-15T18:37:28.016+0530][46.595s][info][gc,phases   ] GC(506)   Merge Heap Roots: 0.2ms
[2026-01-15T18:37:28.016+0530][46.595s][info][gc,phases   ] GC(506)   Evacuate Collection Set: 0.5ms
[2026-01-15T18:37:28.016+0530][46.595s][info][gc,phases   ] GC(506)   Post Evacuate Collection Set: 1.1ms
[2026-01-15T18:37:28.016+0530][46.595s][info][gc,phases   ] GC(506)   Other: 0.3ms
[2026-01-15T18:37:28.016+0530][46.595s][info][gc,heap     ] GC(506) Eden regions: 0->0(46)
[2026-01-15T18:37:28.016+0530][46.595s][info][gc,heap     ] GC(506) Survivor regions: 0->0(6)
[2026-01-15T18:37:28.016+0530][46.595s][info][gc,heap     ] GC(506) Old regions: 2->2
[2026-01-15T18:37:28.016+0530][46.595s][info][gc,heap     ] GC(506) Humongous regions: 120->0
[2026-01-15T18:37:28.016+0530][46.595s][info][gc,metaspace] GC(506) Metaspace: 813K(960K)->813K(960K) NonClass: 760K(832K)->760K(832K) Class: 53K(128K)->53K(128K)
[2026-01-15T18:37:28.016+0530][46.596s][info][gc          ] GC(506) Pause Young (Concurrent Start) (G1 Humongous Allocation) 121M->1M(256M) 2.979ms
[2026-01-15T18:37:28.016+0530][46.596s][info][gc,cpu      ] GC(506) User=0.00s Sys=0.00s Real=0.00s
[2026-01-15T18:37:28.016+0530][46.596s][info][gc          ] GC(507) Concurrent Undo Cycle
[2026-01-15T18:37:28.016+0530][46.596s][info][gc,marking  ] GC(507) Concurrent Clear Claimed Marks
[2026-01-15T18:37:28.016+0530][46.596s][info][gc,marking  ] GC(507) Concurrent Clear Claimed Marks 0.030ms
[2026-01-15T18:37:28.016+0530][46.596s][info][gc,marking  ] GC(507) Concurrent Cleanup for Next Mark
[2026-01-15T18:37:28.016+0530][46.596s][info][gc,marking  ] GC(507) Concurrent Cleanup for Next Mark 0.224ms
[2026-01-15T18:37:28.016+0530][46.596s][info][gc          ] GC(507) Concurrent Undo Cycle 0.462ms
[2026-01-15T18:37:28.325+0530][46.904s][info][gc,start    ] GC(508) Pause Young (Concurrent Start) (G1 Humongous Allocation)
[2026-01-15T18:37:28.325+0530][46.905s][info][gc,task     ] GC(508) Using 6 workers of 8 for evacuation
[2026-01-15T18:37:28.327+0530][46.907s][info][gc,phases   ] GC(508)   Pre Evacuate Collection Set: 0.5ms
[2026-01-15T18:37:28.327+0530][46.907s][info][gc,phases   ] GC(508)   Merge Heap Roots: 0.3ms
[2026-01-15T18:37:28.327+0530][46.907s][info][gc,phases   ] GC(508)   Evacuate Collection Set: 0.5ms
[2026-01-15T18:37:28.327+0530][46.907s][info][gc,phases   ] GC(508)   Post Evacuate Collection Set: 1.1ms
[2026-01-15T18:37:28.327+0530][46.907s][info][gc,phases   ] GC(508)   Other: 0.4ms
[2026-01-15T18:37:28.327+0530][46.907s][info][gc,heap     ] GC(508) Eden regions: 0->0(46)
[2026-01-15T18:37:28.327+0530][46.907s][info][gc,heap     ] GC(508) Survivor regions: 0->0(6)
[2026-01-15T18:37:28.327+0530][46.907s][info][gc,heap     ] GC(508) Old regions: 2->2
[2026-01-15T18:37:28.327+0530][46.907s][info][gc,heap     ] GC(508) Humongous regions: 114->114
[2026-01-15T18:37:28.327+0530][46.907s][info][gc,metaspace] GC(508) Metaspace: 813K(960K)->813K(960K) NonClass: 760K(832K)->760K(832K) Class: 53K(128K)->53K(128K)
[2026-01-15T18:37:28.327+0530][46.908s][info][gc          ] GC(508) Pause Young (Concurrent Start) (G1 Humongous Allocation) 115M->115M(256M) 3.184ms
[2026-01-15T18:37:28.328+0530][46.908s][info][gc,cpu      ] GC(508) User=0.00s Sys=0.00s Real=0.00s
[2026-01-15T18:37:28.328+0530][46.908s][info][gc          ] GC(509) Concurrent Mark Cycle
[2026-01-15T18:37:28.328+0530][46.908s][info][gc,marking  ] GC(509) Concurrent Scan Root Regions
[2026-01-15T18:37:28.328+0530][46.908s][info][gc,marking  ] GC(509) Concurrent Scan Root Regions 0.041ms
[2026-01-15T18:37:28.328+0530][46.908s][info][gc,marking  ] GC(509) Concurrent Mark
[2026-01-15T18:37:28.328+0530][46.908s][info][gc,marking  ] GC(509) Concurrent Mark From Roots
[2026-01-15T18:37:28.328+0530][46.908s][info][gc,task     ] GC(509) Using 2 workers of 2 for marking
[2026-01-15T18:37:28.331+0530][46.911s][info][gc,marking  ] GC(509) Concurrent Mark From Roots 3.144ms
[2026-01-15T18:37:28.331+0530][46.911s][info][gc,marking  ] GC(509) Concurrent Preclean
[2026-01-15T18:37:28.331+0530][46.911s][info][gc,marking  ] GC(509) Concurrent Preclean 0.018ms
[2026-01-15T18:37:28.331+0530][46.911s][info][gc,start    ] GC(509) Pause Remark
[2026-01-15T18:37:28.332+0530][46.912s][info][gc          ] GC(509) Pause Remark 121M->121M(256M) 1.096ms
[2026-01-15T18:37:28.332+0530][46.912s][info][gc,cpu      ] GC(509) User=0.00s Sys=0.00s Real=0.00s
[2026-01-15T18:37:28.332+0530][46.912s][info][gc,marking  ] GC(509) Concurrent Mark 4.515ms
[2026-01-15T18:37:28.332+0530][46.912s][info][gc,marking  ] GC(509) Concurrent Rebuild Remembered Sets and Scrub Regions
[2026-01-15T18:37:28.333+0530][46.913s][info][gc,marking  ] GC(509) Concurrent Rebuild Remembered Sets and Scrub Regions 0.892ms
[2026-01-15T18:37:28.333+0530][46.913s][info][gc,start    ] GC(509) Pause Cleanup
[2026-01-15T18:37:28.334+0530][46.914s][info][gc          ] GC(509) Pause Cleanup 121M->121M(256M) 0.235ms
[2026-01-15T18:37:28.334+0530][46.914s][info][gc,cpu      ] GC(509) User=0.00s Sys=0.00s Real=0.00s
[2026-01-15T18:37:28.334+0530][46.914s][info][gc,marking  ] GC(509) Concurrent Clear Claimed Marks
[2026-01-15T18:37:28.334+0530][46.914s][info][gc,marking  ] GC(509) Concurrent Clear Claimed Marks 0.022ms
[2026-01-15T18:37:28.334+0530][46.914s][info][gc,marking  ] GC(509) Concurrent Cleanup for Next Mark
[2026-01-15T18:37:28.334+0530][46.914s][info][gc,marking  ] GC(509) Concurrent Cleanup for Next Mark 0.437ms
[2026-01-15T18:37:28.334+0530][46.914s][info][gc          ] GC(509) Concurrent Mark Cycle 6.489ms
[2026-01-15T18:37:28.385+0530][46.965s][info][gc,start    ] GC(510) Pause Young (Concurrent Start) (G1 Humongous Allocation)
[2026-01-15T18:37:28.385+0530][46.965s][info][gc,task     ] GC(510) Using 6 workers of 8 for evacuation
[2026-01-15T18:37:28.386+0530][46.967s][info][gc,phases   ] GC(510)   Pre Evacuate Collection Set: 0.3ms
[2026-01-15T18:37:28.386+0530][46.967s][info][gc,phases   ] GC(510)   Merge Heap Roots: 0.1ms
[2026-01-15T18:37:28.387+0530][46.967s][info][gc,phases   ] GC(510)   Evacuate Collection Set: 0.3ms
[2026-01-15T18:37:28.387+0530][46.967s][info][gc,phases   ] GC(510)   Post Evacuate Collection Set: 0.6ms
[2026-01-15T18:37:28.387+0530][46.967s][info][gc,phases   ] GC(510)   Other: 0.2ms
[2026-01-15T18:37:28.387+0530][46.967s][info][gc,heap     ] GC(510) Eden regions: 0->0(46)
[2026-01-15T18:37:28.387+0530][46.967s][info][gc,heap     ] GC(510) Survivor regions: 0->0(6)
[2026-01-15T18:37:28.387+0530][46.967s][info][gc,heap     ] GC(510) Old regions: 2->2
[2026-01-15T18:37:28.387+0530][46.967s][info][gc,heap     ] GC(510) Humongous regions: 120->0
[2026-01-15T18:37:28.387+0530][46.967s][info][gc,metaspace] GC(510) Metaspace: 813K(960K)->813K(960K) NonClass: 760K(832K)->760K(832K) Class: 53K(128K)->53K(128K)
[2026-01-15T18:37:28.387+0530][46.967s][info][gc          ] GC(510) Pause Young (Concurrent Start) (G1 Humongous Allocation) 121M->1M(256M) 1.887ms
[2026-01-15T18:37:28.387+0530][46.967s][info][gc,cpu      ] GC(510) User=0.00s Sys=0.00s Real=0.00s
[2026-01-15T18:37:28.387+0530][46.967s][info][gc          ] GC(511) Concurrent Undo Cycle
[2026-01-15T18:37:28.387+0530][46.967s][info][gc,marking  ] GC(511) Concurrent Clear Claimed Marks
[2026-01-15T18:37:28.387+0530][46.967s][info][gc,marking  ] GC(511) Concurrent Clear Claimed Marks 0.018ms
[2026-01-15T18:37:28.387+0530][46.967s][info][gc,marking  ] GC(511) Concurrent Cleanup for Next Mark
[2026-01-15T18:37:28.387+0530][46.967s][info][gc,marking  ] GC(511) Concurrent Cleanup for Next Mark 0.149ms
[2026-01-15T18:37:28.387+0530][46.967s][info][gc          ] GC(511) Concurrent Undo Cycle 0.314ms
[2026-01-15T18:37:28.699+0530][47.279s][info][gc,start    ] GC(512) Pause Young (Concurrent Start) (G1 Humongous Allocation)
[2026-01-15T18:37:28.699+0530][47.279s][info][gc,task     ] GC(512) Using 6 workers of 8 for evacuation
[2026-01-15T18:37:28.701+0530][47.281s][info][gc,phases   ] GC(512)   Pre Evacuate Collection Set: 0.3ms
[2026-01-15T18:37:28.701+0530][47.281s][info][gc,phases   ] GC(512)   Merge Heap Roots: 0.2ms
[2026-01-15T18:37:28.701+0530][47.281s][info][gc,phases   ] GC(512)   Evacuate Collection Set: 0.4ms
[2026-01-15T18:37:28.701+0530][47.281s][info][gc,phases   ] GC(512)   Post Evacuate Collection Set: 0.7ms
[2026-01-15T18:37:28.701+0530][47.281s][info][gc,phases   ] GC(512)   Other: 0.3ms
[2026-01-15T18:37:28.701+0530][47.281s][info][gc,heap     ] GC(512) Eden regions: 0->0(46)
[2026-01-15T18:37:28.701+0530][47.281s][info][gc,heap     ] GC(512) Survivor regions: 0->0(6)
[2026-01-15T18:37:28.701+0530][47.281s][info][gc,heap     ] GC(512) Old regions: 2->2
[2026-01-15T18:37:28.701+0530][47.281s][info][gc,heap     ] GC(512) Humongous regions: 114->114
[2026-01-15T18:37:28.701+0530][47.281s][info][gc,metaspace] GC(512) Metaspace: 813K(960K)->813K(960K) NonClass: 760K(832K)->760K(832K) Class: 53K(128K)->53K(128K)
[2026-01-15T18:37:28.701+0530][47.281s][info][gc          ] GC(512) Pause Young (Concurrent Start) (G1 Humongous Allocation) 115M->115M(256M) 2.528ms
[2026-01-15T18:37:28.701+0530][47.282s][info][gc,cpu      ] GC(512) User=0.00s Sys=0.00s Real=0.00s
[2026-01-15T18:37:28.701+0530][47.282s][info][gc          ] GC(513) Concurrent Mark Cycle
[2026-01-15T18:37:28.701+0530][47.282s][info][gc,marking  ] GC(513) Concurrent Scan Root Regions
[2026-01-15T18:37:28.701+0530][47.282s][info][gc,marking  ] GC(513) Concurrent Scan Root Regions 0.024ms
[2026-01-15T18:37:28.701+0530][47.282s][info][gc,marking  ] GC(513) Concurrent Mark
[2026-01-15T18:37:28.701+0530][47.282s][info][gc,marking  ] GC(513) Concurrent Mark From Roots
[2026-01-15T18:37:28.701+0530][47.282s][info][gc,task     ] GC(513) Using 2 workers of 2 for marking
[2026-01-15T18:37:28.704+0530][47.284s][info][gc,marking  ] GC(513) Concurrent Mark From Roots 2.403ms
[2026-01-15T18:37:28.704+0530][47.284s][info][gc,marking  ] GC(513) Concurrent Preclean
[2026-01-15T18:37:28.704+0530][47.284s][info][gc,marking  ] GC(513) Concurrent Preclean 0.011ms
[2026-01-15T18:37:28.704+0530][47.284s][info][gc,start    ] GC(513) Pause Remark
[2026-01-15T18:37:28.705+0530][47.285s][info][gc          ] GC(513) Pause Remark 121M->121M(256M) 1.085ms
[2026-01-15T18:37:28.705+0530][47.285s][info][gc,cpu      ] GC(513) User=0.00s Sys=0.00s Real=0.00s
[2026-01-15T18:37:28.705+0530][47.285s][info][gc,marking  ] GC(513) Concurrent Mark 3.728ms
[2026-01-15T18:37:28.705+0530][47.285s][info][gc,marking  ] GC(513) Concurrent Rebuild Remembered Sets and Scrub Regions
[2026-01-15T18:37:28.707+0530][47.286s][info][gc,marking  ] GC(513) Concurrent Rebuild Remembered Sets and Scrub Regions 0.717ms
[2026-01-15T18:37:28.707+0530][47.286s][info][gc,start    ] GC(513) Pause Cleanup
[2026-01-15T18:37:28.707+0530][47.287s][info][gc          ] GC(513) Pause Cleanup 121M->121M(256M) 0.229ms
[2026-01-15T18:37:28.707+0530][47.287s][info][gc,cpu      ] GC(513) User=0.00s Sys=0.00s Real=0.00s
[2026-01-15T18:37:28.707+0530][47.287s][info][gc,marking  ] GC(513) Concurrent Clear Claimed Marks
[2026-01-15T18:37:28.707+0530][47.287s][info][gc,marking  ] GC(513) Concurrent Clear Claimed Marks 0.022ms
[2026-01-15T18:37:28.707+0530][47.287s][info][gc,marking  ] GC(513) Concurrent Cleanup for Next Mark
[2026-01-15T18:37:28.708+0530][47.287s][info][gc,marking  ] GC(513) Concurrent Cleanup for Next Mark 0.419ms
[2026-01-15T18:37:28.708+0530][47.287s][info][gc          ] GC(513) Concurrent Mark Cycle 5.560ms
[2026-01-15T18:37:28.762+0530][47.342s][info][gc,start    ] GC(514) Pause Young (Concurrent Start) (G1 Humongous Allocation)
[2026-01-15T18:37:28.762+0530][47.342s][info][gc,task     ] GC(514) Using 6 workers of 8 for evacuation
[2026-01-15T18:37:28.764+0530][47.343s][info][gc,phases   ] GC(514)   Pre Evacuate Collection Set: 0.2ms
[2026-01-15T18:37:28.764+0530][47.343s][info][gc,phases   ] GC(514)   Merge Heap Roots: 0.1ms
[2026-01-15T18:37:28.764+0530][47.343s][info][gc,phases   ] GC(514)   Evacuate Collection Set: 0.2ms
[2026-01-15T18:37:28.764+0530][47.343s][info][gc,phases   ] GC(514)   Post Evacuate Collection Set: 0.5ms
[2026-01-15T18:37:28.764+0530][47.343s][info][gc,phases   ] GC(514)   Other: 0.2ms
[2026-01-15T18:37:28.764+0530][47.343s][info][gc,heap     ] GC(514) Eden regions: 0->0(46)
[2026-01-15T18:37:28.764+0530][47.343s][info][gc,heap     ] GC(514) Survivor regions: 0->0(6)
[2026-01-15T18:37:28.764+0530][47.343s][info][gc,heap     ] GC(514) Old regions: 2->2
[2026-01-15T18:37:28.764+0530][47.343s][info][gc,heap     ] GC(514) Humongous regions: 120->0
[2026-01-15T18:37:28.764+0530][47.343s][info][gc,metaspace] GC(514) Metaspace: 813K(960K)->813K(960K) NonClass: 760K(832K)->760K(832K) Class: 53K(128K)->53K(128K)
[2026-01-15T18:37:28.764+0530][47.343s][info][gc          ] GC(514) Pause Young (Concurrent Start) (G1 Humongous Allocation) 121M->1M(256M) 1.484ms
[2026-01-15T18:37:28.764+0530][47.343s][info][gc,cpu      ] GC(514) User=0.00s Sys=0.00s Real=0.00s
[2026-01-15T18:37:28.764+0530][47.343s][info][gc          ] GC(515) Concurrent Undo Cycle
[2026-01-15T18:37:28.764+0530][47.344s][info][gc,marking  ] GC(515) Concurrent Clear Claimed Marks
[2026-01-15T18:37:28.764+0530][47.344s][info][gc,marking  ] GC(515) Concurrent Clear Claimed Marks 0.010ms
[2026-01-15T18:37:28.764+0530][47.344s][info][gc,marking  ] GC(515) Concurrent Cleanup for Next Mark
[2026-01-15T18:37:28.764+0530][47.344s][info][gc,marking  ] GC(515) Concurrent Cleanup for Next Mark 0.124ms
[2026-01-15T18:37:28.764+0530][47.344s][info][gc          ] GC(515) Concurrent Undo Cycle 0.221ms
[2026-01-15T18:37:29.075+0530][47.655s][info][gc,start    ] GC(516) Pause Young (Concurrent Start) (G1 Humongous Allocation)
[2026-01-15T18:37:29.075+0530][47.655s][info][gc,task     ] GC(516) Using 6 workers of 8 for evacuation
[2026-01-15T18:37:29.077+0530][47.657s][info][gc,phases   ] GC(516)   Pre Evacuate Collection Set: 0.4ms
[2026-01-15T18:37:29.077+0530][47.657s][info][gc,phases   ] GC(516)   Merge Heap Roots: 0.2ms
[2026-01-15T18:37:29.077+0530][47.657s][info][gc,phases   ] GC(516)   Evacuate Collection Set: 0.3ms
[2026-01-15T18:37:29.077+0530][47.657s][info][gc,phases   ] GC(516)   Post Evacuate Collection Set: 0.6ms
[2026-01-15T18:37:29.077+0530][47.657s][info][gc,phases   ] GC(516)   Other: 0.2ms
[2026-01-15T18:37:29.077+0530][47.657s][info][gc,heap     ] GC(516) Eden regions: 0->0(46)
[2026-01-15T18:37:29.077+0530][47.657s][info][gc,heap     ] GC(516) Survivor regions: 0->0(6)
[2026-01-15T18:37:29.077+0530][47.657s][info][gc,heap     ] GC(516) Old regions: 2->2
[2026-01-15T18:37:29.077+0530][47.657s][info][gc,heap     ] GC(516) Humongous regions: 114->114
[2026-01-15T18:37:29.077+0530][47.657s][info][gc,metaspace] GC(516) Metaspace: 813K(960K)->813K(960K) NonClass: 760K(832K)->760K(832K) Class: 53K(128K)->53K(128K)
[2026-01-15T18:37:29.077+0530][47.657s][info][gc          ] GC(516) Pause Young (Concurrent Start) (G1 Humongous Allocation) 115M->115M(256M) 2.063ms
[2026-01-15T18:37:29.077+0530][47.657s][info][gc,cpu      ] GC(516) User=0.00s Sys=0.00s Real=0.00s
[2026-01-15T18:37:29.077+0530][47.657s][info][gc          ] GC(517) Concurrent Mark Cycle
[2026-01-15T18:37:29.077+0530][47.658s][info][gc,marking  ] GC(517) Concurrent Scan Root Regions
[2026-01-15T18:37:29.077+0530][47.658s][info][gc,marking  ] GC(517) Concurrent Scan Root Regions 0.016ms
[2026-01-15T18:37:29.077+0530][47.658s][info][gc,marking  ] GC(517) Concurrent Mark
[2026-01-15T18:37:29.077+0530][47.658s][info][gc,marking  ] GC(517) Concurrent Mark From Roots
[2026-01-15T18:37:29.077+0530][47.658s][info][gc,task     ] GC(517) Using 2 workers of 2 for marking
[2026-01-15T18:37:29.080+0530][47.661s][info][gc,marking  ] GC(517) Concurrent Mark From Roots 3.136ms
[2026-01-15T18:37:29.080+0530][47.661s][info][gc,marking  ] GC(517) Concurrent Preclean
[2026-01-15T18:37:29.081+0530][47.661s][info][gc,marking  ] GC(517) Concurrent Preclean 0.028ms
[2026-01-15T18:37:29.081+0530][47.661s][info][gc,start    ] GC(517) Pause Remark
[2026-01-15T18:37:29.082+0530][47.662s][info][gc          ] GC(517) Pause Remark 121M->121M(256M) 1.420ms
[2026-01-15T18:37:29.082+0530][47.662s][info][gc,cpu      ] GC(517) User=0.00s Sys=0.00s Real=0.00s
[2026-01-15T18:37:29.082+0530][47.662s][info][gc,marking  ] GC(517) Concurrent Mark 4.905ms
[2026-01-15T18:37:29.082+0530][47.662s][info][gc,marking  ] GC(517) Concurrent Rebuild Remembered Sets and Scrub Regions
[2026-01-15T18:37:29.083+0530][47.663s][info][gc,marking  ] GC(517) Concurrent Rebuild Remembered Sets and Scrub Regions 0.855ms
[2026-01-15T18:37:29.083+0530][47.663s][info][gc,start    ] GC(517) Pause Cleanup
[2026-01-15T18:37:29.083+0530][47.664s][info][gc          ] GC(517) Pause Cleanup 121M->121M(256M) 0.222ms
[2026-01-15T18:37:29.083+0530][47.664s][info][gc,cpu      ] GC(517) User=0.00s Sys=0.00s Real=0.00s
[2026-01-15T18:37:29.083+0530][47.664s][info][gc,marking  ] GC(517) Concurrent Clear Claimed Marks
[2026-01-15T18:37:29.084+0530][47.664s][info][gc,marking  ] GC(517) Concurrent Clear Claimed Marks 0.039ms
[2026-01-15T18:37:29.084+0530][47.664s][info][gc,marking  ] GC(517) Concurrent Cleanup for Next Mark
[2026-01-15T18:37:29.084+0530][47.664s][info][gc,marking  ] GC(517) Concurrent Cleanup for Next Mark 0.423ms
[2026-01-15T18:37:29.084+0530][47.664s][info][gc          ] GC(517) Concurrent Mark Cycle 6.815ms
[2026-01-15T18:37:29.138+0530][47.717s][info][gc,start    ] GC(518) Pause Young (Concurrent Start) (G1 Humongous Allocation)
[2026-01-15T18:37:29.138+0530][47.717s][info][gc,task     ] GC(518) Using 6 workers of 8 for evacuation
[2026-01-15T18:37:29.138+0530][47.719s][info][gc,phases   ] GC(518)   Pre Evacuate Collection Set: 0.2ms
[2026-01-15T18:37:29.138+0530][47.719s][info][gc,phases   ] GC(518)   Merge Heap Roots: 0.1ms
[2026-01-15T18:37:29.138+0530][47.719s][info][gc,phases   ] GC(518)   Evacuate Collection Set: 0.2ms
[2026-01-15T18:37:29.138+0530][47.719s][info][gc,phases   ] GC(518)   Post Evacuate Collection Set: 0.6ms
[2026-01-15T18:37:29.138+0530][47.719s][info][gc,phases   ] GC(518)   Other: 0.1ms
[2026-01-15T18:37:29.138+0530][47.719s][info][gc,heap     ] GC(518) Eden regions: 0->0(46)
[2026-01-15T18:37:29.138+0530][47.719s][info][gc,heap     ] GC(518) Survivor regions: 0->0(6)
[2026-01-15T18:37:29.138+0530][47.719s][info][gc,heap     ] GC(518) Old regions: 2->2
[2026-01-15T18:37:29.138+0530][47.719s][info][gc,heap     ] GC(518) Humongous regions: 120->0
[2026-01-15T18:37:29.138+0530][47.719s][info][gc,metaspace] GC(518) Metaspace: 813K(960K)->813K(960K) NonClass: 760K(832K)->760K(832K) Class: 53K(128K)->53K(128K)
[2026-01-15T18:37:29.138+0530][47.719s][info][gc          ] GC(518) Pause Young (Concurrent Start) (G1 Humongous Allocation) 121M->1M(256M) 1.450ms
[2026-01-15T18:37:29.138+0530][47.719s][info][gc,cpu      ] GC(518) User=0.00s Sys=0.00s Real=0.00s
[2026-01-15T18:37:29.138+0530][47.719s][info][gc          ] GC(519) Concurrent Undo Cycle
[2026-01-15T18:37:29.138+0530][47.719s][info][gc,marking  ] GC(519) Concurrent Clear Claimed Marks
[2026-01-15T18:37:29.138+0530][47.719s][info][gc,marking  ] GC(519) Concurrent Clear Claimed Marks 0.015ms
[2026-01-15T18:37:29.139+0530][47.719s][info][gc,marking  ] GC(519) Concurrent Cleanup for Next Mark
[2026-01-15T18:37:29.139+0530][47.719s][info][gc,marking  ] GC(519) Concurrent Cleanup for Next Mark 0.115ms
[2026-01-15T18:37:29.139+0530][47.719s][info][gc          ] GC(519) Concurrent Undo Cycle 0.240ms
[2026-01-15T18:37:29.450+0530][48.030s][info][gc,start    ] GC(520) Pause Young (Concurrent Start) (G1 Humongous Allocation)
[2026-01-15T18:37:29.450+0530][48.030s][info][gc,task     ] GC(520) Using 6 workers of 8 for evacuation
[2026-01-15T18:37:29.452+0530][48.032s][info][gc,phases   ] GC(520)   Pre Evacuate Collection Set: 0.5ms
[2026-01-15T18:37:29.453+0530][48.032s][info][gc,phases   ] GC(520)   Merge Heap Roots: 0.3ms
[2026-01-15T18:37:29.453+0530][48.032s][info][gc,phases   ] GC(520)   Evacuate Collection Set: 0.4ms
[2026-01-15T18:37:29.453+0530][48.032s][info][gc,phases   ] GC(520)   Post Evacuate Collection Set: 1.0ms
[2026-01-15T18:37:29.453+0530][48.032s][info][gc,phases   ] GC(520)   Other: 0.3ms
[2026-01-15T18:37:29.453+0530][48.032s][info][gc,heap     ] GC(520) Eden regions: 0->0(46)
[2026-01-15T18:37:29.453+0530][48.032s][info][gc,heap     ] GC(520) Survivor regions: 0->0(6)
[2026-01-15T18:37:29.453+0530][48.032s][info][gc,heap     ] GC(520) Old regions: 2->2
[2026-01-15T18:37:29.453+0530][48.032s][info][gc,heap     ] GC(520) Humongous regions: 114->114
[2026-01-15T18:37:29.453+0530][48.033s][info][gc,metaspace] GC(520) Metaspace: 813K(960K)->813K(960K) NonClass: 760K(832K)->760K(832K) Class: 53K(128K)->53K(128K)
[2026-01-15T18:37:29.453+0530][48.033s][info][gc          ] GC(520) Pause Young (Concurrent Start) (G1 Humongous Allocation) 115M->115M(256M) 3.055ms
[2026-01-15T18:37:29.453+0530][48.033s][info][gc,cpu      ] GC(520) User=0.00s Sys=0.00s Real=0.00s
[2026-01-15T18:37:29.453+0530][48.033s][info][gc          ] GC(521) Concurrent Mark Cycle
[2026-01-15T18:37:29.453+0530][48.033s][info][gc,marking  ] GC(521) Concurrent Scan Root Regions
[2026-01-15T18:37:29.453+0530][48.033s][info][gc,marking  ] GC(521) Concurrent Scan Root Regions 0.027ms
[2026-01-15T18:37:29.453+0530][48.033s][info][gc,marking  ] GC(521) Concurrent Mark
[2026-01-15T18:37:29.453+0530][48.033s][info][gc,marking  ] GC(521) Concurrent Mark From Roots
[2026-01-15T18:37:29.453+0530][48.033s][info][gc,task     ] GC(521) Using 2 workers of 2 for marking
[2026-01-15T18:37:29.456+0530][48.036s][info][gc,marking  ] GC(521) Concurrent Mark From Roots 2.990ms
[2026-01-15T18:37:29.456+0530][48.036s][info][gc,marking  ] GC(521) Concurrent Preclean
[2026-01-15T18:37:29.456+0530][48.036s][info][gc,marking  ] GC(521) Concurrent Preclean 0.015ms
[2026-01-15T18:37:29.457+0530][48.036s][info][gc,start    ] GC(521) Pause Remark
[2026-01-15T18:37:29.457+0530][48.037s][info][gc          ] GC(521) Pause Remark 121M->121M(256M) 1.128ms
[2026-01-15T18:37:29.457+0530][48.037s][info][gc,cpu      ] GC(521) User=0.00s Sys=0.00s Real=0.00s
[2026-01-15T18:37:29.457+0530][48.037s][info][gc,marking  ] GC(521) Concurrent Mark 4.382ms
[2026-01-15T18:37:29.457+0530][48.037s][info][gc,marking  ] GC(521) Concurrent Rebuild Remembered Sets and Scrub Regions
[2026-01-15T18:37:29.458+0530][48.038s][info][gc,marking  ] GC(521) Concurrent Rebuild Remembered Sets and Scrub Regions 0.787ms
[2026-01-15T18:37:29.458+0530][48.038s][info][gc,start    ] GC(521) Pause Cleanup
[2026-01-15T18:37:29.458+0530][48.038s][info][gc          ] GC(521) Pause Cleanup 121M->121M(256M) 0.254ms
[2026-01-15T18:37:29.458+0530][48.038s][info][gc,cpu      ] GC(521) User=0.00s Sys=0.00s Real=0.00s
[2026-01-15T18:37:29.458+0530][48.038s][info][gc,marking  ] GC(521) Concurrent Clear Claimed Marks
[2026-01-15T18:37:29.458+0530][48.039s][info][gc,marking  ] GC(521) Concurrent Clear Claimed Marks 0.022ms
[2026-01-15T18:37:29.458+0530][48.039s][info][gc,marking  ] GC(521) Concurrent Cleanup for Next Mark
[2026-01-15T18:37:29.459+0530][48.039s][info][gc,marking  ] GC(521) Concurrent Cleanup for Next Mark 0.425ms
[2026-01-15T18:37:29.459+0530][48.039s][info][gc          ] GC(521) Concurrent Mark Cycle 6.291ms
[2026-01-15T18:37:29.512+0530][48.092s][info][gc,start    ] GC(522) Pause Young (Concurrent Start) (G1 Humongous Allocation)
[2026-01-15T18:37:29.512+0530][48.092s][info][gc,task     ] GC(522) Using 6 workers of 8 for evacuation
[2026-01-15T18:37:29.513+0530][48.092s][info][gc,phases   ] GC(522)   Pre Evacuate Collection Set: 0.1ms
[2026-01-15T18:37:29.513+0530][48.093s][info][gc,phases   ] GC(522)   Merge Heap Roots: 0.0ms
[2026-01-15T18:37:29.513+0530][48.093s][info][gc,phases   ] GC(522)   Evacuate Collection Set: 0.2ms
[2026-01-15T18:37:29.513+0530][48.093s][info][gc,phases   ] GC(522)   Post Evacuate Collection Set: 0.4ms
[2026-01-15T18:37:29.513+0530][48.093s][info][gc,phases   ] GC(522)   Other: 0.1ms
[2026-01-15T18:37:29.513+0530][48.093s][info][gc,heap     ] GC(522) Eden regions: 0->0(46)
[2026-01-15T18:37:29.513+0530][48.093s][info][gc,heap     ] GC(522) Survivor regions: 0->0(6)
[2026-01-15T18:37:29.513+0530][48.093s][info][gc,heap     ] GC(522) Old regions: 2->2
[2026-01-15T18:37:29.513+0530][48.093s][info][gc,heap     ] GC(522) Humongous regions: 120->0
[2026-01-15T18:37:29.513+0530][48.093s][info][gc,metaspace] GC(522) Metaspace: 813K(960K)->813K(960K) NonClass: 760K(832K)->760K(832K) Class: 53K(128K)->53K(128K)
[2026-01-15T18:37:29.513+0530][48.093s][info][gc          ] GC(522) Pause Young (Concurrent Start) (G1 Humongous Allocation) 121M->1M(256M) 1.055ms
[2026-01-15T18:37:29.513+0530][48.093s][info][gc,cpu      ] GC(522) User=0.00s Sys=0.00s Real=0.00s
[2026-01-15T18:37:29.513+0530][48.093s][info][gc          ] GC(523) Concurrent Undo Cycle
[2026-01-15T18:37:29.513+0530][48.093s][info][gc,marking  ] GC(523) Concurrent Clear Claimed Marks
[2026-01-15T18:37:29.513+0530][48.093s][info][gc,marking  ] GC(523) Concurrent Clear Claimed Marks 0.015ms
[2026-01-15T18:37:29.513+0530][48.093s][info][gc,marking  ] GC(523) Concurrent Cleanup for Next Mark
[2026-01-15T18:37:29.513+0530][48.093s][info][gc,marking  ] GC(523) Concurrent Cleanup for Next Mark 0.145ms
[2026-01-15T18:37:29.513+0530][48.093s][info][gc          ] GC(523) Concurrent Undo Cycle 0.288ms
[2026-01-15T18:37:29.837+0530][48.418s][info][gc,start    ] GC(524) Pause Young (Concurrent Start) (G1 Humongous Allocation)
[2026-01-15T18:37:29.837+0530][48.418s][info][gc,task     ] GC(524) Using 6 workers of 8 for evacuation
[2026-01-15T18:37:29.838+0530][48.418s][info][gc,phases   ] GC(524)   Pre Evacuate Collection Set: 0.2ms
[2026-01-15T18:37:29.838+0530][48.418s][info][gc,phases   ] GC(524)   Merge Heap Roots: 0.0ms
[2026-01-15T18:37:29.838+0530][48.418s][info][gc,phases   ] GC(524)   Evacuate Collection Set: 0.1ms
[2026-01-15T18:37:29.838+0530][48.418s][info][gc,phases   ] GC(524)   Post Evacuate Collection Set: 0.1ms
[2026-01-15T18:37:29.838+0530][48.418s][info][gc,phases   ] GC(524)   Other: 0.1ms
[2026-01-15T18:37:29.838+0530][48.418s][info][gc,heap     ] GC(524) Eden regions: 0->0(46)
[2026-01-15T18:37:29.838+0530][48.418s][info][gc,heap     ] GC(524) Survivor regions: 0->0(6)
[2026-01-15T18:37:29.838+0530][48.418s][info][gc,heap     ] GC(524) Old regions: 2->2
[2026-01-15T18:37:29.838+0530][48.418s][info][gc,heap     ] GC(524) Humongous regions: 114->114
[2026-01-15T18:37:29.838+0530][48.418s][info][gc,metaspace] GC(524) Metaspace: 813K(960K)->813K(960K) NonClass: 760K(832K)->760K(832K) Class: 53K(128K)->53K(128K)
[2026-01-15T18:37:29.838+0530][48.418s][info][gc          ] GC(524) Pause Young (Concurrent Start) (G1 Humongous Allocation) 115M->115M(256M) 0.835ms
[2026-01-15T18:37:29.838+0530][48.418s][info][gc,cpu      ] GC(524) User=0.00s Sys=0.00s Real=0.00s
[2026-01-15T18:37:29.838+0530][48.418s][info][gc          ] GC(525) Concurrent Mark Cycle
[2026-01-15T18:37:29.838+0530][48.418s][info][gc,marking  ] GC(525) Concurrent Scan Root Regions
[2026-01-15T18:37:29.838+0530][48.418s][info][gc,marking  ] GC(525) Concurrent Scan Root Regions 0.014ms
[2026-01-15T18:37:29.838+0530][48.418s][info][gc,marking  ] GC(525) Concurrent Mark
[2026-01-15T18:37:29.838+0530][48.418s][info][gc,marking  ] GC(525) Concurrent Mark From Roots
[2026-01-15T18:37:29.838+0530][48.419s][info][gc,task     ] GC(525) Using 2 workers of 2 for marking
[2026-01-15T18:37:29.840+0530][48.420s][info][gc,marking  ] GC(525) Concurrent Mark From Roots 1.824ms
[2026-01-15T18:37:29.840+0530][48.420s][info][gc,marking  ] GC(525) Concurrent Preclean
[2026-01-15T18:37:29.840+0530][48.420s][info][gc,marking  ] GC(525) Concurrent Preclean 0.014ms
[2026-01-15T18:37:29.840+0530][48.420s][info][gc,start    ] GC(525) Pause Remark
[2026-01-15T18:37:29.841+0530][48.421s][info][gc          ] GC(525) Pause Remark 121M->121M(256M) 0.472ms
[2026-01-15T18:37:29.841+0530][48.421s][info][gc,cpu      ] GC(525) User=0.00s Sys=0.00s Real=0.00s
[2026-01-15T18:37:29.841+0530][48.421s][info][gc,marking  ] GC(525) Concurrent Mark 2.488ms
[2026-01-15T18:37:29.841+0530][48.421s][info][gc,marking  ] GC(525) Concurrent Rebuild Remembered Sets and Scrub Regions
[2026-01-15T18:37:29.841+0530][48.422s][info][gc,marking  ] GC(525) Concurrent Rebuild Remembered Sets and Scrub Regions 0.654ms
[2026-01-15T18:37:29.842+0530][48.422s][info][gc,start    ] GC(525) Pause Cleanup
[2026-01-15T18:37:29.842+0530][48.422s][info][gc          ] GC(525) Pause Cleanup 121M->121M(256M) 0.098ms
[2026-01-15T18:37:29.842+0530][48.422s][info][gc,cpu      ] GC(525) User=0.00s Sys=0.00s Real=0.00s
[2026-01-15T18:37:29.842+0530][48.422s][info][gc,marking  ] GC(525) Concurrent Clear Claimed Marks
[2026-01-15T18:37:29.842+0530][48.422s][info][gc,marking  ] GC(525) Concurrent Clear Claimed Marks 0.024ms
[2026-01-15T18:37:29.842+0530][48.422s][info][gc,marking  ] GC(525) Concurrent Cleanup for Next Mark
[2026-01-15T18:37:29.842+0530][48.422s][info][gc,marking  ] GC(525) Concurrent Cleanup for Next Mark 0.359ms
[2026-01-15T18:37:29.842+0530][48.422s][info][gc          ] GC(525) Concurrent Mark Cycle 3.920ms
[2026-01-15T18:37:29.900+0530][48.479s][info][gc,start    ] GC(526) Pause Young (Concurrent Start) (G1 Humongous Allocation)
[2026-01-15T18:37:29.900+0530][48.479s][info][gc,task     ] GC(526) Using 6 workers of 8 for evacuation
[2026-01-15T18:37:29.901+0530][48.481s][info][gc,phases   ] GC(526)   Pre Evacuate Collection Set: 0.2ms
[2026-01-15T18:37:29.901+0530][48.481s][info][gc,phases   ] GC(526)   Merge Heap Roots: 0.2ms
[2026-01-15T18:37:29.901+0530][48.481s][info][gc,phases   ] GC(526)   Evacuate Collection Set: 0.3ms
[2026-01-15T18:37:29.901+0530][48.481s][info][gc,phases   ] GC(526)   Post Evacuate Collection Set: 0.5ms
[2026-01-15T18:37:29.901+0530][48.481s][info][gc,phases   ] GC(526)   Other: 0.2ms
[2026-01-15T18:37:29.901+0530][48.481s][info][gc,heap     ] GC(526) Eden regions: 0->0(46)
[2026-01-15T18:37:29.901+0530][48.481s][info][gc,heap     ] GC(526) Survivor regions: 0->0(6)
[2026-01-15T18:37:29.901+0530][48.481s][info][gc,heap     ] GC(526) Old regions: 2->2
[2026-01-15T18:37:29.901+0530][48.481s][info][gc,heap     ] GC(526) Humongous regions: 120->0
[2026-01-15T18:37:29.901+0530][48.481s][info][gc,metaspace] GC(526) Metaspace: 813K(960K)->813K(960K) NonClass: 760K(832K)->760K(832K) Class: 53K(128K)->53K(128K)
[2026-01-15T18:37:29.901+0530][48.481s][info][gc          ] GC(526) Pause Young (Concurrent Start) (G1 Humongous Allocation) 121M->1M(256M) 1.619ms
[2026-01-15T18:37:29.901+0530][48.481s][info][gc,cpu      ] GC(526) User=0.00s Sys=0.00s Real=0.00s
[2026-01-15T18:37:29.901+0530][48.481s][info][gc          ] GC(527) Concurrent Undo Cycle
[2026-01-15T18:37:29.901+0530][48.481s][info][gc,marking  ] GC(527) Concurrent Clear Claimed Marks
[2026-01-15T18:37:29.901+0530][48.481s][info][gc,marking  ] GC(527) Concurrent Clear Claimed Marks 0.010ms
[2026-01-15T18:37:29.901+0530][48.481s][info][gc,marking  ] GC(527) Concurrent Cleanup for Next Mark
[2026-01-15T18:37:29.901+0530][48.481s][info][gc,marking  ] GC(527) Concurrent Cleanup for Next Mark 0.124ms
[2026-01-15T18:37:29.901+0530][48.481s][info][gc          ] GC(527) Concurrent Undo Cycle 0.206ms
[2026-01-15T18:37:30.211+0530][48.791s][info][gc,start    ] GC(528) Pause Young (Concurrent Start) (G1 Humongous Allocation)
[2026-01-15T18:37:30.212+0530][48.792s][info][gc,task     ] GC(528) Using 6 workers of 8 for evacuation
[2026-01-15T18:37:30.213+0530][48.793s][info][gc,phases   ] GC(528)   Pre Evacuate Collection Set: 0.2ms
[2026-01-15T18:37:30.213+0530][48.793s][info][gc,phases   ] GC(528)   Merge Heap Roots: 0.0ms
[2026-01-15T18:37:30.213+0530][48.793s][info][gc,phases   ] GC(528)   Evacuate Collection Set: 0.3ms
[2026-01-15T18:37:30.213+0530][48.793s][info][gc,phases   ] GC(528)   Post Evacuate Collection Set: 0.8ms
[2026-01-15T18:37:30.213+0530][48.793s][info][gc,phases   ] GC(528)   Other: 0.1ms
[2026-01-15T18:37:30.213+0530][48.793s][info][gc,heap     ] GC(528) Eden regions: 0->0(46)
[2026-01-15T18:37:30.213+0530][48.793s][info][gc,heap     ] GC(528) Survivor regions: 0->0(6)
[2026-01-15T18:37:30.213+0530][48.793s][info][gc,heap     ] GC(528) Old regions: 2->2
[2026-01-15T18:37:30.213+0530][48.793s][info][gc,heap     ] GC(528) Humongous regions: 114->114
[2026-01-15T18:37:30.213+0530][48.793s][info][gc,metaspace] GC(528) Metaspace: 813K(960K)->813K(960K) NonClass: 760K(832K)->760K(832K) Class: 53K(128K)->53K(128K)
[2026-01-15T18:37:30.213+0530][48.793s][info][gc          ] GC(528) Pause Young (Concurrent Start) (G1 Humongous Allocation) 115M->115M(256M) 1.824ms
[2026-01-15T18:37:30.213+0530][48.793s][info][gc,cpu      ] GC(528) User=0.00s Sys=0.00s Real=0.00s
[2026-01-15T18:37:30.213+0530][48.793s][info][gc          ] GC(529) Concurrent Mark Cycle
[2026-01-15T18:37:30.213+0530][48.793s][info][gc,marking  ] GC(529) Concurrent Scan Root Regions
[2026-01-15T18:37:30.214+0530][48.793s][info][gc,marking  ] GC(529) Concurrent Scan Root Regions 0.038ms
[2026-01-15T18:37:30.214+0530][48.794s][info][gc,marking  ] GC(529) Concurrent Mark
[2026-01-15T18:37:30.214+0530][48.794s][info][gc,marking  ] GC(529) Concurrent Mark From Roots
[2026-01-15T18:37:30.214+0530][48.794s][info][gc,task     ] GC(529) Using 2 workers of 2 for marking
[2026-01-15T18:37:30.217+0530][48.797s][info][gc,marking  ] GC(529) Concurrent Mark From Roots 3.318ms
[2026-01-15T18:37:30.217+0530][48.797s][info][gc,marking  ] GC(529) Concurrent Preclean
[2026-01-15T18:37:30.217+0530][48.797s][info][gc,marking  ] GC(529) Concurrent Preclean 0.011ms
[2026-01-15T18:37:30.218+0530][48.797s][info][gc,start    ] GC(529) Pause Remark
[2026-01-15T18:37:30.218+0530][48.798s][info][gc          ] GC(529) Pause Remark 121M->121M(256M) 1.003ms
[2026-01-15T18:37:30.218+0530][48.798s][info][gc,cpu      ] GC(529) User=0.00s Sys=0.00s Real=0.00s
[2026-01-15T18:37:30.218+0530][48.798s][info][gc,marking  ] GC(529) Concurrent Mark 4.565ms
[2026-01-15T18:37:30.218+0530][48.798s][info][gc,marking  ] GC(529) Concurrent Rebuild Remembered Sets and Scrub Regions
[2026-01-15T18:37:30.218+0530][48.799s][info][gc,marking  ] GC(529) Concurrent Rebuild Remembered Sets and Scrub Regions 0.585ms
[2026-01-15T18:37:30.219+0530][48.799s][info][gc,start    ] GC(529) Pause Cleanup
[2026-01-15T18:37:30.219+0530][48.799s][info][gc          ] GC(529) Pause Cleanup 121M->121M(256M) 0.213ms
[2026-01-15T18:37:30.219+0530][48.799s][info][gc,cpu      ] GC(529) User=0.00s Sys=0.00s Real=0.00s
[2026-01-15T18:37:30.219+0530][48.799s][info][gc,marking  ] GC(529) Concurrent Clear Claimed Marks
[2026-01-15T18:37:30.219+0530][48.799s][info][gc,marking  ] GC(529) Concurrent Clear Claimed Marks 0.022ms
[2026-01-15T18:37:30.219+0530][48.799s][info][gc,marking  ] GC(529) Concurrent Cleanup for Next Mark
[2026-01-15T18:37:30.219+0530][48.799s][info][gc,marking  ] GC(529) Concurrent Cleanup for Next Mark 0.422ms
[2026-01-15T18:37:30.219+0530][48.800s][info][gc          ] GC(529) Concurrent Mark Cycle 6.197ms
[2026-01-15T18:37:30.275+0530][48.855s][info][gc,start    ] GC(530) Pause Young (Concurrent Start) (G1 Humongous Allocation)
[2026-01-15T18:37:30.275+0530][48.855s][info][gc,task     ] GC(530) Using 6 workers of 8 for evacuation
[2026-01-15T18:37:30.277+0530][48.857s][info][gc,phases   ] GC(530)   Pre Evacuate Collection Set: 0.3ms
[2026-01-15T18:37:30.277+0530][48.857s][info][gc,phases   ] GC(530)   Merge Heap Roots: 0.2ms
[2026-01-15T18:37:30.277+0530][48.857s][info][gc,phases   ] GC(530)   Evacuate Collection Set: 0.3ms
[2026-01-15T18:37:30.277+0530][48.857s][info][gc,phases   ] GC(530)   Post Evacuate Collection Set: 0.8ms
[2026-01-15T18:37:30.277+0530][48.857s][info][gc,phases   ] GC(530)   Other: 0.3ms
[2026-01-15T18:37:30.277+0530][48.857s][info][gc,heap     ] GC(530) Eden regions: 0->0(46)
[2026-01-15T18:37:30.277+0530][48.857s][info][gc,heap     ] GC(530) Survivor regions: 0->0(6)
[2026-01-15T18:37:30.277+0530][48.857s][info][gc,heap     ] GC(530) Old regions: 2->2
[2026-01-15T18:37:30.277+0530][48.857s][info][gc,heap     ] GC(530) Humongous regions: 120->0
[2026-01-15T18:37:30.277+0530][48.857s][info][gc,metaspace] GC(530) Metaspace: 813K(960K)->813K(960K) NonClass: 760K(832K)->760K(832K) Class: 53K(128K)->53K(128K)
[2026-01-15T18:37:30.277+0530][48.857s][info][gc          ] GC(530) Pause Young (Concurrent Start) (G1 Humongous Allocation) 121M->1M(256M) 2.374ms
[2026-01-15T18:37:30.277+0530][48.857s][info][gc,cpu      ] GC(530) User=0.00s Sys=0.00s Real=0.00s
[2026-01-15T18:37:30.277+0530][48.857s][info][gc          ] GC(531) Concurrent Undo Cycle
[2026-01-15T18:37:30.277+0530][48.857s][info][gc,marking  ] GC(531) Concurrent Clear Claimed Marks
[2026-01-15T18:37:30.277+0530][48.857s][info][gc,marking  ] GC(531) Concurrent Clear Claimed Marks 0.032ms
[2026-01-15T18:37:30.277+0530][48.857s][info][gc,marking  ] GC(531) Concurrent Cleanup for Next Mark
[2026-01-15T18:37:30.278+0530][48.858s][info][gc,marking  ] GC(531) Concurrent Cleanup for Next Mark 0.239ms
[2026-01-15T18:37:30.278+0530][48.858s][info][gc          ] GC(531) Concurrent Undo Cycle 0.508ms
[2026-01-15T18:37:30.589+0530][49.169s][info][gc,start    ] GC(532) Pause Young (Concurrent Start) (G1 Humongous Allocation)
[2026-01-15T18:37:30.589+0530][49.169s][info][gc,task     ] GC(532) Using 6 workers of 8 for evacuation
[2026-01-15T18:37:30.591+0530][49.171s][info][gc,phases   ] GC(532)   Pre Evacuate Collection Set: 0.4ms
[2026-01-15T18:37:30.591+0530][49.171s][info][gc,phases   ] GC(532)   Merge Heap Roots: 0.2ms
[2026-01-15T18:37:30.591+0530][49.171s][info][gc,phases   ] GC(532)   Evacuate Collection Set: 0.5ms
[2026-01-15T18:37:30.591+0530][49.171s][info][gc,phases   ] GC(532)   Post Evacuate Collection Set: 0.8ms
[2026-01-15T18:37:30.591+0530][49.171s][info][gc,phases   ] GC(532)   Other: 0.2ms
[2026-01-15T18:37:30.591+0530][49.171s][info][gc,heap     ] GC(532) Eden regions: 0->0(46)
[2026-01-15T18:37:30.591+0530][49.171s][info][gc,heap     ] GC(532) Survivor regions: 0->0(6)
[2026-01-15T18:37:30.591+0530][49.171s][info][gc,heap     ] GC(532) Old regions: 2->2
[2026-01-15T18:37:30.591+0530][49.171s][info][gc,heap     ] GC(532) Humongous regions: 114->114
[2026-01-15T18:37:30.591+0530][49.171s][info][gc,metaspace] GC(532) Metaspace: 813K(960K)->813K(960K) NonClass: 760K(832K)->760K(832K) Class: 53K(128K)->53K(128K)
[2026-01-15T18:37:30.591+0530][49.171s][info][gc          ] GC(532) Pause Young (Concurrent Start) (G1 Humongous Allocation) 115M->115M(256M) 2.553ms
[2026-01-15T18:37:30.591+0530][49.171s][info][gc,cpu      ] GC(532) User=0.00s Sys=0.00s Real=0.00s
[2026-01-15T18:37:30.592+0530][49.171s][info][gc          ] GC(533) Concurrent Mark Cycle
[2026-01-15T18:37:30.592+0530][49.171s][info][gc,marking  ] GC(533) Concurrent Scan Root Regions
[2026-01-15T18:37:30.592+0530][49.171s][info][gc,marking  ] GC(533) Concurrent Scan Root Regions 0.019ms
[2026-01-15T18:37:30.592+0530][49.171s][info][gc,marking  ] GC(533) Concurrent Mark
[2026-01-15T18:37:30.592+0530][49.171s][info][gc,marking  ] GC(533) Concurrent Mark From Roots
[2026-01-15T18:37:30.592+0530][49.171s][info][gc,task     ] GC(533) Using 2 workers of 2 for marking
[2026-01-15T18:37:30.594+0530][49.174s][info][gc,marking  ] GC(533) Concurrent Mark From Roots 2.373ms
[2026-01-15T18:37:30.594+0530][49.174s][info][gc,marking  ] GC(533) Concurrent Preclean
[2026-01-15T18:37:30.594+0530][49.174s][info][gc,marking  ] GC(533) Concurrent Preclean 0.016ms
[2026-01-15T18:37:30.594+0530][49.174s][info][gc,start    ] GC(533) Pause Remark
[2026-01-15T18:37:30.595+0530][49.175s][info][gc          ] GC(533) Pause Remark 121M->121M(256M) 1.181ms
[2026-01-15T18:37:30.595+0530][49.175s][info][gc,cpu      ] GC(533) User=0.00s Sys=0.00s Real=0.00s
[2026-01-15T18:37:30.595+0530][49.175s][info][gc,marking  ] GC(533) Concurrent Mark 3.877ms
[2026-01-15T18:37:30.595+0530][49.175s][info][gc,marking  ] GC(533) Concurrent Rebuild Remembered Sets and Scrub Regions
[2026-01-15T18:37:30.596+0530][49.176s][info][gc,marking  ] GC(533) Concurrent Rebuild Remembered Sets and Scrub Regions 0.610ms
[2026-01-15T18:37:30.596+0530][49.176s][info][gc,start    ] GC(533) Pause Cleanup
[2026-01-15T18:37:30.596+0530][49.176s][info][gc          ] GC(533) Pause Cleanup 121M->121M(256M) 0.233ms
[2026-01-15T18:37:30.596+0530][49.176s][info][gc,cpu      ] GC(533) User=0.00s Sys=0.00s Real=0.00s
[2026-01-15T18:37:30.596+0530][49.176s][info][gc,marking  ] GC(533) Concurrent Clear Claimed Marks
[2026-01-15T18:37:30.596+0530][49.176s][info][gc,marking  ] GC(533) Concurrent Clear Claimed Marks 0.022ms
[2026-01-15T18:37:30.596+0530][49.176s][info][gc,marking  ] GC(533) Concurrent Cleanup for Next Mark
[2026-01-15T18:37:30.597+0530][49.177s][info][gc,marking  ] GC(533) Concurrent Cleanup for Next Mark 0.421ms
[2026-01-15T18:37:30.597+0530][49.177s][info][gc          ] GC(533) Concurrent Mark Cycle 5.484ms
[2026-01-15T18:37:30.651+0530][49.230s][info][gc,start    ] GC(534) Pause Young (Concurrent Start) (G1 Humongous Allocation)
[2026-01-15T18:37:30.651+0530][49.230s][info][gc,task     ] GC(534) Using 6 workers of 8 for evacuation
[2026-01-15T18:37:30.652+0530][49.231s][info][gc,phases   ] GC(534)   Pre Evacuate Collection Set: 0.1ms
[2026-01-15T18:37:30.652+0530][49.231s][info][gc,phases   ] GC(534)   Merge Heap Roots: 0.1ms
[2026-01-15T18:37:30.652+0530][49.231s][info][gc,phases   ] GC(534)   Evacuate Collection Set: 0.1ms
[2026-01-15T18:37:30.652+0530][49.231s][info][gc,phases   ] GC(534)   Post Evacuate Collection Set: 0.5ms
[2026-01-15T18:37:30.652+0530][49.231s][info][gc,phases   ] GC(534)   Other: 0.1ms
[2026-01-15T18:37:30.652+0530][49.231s][info][gc,heap     ] GC(534) Eden regions: 0->0(46)
[2026-01-15T18:37:30.652+0530][49.231s][info][gc,heap     ] GC(534) Survivor regions: 0->0(6)
[2026-01-15T18:37:30.652+0530][49.231s][info][gc,heap     ] GC(534) Old regions: 2->2
[2026-01-15T18:37:30.652+0530][49.231s][info][gc,heap     ] GC(534) Humongous regions: 120->0
[2026-01-15T18:37:30.652+0530][49.231s][info][gc,metaspace] GC(534) Metaspace: 813K(960K)->813K(960K) NonClass: 760K(832K)->760K(832K) Class: 53K(128K)->53K(128K)
[2026-01-15T18:37:30.652+0530][49.231s][info][gc          ] GC(534) Pause Young (Concurrent Start) (G1 Humongous Allocation) 121M->1M(256M) 1.138ms
[2026-01-15T18:37:30.652+0530][49.231s][info][gc,cpu      ] GC(534) User=0.00s Sys=0.00s Real=0.00s
[2026-01-15T18:37:30.652+0530][49.231s][info][gc          ] GC(535) Concurrent Undo Cycle
[2026-01-15T18:37:30.652+0530][49.231s][info][gc,marking  ] GC(535) Concurrent Clear Claimed Marks
[2026-01-15T18:37:30.652+0530][49.231s][info][gc,marking  ] GC(535) Concurrent Clear Claimed Marks 0.011ms
[2026-01-15T18:37:30.652+0530][49.231s][info][gc,marking  ] GC(535) Concurrent Cleanup for Next Mark
[2026-01-15T18:37:30.652+0530][49.232s][info][gc,marking  ] GC(535) Concurrent Cleanup for Next Mark 0.168ms
[2026-01-15T18:37:30.652+0530][49.232s][info][gc          ] GC(535) Concurrent Undo Cycle 0.254ms
[2026-01-15T18:37:30.964+0530][49.544s][info][gc,start    ] GC(536) Pause Young (Concurrent Start) (G1 Humongous Allocation)
[2026-01-15T18:37:30.964+0530][49.544s][info][gc,task     ] GC(536) Using 6 workers of 8 for evacuation
[2026-01-15T18:37:30.966+0530][49.545s][info][gc,phases   ] GC(536)   Pre Evacuate Collection Set: 0.3ms
[2026-01-15T18:37:30.966+0530][49.545s][info][gc,phases   ] GC(536)   Merge Heap Roots: 0.2ms
[2026-01-15T18:37:30.966+0530][49.545s][info][gc,phases   ] GC(536)   Evacuate Collection Set: 0.3ms
[2026-01-15T18:37:30.966+0530][49.545s][info][gc,phases   ] GC(536)   Post Evacuate Collection Set: 0.5ms
[2026-01-15T18:37:30.966+0530][49.545s][info][gc,phases   ] GC(536)   Other: 0.2ms
[2026-01-15T18:37:30.966+0530][49.545s][info][gc,heap     ] GC(536) Eden regions: 0->0(46)
[2026-01-15T18:37:30.966+0530][49.545s][info][gc,heap     ] GC(536) Survivor regions: 0->0(6)
[2026-01-15T18:37:30.966+0530][49.545s][info][gc,heap     ] GC(536) Old regions: 2->2
[2026-01-15T18:37:30.966+0530][49.545s][info][gc,heap     ] GC(536) Humongous regions: 114->114
[2026-01-15T18:37:30.966+0530][49.545s][info][gc,metaspace] GC(536) Metaspace: 813K(960K)->813K(960K) NonClass: 760K(832K)->760K(832K) Class: 53K(128K)->53K(128K)
[2026-01-15T18:37:30.966+0530][49.545s][info][gc          ] GC(536) Pause Young (Concurrent Start) (G1 Humongous Allocation) 115M->115M(256M) 1.682ms
[2026-01-15T18:37:30.966+0530][49.545s][info][gc,cpu      ] GC(536) User=0.00s Sys=0.00s Real=0.00s
[2026-01-15T18:37:30.966+0530][49.545s][info][gc          ] GC(537) Concurrent Mark Cycle
[2026-01-15T18:37:30.966+0530][49.545s][info][gc,marking  ] GC(537) Concurrent Scan Root Regions
[2026-01-15T18:37:30.966+0530][49.545s][info][gc,marking  ] GC(537) Concurrent Scan Root Regions 0.017ms
[2026-01-15T18:37:30.966+0530][49.546s][info][gc,marking  ] GC(537) Concurrent Mark
[2026-01-15T18:37:30.966+0530][49.546s][info][gc,marking  ] GC(537) Concurrent Mark From Roots
[2026-01-15T18:37:30.966+0530][49.546s][info][gc,task     ] GC(537) Using 2 workers of 2 for marking
[2026-01-15T18:37:30.969+0530][49.549s][info][gc,marking  ] GC(537) Concurrent Mark From Roots 3.080ms
[2026-01-15T18:37:30.969+0530][49.549s][info][gc,marking  ] GC(537) Concurrent Preclean
[2026-01-15T18:37:30.969+0530][49.549s][info][gc,marking  ] GC(537) Concurrent Preclean 0.012ms
[2026-01-15T18:37:30.969+0530][49.549s][info][gc,start    ] GC(537) Pause Remark
[2026-01-15T18:37:30.970+0530][49.550s][info][gc          ] GC(537) Pause Remark 121M->121M(256M) 1.086ms
[2026-01-15T18:37:30.970+0530][49.550s][info][gc,cpu      ] GC(537) User=0.00s Sys=0.00s Real=0.00s
[2026-01-15T18:37:30.970+0530][49.550s][info][gc,marking  ] GC(537) Concurrent Mark 4.396ms
[2026-01-15T18:37:30.970+0530][49.550s][info][gc,marking  ] GC(537) Concurrent Rebuild Remembered Sets and Scrub Regions
[2026-01-15T18:37:30.970+0530][49.551s][info][gc,marking  ] GC(537) Concurrent Rebuild Remembered Sets and Scrub Regions 0.607ms
[2026-01-15T18:37:30.971+0530][49.551s][info][gc,start    ] GC(537) Pause Cleanup
[2026-01-15T18:37:30.971+0530][49.551s][info][gc          ] GC(537) Pause Cleanup 121M->121M(256M) 0.181ms
[2026-01-15T18:37:30.971+0530][49.551s][info][gc,cpu      ] GC(537) User=0.00s Sys=0.00s Real=0.00s
[2026-01-15T18:37:30.971+0530][49.551s][info][gc,marking  ] GC(537) Concurrent Clear Claimed Marks
[2026-01-15T18:37:30.971+0530][49.551s][info][gc,marking  ] GC(537) Concurrent Clear Claimed Marks 0.023ms
[2026-01-15T18:37:30.971+0530][49.551s][info][gc,marking  ] GC(537) Concurrent Cleanup for Next Mark
[2026-01-15T18:37:30.971+0530][49.551s][info][gc,marking  ] GC(537) Concurrent Cleanup for Next Mark 0.437ms
[2026-01-15T18:37:30.971+0530][49.551s][info][gc          ] GC(537) Concurrent Mark Cycle 6.003ms
[2026-01-15T18:37:31.025+0530][49.605s][info][gc,start    ] GC(538) Pause Young (Concurrent Start) (G1 Humongous Allocation)
[2026-01-15T18:37:31.025+0530][49.605s][info][gc,task     ] GC(538) Using 6 workers of 8 for evacuation
[2026-01-15T18:37:31.027+0530][49.607s][info][gc,phases   ] GC(538)   Pre Evacuate Collection Set: 0.4ms
[2026-01-15T18:37:31.027+0530][49.607s][info][gc,phases   ] GC(538)   Merge Heap Roots: 0.1ms
[2026-01-15T18:37:31.027+0530][49.607s][info][gc,phases   ] GC(538)   Evacuate Collection Set: 0.4ms
[2026-01-15T18:37:31.027+0530][49.607s][info][gc,phases   ] GC(538)   Post Evacuate Collection Set: 0.6ms
[2026-01-15T18:37:31.027+0530][49.607s][info][gc,phases   ] GC(538)   Other: 0.2ms
[2026-01-15T18:37:31.027+0530][49.607s][info][gc,heap     ] GC(538) Eden regions: 0->0(46)
[2026-01-15T18:37:31.027+0530][49.607s][info][gc,heap     ] GC(538) Survivor regions: 0->0(6)
[2026-01-15T18:37:31.027+0530][49.607s][info][gc,heap     ] GC(538) Old regions: 2->2
[2026-01-15T18:37:31.027+0530][49.607s][info][gc,heap     ] GC(538) Humongous regions: 120->0
[2026-01-15T18:37:31.027+0530][49.607s][info][gc,metaspace] GC(538) Metaspace: 813K(960K)->813K(960K) NonClass: 760K(832K)->760K(832K) Class: 53K(128K)->53K(128K)
[2026-01-15T18:37:31.027+0530][49.607s][info][gc          ] GC(538) Pause Young (Concurrent Start) (G1 Humongous Allocation) 121M->1M(256M) 2.192ms
[2026-01-15T18:37:31.027+0530][49.608s][info][gc,cpu      ] GC(538) User=0.00s Sys=0.00s Real=0.00s
[2026-01-15T18:37:31.027+0530][49.608s][info][gc          ] GC(539) Concurrent Undo Cycle
[2026-01-15T18:37:31.027+0530][49.608s][info][gc,marking  ] GC(539) Concurrent Clear Claimed Marks
[2026-01-15T18:37:31.027+0530][49.608s][info][gc,marking  ] GC(539) Concurrent Clear Claimed Marks 0.031ms
[2026-01-15T18:37:31.027+0530][49.608s][info][gc,marking  ] GC(539) Concurrent Cleanup for Next Mark
[2026-01-15T18:37:31.029+0530][49.608s][info][gc,marking  ] GC(539) Concurrent Cleanup for Next Mark 0.240ms
[2026-01-15T18:37:31.029+0530][49.608s][info][gc          ] GC(539) Concurrent Undo Cycle 0.486ms
[2026-01-15T18:37:31.338+0530][49.917s][info][gc,start    ] GC(540) Pause Young (Concurrent Start) (G1 Humongous Allocation)
[2026-01-15T18:37:31.338+0530][49.917s][info][gc,task     ] GC(540) Using 6 workers of 8 for evacuation
[2026-01-15T18:37:31.340+0530][49.920s][info][gc,phases   ] GC(540)   Pre Evacuate Collection Set: 0.5ms
[2026-01-15T18:37:31.340+0530][49.920s][info][gc,phases   ] GC(540)   Merge Heap Roots: 0.2ms
[2026-01-15T18:37:31.340+0530][49.920s][info][gc,phases   ] GC(540)   Evacuate Collection Set: 0.4ms
[2026-01-15T18:37:31.340+0530][49.920s][info][gc,phases   ] GC(540)   Post Evacuate Collection Set: 1.0ms
[2026-01-15T18:37:31.340+0530][49.920s][info][gc,phases   ] GC(540)   Other: 0.4ms
[2026-01-15T18:37:31.340+0530][49.920s][info][gc,heap     ] GC(540) Eden regions: 0->0(46)
[2026-01-15T18:37:31.340+0530][49.920s][info][gc,heap     ] GC(540) Survivor regions: 0->0(6)
[2026-01-15T18:37:31.340+0530][49.920s][info][gc,heap     ] GC(540) Old regions: 2->2
[2026-01-15T18:37:31.340+0530][49.920s][info][gc,heap     ] GC(540) Humongous regions: 114->114
[2026-01-15T18:37:31.340+0530][49.920s][info][gc,metaspace] GC(540) Metaspace: 813K(960K)->813K(960K) NonClass: 760K(832K)->760K(832K) Class: 53K(128K)->53K(128K)
[2026-01-15T18:37:31.340+0530][49.920s][info][gc          ] GC(540) Pause Young (Concurrent Start) (G1 Humongous Allocation) 115M->115M(256M) 2.952ms
[2026-01-15T18:37:31.340+0530][49.920s][info][gc,cpu      ] GC(540) User=0.00s Sys=0.00s Real=0.00s
[2026-01-15T18:37:31.340+0530][49.920s][info][gc          ] GC(541) Concurrent Mark Cycle
[2026-01-15T18:37:31.341+0530][49.921s][info][gc,marking  ] GC(541) Concurrent Scan Root Regions
[2026-01-15T18:37:31.341+0530][49.921s][info][gc,marking  ] GC(541) Concurrent Scan Root Regions 0.028ms
[2026-01-15T18:37:31.341+0530][49.921s][info][gc,marking  ] GC(541) Concurrent Mark
[2026-01-15T18:37:31.341+0530][49.921s][info][gc,marking  ] GC(541) Concurrent Mark From Roots
[2026-01-15T18:37:31.341+0530][49.921s][info][gc,task     ] GC(541) Using 2 workers of 2 for marking
[2026-01-15T18:37:31.344+0530][49.924s][info][gc,marking  ] GC(541) Concurrent Mark From Roots 3.483ms
[2026-01-15T18:37:31.344+0530][49.924s][info][gc,marking  ] GC(541) Concurrent Preclean
[2026-01-15T18:37:31.344+0530][49.924s][info][gc,marking  ] GC(541) Concurrent Preclean 0.025ms
[2026-01-15T18:37:31.344+0530][49.924s][info][gc,start    ] GC(541) Pause Remark
[2026-01-15T18:37:31.345+0530][49.926s][info][gc          ] GC(541) Pause Remark 121M->121M(256M) 1.156ms
[2026-01-15T18:37:31.345+0530][49.926s][info][gc,cpu      ] GC(541) User=0.00s Sys=0.00s Real=0.00s
[2026-01-15T18:37:31.345+0530][49.926s][info][gc,marking  ] GC(541) Concurrent Mark 5.001ms
[2026-01-15T18:37:31.345+0530][49.926s][info][gc,marking  ] GC(541) Concurrent Rebuild Remembered Sets and Scrub Regions
[2026-01-15T18:37:31.346+0530][49.926s][info][gc,marking  ] GC(541) Concurrent Rebuild Remembered Sets and Scrub Regions 0.786ms
[2026-01-15T18:37:31.346+0530][49.927s][info][gc,start    ] GC(541) Pause Cleanup
[2026-01-15T18:37:31.347+0530][49.927s][info][gc          ] GC(541) Pause Cleanup 121M->121M(256M) 0.266ms
[2026-01-15T18:37:31.347+0530][49.927s][info][gc,cpu      ] GC(541) User=0.00s Sys=0.00s Real=0.00s
[2026-01-15T18:37:31.347+0530][49.927s][info][gc,marking  ] GC(541) Concurrent Clear Claimed Marks
[2026-01-15T18:37:31.347+0530][49.927s][info][gc,marking  ] GC(541) Concurrent Clear Claimed Marks 0.025ms
[2026-01-15T18:37:31.347+0530][49.927s][info][gc,marking  ] GC(541) Concurrent Cleanup for Next Mark
[2026-01-15T18:37:31.347+0530][49.927s][info][gc,marking  ] GC(541) Concurrent Cleanup for Next Mark 0.405ms
[2026-01-15T18:37:31.347+0530][49.927s][info][gc          ] GC(541) Concurrent Mark Cycle 6.880ms
[2026-01-15T18:37:31.400+0530][49.980s][info][gc,start    ] GC(542) Pause Young (Concurrent Start) (G1 Humongous Allocation)
[2026-01-15T18:37:31.400+0530][49.980s][info][gc,task     ] GC(542) Using 6 workers of 8 for evacuation
[2026-01-15T18:37:31.402+0530][49.982s][info][gc,phases   ] GC(542)   Pre Evacuate Collection Set: 0.4ms
[2026-01-15T18:37:31.402+0530][49.982s][info][gc,phases   ] GC(542)   Merge Heap Roots: 0.2ms
[2026-01-15T18:37:31.402+0530][49.982s][info][gc,phases   ] GC(542)   Evacuate Collection Set: 0.5ms
[2026-01-15T18:37:31.402+0530][49.982s][info][gc,phases   ] GC(542)   Post Evacuate Collection Set: 1.0ms
[2026-01-15T18:37:31.403+0530][49.982s][info][gc,phases   ] GC(542)   Other: 0.3ms
[2026-01-15T18:37:31.403+0530][49.982s][info][gc,heap     ] GC(542) Eden regions: 0->0(46)
[2026-01-15T18:37:31.403+0530][49.982s][info][gc,heap     ] GC(542) Survivor regions: 0->0(6)
[2026-01-15T18:37:31.403+0530][49.982s][info][gc,heap     ] GC(542) Old regions: 2->2
[2026-01-15T18:37:31.403+0530][49.982s][info][gc,heap     ] GC(542) Humongous regions: 120->0
[2026-01-15T18:37:31.403+0530][49.982s][info][gc,metaspace] GC(542) Metaspace: 813K(960K)->813K(960K) NonClass: 760K(832K)->760K(832K) Class: 53K(128K)->53K(128K)
[2026-01-15T18:37:31.403+0530][49.983s][info][gc          ] GC(542) Pause Young (Concurrent Start) (G1 Humongous Allocation) 121M->1M(256M) 2.953ms
[2026-01-15T18:37:31.403+0530][49.983s][info][gc,cpu      ] GC(542) User=0.00s Sys=0.00s Real=0.00s
[2026-01-15T18:37:31.403+0530][49.983s][info][gc          ] GC(543) Concurrent Undo Cycle
[2026-01-15T18:37:31.403+0530][49.983s][info][gc,marking  ] GC(543) Concurrent Clear Claimed Marks
[2026-01-15T18:37:31.403+0530][49.983s][info][gc,marking  ] GC(543) Concurrent Clear Claimed Marks 0.054ms
[2026-01-15T18:37:31.403+0530][49.983s][info][gc,marking  ] GC(543) Concurrent Cleanup for Next Mark
[2026-01-15T18:37:31.403+0530][49.983s][info][gc,marking  ] GC(543) Concurrent Cleanup for Next Mark 0.221ms
[2026-01-15T18:37:31.403+0530][49.983s][info][gc          ] GC(543) Concurrent Undo Cycle 0.540ms
[2026-01-15T18:37:31.712+0530][50.293s][info][gc,start    ] GC(544) Pause Young (Concurrent Start) (G1 Humongous Allocation)
[2026-01-15T18:37:31.712+0530][50.293s][info][gc,task     ] GC(544) Using 6 workers of 8 for evacuation
[2026-01-15T18:37:31.713+0530][50.293s][info][gc,phases   ] GC(544)   Pre Evacuate Collection Set: 0.1ms
[2026-01-15T18:37:31.713+0530][50.293s][info][gc,phases   ] GC(544)   Merge Heap Roots: 0.0ms
[2026-01-15T18:37:31.713+0530][50.293s][info][gc,phases   ] GC(544)   Evacuate Collection Set: 0.2ms
[2026-01-15T18:37:31.713+0530][50.293s][info][gc,phases   ] GC(544)   Post Evacuate Collection Set: 0.3ms
[2026-01-15T18:37:31.713+0530][50.293s][info][gc,phases   ] GC(544)   Other: 0.1ms
[2026-01-15T18:37:31.713+0530][50.293s][info][gc,heap     ] GC(544) Eden regions: 0->0(46)
[2026-01-15T18:37:31.713+0530][50.293s][info][gc,heap     ] GC(544) Survivor regions: 0->0(6)
[2026-01-15T18:37:31.713+0530][50.293s][info][gc,heap     ] GC(544) Old regions: 2->2
[2026-01-15T18:37:31.713+0530][50.293s][info][gc,heap     ] GC(544) Humongous regions: 114->114
[2026-01-15T18:37:31.713+0530][50.294s][info][gc,metaspace] GC(544) Metaspace: 813K(960K)->813K(960K) NonClass: 760K(832K)->760K(832K) Class: 53K(128K)->53K(128K)
[2026-01-15T18:37:31.713+0530][50.294s][info][gc          ] GC(544) Pause Young (Concurrent Start) (G1 Humongous Allocation) 115M->115M(256M) 0.953ms
[2026-01-15T18:37:31.713+0530][50.294s][info][gc,cpu      ] GC(544) User=0.00s Sys=0.00s Real=0.00s
[2026-01-15T18:37:31.713+0530][50.294s][info][gc          ] GC(545) Concurrent Mark Cycle
[2026-01-15T18:37:31.713+0530][50.294s][info][gc,marking  ] GC(545) Concurrent Scan Root Regions
[2026-01-15T18:37:31.713+0530][50.294s][info][gc,marking  ] GC(545) Concurrent Scan Root Regions 0.014ms
[2026-01-15T18:37:31.713+0530][50.294s][info][gc,marking  ] GC(545) Concurrent Mark
[2026-01-15T18:37:31.713+0530][50.294s][info][gc,marking  ] GC(545) Concurrent Mark From Roots
[2026-01-15T18:37:31.713+0530][50.294s][info][gc,task     ] GC(545) Using 2 workers of 2 for marking
[2026-01-15T18:37:31.715+0530][50.295s][info][gc,marking  ] GC(545) Concurrent Mark From Roots 1.637ms
[2026-01-15T18:37:31.715+0530][50.295s][info][gc,marking  ] GC(545) Concurrent Preclean
[2026-01-15T18:37:31.715+0530][50.295s][info][gc,marking  ] GC(545) Concurrent Preclean 0.012ms
[2026-01-15T18:37:31.715+0530][50.295s][info][gc,start    ] GC(545) Pause Remark
[2026-01-15T18:37:31.716+0530][50.296s][info][gc          ] GC(545) Pause Remark 121M->121M(256M) 0.709ms
[2026-01-15T18:37:31.716+0530][50.296s][info][gc,cpu      ] GC(545) User=0.00s Sys=0.00s Real=0.00s
[2026-01-15T18:37:31.716+0530][50.296s][info][gc,marking  ] GC(545) Concurrent Mark 2.602ms
[2026-01-15T18:37:31.716+0530][50.296s][info][gc,marking  ] GC(545) Concurrent Rebuild Remembered Sets and Scrub Regions
[2026-01-15T18:37:31.717+0530][50.297s][info][gc,marking  ] GC(545) Concurrent Rebuild Remembered Sets and Scrub Regions 0.778ms
[2026-01-15T18:37:31.717+0530][50.297s][info][gc,start    ] GC(545) Pause Cleanup
[2026-01-15T18:37:31.717+0530][50.297s][info][gc          ] GC(545) Pause Cleanup 121M->121M(256M) 0.151ms
[2026-01-15T18:37:31.717+0530][50.297s][info][gc,cpu      ] GC(545) User=0.00s Sys=0.00s Real=0.00s
[2026-01-15T18:37:31.717+0530][50.297s][info][gc,marking  ] GC(545) Concurrent Clear Claimed Marks
[2026-01-15T18:37:31.717+0530][50.297s][info][gc,marking  ] GC(545) Concurrent Clear Claimed Marks 0.025ms
[2026-01-15T18:37:31.717+0530][50.297s][info][gc,marking  ] GC(545) Concurrent Cleanup for Next Mark
[2026-01-15T18:37:31.718+0530][50.298s][info][gc,marking  ] GC(545) Concurrent Cleanup for Next Mark 0.327ms
[2026-01-15T18:37:31.718+0530][50.298s][info][gc          ] GC(545) Concurrent Mark Cycle 4.255ms
[2026-01-15T18:37:31.774+0530][50.354s][info][gc,start    ] GC(546) Pause Young (Concurrent Start) (G1 Humongous Allocation)
[2026-01-15T18:37:31.774+0530][50.354s][info][gc,task     ] GC(546) Using 6 workers of 8 for evacuation
[2026-01-15T18:37:31.775+0530][50.355s][info][gc,phases   ] GC(546)   Pre Evacuate Collection Set: 0.1ms
[2026-01-15T18:37:31.775+0530][50.355s][info][gc,phases   ] GC(546)   Merge Heap Roots: 0.0ms
[2026-01-15T18:37:31.775+0530][50.355s][info][gc,phases   ] GC(546)   Evacuate Collection Set: 0.2ms
[2026-01-15T18:37:31.775+0530][50.355s][info][gc,phases   ] GC(546)   Post Evacuate Collection Set: 0.3ms
[2026-01-15T18:37:31.775+0530][50.355s][info][gc,phases   ] GC(546)   Other: 0.1ms
[2026-01-15T18:37:31.775+0530][50.355s][info][gc,heap     ] GC(546) Eden regions: 0->0(46)
[2026-01-15T18:37:31.775+0530][50.355s][info][gc,heap     ] GC(546) Survivor regions: 0->0(6)
[2026-01-15T18:37:31.775+0530][50.355s][info][gc,heap     ] GC(546) Old regions: 2->2
[2026-01-15T18:37:31.775+0530][50.355s][info][gc,heap     ] GC(546) Humongous regions: 120->0
[2026-01-15T18:37:31.775+0530][50.355s][info][gc,metaspace] GC(546) Metaspace: 813K(960K)->813K(960K) NonClass: 760K(832K)->760K(832K) Class: 53K(128K)->53K(128K)
[2026-01-15T18:37:31.775+0530][50.355s][info][gc          ] GC(546) Pause Young (Concurrent Start) (G1 Humongous Allocation) 121M->1M(256M) 0.994ms
[2026-01-15T18:37:31.775+0530][50.355s][info][gc          ] GC(547) Concurrent Undo Cycle
[2026-01-15T18:37:31.775+0530][50.355s][info][gc,cpu      ] GC(546) User=0.00s Sys=0.00s Real=0.00s
[2026-01-15T18:37:31.775+0530][50.355s][info][gc,marking  ] GC(547) Concurrent Clear Claimed Marks
[2026-01-15T18:37:31.776+0530][50.355s][info][gc,marking  ] GC(547) Concurrent Clear Claimed Marks 0.018ms
[2026-01-15T18:37:31.776+0530][50.355s][info][gc,marking  ] GC(547) Concurrent Cleanup for Next Mark
[2026-01-15T18:37:31.776+0530][50.355s][info][gc,marking  ] GC(547) Concurrent Cleanup for Next Mark 0.071ms
[2026-01-15T18:37:31.776+0530][50.355s][info][gc          ] GC(547) Concurrent Undo Cycle 0.229ms
[2026-01-15T18:37:32.102+0530][50.681s][info][gc,start    ] GC(548) Pause Young (Concurrent Start) (G1 Humongous Allocation)
[2026-01-15T18:37:32.102+0530][50.681s][info][gc,task     ] GC(548) Using 6 workers of 8 for evacuation
[2026-01-15T18:37:32.102+0530][50.682s][info][gc,phases   ] GC(548)   Pre Evacuate Collection Set: 0.1ms
[2026-01-15T18:37:32.102+0530][50.682s][info][gc,phases   ] GC(548)   Merge Heap Roots: 0.0ms
[2026-01-15T18:37:32.102+0530][50.682s][info][gc,phases   ] GC(548)   Evacuate Collection Set: 0.1ms
[2026-01-15T18:37:32.102+0530][50.682s][info][gc,phases   ] GC(548)   Post Evacuate Collection Set: 0.2ms
[2026-01-15T18:37:32.102+0530][50.682s][info][gc,phases   ] GC(548)   Other: 0.1ms
[2026-01-15T18:37:32.102+0530][50.682s][info][gc,heap     ] GC(548) Eden regions: 0->0(46)
[2026-01-15T18:37:32.102+0530][50.682s][info][gc,heap     ] GC(548) Survivor regions: 0->0(6)
[2026-01-15T18:37:32.102+0530][50.682s][info][gc,heap     ] GC(548) Old regions: 2->2
[2026-01-15T18:37:32.102+0530][50.682s][info][gc,heap     ] GC(548) Humongous regions: 114->114
[2026-01-15T18:37:32.102+0530][50.682s][info][gc,metaspace] GC(548) Metaspace: 813K(960K)->813K(960K) NonClass: 760K(832K)->760K(832K) Class: 53K(128K)->53K(128K)
[2026-01-15T18:37:32.102+0530][50.682s][info][gc          ] GC(548) Pause Young (Concurrent Start) (G1 Humongous Allocation) 115M->115M(256M) 0.793ms
[2026-01-15T18:37:32.102+0530][50.682s][info][gc,cpu      ] GC(548) User=0.00s Sys=0.00s Real=0.00s
[2026-01-15T18:37:32.102+0530][50.682s][info][gc          ] GC(549) Concurrent Mark Cycle
[2026-01-15T18:37:32.102+0530][50.682s][info][gc,marking  ] GC(549) Concurrent Scan Root Regions
[2026-01-15T18:37:32.102+0530][50.682s][info][gc,marking  ] GC(549) Concurrent Scan Root Regions 0.013ms
[2026-01-15T18:37:32.102+0530][50.682s][info][gc,marking  ] GC(549) Concurrent Mark
[2026-01-15T18:37:32.102+0530][50.682s][info][gc,marking  ] GC(549) Concurrent Mark From Roots
[2026-01-15T18:37:32.102+0530][50.682s][info][gc,task     ] GC(549) Using 2 workers of 2 for marking
[2026-01-15T18:37:32.105+0530][50.685s][info][gc,marking  ] GC(549) Concurrent Mark From Roots 2.377ms
[2026-01-15T18:37:32.105+0530][50.685s][info][gc,marking  ] GC(549) Concurrent Preclean
[2026-01-15T18:37:32.105+0530][50.685s][info][gc,marking  ] GC(549) Concurrent Preclean 0.020ms
[2026-01-15T18:37:32.105+0530][50.685s][info][gc,start    ] GC(549) Pause Remark
[2026-01-15T18:37:32.106+0530][50.685s][info][gc          ] GC(549) Pause Remark 121M->121M(256M) 0.618ms
[2026-01-15T18:37:32.106+0530][50.685s][info][gc,cpu      ] GC(549) User=0.00s Sys=0.00s Real=0.00s
[2026-01-15T18:37:32.106+0530][50.685s][info][gc,marking  ] GC(549) Concurrent Mark 3.241ms
[2026-01-15T18:37:32.106+0530][50.685s][info][gc,marking  ] GC(549) Concurrent Rebuild Remembered Sets and Scrub Regions
[2026-01-15T18:37:32.107+0530][50.686s][info][gc,marking  ] GC(549) Concurrent Rebuild Remembered Sets and Scrub Regions 0.668ms
[2026-01-15T18:37:32.107+0530][50.686s][info][gc,start    ] GC(549) Pause Cleanup
[2026-01-15T18:37:32.107+0530][50.686s][info][gc          ] GC(549) Pause Cleanup 121M->121M(256M) 0.092ms
[2026-01-15T18:37:32.107+0530][50.686s][info][gc,cpu      ] GC(549) User=0.00s Sys=0.00s Real=0.00s
[2026-01-15T18:37:32.107+0530][50.686s][info][gc,marking  ] GC(549) Concurrent Clear Claimed Marks
[2026-01-15T18:37:32.107+0530][50.686s][info][gc,marking  ] GC(549) Concurrent Clear Claimed Marks 0.030ms
[2026-01-15T18:37:32.107+0530][50.686s][info][gc,marking  ] GC(549) Concurrent Cleanup for Next Mark
[2026-01-15T18:37:32.107+0530][50.687s][info][gc,marking  ] GC(549) Concurrent Cleanup for Next Mark 0.441ms
[2026-01-15T18:37:32.107+0530][50.687s][info][gc          ] GC(549) Concurrent Mark Cycle 4.768ms
[2026-01-15T18:37:32.164+0530][50.744s][info][gc,start    ] GC(550) Pause Young (Concurrent Start) (G1 Humongous Allocation)
[2026-01-15T18:37:32.164+0530][50.744s][info][gc,task     ] GC(550) Using 6 workers of 8 for evacuation
[2026-01-15T18:37:32.165+0530][50.745s][info][gc,phases   ] GC(550)   Pre Evacuate Collection Set: 0.1ms
[2026-01-15T18:37:32.165+0530][50.745s][info][gc,phases   ] GC(550)   Merge Heap Roots: 0.1ms
[2026-01-15T18:37:32.165+0530][50.745s][info][gc,phases   ] GC(550)   Evacuate Collection Set: 0.3ms
[2026-01-15T18:37:32.165+0530][50.745s][info][gc,phases   ] GC(550)   Post Evacuate Collection Set: 0.5ms
[2026-01-15T18:37:32.165+0530][50.745s][info][gc,phases   ] GC(550)   Other: 0.1ms
[2026-01-15T18:37:32.165+0530][50.745s][info][gc,heap     ] GC(550) Eden regions: 0->0(46)
[2026-01-15T18:37:32.165+0530][50.745s][info][gc,heap     ] GC(550) Survivor regions: 0->0(6)
[2026-01-15T18:37:32.165+0530][50.745s][info][gc,heap     ] GC(550) Old regions: 2->2
[2026-01-15T18:37:32.165+0530][50.745s][info][gc,heap     ] GC(550) Humongous regions: 120->0
[2026-01-15T18:37:32.165+0530][50.745s][info][gc,metaspace] GC(550) Metaspace: 813K(960K)->813K(960K) NonClass: 760K(832K)->760K(832K) Class: 53K(128K)->53K(128K)
[2026-01-15T18:37:32.165+0530][50.745s][info][gc          ] GC(550) Pause Young (Concurrent Start) (G1 Humongous Allocation) 121M->1M(256M) 1.330ms
[2026-01-15T18:37:32.165+0530][50.745s][info][gc,cpu      ] GC(550) User=0.00s Sys=0.00s Real=0.00s
[2026-01-15T18:37:32.165+0530][50.745s][info][gc          ] GC(551) Concurrent Undo Cycle
[2026-01-15T18:37:32.165+0530][50.745s][info][gc,marking  ] GC(551) Concurrent Clear Claimed Marks
[2026-01-15T18:37:32.165+0530][50.745s][info][gc,marking  ] GC(551) Concurrent Clear Claimed Marks 0.011ms
[2026-01-15T18:37:32.165+0530][50.745s][info][gc,marking  ] GC(551) Concurrent Cleanup for Next Mark
[2026-01-15T18:37:32.165+0530][50.745s][info][gc,marking  ] GC(551) Concurrent Cleanup for Next Mark 0.076ms
[2026-01-15T18:37:32.165+0530][50.745s][info][gc          ] GC(551) Concurrent Undo Cycle 0.151ms
[2026-01-15T18:37:32.474+0530][51.055s][info][gc,start    ] GC(552) Pause Young (Concurrent Start) (G1 Humongous Allocation)
[2026-01-15T18:37:32.474+0530][51.055s][info][gc,task     ] GC(552) Using 6 workers of 8 for evacuation
[2026-01-15T18:37:32.476+0530][51.056s][info][gc,phases   ] GC(552)   Pre Evacuate Collection Set: 0.2ms
[2026-01-15T18:37:32.476+0530][51.056s][info][gc,phases   ] GC(552)   Merge Heap Roots: 0.1ms
[2026-01-15T18:37:32.476+0530][51.056s][info][gc,phases   ] GC(552)   Evacuate Collection Set: 0.3ms
[2026-01-15T18:37:32.476+0530][51.056s][info][gc,phases   ] GC(552)   Post Evacuate Collection Set: 0.4ms
[2026-01-15T18:37:32.476+0530][51.056s][info][gc,phases   ] GC(552)   Other: 0.2ms
[2026-01-15T18:37:32.476+0530][51.056s][info][gc,heap     ] GC(552) Eden regions: 0->0(46)
[2026-01-15T18:37:32.476+0530][51.056s][info][gc,heap     ] GC(552) Survivor regions: 0->0(6)
[2026-01-15T18:37:32.476+0530][51.056s][info][gc,heap     ] GC(552) Old regions: 2->2
[2026-01-15T18:37:32.476+0530][51.056s][info][gc,heap     ] GC(552) Humongous regions: 114->114
[2026-01-15T18:37:32.476+0530][51.056s][info][gc,metaspace] GC(552) Metaspace: 813K(960K)->813K(960K) NonClass: 760K(832K)->760K(832K) Class: 53K(128K)->53K(128K)
[2026-01-15T18:37:32.476+0530][51.056s][info][gc          ] GC(552) Pause Young (Concurrent Start) (G1 Humongous Allocation) 115M->115M(256M) 1.575ms
[2026-01-15T18:37:32.476+0530][51.056s][info][gc,cpu      ] GC(552) User=0.00s Sys=0.00s Real=0.00s
[2026-01-15T18:37:32.476+0530][51.056s][info][gc          ] GC(553) Concurrent Mark Cycle
[2026-01-15T18:37:32.476+0530][51.056s][info][gc,marking  ] GC(553) Concurrent Scan Root Regions
[2026-01-15T18:37:32.476+0530][51.056s][info][gc,marking  ] GC(553) Concurrent Scan Root Regions 0.019ms
[2026-01-15T18:37:32.476+0530][51.056s][info][gc,marking  ] GC(553) Concurrent Mark
[2026-01-15T18:37:32.476+0530][51.057s][info][gc,marking  ] GC(553) Concurrent Mark From Roots
[2026-01-15T18:37:32.476+0530][51.057s][info][gc,task     ] GC(553) Using 2 workers of 2 for marking
[2026-01-15T18:37:32.480+0530][51.059s][info][gc,marking  ] GC(553) Concurrent Mark From Roots 2.864ms
[2026-01-15T18:37:32.480+0530][51.059s][info][gc,marking  ] GC(553) Concurrent Preclean
[2026-01-15T18:37:32.480+0530][51.059s][info][gc,marking  ] GC(553) Concurrent Preclean 0.012ms
[2026-01-15T18:37:32.480+0530][51.060s][info][gc,start    ] GC(553) Pause Remark
[2026-01-15T18:37:32.481+0530][51.061s][info][gc          ] GC(553) Pause Remark 121M->121M(256M) 1.044ms
[2026-01-15T18:37:32.481+0530][51.061s][info][gc,cpu      ] GC(553) User=0.00s Sys=0.00s Real=0.00s
[2026-01-15T18:37:32.481+0530][51.061s][info][gc,marking  ] GC(553) Concurrent Mark 4.262ms
[2026-01-15T18:37:32.481+0530][51.061s][info][gc,marking  ] GC(553) Concurrent Rebuild Remembered Sets and Scrub Regions
[2026-01-15T18:37:32.481+0530][51.061s][info][gc,marking  ] GC(553) Concurrent Rebuild Remembered Sets and Scrub Regions 0.569ms
[2026-01-15T18:37:32.481+0530][51.061s][info][gc,start    ] GC(553) Pause Cleanup
[2026-01-15T18:37:32.482+0530][51.062s][info][gc          ] GC(553) Pause Cleanup 121M->121M(256M) 0.219ms
[2026-01-15T18:37:32.482+0530][51.062s][info][gc,cpu      ] GC(553) User=0.00s Sys=0.00s Real=0.00s
[2026-01-15T18:37:32.482+0530][51.062s][info][gc,marking  ] GC(553) Concurrent Clear Claimed Marks
[2026-01-15T18:37:32.482+0530][51.062s][info][gc,marking  ] GC(553) Concurrent Clear Claimed Marks 0.022ms
[2026-01-15T18:37:32.482+0530][51.062s][info][gc,marking  ] GC(553) Concurrent Cleanup for Next Mark
[2026-01-15T18:37:32.482+0530][51.062s][info][gc,marking  ] GC(553) Concurrent Cleanup for Next Mark 0.420ms
[2026-01-15T18:37:32.482+0530][51.062s][info][gc          ] GC(553) Concurrent Mark Cycle 5.861ms
[2026-01-15T18:37:32.537+0530][51.117s][info][gc,start    ] GC(554) Pause Young (Concurrent Start) (G1 Humongous Allocation)
[2026-01-15T18:37:32.537+0530][51.117s][info][gc,task     ] GC(554) Using 6 workers of 8 for evacuation
[2026-01-15T18:37:32.539+0530][51.119s][info][gc,phases   ] GC(554)   Pre Evacuate Collection Set: 0.4ms
[2026-01-15T18:37:32.539+0530][51.119s][info][gc,phases   ] GC(554)   Merge Heap Roots: 0.1ms
[2026-01-15T18:37:32.539+0530][51.119s][info][gc,phases   ] GC(554)   Evacuate Collection Set: 0.4ms
[2026-01-15T18:37:32.539+0530][51.119s][info][gc,phases   ] GC(554)   Post Evacuate Collection Set: 0.8ms
[2026-01-15T18:37:32.539+0530][51.119s][info][gc,phases   ] GC(554)   Other: 0.2ms
[2026-01-15T18:37:32.539+0530][51.119s][info][gc,heap     ] GC(554) Eden regions: 0->0(46)
[2026-01-15T18:37:32.539+0530][51.119s][info][gc,heap     ] GC(554) Survivor regions: 0->0(6)
[2026-01-15T18:37:32.539+0530][51.119s][info][gc,heap     ] GC(554) Old regions: 2->2
[2026-01-15T18:37:32.539+0530][51.119s][info][gc,heap     ] GC(554) Humongous regions: 120->0
[2026-01-15T18:37:32.539+0530][51.119s][info][gc,metaspace] GC(554) Metaspace: 813K(960K)->813K(960K) NonClass: 760K(832K)->760K(832K) Class: 53K(128K)->53K(128K)
[2026-01-15T18:37:32.539+0530][51.119s][info][gc          ] GC(554) Pause Young (Concurrent Start) (G1 Humongous Allocation) 121M->1M(256M) 2.503ms
[2026-01-15T18:37:32.539+0530][51.119s][info][gc,cpu      ] GC(554) User=0.02s Sys=0.02s Real=0.00s
[2026-01-15T18:37:32.540+0530][51.119s][info][gc          ] GC(555) Concurrent Undo Cycle
[2026-01-15T18:37:32.540+0530][51.119s][info][gc,marking  ] GC(555) Concurrent Clear Claimed Marks
[2026-01-15T18:37:32.540+0530][51.119s][info][gc,marking  ] GC(555) Concurrent Clear Claimed Marks 0.032ms
[2026-01-15T18:37:32.540+0530][51.119s][info][gc,marking  ] GC(555) Concurrent Cleanup for Next Mark
[2026-01-15T18:37:32.540+0530][51.120s][info][gc,marking  ] GC(555) Concurrent Cleanup for Next Mark 0.225ms
[2026-01-15T18:37:32.540+0530][51.120s][info][gc          ] GC(555) Concurrent Undo Cycle 0.477ms
[2026-01-15T18:37:32.848+0530][51.428s][info][gc,start    ] GC(556) Pause Young (Concurrent Start) (G1 Humongous Allocation)
[2026-01-15T18:37:32.848+0530][51.428s][info][gc,task     ] GC(556) Using 6 workers of 8 for evacuation
[2026-01-15T18:37:32.850+0530][51.429s][info][gc,phases   ] GC(556)   Pre Evacuate Collection Set: 0.2ms
[2026-01-15T18:37:32.850+0530][51.429s][info][gc,phases   ] GC(556)   Merge Heap Roots: 0.1ms
[2026-01-15T18:37:32.850+0530][51.429s][info][gc,phases   ] GC(556)   Evacuate Collection Set: 0.2ms
[2026-01-15T18:37:32.850+0530][51.429s][info][gc,phases   ] GC(556)   Post Evacuate Collection Set: 0.5ms
[2026-01-15T18:37:32.850+0530][51.429s][info][gc,phases   ] GC(556)   Other: 0.2ms
[2026-01-15T18:37:32.850+0530][51.429s][info][gc,heap     ] GC(556) Eden regions: 0->0(46)
[2026-01-15T18:37:32.850+0530][51.429s][info][gc,heap     ] GC(556) Survivor regions: 0->0(6)
[2026-01-15T18:37:32.850+0530][51.429s][info][gc,heap     ] GC(556) Old regions: 2->2
[2026-01-15T18:37:32.850+0530][51.429s][info][gc,heap     ] GC(556) Humongous regions: 114->114
[2026-01-15T18:37:32.850+0530][51.429s][info][gc,metaspace] GC(556) Metaspace: 813K(960K)->813K(960K) NonClass: 760K(832K)->760K(832K) Class: 53K(128K)->53K(128K)
[2026-01-15T18:37:32.850+0530][51.429s][info][gc          ] GC(556) Pause Young (Concurrent Start) (G1 Humongous Allocation) 115M->115M(256M) 1.567ms
[2026-01-15T18:37:32.850+0530][51.429s][info][gc,cpu      ] GC(556) User=0.00s Sys=0.00s Real=0.00s
[2026-01-15T18:37:32.850+0530][51.429s][info][gc          ] GC(557) Concurrent Mark Cycle
[2026-01-15T18:37:32.850+0530][51.430s][info][gc,marking  ] GC(557) Concurrent Scan Root Regions
[2026-01-15T18:37:32.850+0530][51.430s][info][gc,marking  ] GC(557) Concurrent Scan Root Regions 0.009ms
[2026-01-15T18:37:32.850+0530][51.430s][info][gc,marking  ] GC(557) Concurrent Mark
[2026-01-15T18:37:32.850+0530][51.430s][info][gc,marking  ] GC(557) Concurrent Mark From Roots
[2026-01-15T18:37:32.850+0530][51.430s][info][gc,task     ] GC(557) Using 2 workers of 2 for marking
[2026-01-15T18:37:32.852+0530][51.431s][info][gc,marking  ] GC(557) Concurrent Mark From Roots 1.571ms
[2026-01-15T18:37:32.852+0530][51.431s][info][gc,marking  ] GC(557) Concurrent Preclean
[2026-01-15T18:37:32.852+0530][51.431s][info][gc,marking  ] GC(557) Concurrent Preclean 0.011ms
[2026-01-15T18:37:32.852+0530][51.431s][info][gc,start    ] GC(557) Pause Remark
[2026-01-15T18:37:32.853+0530][51.432s][info][gc          ] GC(557) Pause Remark 121M->121M(256M) 0.997ms
[2026-01-15T18:37:32.853+0530][51.432s][info][gc,cpu      ] GC(557) User=0.00s Sys=0.00s Real=0.00s
[2026-01-15T18:37:32.853+0530][51.432s][info][gc,marking  ] GC(557) Concurrent Mark 2.792ms
[2026-01-15T18:37:32.853+0530][51.432s][info][gc,marking  ] GC(557) Concurrent Rebuild Remembered Sets and Scrub Regions
[2026-01-15T18:37:32.853+0530][51.433s][info][gc,marking  ] GC(557) Concurrent Rebuild Remembered Sets and Scrub Regions 0.591ms
[2026-01-15T18:37:32.853+0530][51.433s][info][gc,start    ] GC(557) Pause Cleanup
[2026-01-15T18:37:32.854+0530][51.433s][info][gc          ] GC(557) Pause Cleanup 121M->121M(256M) 0.231ms
[2026-01-15T18:37:32.854+0530][51.433s][info][gc,cpu      ] GC(557) User=0.00s Sys=0.00s Real=0.00s
[2026-01-15T18:37:32.854+0530][51.433s][info][gc,marking  ] GC(557) Concurrent Clear Claimed Marks
[2026-01-15T18:37:32.854+0530][51.433s][info][gc,marking  ] GC(557) Concurrent Clear Claimed Marks 0.022ms
[2026-01-15T18:37:32.854+0530][51.433s][info][gc,marking  ] GC(557) Concurrent Cleanup for Next Mark
[2026-01-15T18:37:32.854+0530][51.434s][info][gc,marking  ] GC(557) Concurrent Cleanup for Next Mark 0.413ms
[2026-01-15T18:37:32.854+0530][51.434s][info][gc          ] GC(557) Concurrent Mark Cycle 4.308ms
[2026-01-15T18:37:32.910+0530][51.490s][info][gc,start    ] GC(558) Pause Young (Concurrent Start) (G1 Humongous Allocation)
[2026-01-15T18:37:32.910+0530][51.490s][info][gc,task     ] GC(558) Using 6 workers of 8 for evacuation
[2026-01-15T18:37:32.912+0530][51.492s][info][gc,phases   ] GC(558)   Pre Evacuate Collection Set: 0.3ms
[2026-01-15T18:37:32.912+0530][51.492s][info][gc,phases   ] GC(558)   Merge Heap Roots: 0.2ms
[2026-01-15T18:37:32.912+0530][51.492s][info][gc,phases   ] GC(558)   Evacuate Collection Set: 0.4ms
[2026-01-15T18:37:32.912+0530][51.492s][info][gc,phases   ] GC(558)   Post Evacuate Collection Set: 0.8ms
[2026-01-15T18:37:32.912+0530][51.492s][info][gc,phases   ] GC(558)   Other: 0.3ms
[2026-01-15T18:37:32.912+0530][51.492s][info][gc,heap     ] GC(558) Eden regions: 0->0(46)
[2026-01-15T18:37:32.912+0530][51.492s][info][gc,heap     ] GC(558) Survivor regions: 0->0(6)
[2026-01-15T18:37:32.912+0530][51.492s][info][gc,heap     ] GC(558) Old regions: 2->2
[2026-01-15T18:37:32.912+0530][51.492s][info][gc,heap     ] GC(558) Humongous regions: 120->0
[2026-01-15T18:37:32.912+0530][51.492s][info][gc,metaspace] GC(558) Metaspace: 813K(960K)->813K(960K) NonClass: 760K(832K)->760K(832K) Class: 53K(128K)->53K(128K)
[2026-01-15T18:37:32.912+0530][51.492s][info][gc          ] GC(558) Pause Young (Concurrent Start) (G1 Humongous Allocation) 121M->1M(256M) 2.375ms
[2026-01-15T18:37:32.912+0530][51.492s][info][gc,cpu      ] GC(558) User=0.00s Sys=0.00s Real=0.00s
[2026-01-15T18:37:32.912+0530][51.493s][info][gc          ] GC(559) Concurrent Undo Cycle
[2026-01-15T18:37:32.913+0530][51.493s][info][gc,marking  ] GC(559) Concurrent Clear Claimed Marks
[2026-01-15T18:37:32.913+0530][51.493s][info][gc,marking  ] GC(559) Concurrent Clear Claimed Marks 0.025ms
[2026-01-15T18:37:32.913+0530][51.493s][info][gc,marking  ] GC(559) Concurrent Cleanup for Next Mark
[2026-01-15T18:37:32.913+0530][51.493s][info][gc,marking  ] GC(559) Concurrent Cleanup for Next Mark 0.184ms
[2026-01-15T18:37:32.913+0530][51.493s][info][gc          ] GC(559) Concurrent Undo Cycle 0.389ms
[2026-01-15T18:37:33.222+0530][51.802s][info][gc,start    ] GC(560) Pause Young (Concurrent Start) (G1 Humongous Allocation)
[2026-01-15T18:37:33.222+0530][51.802s][info][gc,task     ] GC(560) Using 6 workers of 8 for evacuation
[2026-01-15T18:37:33.224+0530][51.804s][info][gc,phases   ] GC(560)   Pre Evacuate Collection Set: 0.5ms
[2026-01-15T18:37:33.225+0530][51.804s][info][gc,phases   ] GC(560)   Merge Heap Roots: 0.2ms
[2026-01-15T18:37:33.225+0530][51.804s][info][gc,phases   ] GC(560)   Evacuate Collection Set: 0.5ms
[2026-01-15T18:37:33.225+0530][51.804s][info][gc,phases   ] GC(560)   Post Evacuate Collection Set: 0.9ms
[2026-01-15T18:37:33.225+0530][51.805s][info][gc,phases   ] GC(560)   Other: 0.3ms
[2026-01-15T18:37:33.225+0530][51.805s][info][gc,heap     ] GC(560) Eden regions: 0->0(46)
[2026-01-15T18:37:33.225+0530][51.805s][info][gc,heap     ] GC(560) Survivor regions: 0->0(6)
[2026-01-15T18:37:33.225+0530][51.805s][info][gc,heap     ] GC(560) Old regions: 2->2
[2026-01-15T18:37:33.225+0530][51.805s][info][gc,heap     ] GC(560) Humongous regions: 114->114
[2026-01-15T18:37:33.225+0530][51.805s][info][gc,metaspace] GC(560) Metaspace: 813K(960K)->813K(960K) NonClass: 760K(832K)->760K(832K) Class: 53K(128K)->53K(128K)
[2026-01-15T18:37:33.225+0530][51.805s][info][gc          ] GC(560) Pause Young (Concurrent Start) (G1 Humongous Allocation) 115M->115M(256M) 2.900ms
[2026-01-15T18:37:33.225+0530][51.805s][info][gc,cpu      ] GC(560) User=0.00s Sys=0.00s Real=0.00s
[2026-01-15T18:37:33.225+0530][51.805s][info][gc          ] GC(561) Concurrent Mark Cycle
[2026-01-15T18:37:33.225+0530][51.805s][info][gc,marking  ] GC(561) Concurrent Scan Root Regions
[2026-01-15T18:37:33.225+0530][51.805s][info][gc,marking  ] GC(561) Concurrent Scan Root Regions 0.029ms
[2026-01-15T18:37:33.225+0530][51.805s][info][gc,marking  ] GC(561) Concurrent Mark
[2026-01-15T18:37:33.225+0530][51.805s][info][gc,marking  ] GC(561) Concurrent Mark From Roots
[2026-01-15T18:37:33.225+0530][51.805s][info][gc,task     ] GC(561) Using 2 workers of 2 for marking
[2026-01-15T18:37:33.228+0530][51.808s][info][gc,marking  ] GC(561) Concurrent Mark From Roots 3.239ms
[2026-01-15T18:37:33.228+0530][51.808s][info][gc,marking  ] GC(561) Concurrent Preclean
[2026-01-15T18:37:33.228+0530][51.808s][info][gc,marking  ] GC(561) Concurrent Preclean 0.024ms
[2026-01-15T18:37:33.229+0530][51.808s][info][gc,start    ] GC(561) Pause Remark
[2026-01-15T18:37:33.230+0530][51.810s][info][gc          ] GC(561) Pause Remark 121M->121M(256M) 1.116ms
[2026-01-15T18:37:33.230+0530][51.810s][info][gc,cpu      ] GC(561) User=0.00s Sys=0.00s Real=0.00s
[2026-01-15T18:37:33.230+0530][51.810s][info][gc,marking  ] GC(561) Concurrent Mark 4.641ms
[2026-01-15T18:37:33.230+0530][51.810s][info][gc,marking  ] GC(561) Concurrent Rebuild Remembered Sets and Scrub Regions
[2026-01-15T18:37:33.231+0530][51.811s][info][gc,marking  ] GC(561) Concurrent Rebuild Remembered Sets and Scrub Regions 0.842ms
[2026-01-15T18:37:33.231+0530][51.811s][info][gc,start    ] GC(561) Pause Cleanup
[2026-01-15T18:37:33.231+0530][51.811s][info][gc          ] GC(561) Pause Cleanup 121M->121M(256M) 0.255ms
[2026-01-15T18:37:33.231+0530][51.811s][info][gc,cpu      ] GC(561) User=0.00s Sys=0.00s Real=0.00s
[2026-01-15T18:37:33.231+0530][51.811s][info][gc,marking  ] GC(561) Concurrent Clear Claimed Marks
[2026-01-15T18:37:33.231+0530][51.811s][info][gc,marking  ] GC(561) Concurrent Clear Claimed Marks 0.022ms
[2026-01-15T18:37:33.231+0530][51.811s][info][gc,marking  ] GC(561) Concurrent Cleanup for Next Mark
[2026-01-15T18:37:33.232+0530][51.811s][info][gc,marking  ] GC(561) Concurrent Cleanup for Next Mark 0.425ms
[2026-01-15T18:37:33.232+0530][51.812s][info][gc          ] GC(561) Concurrent Mark Cycle 6.641ms
[2026-01-15T18:37:33.285+0530][51.864s][info][gc,start    ] GC(562) Pause Young (Concurrent Start) (G1 Humongous Allocation)
[2026-01-15T18:37:33.285+0530][51.864s][info][gc,task     ] GC(562) Using 6 workers of 8 for evacuation
[2026-01-15T18:37:33.286+0530][51.866s][info][gc,phases   ] GC(562)   Pre Evacuate Collection Set: 0.3ms
[2026-01-15T18:37:33.287+0530][51.866s][info][gc,phases   ] GC(562)   Merge Heap Roots: 0.2ms
[2026-01-15T18:37:33.287+0530][51.866s][info][gc,phases   ] GC(562)   Evacuate Collection Set: 0.2ms
[2026-01-15T18:37:33.287+0530][51.866s][info][gc,phases   ] GC(562)   Post Evacuate Collection Set: 0.6ms
[2026-01-15T18:37:33.287+0530][51.866s][info][gc,phases   ] GC(562)   Other: 0.2ms
[2026-01-15T18:37:33.287+0530][51.866s][info][gc,heap     ] GC(562) Eden regions: 0->0(46)
[2026-01-15T18:37:33.287+0530][51.866s][info][gc,heap     ] GC(562) Survivor regions: 0->0(6)
[2026-01-15T18:37:33.287+0530][51.866s][info][gc,heap     ] GC(562) Old regions: 2->2
[2026-01-15T18:37:33.287+0530][51.866s][info][gc,heap     ] GC(562) Humongous regions: 120->0
[2026-01-15T18:37:33.287+0530][51.866s][info][gc,metaspace] GC(562) Metaspace: 813K(960K)->813K(960K) NonClass: 760K(832K)->760K(832K) Class: 53K(128K)->53K(128K)
[2026-01-15T18:37:33.287+0530][51.866s][info][gc          ] GC(562) Pause Young (Concurrent Start) (G1 Humongous Allocation) 121M->1M(256M) 1.801ms
[2026-01-15T18:37:33.287+0530][51.866s][info][gc,cpu      ] GC(562) User=0.00s Sys=0.00s Real=0.00s
[2026-01-15T18:37:33.287+0530][51.866s][info][gc          ] GC(563) Concurrent Undo Cycle
[2026-01-15T18:37:33.287+0530][51.866s][info][gc,marking  ] GC(563) Concurrent Clear Claimed Marks
[2026-01-15T18:37:33.287+0530][51.866s][info][gc,marking  ] GC(563) Concurrent Clear Claimed Marks 0.010ms
[2026-01-15T18:37:33.287+0530][51.866s][info][gc,marking  ] GC(563) Concurrent Cleanup for Next Mark
[2026-01-15T18:37:33.287+0530][51.866s][info][gc,marking  ] GC(563) Concurrent Cleanup for Next Mark 0.125ms
[2026-01-15T18:37:33.287+0530][51.866s][info][gc          ] GC(563) Concurrent Undo Cycle 0.211ms
[2026-01-15T18:37:33.597+0530][52.177s][info][gc,start    ] GC(564) Pause Young (Concurrent Start) (G1 Humongous Allocation)
[2026-01-15T18:37:33.597+0530][52.177s][info][gc,task     ] GC(564) Using 6 workers of 8 for evacuation
[2026-01-15T18:37:33.599+0530][52.179s][info][gc,phases   ] GC(564)   Pre Evacuate Collection Set: 0.2ms
[2026-01-15T18:37:33.599+0530][52.179s][info][gc,phases   ] GC(564)   Merge Heap Roots: 0.2ms
[2026-01-15T18:37:33.599+0530][52.179s][info][gc,phases   ] GC(564)   Evacuate Collection Set: 0.3ms
[2026-01-15T18:37:33.599+0530][52.179s][info][gc,phases   ] GC(564)   Post Evacuate Collection Set: 0.5ms
[2026-01-15T18:37:33.599+0530][52.179s][info][gc,phases   ] GC(564)   Other: 0.2ms
[2026-01-15T18:37:33.599+0530][52.179s][info][gc,heap     ] GC(564) Eden regions: 0->0(46)
[2026-01-15T18:37:33.599+0530][52.179s][info][gc,heap     ] GC(564) Survivor regions: 0->0(6)
[2026-01-15T18:37:33.599+0530][52.179s][info][gc,heap     ] GC(564) Old regions: 2->2
[2026-01-15T18:37:33.599+0530][52.179s][info][gc,heap     ] GC(564) Humongous regions: 114->114
[2026-01-15T18:37:33.599+0530][52.179s][info][gc,metaspace] GC(564) Metaspace: 813K(960K)->813K(960K) NonClass: 760K(832K)->760K(832K) Class: 53K(128K)->53K(128K)
[2026-01-15T18:37:33.599+0530][52.179s][info][gc          ] GC(564) Pause Young (Concurrent Start) (G1 Humongous Allocation) 115M->115M(256M) 1.612ms
[2026-01-15T18:37:33.599+0530][52.179s][info][gc,cpu      ] GC(564) User=0.00s Sys=0.00s Real=0.00s
[2026-01-15T18:37:33.599+0530][52.179s][info][gc          ] GC(565) Concurrent Mark Cycle
[2026-01-15T18:37:33.599+0530][52.179s][info][gc,marking  ] GC(565) Concurrent Scan Root Regions
[2026-01-15T18:37:33.599+0530][52.179s][info][gc,marking  ] GC(565) Concurrent Scan Root Regions 0.009ms
[2026-01-15T18:37:33.599+0530][52.179s][info][gc,marking  ] GC(565) Concurrent Mark
[2026-01-15T18:37:33.599+0530][52.179s][info][gc,marking  ] GC(565) Concurrent Mark From Roots
[2026-01-15T18:37:33.599+0530][52.179s][info][gc,task     ] GC(565) Using 2 workers of 2 for marking
[2026-01-15T18:37:33.600+0530][52.180s][info][gc,marking  ] GC(565) Concurrent Mark From Roots 1.479ms
[2026-01-15T18:37:33.600+0530][52.180s][info][gc,marking  ] GC(565) Concurrent Preclean
[2026-01-15T18:37:33.600+0530][52.180s][info][gc,marking  ] GC(565) Concurrent Preclean 0.010ms
[2026-01-15T18:37:33.600+0530][52.180s][info][gc,start    ] GC(565) Pause Remark
[2026-01-15T18:37:33.602+0530][52.182s][info][gc          ] GC(565) Pause Remark 121M->121M(256M) 1.016ms
[2026-01-15T18:37:33.602+0530][52.182s][info][gc,cpu      ] GC(565) User=0.00s Sys=0.00s Real=0.00s
[2026-01-15T18:37:33.602+0530][52.182s][info][gc,marking  ] GC(565) Concurrent Mark 2.703ms
[2026-01-15T18:37:33.602+0530][52.182s][info][gc,marking  ] GC(565) Concurrent Rebuild Remembered Sets and Scrub Regions
[2026-01-15T18:37:33.602+0530][52.182s][info][gc,marking  ] GC(565) Concurrent Rebuild Remembered Sets and Scrub Regions 0.594ms
[2026-01-15T18:37:33.602+0530][52.182s][info][gc,start    ] GC(565) Pause Cleanup
[2026-01-15T18:37:33.603+0530][52.183s][info][gc          ] GC(565) Pause Cleanup 121M->121M(256M) 0.203ms
[2026-01-15T18:37:33.603+0530][52.183s][info][gc,cpu      ] GC(565) User=0.00s Sys=0.00s Real=0.00s
[2026-01-15T18:37:33.603+0530][52.183s][info][gc,marking  ] GC(565) Concurrent Clear Claimed Marks
[2026-01-15T18:37:33.603+0530][52.183s][info][gc,marking  ] GC(565) Concurrent Clear Claimed Marks 0.022ms
[2026-01-15T18:37:33.603+0530][52.183s][info][gc,marking  ] GC(565) Concurrent Cleanup for Next Mark
[2026-01-15T18:37:33.603+0530][52.183s][info][gc,marking  ] GC(565) Concurrent Cleanup for Next Mark 0.427ms
[2026-01-15T18:37:33.603+0530][52.183s][info][gc          ] GC(565) Concurrent Mark Cycle 4.282ms
[2026-01-15T18:37:33.659+0530][52.239s][info][gc,start    ] GC(566) Pause Young (Concurrent Start) (G1 Humongous Allocation)
[2026-01-15T18:37:33.659+0530][52.239s][info][gc,task     ] GC(566) Using 6 workers of 8 for evacuation
[2026-01-15T18:37:33.661+0530][52.241s][info][gc,phases   ] GC(566)   Pre Evacuate Collection Set: 0.4ms
[2026-01-15T18:37:33.661+0530][52.241s][info][gc,phases   ] GC(566)   Merge Heap Roots: 0.2ms
[2026-01-15T18:37:33.661+0530][52.241s][info][gc,phases   ] GC(566)   Evacuate Collection Set: 0.4ms
[2026-01-15T18:37:33.661+0530][52.241s][info][gc,phases   ] GC(566)   Post Evacuate Collection Set: 0.8ms
[2026-01-15T18:37:33.661+0530][52.241s][info][gc,phases   ] GC(566)   Other: 0.4ms
[2026-01-15T18:37:33.661+0530][52.242s][info][gc,heap     ] GC(566) Eden regions: 0->0(46)
[2026-01-15T18:37:33.662+0530][52.242s][info][gc,heap     ] GC(566) Survivor regions: 0->0(6)
[2026-01-15T18:37:33.662+0530][52.242s][info][gc,heap     ] GC(566) Old regions: 2->2
[2026-01-15T18:37:33.662+0530][52.242s][info][gc,heap     ] GC(566) Humongous regions: 120->0
[2026-01-15T18:37:33.662+0530][52.242s][info][gc,metaspace] GC(566) Metaspace: 813K(960K)->813K(960K) NonClass: 760K(832K)->760K(832K) Class: 53K(128K)->53K(128K)
[2026-01-15T18:37:33.662+0530][52.242s][info][gc          ] GC(566) Pause Young (Concurrent Start) (G1 Humongous Allocation) 121M->1M(256M) 2.746ms
[2026-01-15T18:37:33.662+0530][52.242s][info][gc,cpu      ] GC(566) User=0.00s Sys=0.00s Real=0.00s
[2026-01-15T18:37:33.662+0530][52.242s][info][gc          ] GC(567) Concurrent Undo Cycle
[2026-01-15T18:37:33.662+0530][52.242s][info][gc,marking  ] GC(567) Concurrent Clear Claimed Marks
[2026-01-15T18:37:33.662+0530][52.242s][info][gc,marking  ] GC(567) Concurrent Clear Claimed Marks 0.030ms
[2026-01-15T18:37:33.662+0530][52.242s][info][gc,marking  ] GC(567) Concurrent Cleanup for Next Mark
[2026-01-15T18:37:33.662+0530][52.242s][info][gc,marking  ] GC(567) Concurrent Cleanup for Next Mark 0.244ms
[2026-01-15T18:37:33.662+0530][52.242s][info][gc          ] GC(567) Concurrent Undo Cycle 0.489ms
[2026-01-15T18:37:33.972+0530][52.552s][info][gc,start    ] GC(568) Pause Young (Concurrent Start) (G1 Humongous Allocation)
[2026-01-15T18:37:33.972+0530][52.552s][info][gc,task     ] GC(568) Using 6 workers of 8 for evacuation
[2026-01-15T18:37:33.974+0530][52.554s][info][gc,phases   ] GC(568)   Pre Evacuate Collection Set: 0.3ms
[2026-01-15T18:37:33.974+0530][52.554s][info][gc,phases   ] GC(568)   Merge Heap Roots: 0.1ms
[2026-01-15T18:37:33.974+0530][52.554s][info][gc,phases   ] GC(568)   Evacuate Collection Set: 0.3ms
[2026-01-15T18:37:33.974+0530][52.554s][info][gc,phases   ] GC(568)   Post Evacuate Collection Set: 0.7ms
[2026-01-15T18:37:33.974+0530][52.554s][info][gc,phases   ] GC(568)   Other: 0.2ms
[2026-01-15T18:37:33.974+0530][52.554s][info][gc,heap     ] GC(568) Eden regions: 0->0(46)
[2026-01-15T18:37:33.974+0530][52.554s][info][gc,heap     ] GC(568) Survivor regions: 0->0(6)
[2026-01-15T18:37:33.974+0530][52.554s][info][gc,heap     ] GC(568) Old regions: 2->2
[2026-01-15T18:37:33.974+0530][52.554s][info][gc,heap     ] GC(568) Humongous regions: 114->114
[2026-01-15T18:37:33.974+0530][52.554s][info][gc,metaspace] GC(568) Metaspace: 813K(960K)->813K(960K) NonClass: 760K(832K)->760K(832K) Class: 53K(128K)->53K(128K)
[2026-01-15T18:37:33.974+0530][52.554s][info][gc          ] GC(568) Pause Young (Concurrent Start) (G1 Humongous Allocation) 115M->115M(256M) 1.744ms
[2026-01-15T18:37:33.974+0530][52.554s][info][gc,cpu      ] GC(568) User=0.00s Sys=0.00s Real=0.00s
[2026-01-15T18:37:33.974+0530][52.554s][info][gc          ] GC(569) Concurrent Mark Cycle
[2026-01-15T18:37:33.974+0530][52.554s][info][gc,marking  ] GC(569) Concurrent Scan Root Regions
[2026-01-15T18:37:33.974+0530][52.554s][info][gc,marking  ] GC(569) Concurrent Scan Root Regions 0.009ms
[2026-01-15T18:37:33.974+0530][52.554s][info][gc,marking  ] GC(569) Concurrent Mark
[2026-01-15T18:37:33.974+0530][52.554s][info][gc,marking  ] GC(569) Concurrent Mark From Roots
[2026-01-15T18:37:33.974+0530][52.554s][info][gc,task     ] GC(569) Using 2 workers of 2 for marking
[2026-01-15T18:37:33.976+0530][52.556s][info][gc,marking  ] GC(569) Concurrent Mark From Roots 1.718ms
[2026-01-15T18:37:33.976+0530][52.556s][info][gc,marking  ] GC(569) Concurrent Preclean
[2026-01-15T18:37:33.976+0530][52.556s][info][gc,marking  ] GC(569) Concurrent Preclean 0.013ms
[2026-01-15T18:37:33.976+0530][52.556s][info][gc,start    ] GC(569) Pause Remark
[2026-01-15T18:37:33.977+0530][52.557s][info][gc          ] GC(569) Pause Remark 121M->121M(256M) 1.073ms
[2026-01-15T18:37:33.977+0530][52.557s][info][gc,cpu      ] GC(569) User=0.00s Sys=0.00s Real=0.00s
[2026-01-15T18:37:33.977+0530][52.557s][info][gc,marking  ] GC(569) Concurrent Mark 3.007ms
[2026-01-15T18:37:33.977+0530][52.557s][info][gc,marking  ] GC(569) Concurrent Rebuild Remembered Sets and Scrub Regions
[2026-01-15T18:37:33.977+0530][52.557s][info][gc,marking  ] GC(569) Concurrent Rebuild Remembered Sets and Scrub Regions 0.613ms
[2026-01-15T18:37:33.977+0530][52.558s][info][gc,start    ] GC(569) Pause Cleanup
[2026-01-15T18:37:33.978+0530][52.558s][info][gc          ] GC(569) Pause Cleanup 121M->121M(256M) 0.247ms
[2026-01-15T18:37:33.978+0530][52.558s][info][gc,cpu      ] GC(569) User=0.00s Sys=0.00s Real=0.00s
[2026-01-15T18:37:33.978+0530][52.558s][info][gc,marking  ] GC(569) Concurrent Clear Claimed Marks
[2026-01-15T18:37:33.978+0530][52.558s][info][gc,marking  ] GC(569) Concurrent Clear Claimed Marks 0.022ms
[2026-01-15T18:37:33.978+0530][52.558s][info][gc,marking  ] GC(569) Concurrent Cleanup for Next Mark
[2026-01-15T18:37:33.978+0530][52.558s][info][gc,marking  ] GC(569) Concurrent Cleanup for Next Mark 0.424ms
[2026-01-15T18:37:33.978+0530][52.558s][info][gc          ] GC(569) Concurrent Mark Cycle 4.592ms
[2026-01-15T18:37:34.034+0530][52.614s][info][gc,start    ] GC(570) Pause Young (Concurrent Start) (G1 Humongous Allocation)
[2026-01-15T18:37:34.034+0530][52.614s][info][gc,task     ] GC(570) Using 6 workers of 8 for evacuation
[2026-01-15T18:37:34.036+0530][52.616s][info][gc,phases   ] GC(570)   Pre Evacuate Collection Set: 0.2ms
[2026-01-15T18:37:34.036+0530][52.616s][info][gc,phases   ] GC(570)   Merge Heap Roots: 0.1ms
[2026-01-15T18:37:34.036+0530][52.616s][info][gc,phases   ] GC(570)   Evacuate Collection Set: 0.3ms
[2026-01-15T18:37:34.036+0530][52.616s][info][gc,phases   ] GC(570)   Post Evacuate Collection Set: 0.7ms
[2026-01-15T18:37:34.036+0530][52.616s][info][gc,phases   ] GC(570)   Other: 0.2ms
[2026-01-15T18:37:34.036+0530][52.616s][info][gc,heap     ] GC(570) Eden regions: 0->0(46)
[2026-01-15T18:37:34.036+0530][52.616s][info][gc,heap     ] GC(570) Survivor regions: 0->0(6)
[2026-01-15T18:37:34.036+0530][52.616s][info][gc,heap     ] GC(570) Old regions: 2->2
[2026-01-15T18:37:34.036+0530][52.616s][info][gc,heap     ] GC(570) Humongous regions: 120->0
[2026-01-15T18:37:34.036+0530][52.616s][info][gc,metaspace] GC(570) Metaspace: 813K(960K)->813K(960K) NonClass: 760K(832K)->760K(832K) Class: 53K(128K)->53K(128K)
[2026-01-15T18:37:34.036+0530][52.616s][info][gc          ] GC(570) Pause Young (Concurrent Start) (G1 Humongous Allocation) 121M->1M(256M) 2.112ms
[2026-01-15T18:37:34.036+0530][52.616s][info][gc,cpu      ] GC(570) User=0.00s Sys=0.00s Real=0.00s
[2026-01-15T18:37:34.036+0530][52.616s][info][gc          ] GC(571) Concurrent Undo Cycle
[2026-01-15T18:37:34.037+0530][52.616s][info][gc,marking  ] GC(571) Concurrent Clear Claimed Marks
[2026-01-15T18:37:34.037+0530][52.616s][info][gc,marking  ] GC(571) Concurrent Clear Claimed Marks 0.043ms
[2026-01-15T18:37:34.037+0530][52.617s][info][gc,marking  ] GC(571) Concurrent Cleanup for Next Mark
[2026-01-15T18:37:34.037+0530][52.617s][info][gc,marking  ] GC(571) Concurrent Cleanup for Next Mark 0.267ms
[2026-01-15T18:37:34.037+0530][52.617s][info][gc          ] GC(571) Concurrent Undo Cycle 0.577ms
[2026-01-15T18:37:34.344+0530][52.924s][info][gc,start    ] GC(572) Pause Young (Concurrent Start) (G1 Humongous Allocation)
[2026-01-15T18:37:34.344+0530][52.924s][info][gc,task     ] GC(572) Using 6 workers of 8 for evacuation
[2026-01-15T18:37:34.346+0530][52.926s][info][gc,phases   ] GC(572)   Pre Evacuate Collection Set: 0.3ms
[2026-01-15T18:37:34.346+0530][52.926s][info][gc,phases   ] GC(572)   Merge Heap Roots: 0.2ms
[2026-01-15T18:37:34.346+0530][52.926s][info][gc,phases   ] GC(572)   Evacuate Collection Set: 0.3ms
[2026-01-15T18:37:34.346+0530][52.926s][info][gc,phases   ] GC(572)   Post Evacuate Collection Set: 0.5ms
[2026-01-15T18:37:34.346+0530][52.926s][info][gc,phases   ] GC(572)   Other: 0.2ms
[2026-01-15T18:37:34.346+0530][52.926s][info][gc,heap     ] GC(572) Eden regions: 0->0(46)
[2026-01-15T18:37:34.346+0530][52.926s][info][gc,heap     ] GC(572) Survivor regions: 0->0(6)
[2026-01-15T18:37:34.346+0530][52.926s][info][gc,heap     ] GC(572) Old regions: 2->2
[2026-01-15T18:37:34.346+0530][52.926s][info][gc,heap     ] GC(572) Humongous regions: 114->114
[2026-01-15T18:37:34.346+0530][52.926s][info][gc,metaspace] GC(572) Metaspace: 813K(960K)->813K(960K) NonClass: 760K(832K)->760K(832K) Class: 53K(128K)->53K(128K)
[2026-01-15T18:37:34.346+0530][52.926s][info][gc          ] GC(572) Pause Young (Concurrent Start) (G1 Humongous Allocation) 115M->115M(256M) 1.861ms
[2026-01-15T18:37:34.346+0530][52.926s][info][gc,cpu      ] GC(572) User=0.00s Sys=0.00s Real=0.00s
[2026-01-15T18:37:34.346+0530][52.926s][info][gc          ] GC(573) Concurrent Mark Cycle
[2026-01-15T18:37:34.346+0530][52.926s][info][gc,marking  ] GC(573) Concurrent Scan Root Regions
[2026-01-15T18:37:34.346+0530][52.926s][info][gc,marking  ] GC(573) Concurrent Scan Root Regions 0.015ms
[2026-01-15T18:37:34.346+0530][52.926s][info][gc,marking  ] GC(573) Concurrent Mark
[2026-01-15T18:37:34.346+0530][52.926s][info][gc,marking  ] GC(573) Concurrent Mark From Roots
[2026-01-15T18:37:34.346+0530][52.926s][info][gc,task     ] GC(573) Using 2 workers of 2 for marking
[2026-01-15T18:37:34.348+0530][52.928s][info][gc,marking  ] GC(573) Concurrent Mark From Roots 2.039ms
[2026-01-15T18:37:34.349+0530][52.928s][info][gc,marking  ] GC(573) Concurrent Preclean
[2026-01-15T18:37:34.349+0530][52.928s][info][gc,marking  ] GC(573) Concurrent Preclean 0.011ms
[2026-01-15T18:37:34.349+0530][52.928s][info][gc,start    ] GC(573) Pause Remark
[2026-01-15T18:37:34.350+0530][52.929s][info][gc          ] GC(573) Pause Remark 121M->121M(256M) 1.076ms
[2026-01-15T18:37:34.350+0530][52.929s][info][gc,cpu      ] GC(573) User=0.00s Sys=0.00s Real=0.00s
[2026-01-15T18:37:34.350+0530][52.929s][info][gc,marking  ] GC(573) Concurrent Mark 3.379ms
[2026-01-15T18:37:34.350+0530][52.930s][info][gc,marking  ] GC(573) Concurrent Rebuild Remembered Sets and Scrub Regions
[2026-01-15T18:37:34.350+0530][52.930s][info][gc,marking  ] GC(573) Concurrent Rebuild Remembered Sets and Scrub Regions 0.608ms
[2026-01-15T18:37:34.351+0530][52.930s][info][gc,start    ] GC(573) Pause Cleanup
[2026-01-15T18:37:34.351+0530][52.930s][info][gc          ] GC(573) Pause Cleanup 121M->121M(256M) 0.184ms
[2026-01-15T18:37:34.351+0530][52.930s][info][gc,cpu      ] GC(573) User=0.00s Sys=0.00s Real=0.00s
[2026-01-15T18:37:34.351+0530][52.931s][info][gc,marking  ] GC(573) Concurrent Clear Claimed Marks
[2026-01-15T18:37:34.351+0530][52.931s][info][gc,marking  ] GC(573) Concurrent Clear Claimed Marks 0.023ms
[2026-01-15T18:37:34.351+0530][52.931s][info][gc,marking  ] GC(573) Concurrent Cleanup for Next Mark
[2026-01-15T18:37:34.352+0530][52.931s][info][gc,marking  ] GC(573) Concurrent Cleanup for Next Mark 0.409ms
[2026-01-15T18:37:34.352+0530][52.931s][info][gc          ] GC(573) Concurrent Mark Cycle 5.001ms
[2026-01-15T18:37:34.406+0530][52.986s][info][gc,start    ] GC(574) Pause Young (Concurrent Start) (G1 Humongous Allocation)
[2026-01-15T18:37:34.406+0530][52.986s][info][gc,task     ] GC(574) Using 6 workers of 8 for evacuation
[2026-01-15T18:37:34.408+0530][52.988s][info][gc,phases   ] GC(574)   Pre Evacuate Collection Set: 0.3ms
[2026-01-15T18:37:34.408+0530][52.988s][info][gc,phases   ] GC(574)   Merge Heap Roots: 0.2ms
[2026-01-15T18:37:34.408+0530][52.988s][info][gc,phases   ] GC(574)   Evacuate Collection Set: 0.3ms
[2026-01-15T18:37:34.408+0530][52.988s][info][gc,phases   ] GC(574)   Post Evacuate Collection Set: 0.5ms
[2026-01-15T18:37:34.408+0530][52.988s][info][gc,phases   ] GC(574)   Other: 0.1ms
[2026-01-15T18:37:34.408+0530][52.988s][info][gc,heap     ] GC(574) Eden regions: 0->0(46)
[2026-01-15T18:37:34.408+0530][52.988s][info][gc,heap     ] GC(574) Survivor regions: 0->0(6)
[2026-01-15T18:37:34.408+0530][52.988s][info][gc,heap     ] GC(574) Old regions: 2->2
[2026-01-15T18:37:34.408+0530][52.988s][info][gc,heap     ] GC(574) Humongous regions: 120->0
[2026-01-15T18:37:34.408+0530][52.988s][info][gc,metaspace] GC(574) Metaspace: 813K(960K)->813K(960K) NonClass: 760K(832K)->760K(832K) Class: 53K(128K)->53K(128K)
[2026-01-15T18:37:34.408+0530][52.988s][info][gc          ] GC(574) Pause Young (Concurrent Start) (G1 Humongous Allocation) 121M->1M(256M) 1.635ms
[2026-01-15T18:37:34.408+0530][52.988s][info][gc,cpu      ] GC(574) User=0.00s Sys=0.00s Real=0.00s
[2026-01-15T18:37:34.408+0530][52.988s][info][gc          ] GC(575) Concurrent Undo Cycle
[2026-01-15T18:37:34.408+0530][52.988s][info][gc,marking  ] GC(575) Concurrent Clear Claimed Marks
[2026-01-15T18:37:34.408+0530][52.988s][info][gc,marking  ] GC(575) Concurrent Clear Claimed Marks 0.010ms
[2026-01-15T18:37:34.408+0530][52.988s][info][gc,marking  ] GC(575) Concurrent Cleanup for Next Mark
[2026-01-15T18:37:34.408+0530][52.988s][info][gc,marking  ] GC(575) Concurrent Cleanup for Next Mark 0.121ms
[2026-01-15T18:37:34.408+0530][52.988s][info][gc          ] GC(575) Concurrent Undo Cycle 0.209ms
[2026-01-15T18:37:34.718+0530][53.297s][info][gc,start    ] GC(576) Pause Young (Concurrent Start) (G1 Humongous Allocation)
[2026-01-15T18:37:34.718+0530][53.298s][info][gc,task     ] GC(576) Using 6 workers of 8 for evacuation
[2026-01-15T18:37:34.720+0530][53.300s][info][gc,phases   ] GC(576)   Pre Evacuate Collection Set: 0.5ms
[2026-01-15T18:37:34.720+0530][53.300s][info][gc,phases   ] GC(576)   Merge Heap Roots: 0.2ms
[2026-01-15T18:37:34.720+0530][53.300s][info][gc,phases   ] GC(576)   Evacuate Collection Set: 0.5ms
[2026-01-15T18:37:34.720+0530][53.300s][info][gc,phases   ] GC(576)   Post Evacuate Collection Set: 0.9ms
[2026-01-15T18:37:34.720+0530][53.300s][info][gc,phases   ] GC(576)   Other: 0.3ms
[2026-01-15T18:37:34.720+0530][53.300s][info][gc,heap     ] GC(576) Eden regions: 0->0(46)
[2026-01-15T18:37:34.720+0530][53.300s][info][gc,heap     ] GC(576) Survivor regions: 0->0(6)
[2026-01-15T18:37:34.720+0530][53.300s][info][gc,heap     ] GC(576) Old regions: 2->2
[2026-01-15T18:37:34.720+0530][53.300s][info][gc,heap     ] GC(576) Humongous regions: 114->114
[2026-01-15T18:37:34.720+0530][53.300s][info][gc,metaspace] GC(576) Metaspace: 813K(960K)->813K(960K) NonClass: 760K(832K)->760K(832K) Class: 53K(128K)->53K(128K)
[2026-01-15T18:37:34.720+0530][53.300s][info][gc          ] GC(576) Pause Young (Concurrent Start) (G1 Humongous Allocation) 115M->115M(256M) 2.772ms
[2026-01-15T18:37:34.720+0530][53.300s][info][gc,cpu      ] GC(576) User=0.00s Sys=0.00s Real=0.00s
[2026-01-15T18:37:34.720+0530][53.300s][info][gc          ] GC(577) Concurrent Mark Cycle
[2026-01-15T18:37:34.721+0530][53.300s][info][gc,marking  ] GC(577) Concurrent Scan Root Regions
[2026-01-15T18:37:34.721+0530][53.300s][info][gc,marking  ] GC(577) Concurrent Scan Root Regions 0.024ms
[2026-01-15T18:37:34.721+0530][53.300s][info][gc,marking  ] GC(577) Concurrent Mark
[2026-01-15T18:37:34.721+0530][53.300s][info][gc,marking  ] GC(577) Concurrent Mark From Roots
[2026-01-15T18:37:34.721+0530][53.300s][info][gc,task     ] GC(577) Using 2 workers of 2 for marking
[2026-01-15T18:37:34.724+0530][53.304s][info][gc,marking  ] GC(577) Concurrent Mark From Roots 3.379ms
[2026-01-15T18:37:34.724+0530][53.304s][info][gc,marking  ] GC(577) Concurrent Preclean
[2026-01-15T18:37:34.724+0530][53.304s][info][gc,marking  ] GC(577) Concurrent Preclean 0.010ms
[2026-01-15T18:37:34.724+0530][53.304s][info][gc,start    ] GC(577) Pause Remark
[2026-01-15T18:37:34.725+0530][53.305s][info][gc          ] GC(577) Pause Remark 121M->121M(256M) 1.096ms
[2026-01-15T18:37:34.725+0530][53.305s][info][gc,cpu      ] GC(577) User=0.00s Sys=0.00s Real=0.00s
[2026-01-15T18:37:34.725+0530][53.305s][info][gc,marking  ] GC(577) Concurrent Mark 4.686ms
[2026-01-15T18:37:34.725+0530][53.305s][info][gc,marking  ] GC(577) Concurrent Rebuild Remembered Sets and Scrub Regions
[2026-01-15T18:37:34.725+0530][53.306s][info][gc,marking  ] GC(577) Concurrent Rebuild Remembered Sets and Scrub Regions 0.604ms
[2026-01-15T18:37:34.725+0530][53.306s][info][gc,start    ] GC(577) Pause Cleanup
[2026-01-15T18:37:34.726+0530][53.306s][info][gc          ] GC(577) Pause Cleanup 121M->121M(256M) 0.234ms
[2026-01-15T18:37:34.726+0530][53.306s][info][gc,cpu      ] GC(577) User=0.00s Sys=0.00s Real=0.00s
[2026-01-15T18:37:34.726+0530][53.306s][info][gc,marking  ] GC(577) Concurrent Clear Claimed Marks
[2026-01-15T18:37:34.726+0530][53.306s][info][gc,marking  ] GC(577) Concurrent Clear Claimed Marks 0.022ms
[2026-01-15T18:37:34.726+0530][53.306s][info][gc,marking  ] GC(577) Concurrent Cleanup for Next Mark
[2026-01-15T18:37:34.726+0530][53.307s][info][gc,marking  ] GC(577) Concurrent Cleanup for Next Mark 0.431ms
[2026-01-15T18:37:34.726+0530][53.307s][info][gc          ] GC(577) Concurrent Mark Cycle 6.325ms
[2026-01-15T18:37:34.779+0530][53.359s][info][gc,start    ] GC(578) Pause Young (Concurrent Start) (G1 Humongous Allocation)
[2026-01-15T18:37:34.779+0530][53.359s][info][gc,task     ] GC(578) Using 6 workers of 8 for evacuation
[2026-01-15T18:37:34.782+0530][53.361s][info][gc,phases   ] GC(578)   Pre Evacuate Collection Set: 0.5ms
[2026-01-15T18:37:34.782+0530][53.362s][info][gc,phases   ] GC(578)   Merge Heap Roots: 0.2ms
[2026-01-15T18:37:34.782+0530][53.362s][info][gc,phases   ] GC(578)   Evacuate Collection Set: 0.5ms
[2026-01-15T18:37:34.782+0530][53.362s][info][gc,phases   ] GC(578)   Post Evacuate Collection Set: 1.0ms
[2026-01-15T18:37:34.782+0530][53.362s][info][gc,phases   ] GC(578)   Other: 0.3ms
[2026-01-15T18:37:34.782+0530][53.362s][info][gc,heap     ] GC(578) Eden regions: 0->0(46)
[2026-01-15T18:37:34.782+0530][53.362s][info][gc,heap     ] GC(578) Survivor regions: 0->0(6)
[2026-01-15T18:37:34.782+0530][53.362s][info][gc,heap     ] GC(578) Old regions: 2->2
[2026-01-15T18:37:34.782+0530][53.362s][info][gc,heap     ] GC(578) Humongous regions: 120->0
[2026-01-15T18:37:34.782+0530][53.362s][info][gc,metaspace] GC(578) Metaspace: 813K(960K)->813K(960K) NonClass: 760K(832K)->760K(832K) Class: 53K(128K)->53K(128K)
[2026-01-15T18:37:34.782+0530][53.362s][info][gc          ] GC(578) Pause Young (Concurrent Start) (G1 Humongous Allocation) 121M->1M(256M) 3.003ms
[2026-01-15T18:37:34.782+0530][53.362s][info][gc,cpu      ] GC(578) User=0.00s Sys=0.00s Real=0.00s
[2026-01-15T18:37:34.782+0530][53.362s][info][gc          ] GC(579) Concurrent Undo Cycle
[2026-01-15T18:37:34.782+0530][53.362s][info][gc,marking  ] GC(579) Concurrent Clear Claimed Marks
[2026-01-15T18:37:34.782+0530][53.362s][info][gc,marking  ] GC(579) Concurrent Clear Claimed Marks 0.027ms
[2026-01-15T18:37:34.782+0530][53.362s][info][gc,marking  ] GC(579) Concurrent Cleanup for Next Mark
[2026-01-15T18:37:34.782+0530][53.362s][info][gc,marking  ] GC(579) Concurrent Cleanup for Next Mark 0.198ms
[2026-01-15T18:37:34.783+0530][53.362s][info][gc          ] GC(579) Concurrent Undo Cycle 0.402ms
[2026-01-15T18:37:35.096+0530][53.675s][info][gc,start    ] GC(580) Pause Young (Concurrent Start) (G1 Humongous Allocation)
[2026-01-15T18:37:35.096+0530][53.675s][info][gc,task     ] GC(580) Using 6 workers of 8 for evacuation
[2026-01-15T18:37:35.097+0530][53.677s][info][gc,phases   ] GC(580)   Pre Evacuate Collection Set: 0.3ms
[2026-01-15T18:37:35.097+0530][53.677s][info][gc,phases   ] GC(580)   Merge Heap Roots: 0.1ms
[2026-01-15T18:37:35.097+0530][53.677s][info][gc,phases   ] GC(580)   Evacuate Collection Set: 0.3ms
[2026-01-15T18:37:35.097+0530][53.677s][info][gc,phases   ] GC(580)   Post Evacuate Collection Set: 0.6ms
[2026-01-15T18:37:35.097+0530][53.677s][info][gc,phases   ] GC(580)   Other: 0.2ms
[2026-01-15T18:37:35.097+0530][53.677s][info][gc,heap     ] GC(580) Eden regions: 0->0(46)
[2026-01-15T18:37:35.097+0530][53.677s][info][gc,heap     ] GC(580) Survivor regions: 0->0(6)
[2026-01-15T18:37:35.097+0530][53.677s][info][gc,heap     ] GC(580) Old regions: 2->2
[2026-01-15T18:37:35.097+0530][53.677s][info][gc,heap     ] GC(580) Humongous regions: 114->114
[2026-01-15T18:37:35.097+0530][53.677s][info][gc,metaspace] GC(580) Metaspace: 813K(960K)->813K(960K) NonClass: 760K(832K)->760K(832K) Class: 53K(128K)->53K(128K)
[2026-01-15T18:37:35.097+0530][53.677s][info][gc          ] GC(580) Pause Young (Concurrent Start) (G1 Humongous Allocation) 115M->115M(256M) 1.837ms
[2026-01-15T18:37:35.097+0530][53.677s][info][gc,cpu      ] GC(580) User=0.00s Sys=0.00s Real=0.00s
[2026-01-15T18:37:35.098+0530][53.677s][info][gc          ] GC(581) Concurrent Mark Cycle
[2026-01-15T18:37:35.098+0530][53.677s][info][gc,marking  ] GC(581) Concurrent Scan Root Regions
[2026-01-15T18:37:35.098+0530][53.677s][info][gc,marking  ] GC(581) Concurrent Scan Root Regions 0.024ms
[2026-01-15T18:37:35.098+0530][53.677s][info][gc,marking  ] GC(581) Concurrent Mark
[2026-01-15T18:37:35.098+0530][53.677s][info][gc,marking  ] GC(581) Concurrent Mark From Roots
[2026-01-15T18:37:35.098+0530][53.677s][info][gc,task     ] GC(581) Using 2 workers of 2 for marking
[2026-01-15T18:37:35.101+0530][53.680s][info][gc,marking  ] GC(581) Concurrent Mark From Roots 3.281ms
[2026-01-15T18:37:35.101+0530][53.680s][info][gc,marking  ] GC(581) Concurrent Preclean
[2026-01-15T18:37:35.101+0530][53.680s][info][gc,marking  ] GC(581) Concurrent Preclean 0.016ms
[2026-01-15T18:37:35.101+0530][53.681s][info][gc,start    ] GC(581) Pause Remark
[2026-01-15T18:37:35.102+0530][53.681s][info][gc          ] GC(581) Pause Remark 121M->121M(256M) 0.709ms
[2026-01-15T18:37:35.102+0530][53.681s][info][gc,cpu      ] GC(581) User=0.00s Sys=0.00s Real=0.00s
[2026-01-15T18:37:35.102+0530][53.681s][info][gc,marking  ] GC(581) Concurrent Mark 4.257ms
[2026-01-15T18:37:35.102+0530][53.681s][info][gc,marking  ] GC(581) Concurrent Rebuild Remembered Sets and Scrub Regions
[2026-01-15T18:37:35.103+0530][53.682s][info][gc,marking  ] GC(581) Concurrent Rebuild Remembered Sets and Scrub Regions 0.671ms
[2026-01-15T18:37:35.103+0530][53.682s][info][gc,start    ] GC(581) Pause Cleanup
[2026-01-15T18:37:35.103+0530][53.682s][info][gc          ] GC(581) Pause Cleanup 121M->121M(256M) 0.065ms
[2026-01-15T18:37:35.103+0530][53.682s][info][gc,cpu      ] GC(581) User=0.00s Sys=0.00s Real=0.00s
[2026-01-15T18:37:35.103+0530][53.682s][info][gc,marking  ] GC(581) Concurrent Clear Claimed Marks
[2026-01-15T18:37:35.103+0530][53.682s][info][gc,marking  ] GC(581) Concurrent Clear Claimed Marks 0.028ms
[2026-01-15T18:37:35.103+0530][53.682s][info][gc,marking  ] GC(581) Concurrent Cleanup for Next Mark
[2026-01-15T18:37:35.103+0530][53.683s][info][gc,marking  ] GC(581) Concurrent Cleanup for Next Mark 0.401ms
[2026-01-15T18:37:35.103+0530][53.683s][info][gc          ] GC(581) Concurrent Mark Cycle 5.711ms
[2026-01-15T18:37:35.158+0530][53.738s][info][gc,start    ] GC(582) Pause Young (Concurrent Start) (G1 Humongous Allocation)
[2026-01-15T18:37:35.158+0530][53.738s][info][gc,task     ] GC(582) Using 6 workers of 8 for evacuation
[2026-01-15T18:37:35.160+0530][53.739s][info][gc,phases   ] GC(582)   Pre Evacuate Collection Set: 0.2ms
[2026-01-15T18:37:35.160+0530][53.739s][info][gc,phases   ] GC(582)   Merge Heap Roots: 0.1ms
[2026-01-15T18:37:35.160+0530][53.739s][info][gc,phases   ] GC(582)   Evacuate Collection Set: 0.3ms
[2026-01-15T18:37:35.160+0530][53.739s][info][gc,phases   ] GC(582)   Post Evacuate Collection Set: 0.7ms
[2026-01-15T18:37:35.160+0530][53.739s][info][gc,phases   ] GC(582)   Other: 0.2ms
[2026-01-15T18:37:35.160+0530][53.739s][info][gc,heap     ] GC(582) Eden regions: 0->0(46)
[2026-01-15T18:37:35.160+0530][53.739s][info][gc,heap     ] GC(582) Survivor regions: 0->0(6)
[2026-01-15T18:37:35.160+0530][53.739s][info][gc,heap     ] GC(582) Old regions: 2->2
[2026-01-15T18:37:35.160+0530][53.739s][info][gc,heap     ] GC(582) Humongous regions: 120->0
[2026-01-15T18:37:35.160+0530][53.739s][info][gc,metaspace] GC(582) Metaspace: 813K(960K)->813K(960K) NonClass: 760K(832K)->760K(832K) Class: 53K(128K)->53K(128K)
[2026-01-15T18:37:35.160+0530][53.739s][info][gc          ] GC(582) Pause Young (Concurrent Start) (G1 Humongous Allocation) 121M->1M(256M) 1.715ms
[2026-01-15T18:37:35.160+0530][53.739s][info][gc,cpu      ] GC(582) User=0.00s Sys=0.00s Real=0.00s
[2026-01-15T18:37:35.160+0530][53.739s][info][gc          ] GC(583) Concurrent Undo Cycle
[2026-01-15T18:37:35.160+0530][53.739s][info][gc,marking  ] GC(583) Concurrent Clear Claimed Marks
[2026-01-15T18:37:35.160+0530][53.739s][info][gc,marking  ] GC(583) Concurrent Clear Claimed Marks 0.019ms
[2026-01-15T18:37:35.160+0530][53.739s][info][gc,marking  ] GC(583) Concurrent Cleanup for Next Mark
[2026-01-15T18:37:35.160+0530][53.740s][info][gc,marking  ] GC(583) Concurrent Cleanup for Next Mark 0.148ms
[2026-01-15T18:37:35.160+0530][53.740s][info][gc          ] GC(583) Concurrent Undo Cycle 0.276ms
[2026-01-15T18:37:35.470+0530][54.050s][info][gc,start    ] GC(584) Pause Young (Concurrent Start) (G1 Humongous Allocation)
[2026-01-15T18:37:35.470+0530][54.050s][info][gc,task     ] GC(584) Using 6 workers of 8 for evacuation
[2026-01-15T18:37:35.472+0530][54.052s][info][gc,phases   ] GC(584)   Pre Evacuate Collection Set: 0.3ms
[2026-01-15T18:37:35.472+0530][54.052s][info][gc,phases   ] GC(584)   Merge Heap Roots: 0.2ms
[2026-01-15T18:37:35.472+0530][54.052s][info][gc,phases   ] GC(584)   Evacuate Collection Set: 0.3ms
[2026-01-15T18:37:35.472+0530][54.052s][info][gc,phases   ] GC(584)   Post Evacuate Collection Set: 0.7ms
[2026-01-15T18:37:35.472+0530][54.052s][info][gc,phases   ] GC(584)   Other: 0.2ms
[2026-01-15T18:37:35.472+0530][54.052s][info][gc,heap     ] GC(584) Eden regions: 0->0(46)
[2026-01-15T18:37:35.472+0530][54.052s][info][gc,heap     ] GC(584) Survivor regions: 0->0(6)
[2026-01-15T18:37:35.472+0530][54.052s][info][gc,heap     ] GC(584) Old regions: 2->2
[2026-01-15T18:37:35.472+0530][54.052s][info][gc,heap     ] GC(584) Humongous regions: 114->114
[2026-01-15T18:37:35.472+0530][54.052s][info][gc,metaspace] GC(584) Metaspace: 813K(960K)->813K(960K) NonClass: 760K(832K)->760K(832K) Class: 53K(128K)->53K(128K)
[2026-01-15T18:37:35.472+0530][54.052s][info][gc          ] GC(584) Pause Young (Concurrent Start) (G1 Humongous Allocation) 115M->115M(256M) 2.116ms
[2026-01-15T18:37:35.472+0530][54.052s][info][gc,cpu      ] GC(584) User=0.00s Sys=0.00s Real=0.00s
[2026-01-15T18:37:35.472+0530][54.052s][info][gc          ] GC(585) Concurrent Mark Cycle
[2026-01-15T18:37:35.472+0530][54.052s][info][gc,marking  ] GC(585) Concurrent Scan Root Regions
[2026-01-15T18:37:35.472+0530][54.052s][info][gc,marking  ] GC(585) Concurrent Scan Root Regions 0.020ms
[2026-01-15T18:37:35.472+0530][54.052s][info][gc,marking  ] GC(585) Concurrent Mark
[2026-01-15T18:37:35.472+0530][54.052s][info][gc,marking  ] GC(585) Concurrent Mark From Roots
[2026-01-15T18:37:35.472+0530][54.052s][info][gc,task     ] GC(585) Using 2 workers of 2 for marking
[2026-01-15T18:37:35.475+0530][54.055s][info][gc,marking  ] GC(585) Concurrent Mark From Roots 2.462ms
[2026-01-15T18:37:35.475+0530][54.055s][info][gc,marking  ] GC(585) Concurrent Preclean
[2026-01-15T18:37:35.475+0530][54.055s][info][gc,marking  ] GC(585) Concurrent Preclean 0.028ms
[2026-01-15T18:37:35.475+0530][54.055s][info][gc,start    ] GC(585) Pause Remark
[2026-01-15T18:37:35.476+0530][54.057s][info][gc          ] GC(585) Pause Remark 121M->121M(256M) 1.327ms
[2026-01-15T18:37:35.476+0530][54.057s][info][gc,cpu      ] GC(585) User=0.00s Sys=0.02s Real=0.00s
[2026-01-15T18:37:35.476+0530][54.057s][info][gc,marking  ] GC(585) Concurrent Mark 4.239ms
[2026-01-15T18:37:35.476+0530][54.057s][info][gc,marking  ] GC(585) Concurrent Rebuild Remembered Sets and Scrub Regions
[2026-01-15T18:37:35.477+0530][54.057s][info][gc,marking  ] GC(585) Concurrent Rebuild Remembered Sets and Scrub Regions 0.627ms
[2026-01-15T18:37:35.477+0530][54.057s][info][gc,start    ] GC(585) Pause Cleanup
[2026-01-15T18:37:35.477+0530][54.058s][info][gc          ] GC(585) Pause Cleanup 121M->121M(256M) 0.228ms
[2026-01-15T18:37:35.477+0530][54.058s][info][gc,cpu      ] GC(585) User=0.00s Sys=0.00s Real=0.00s
[2026-01-15T18:37:35.477+0530][54.058s][info][gc,marking  ] GC(585) Concurrent Clear Claimed Marks
[2026-01-15T18:37:35.478+0530][54.058s][info][gc,marking  ] GC(585) Concurrent Clear Claimed Marks 0.023ms
[2026-01-15T18:37:35.478+0530][54.058s][info][gc,marking  ] GC(585) Concurrent Cleanup for Next Mark
[2026-01-15T18:37:35.478+0530][54.058s][info][gc,marking  ] GC(585) Concurrent Cleanup for Next Mark 0.416ms
[2026-01-15T18:37:35.478+0530][54.058s][info][gc          ] GC(585) Concurrent Mark Cycle 5.932ms
[2026-01-15T18:37:35.531+0530][54.111s][info][gc,start    ] GC(586) Pause Young (Concurrent Start) (G1 Humongous Allocation)
[2026-01-15T18:37:35.531+0530][54.111s][info][gc,task     ] GC(586) Using 6 workers of 8 for evacuation
[2026-01-15T18:37:35.532+0530][54.112s][info][gc,phases   ] GC(586)   Pre Evacuate Collection Set: 0.2ms
[2026-01-15T18:37:35.532+0530][54.112s][info][gc,phases   ] GC(586)   Merge Heap Roots: 0.1ms
[2026-01-15T18:37:35.532+0530][54.113s][info][gc,phases   ] GC(586)   Evacuate Collection Set: 0.3ms
[2026-01-15T18:37:35.532+0530][54.113s][info][gc,phases   ] GC(586)   Post Evacuate Collection Set: 0.5ms
[2026-01-15T18:37:35.532+0530][54.113s][info][gc,phases   ] GC(586)   Other: 0.2ms
[2026-01-15T18:37:35.532+0530][54.113s][info][gc,heap     ] GC(586) Eden regions: 0->0(46)
[2026-01-15T18:37:35.532+0530][54.113s][info][gc,heap     ] GC(586) Survivor regions: 0->0(6)
[2026-01-15T18:37:35.532+0530][54.113s][info][gc,heap     ] GC(586) Old regions: 2->2
[2026-01-15T18:37:35.532+0530][54.113s][info][gc,heap     ] GC(586) Humongous regions: 120->0
[2026-01-15T18:37:35.532+0530][54.113s][info][gc,metaspace] GC(586) Metaspace: 813K(960K)->813K(960K) NonClass: 760K(832K)->760K(832K) Class: 53K(128K)->53K(128K)
[2026-01-15T18:37:35.532+0530][54.113s][info][gc          ] GC(586) Pause Young (Concurrent Start) (G1 Humongous Allocation) 121M->1M(256M) 1.588ms
[2026-01-15T18:37:35.532+0530][54.113s][info][gc,cpu      ] GC(586) User=0.00s Sys=0.00s Real=0.00s
[2026-01-15T18:37:35.533+0530][54.113s][info][gc          ] GC(587) Concurrent Undo Cycle
[2026-01-15T18:37:35.533+0530][54.113s][info][gc,marking  ] GC(587) Concurrent Clear Claimed Marks
[2026-01-15T18:37:35.533+0530][54.113s][info][gc,marking  ] GC(587) Concurrent Clear Claimed Marks 0.010ms
[2026-01-15T18:37:35.533+0530][54.113s][info][gc,marking  ] GC(587) Concurrent Cleanup for Next Mark
[2026-01-15T18:37:35.533+0530][54.113s][info][gc,marking  ] GC(587) Concurrent Cleanup for Next Mark 0.157ms
[2026-01-15T18:37:35.533+0530][54.113s][info][gc          ] GC(587) Concurrent Undo Cycle 0.259ms
[2026-01-15T18:37:35.843+0530][54.423s][info][gc,start    ] GC(588) Pause Young (Concurrent Start) (G1 Humongous Allocation)
[2026-01-15T18:37:35.843+0530][54.423s][info][gc,task     ] GC(588) Using 6 workers of 8 for evacuation
[2026-01-15T18:37:35.844+0530][54.424s][info][gc,phases   ] GC(588)   Pre Evacuate Collection Set: 0.2ms
[2026-01-15T18:37:35.844+0530][54.424s][info][gc,phases   ] GC(588)   Merge Heap Roots: 0.0ms
[2026-01-15T18:37:35.844+0530][54.424s][info][gc,phases   ] GC(588)   Evacuate Collection Set: 0.3ms
[2026-01-15T18:37:35.844+0530][54.424s][info][gc,phases   ] GC(588)   Post Evacuate Collection Set: 0.4ms
[2026-01-15T18:37:35.844+0530][54.424s][info][gc,phases   ] GC(588)   Other: 0.2ms
[2026-01-15T18:37:35.844+0530][54.424s][info][gc,heap     ] GC(588) Eden regions: 0->0(46)
[2026-01-15T18:37:35.844+0530][54.424s][info][gc,heap     ] GC(588) Survivor regions: 0->0(6)
[2026-01-15T18:37:35.844+0530][54.424s][info][gc,heap     ] GC(588) Old regions: 2->2
[2026-01-15T18:37:35.844+0530][54.424s][info][gc,heap     ] GC(588) Humongous regions: 114->114
[2026-01-15T18:37:35.844+0530][54.424s][info][gc,metaspace] GC(588) Metaspace: 813K(960K)->813K(960K) NonClass: 760K(832K)->760K(832K) Class: 53K(128K)->53K(128K)
[2026-01-15T18:37:35.844+0530][54.424s][info][gc          ] GC(588) Pause Young (Concurrent Start) (G1 Humongous Allocation) 115M->115M(256M) 1.319ms
[2026-01-15T18:37:35.844+0530][54.424s][info][gc,cpu      ] GC(588) User=0.00s Sys=0.00s Real=0.00s
[2026-01-15T18:37:35.844+0530][54.424s][info][gc          ] GC(589) Concurrent Mark Cycle
[2026-01-15T18:37:35.844+0530][54.424s][info][gc,marking  ] GC(589) Concurrent Scan Root Regions
[2026-01-15T18:37:35.844+0530][54.424s][info][gc,marking  ] GC(589) Concurrent Scan Root Regions 0.018ms
[2026-01-15T18:37:35.844+0530][54.424s][info][gc,marking  ] GC(589) Concurrent Mark
[2026-01-15T18:37:35.844+0530][54.424s][info][gc,marking  ] GC(589) Concurrent Mark From Roots
[2026-01-15T18:37:35.844+0530][54.424s][info][gc,task     ] GC(589) Using 2 workers of 2 for marking
[2026-01-15T18:37:35.846+0530][54.426s][info][gc,marking  ] GC(589) Concurrent Mark From Roots 1.553ms
[2026-01-15T18:37:35.846+0530][54.426s][info][gc,marking  ] GC(589) Concurrent Preclean
[2026-01-15T18:37:35.846+0530][54.426s][info][gc,marking  ] GC(589) Concurrent Preclean 0.010ms
[2026-01-15T18:37:35.846+0530][54.426s][info][gc,start    ] GC(589) Pause Remark
[2026-01-15T18:37:35.847+0530][54.427s][info][gc          ] GC(589) Pause Remark 121M->121M(256M) 1.065ms
[2026-01-15T18:37:35.847+0530][54.427s][info][gc,cpu      ] GC(589) User=0.00s Sys=0.00s Real=0.00s
[2026-01-15T18:37:35.847+0530][54.427s][info][gc,marking  ] GC(589) Concurrent Mark 2.921ms
[2026-01-15T18:37:35.847+0530][54.427s][info][gc,marking  ] GC(589) Concurrent Rebuild Remembered Sets and Scrub Regions
[2026-01-15T18:37:35.848+0530][54.428s][info][gc,marking  ] GC(589) Concurrent Rebuild Remembered Sets and Scrub Regions 0.669ms
[2026-01-15T18:37:35.848+0530][54.428s][info][gc,start    ] GC(589) Pause Cleanup
[2026-01-15T18:37:35.848+0530][54.428s][info][gc          ] GC(589) Pause Cleanup 121M->121M(256M) 0.246ms
[2026-01-15T18:37:35.848+0530][54.428s][info][gc,cpu      ] GC(589) User=0.00s Sys=0.00s Real=0.00s
[2026-01-15T18:37:35.848+0530][54.428s][info][gc,marking  ] GC(589) Concurrent Clear Claimed Marks
[2026-01-15T18:37:35.848+0530][54.428s][info][gc,marking  ] GC(589) Concurrent Clear Claimed Marks 0.022ms
[2026-01-15T18:37:35.848+0530][54.428s][info][gc,marking  ] GC(589) Concurrent Cleanup for Next Mark
[2026-01-15T18:37:35.849+0530][54.429s][info][gc,marking  ] GC(589) Concurrent Cleanup for Next Mark 0.352ms
[2026-01-15T18:37:35.849+0530][54.429s][info][gc          ] GC(589) Concurrent Mark Cycle 4.557ms
[2026-01-15T18:37:35.904+0530][54.484s][info][gc,start    ] GC(590) Pause Young (Concurrent Start) (G1 Humongous Allocation)
[2026-01-15T18:37:35.904+0530][54.484s][info][gc,task     ] GC(590) Using 6 workers of 8 for evacuation
[2026-01-15T18:37:35.906+0530][54.486s][info][gc,phases   ] GC(590)   Pre Evacuate Collection Set: 0.3ms
[2026-01-15T18:37:35.906+0530][54.486s][info][gc,phases   ] GC(590)   Merge Heap Roots: 0.1ms
[2026-01-15T18:37:35.906+0530][54.486s][info][gc,phases   ] GC(590)   Evacuate Collection Set: 0.4ms
[2026-01-15T18:37:35.906+0530][54.486s][info][gc,phases   ] GC(590)   Post Evacuate Collection Set: 0.9ms
[2026-01-15T18:37:35.906+0530][54.486s][info][gc,phases   ] GC(590)   Other: 0.3ms
[2026-01-15T18:37:35.906+0530][54.486s][info][gc,heap     ] GC(590) Eden regions: 0->0(46)
[2026-01-15T18:37:35.906+0530][54.487s][info][gc,heap     ] GC(590) Survivor regions: 0->0(6)
[2026-01-15T18:37:35.906+0530][54.487s][info][gc,heap     ] GC(590) Old regions: 2->2
[2026-01-15T18:37:35.906+0530][54.487s][info][gc,heap     ] GC(590) Humongous regions: 120->0
[2026-01-15T18:37:35.907+0530][54.487s][info][gc,metaspace] GC(590) Metaspace: 813K(960K)->813K(960K) NonClass: 760K(832K)->760K(832K) Class: 53K(128K)->53K(128K)
[2026-01-15T18:37:35.907+0530][54.487s][info][gc          ] GC(590) Pause Young (Concurrent Start) (G1 Humongous Allocation) 121M->1M(256M) 2.602ms
[2026-01-15T18:37:35.907+0530][54.487s][info][gc,cpu      ] GC(590) User=0.00s Sys=0.00s Real=0.00s
[2026-01-15T18:37:35.907+0530][54.487s][info][gc          ] GC(591) Concurrent Undo Cycle
[2026-01-15T18:37:35.907+0530][54.487s][info][gc,marking  ] GC(591) Concurrent Clear Claimed Marks
[2026-01-15T18:37:35.907+0530][54.487s][info][gc,marking  ] GC(591) Concurrent Clear Claimed Marks 0.034ms
[2026-01-15T18:37:35.907+0530][54.487s][info][gc,marking  ] GC(591) Concurrent Cleanup for Next Mark
[2026-01-15T18:37:35.907+0530][54.487s][info][gc,marking  ] GC(591) Concurrent Cleanup for Next Mark 0.316ms
[2026-01-15T18:37:35.907+0530][54.488s][info][gc          ] GC(591) Concurrent Undo Cycle 0.669ms
[2026-01-15T18:37:36.216+0530][54.796s][info][gc,start    ] GC(592) Pause Young (Concurrent Start) (G1 Humongous Allocation)
[2026-01-15T18:37:36.217+0530][54.796s][info][gc,task     ] GC(592) Using 6 workers of 8 for evacuation
[2026-01-15T18:37:36.218+0530][54.798s][info][gc,phases   ] GC(592)   Pre Evacuate Collection Set: 0.3ms
[2026-01-15T18:37:36.219+0530][54.798s][info][gc,phases   ] GC(592)   Merge Heap Roots: 0.2ms
[2026-01-15T18:37:36.219+0530][54.798s][info][gc,phases   ] GC(592)   Evacuate Collection Set: 0.4ms
[2026-01-15T18:37:36.219+0530][54.798s][info][gc,phases   ] GC(592)   Post Evacuate Collection Set: 0.7ms
[2026-01-15T18:37:36.219+0530][54.798s][info][gc,phases   ] GC(592)   Other: 0.3ms
[2026-01-15T18:37:36.219+0530][54.798s][info][gc,heap     ] GC(592) Eden regions: 0->0(46)
[2026-01-15T18:37:36.219+0530][54.798s][info][gc,heap     ] GC(592) Survivor regions: 0->0(6)
[2026-01-15T18:37:36.219+0530][54.798s][info][gc,heap     ] GC(592) Old regions: 2->2
[2026-01-15T18:37:36.219+0530][54.798s][info][gc,heap     ] GC(592) Humongous regions: 114->114
[2026-01-15T18:37:36.219+0530][54.799s][info][gc,metaspace] GC(592) Metaspace: 813K(960K)->813K(960K) NonClass: 760K(832K)->760K(832K) Class: 53K(128K)->53K(128K)
[2026-01-15T18:37:36.219+0530][54.799s][info][gc          ] GC(592) Pause Young (Concurrent Start) (G1 Humongous Allocation) 115M->115M(256M) 2.397ms
[2026-01-15T18:37:36.219+0530][54.799s][info][gc,cpu      ] GC(592) User=0.00s Sys=0.00s Real=0.00s
[2026-01-15T18:37:36.219+0530][54.799s][info][gc          ] GC(593) Concurrent Mark Cycle
[2026-01-15T18:37:36.219+0530][54.799s][info][gc,marking  ] GC(593) Concurrent Scan Root Regions
[2026-01-15T18:37:36.219+0530][54.799s][info][gc,marking  ] GC(593) Concurrent Scan Root Regions 0.018ms
[2026-01-15T18:37:36.219+0530][54.799s][info][gc,marking  ] GC(593) Concurrent Mark
[2026-01-15T18:37:36.219+0530][54.799s][info][gc,marking  ] GC(593) Concurrent Mark From Roots
[2026-01-15T18:37:36.219+0530][54.799s][info][gc,task     ] GC(593) Using 2 workers of 2 for marking
[2026-01-15T18:37:36.221+0530][54.801s][info][gc,marking  ] GC(593) Concurrent Mark From Roots 2.398ms
[2026-01-15T18:37:36.222+0530][54.801s][info][gc,marking  ] GC(593) Concurrent Preclean
[2026-01-15T18:37:36.222+0530][54.801s][info][gc,marking  ] GC(593) Concurrent Preclean 0.017ms
[2026-01-15T18:37:36.222+0530][54.801s][info][gc,start    ] GC(593) Pause Remark
[2026-01-15T18:37:36.223+0530][54.803s][info][gc          ] GC(593) Pause Remark 121M->121M(256M) 1.095ms
[2026-01-15T18:37:36.223+0530][54.803s][info][gc,cpu      ] GC(593) User=0.00s Sys=0.00s Real=0.00s
[2026-01-15T18:37:36.223+0530][54.803s][info][gc,marking  ] GC(593) Concurrent Mark 3.759ms
[2026-01-15T18:37:36.223+0530][54.803s][info][gc,marking  ] GC(593) Concurrent Rebuild Remembered Sets and Scrub Regions
[2026-01-15T18:37:36.223+0530][54.803s][info][gc,marking  ] GC(593) Concurrent Rebuild Remembered Sets and Scrub Regions 0.607ms
[2026-01-15T18:37:36.223+0530][54.803s][info][gc,start    ] GC(593) Pause Cleanup
[2026-01-15T18:37:36.224+0530][54.804s][info][gc          ] GC(593) Pause Cleanup 121M->121M(256M) 0.258ms
[2026-01-15T18:37:36.224+0530][54.804s][info][gc,cpu      ] GC(593) User=0.00s Sys=0.00s Real=0.00s
[2026-01-15T18:37:36.224+0530][54.804s][info][gc,marking  ] GC(593) Concurrent Clear Claimed Marks
[2026-01-15T18:37:36.224+0530][54.804s][info][gc,marking  ] GC(593) Concurrent Clear Claimed Marks 0.023ms
[2026-01-15T18:37:36.224+0530][54.804s][info][gc,marking  ] GC(593) Concurrent Cleanup for Next Mark
[2026-01-15T18:37:36.224+0530][54.804s][info][gc,marking  ] GC(593) Concurrent Cleanup for Next Mark 0.426ms
[2026-01-15T18:37:36.224+0530][54.804s][info][gc          ] GC(593) Concurrent Mark Cycle 5.450ms
[2026-01-15T18:37:36.279+0530][54.859s][info][gc,start    ] GC(594) Pause Young (Concurrent Start) (G1 Humongous Allocation)
[2026-01-15T18:37:36.279+0530][54.859s][info][gc,task     ] GC(594) Using 6 workers of 8 for evacuation
[2026-01-15T18:37:36.281+0530][54.861s][info][gc,phases   ] GC(594)   Pre Evacuate Collection Set: 0.4ms
[2026-01-15T18:37:36.281+0530][54.861s][info][gc,phases   ] GC(594)   Merge Heap Roots: 0.2ms
[2026-01-15T18:37:36.281+0530][54.861s][info][gc,phases   ] GC(594)   Evacuate Collection Set: 0.4ms
[2026-01-15T18:37:36.281+0530][54.861s][info][gc,phases   ] GC(594)   Post Evacuate Collection Set: 0.6ms
[2026-01-15T18:37:36.281+0530][54.861s][info][gc,phases   ] GC(594)   Other: 0.3ms
[2026-01-15T18:37:36.281+0530][54.861s][info][gc,heap     ] GC(594) Eden regions: 0->0(46)
[2026-01-15T18:37:36.281+0530][54.861s][info][gc,heap     ] GC(594) Survivor regions: 0->0(6)
[2026-01-15T18:37:36.281+0530][54.861s][info][gc,heap     ] GC(594) Old regions: 2->2
[2026-01-15T18:37:36.281+0530][54.861s][info][gc,heap     ] GC(594) Humongous regions: 120->0
[2026-01-15T18:37:36.281+0530][54.861s][info][gc,metaspace] GC(594) Metaspace: 813K(960K)->813K(960K) NonClass: 760K(832K)->760K(832K) Class: 53K(128K)->53K(128K)
[2026-01-15T18:37:36.281+0530][54.861s][info][gc          ] GC(594) Pause Young (Concurrent Start) (G1 Humongous Allocation) 121M->1M(256M) 2.245ms
[2026-01-15T18:37:36.281+0530][54.861s][info][gc,cpu      ] GC(594) User=0.00s Sys=0.00s Real=0.00s
[2026-01-15T18:37:36.281+0530][54.861s][info][gc          ] GC(595) Concurrent Undo Cycle
[2026-01-15T18:37:36.281+0530][54.861s][info][gc,marking  ] GC(595) Concurrent Clear Claimed Marks
[2026-01-15T18:37:36.281+0530][54.861s][info][gc,marking  ] GC(595) Concurrent Clear Claimed Marks 0.038ms
[2026-01-15T18:37:36.281+0530][54.861s][info][gc,marking  ] GC(595) Concurrent Cleanup for Next Mark
[2026-01-15T18:37:36.282+0530][54.861s][info][gc,marking  ] GC(595) Concurrent Cleanup for Next Mark 0.165ms
[2026-01-15T18:37:36.282+0530][54.862s][info][gc          ] GC(595) Concurrent Undo Cycle 0.427ms
[2026-01-15T18:37:36.590+0530][55.170s][info][gc,start    ] GC(596) Pause Young (Concurrent Start) (G1 Humongous Allocation)
[2026-01-15T18:37:36.590+0530][55.170s][info][gc,task     ] GC(596) Using 6 workers of 8 for evacuation
[2026-01-15T18:37:36.592+0530][55.172s][info][gc,phases   ] GC(596)   Pre Evacuate Collection Set: 0.3ms
[2026-01-15T18:37:36.592+0530][55.172s][info][gc,phases   ] GC(596)   Merge Heap Roots: 0.2ms
[2026-01-15T18:37:36.592+0530][55.172s][info][gc,phases   ] GC(596)   Evacuate Collection Set: 0.3ms
[2026-01-15T18:37:36.592+0530][55.172s][info][gc,phases   ] GC(596)   Post Evacuate Collection Set: 0.6ms
[2026-01-15T18:37:36.592+0530][55.172s][info][gc,phases   ] GC(596)   Other: 0.2ms
[2026-01-15T18:37:36.592+0530][55.172s][info][gc,heap     ] GC(596) Eden regions: 0->0(46)
[2026-01-15T18:37:36.592+0530][55.172s][info][gc,heap     ] GC(596) Survivor regions: 0->0(6)
[2026-01-15T18:37:36.592+0530][55.172s][info][gc,heap     ] GC(596) Old regions: 2->2
[2026-01-15T18:37:36.592+0530][55.172s][info][gc,heap     ] GC(596) Humongous regions: 114->114
[2026-01-15T18:37:36.592+0530][55.172s][info][gc,metaspace] GC(596) Metaspace: 813K(960K)->813K(960K) NonClass: 760K(832K)->760K(832K) Class: 53K(128K)->53K(128K)
[2026-01-15T18:37:36.592+0530][55.172s][info][gc          ] GC(596) Pause Young (Concurrent Start) (G1 Humongous Allocation) 115M->115M(256M) 2.086ms
[2026-01-15T18:37:36.592+0530][55.172s][info][gc,cpu      ] GC(596) User=0.00s Sys=0.00s Real=0.00s
[2026-01-15T18:37:36.592+0530][55.172s][info][gc          ] GC(597) Concurrent Mark Cycle
[2026-01-15T18:37:36.592+0530][55.172s][info][gc,marking  ] GC(597) Concurrent Scan Root Regions
[2026-01-15T18:37:36.592+0530][55.172s][info][gc,marking  ] GC(597) Concurrent Scan Root Regions 0.017ms
[2026-01-15T18:37:36.592+0530][55.172s][info][gc,marking  ] GC(597) Concurrent Mark
[2026-01-15T18:37:36.592+0530][55.172s][info][gc,marking  ] GC(597) Concurrent Mark From Roots
[2026-01-15T18:37:36.592+0530][55.172s][info][gc,task     ] GC(597) Using 2 workers of 2 for marking
[2026-01-15T18:37:36.596+0530][55.175s][info][gc,marking  ] GC(597) Concurrent Mark From Roots 2.869ms
[2026-01-15T18:37:36.596+0530][55.175s][info][gc,marking  ] GC(597) Concurrent Preclean
[2026-01-15T18:37:36.596+0530][55.175s][info][gc,marking  ] GC(597) Concurrent Preclean 0.013ms
[2026-01-15T18:37:36.596+0530][55.175s][info][gc,start    ] GC(597) Pause Remark
[2026-01-15T18:37:36.597+0530][55.176s][info][gc          ] GC(597) Pause Remark 121M->121M(256M) 0.985ms
[2026-01-15T18:37:36.597+0530][55.176s][info][gc,cpu      ] GC(597) User=0.00s Sys=0.00s Real=0.00s
[2026-01-15T18:37:36.597+0530][55.177s][info][gc,marking  ] GC(597) Concurrent Mark 4.107ms
[2026-01-15T18:37:36.597+0530][55.177s][info][gc,marking  ] GC(597) Concurrent Rebuild Remembered Sets and Scrub Regions
[2026-01-15T18:37:36.597+0530][55.177s][info][gc,marking  ] GC(597) Concurrent Rebuild Remembered Sets and Scrub Regions 0.637ms
[2026-01-15T18:37:36.597+0530][55.177s][info][gc,start    ] GC(597) Pause Cleanup
[2026-01-15T18:37:36.598+0530][55.178s][info][gc          ] GC(597) Pause Cleanup 121M->121M(256M) 0.233ms
[2026-01-15T18:37:36.598+0530][55.178s][info][gc,cpu      ] GC(597) User=0.00s Sys=0.00s Real=0.00s
[2026-01-15T18:37:36.598+0530][55.178s][info][gc,marking  ] GC(597) Concurrent Clear Claimed Marks
[2026-01-15T18:37:36.598+0530][55.178s][info][gc,marking  ] GC(597) Concurrent Clear Claimed Marks 0.025ms
[2026-01-15T18:37:36.598+0530][55.178s][info][gc,marking  ] GC(597) Concurrent Cleanup for Next Mark
[2026-01-15T18:37:36.598+0530][55.178s][info][gc,marking  ] GC(597) Concurrent Cleanup for Next Mark 0.403ms
[2026-01-15T18:37:36.598+0530][55.178s][info][gc          ] GC(597) Concurrent Mark Cycle 5.734ms
[2026-01-15T18:37:36.651+0530][55.231s][info][gc,start    ] GC(598) Pause Young (Concurrent Start) (G1 Humongous Allocation)
[2026-01-15T18:37:36.651+0530][55.231s][info][gc,task     ] GC(598) Using 6 workers of 8 for evacuation
[2026-01-15T18:37:36.652+0530][55.232s][info][gc,phases   ] GC(598)   Pre Evacuate Collection Set: 0.2ms
[2026-01-15T18:37:36.652+0530][55.232s][info][gc,phases   ] GC(598)   Merge Heap Roots: 0.0ms
[2026-01-15T18:37:36.652+0530][55.232s][info][gc,phases   ] GC(598)   Evacuate Collection Set: 0.2ms
[2026-01-15T18:37:36.652+0530][55.232s][info][gc,phases   ] GC(598)   Post Evacuate Collection Set: 0.6ms
[2026-01-15T18:37:36.652+0530][55.232s][info][gc,phases   ] GC(598)   Other: 0.2ms
[2026-01-15T18:37:36.652+0530][55.232s][info][gc,heap     ] GC(598) Eden regions: 0->0(46)
[2026-01-15T18:37:36.652+0530][55.232s][info][gc,heap     ] GC(598) Survivor regions: 0->0(6)
[2026-01-15T18:37:36.652+0530][55.232s][info][gc,heap     ] GC(598) Old regions: 2->2
[2026-01-15T18:37:36.652+0530][55.232s][info][gc,heap     ] GC(598) Humongous regions: 120->0
[2026-01-15T18:37:36.652+0530][55.232s][info][gc,metaspace] GC(598) Metaspace: 813K(960K)->813K(960K) NonClass: 760K(832K)->760K(832K) Class: 53K(128K)->53K(128K)
[2026-01-15T18:37:36.652+0530][55.232s][info][gc          ] GC(598) Pause Young (Concurrent Start) (G1 Humongous Allocation) 121M->1M(256M) 1.438ms
[2026-01-15T18:37:36.652+0530][55.232s][info][gc,cpu      ] GC(598) User=0.00s Sys=0.00s Real=0.00s
[2026-01-15T18:37:36.652+0530][55.232s][info][gc          ] GC(599) Concurrent Undo Cycle
[2026-01-15T18:37:36.652+0530][55.232s][info][gc,marking  ] GC(599) Concurrent Clear Claimed Marks
[2026-01-15T18:37:36.652+0530][55.232s][info][gc,marking  ] GC(599) Concurrent Clear Claimed Marks 0.011ms
[2026-01-15T18:37:36.652+0530][55.232s][info][gc,marking  ] GC(599) Concurrent Cleanup for Next Mark
[2026-01-15T18:37:36.652+0530][55.232s][info][gc,marking  ] GC(599) Concurrent Cleanup for Next Mark 0.101ms
[2026-01-15T18:37:36.652+0530][55.232s][info][gc          ] GC(599) Concurrent Undo Cycle 0.190ms
[2026-01-15T18:37:36.964+0530][55.544s][info][gc,start    ] GC(600) Pause Young (Concurrent Start) (G1 Humongous Allocation)
[2026-01-15T18:37:36.965+0530][55.544s][info][gc,task     ] GC(600) Using 6 workers of 8 for evacuation
[2026-01-15T18:37:36.965+0530][55.545s][info][gc,phases   ] GC(600)   Pre Evacuate Collection Set: 0.1ms
[2026-01-15T18:37:36.965+0530][55.545s][info][gc,phases   ] GC(600)   Merge Heap Roots: 0.0ms
[2026-01-15T18:37:36.965+0530][55.545s][info][gc,phases   ] GC(600)   Evacuate Collection Set: 0.1ms
[2026-01-15T18:37:36.965+0530][55.545s][info][gc,phases   ] GC(600)   Post Evacuate Collection Set: 0.3ms
[2026-01-15T18:37:36.965+0530][55.545s][info][gc,phases   ] GC(600)   Other: 0.1ms
[2026-01-15T18:37:36.965+0530][55.545s][info][gc,heap     ] GC(600) Eden regions: 0->0(46)
[2026-01-15T18:37:36.965+0530][55.545s][info][gc,heap     ] GC(600) Survivor regions: 0->0(6)
[2026-01-15T18:37:36.965+0530][55.545s][info][gc,heap     ] GC(600) Old regions: 2->2
[2026-01-15T18:37:36.965+0530][55.545s][info][gc,heap     ] GC(600) Humongous regions: 114->114
[2026-01-15T18:37:36.965+0530][55.545s][info][gc,metaspace] GC(600) Metaspace: 813K(960K)->813K(960K) NonClass: 760K(832K)->760K(832K) Class: 53K(128K)->53K(128K)
[2026-01-15T18:37:36.965+0530][55.545s][info][gc          ] GC(600) Pause Young (Concurrent Start) (G1 Humongous Allocation) 115M->115M(256M) 0.886ms
[2026-01-15T18:37:36.965+0530][55.545s][info][gc,cpu      ] GC(600) User=0.00s Sys=0.00s Real=0.00s
[2026-01-15T18:37:36.965+0530][55.545s][info][gc          ] GC(601) Concurrent Mark Cycle
[2026-01-15T18:37:36.965+0530][55.545s][info][gc,marking  ] GC(601) Concurrent Scan Root Regions
[2026-01-15T18:37:36.965+0530][55.545s][info][gc,marking  ] GC(601) Concurrent Scan Root Regions 0.014ms
[2026-01-15T18:37:36.965+0530][55.545s][info][gc,marking  ] GC(601) Concurrent Mark
[2026-01-15T18:37:36.965+0530][55.545s][info][gc,marking  ] GC(601) Concurrent Mark From Roots
[2026-01-15T18:37:36.965+0530][55.545s][info][gc,task     ] GC(601) Using 2 workers of 2 for marking
[2026-01-15T18:37:36.966+0530][55.547s][info][gc,marking  ] GC(601) Concurrent Mark From Roots 1.655ms
[2026-01-15T18:37:36.966+0530][55.547s][info][gc,marking  ] GC(601) Concurrent Preclean
[2026-01-15T18:37:36.966+0530][55.547s][info][gc,marking  ] GC(601) Concurrent Preclean 0.013ms
[2026-01-15T18:37:36.966+0530][55.547s][info][gc,start    ] GC(601) Pause Remark
[2026-01-15T18:37:36.967+0530][55.547s][info][gc          ] GC(601) Pause Remark 121M->121M(256M) 0.471ms
[2026-01-15T18:37:36.967+0530][55.547s][info][gc,cpu      ] GC(601) User=0.00s Sys=0.00s Real=0.00s
[2026-01-15T18:37:36.967+0530][55.547s][info][gc,marking  ] GC(601) Concurrent Mark 2.340ms
[2026-01-15T18:37:36.967+0530][55.547s][info][gc,marking  ] GC(601) Concurrent Rebuild Remembered Sets and Scrub Regions
[2026-01-15T18:37:36.967+0530][55.548s][info][gc,marking  ] GC(601) Concurrent Rebuild Remembered Sets and Scrub Regions 0.501ms
[2026-01-15T18:37:36.969+0530][55.548s][info][gc,start    ] GC(601) Pause Cleanup
[2026-01-15T18:37:36.969+0530][55.548s][info][gc          ] GC(601) Pause Cleanup 121M->121M(256M) 0.123ms
[2026-01-15T18:37:36.969+0530][55.548s][info][gc,cpu      ] GC(601) User=0.00s Sys=0.00s Real=0.00s
[2026-01-15T18:37:36.969+0530][55.548s][info][gc,marking  ] GC(601) Concurrent Clear Claimed Marks
[2026-01-15T18:37:36.969+0530][55.548s][info][gc,marking  ] GC(601) Concurrent Clear Claimed Marks 0.031ms
[2026-01-15T18:37:36.969+0530][55.548s][info][gc,marking  ] GC(601) Concurrent Cleanup for Next Mark
[2026-01-15T18:37:36.969+0530][55.549s][info][gc,marking  ] GC(601) Concurrent Cleanup for Next Mark 0.524ms
[2026-01-15T18:37:36.969+0530][55.549s][info][gc          ] GC(601) Concurrent Mark Cycle 3.815ms
[2026-01-15T18:37:37.028+0530][55.607s][info][gc,start    ] GC(602) Pause Young (Concurrent Start) (G1 Humongous Allocation)
[2026-01-15T18:37:37.028+0530][55.607s][info][gc,task     ] GC(602) Using 6 workers of 8 for evacuation
[2026-01-15T18:37:37.029+0530][55.608s][info][gc,phases   ] GC(602)   Pre Evacuate Collection Set: 0.1ms
[2026-01-15T18:37:37.029+0530][55.608s][info][gc,phases   ] GC(602)   Merge Heap Roots: 0.0ms
[2026-01-15T18:37:37.029+0530][55.608s][info][gc,phases   ] GC(602)   Evacuate Collection Set: 0.1ms
[2026-01-15T18:37:37.029+0530][55.608s][info][gc,phases   ] GC(602)   Post Evacuate Collection Set: 0.3ms
[2026-01-15T18:37:37.029+0530][55.608s][info][gc,phases   ] GC(602)   Other: 0.1ms
[2026-01-15T18:37:37.029+0530][55.608s][info][gc,heap     ] GC(602) Eden regions: 0->0(46)
[2026-01-15T18:37:37.029+0530][55.608s][info][gc,heap     ] GC(602) Survivor regions: 0->0(6)
[2026-01-15T18:37:37.029+0530][55.608s][info][gc,heap     ] GC(602) Old regions: 2->2
[2026-01-15T18:37:37.029+0530][55.608s][info][gc,heap     ] GC(602) Humongous regions: 120->0
[2026-01-15T18:37:37.029+0530][55.608s][info][gc,metaspace] GC(602) Metaspace: 813K(960K)->813K(960K) NonClass: 760K(832K)->760K(832K) Class: 53K(128K)->53K(128K)
[2026-01-15T18:37:37.029+0530][55.608s][info][gc          ] GC(602) Pause Young (Concurrent Start) (G1 Humongous Allocation) 121M->1M(256M) 0.853ms
[2026-01-15T18:37:37.029+0530][55.608s][info][gc,cpu      ] GC(602) User=0.00s Sys=0.00s Real=0.00s
[2026-01-15T18:37:37.029+0530][55.608s][info][gc          ] GC(603) Concurrent Undo Cycle
[2026-01-15T18:37:37.029+0530][55.608s][info][gc,marking  ] GC(603) Concurrent Clear Claimed Marks
[2026-01-15T18:37:37.029+0530][55.608s][info][gc,marking  ] GC(603) Concurrent Clear Claimed Marks 0.021ms
[2026-01-15T18:37:37.029+0530][55.608s][info][gc,marking  ] GC(603) Concurrent Cleanup for Next Mark
[2026-01-15T18:37:37.029+0530][55.608s][info][gc,marking  ] GC(603) Concurrent Cleanup for Next Mark 0.070ms
[2026-01-15T18:37:37.029+0530][55.608s][info][gc          ] GC(603) Concurrent Undo Cycle 0.187ms
[2026-01-15T18:37:37.343+0530][55.923s][info][gc,start    ] GC(604) Pause Young (Concurrent Start) (G1 Humongous Allocation)
[2026-01-15T18:37:37.343+0530][55.923s][info][gc,task     ] GC(604) Using 6 workers of 8 for evacuation
[2026-01-15T18:37:37.345+0530][55.924s][info][gc,phases   ] GC(604)   Pre Evacuate Collection Set: 0.3ms
[2026-01-15T18:37:37.345+0530][55.924s][info][gc,phases   ] GC(604)   Merge Heap Roots: 0.1ms
[2026-01-15T18:37:37.345+0530][55.924s][info][gc,phases   ] GC(604)   Evacuate Collection Set: 0.2ms
[2026-01-15T18:37:37.345+0530][55.924s][info][gc,phases   ] GC(604)   Post Evacuate Collection Set: 0.5ms
[2026-01-15T18:37:37.345+0530][55.924s][info][gc,phases   ] GC(604)   Other: 0.2ms
[2026-01-15T18:37:37.345+0530][55.924s][info][gc,heap     ] GC(604) Eden regions: 0->0(46)
[2026-01-15T18:37:37.345+0530][55.924s][info][gc,heap     ] GC(604) Survivor regions: 0->0(6)
[2026-01-15T18:37:37.345+0530][55.924s][info][gc,heap     ] GC(604) Old regions: 2->2
[2026-01-15T18:37:37.345+0530][55.925s][info][gc,heap     ] GC(604) Humongous regions: 114->114
[2026-01-15T18:37:37.345+0530][55.925s][info][gc,metaspace] GC(604) Metaspace: 813K(960K)->813K(960K) NonClass: 760K(832K)->760K(832K) Class: 53K(128K)->53K(128K)
[2026-01-15T18:37:37.345+0530][55.925s][info][gc          ] GC(604) Pause Young (Concurrent Start) (G1 Humongous Allocation) 115M->115M(256M) 1.558ms
[2026-01-15T18:37:37.345+0530][55.925s][info][gc,cpu      ] GC(604) User=0.00s Sys=0.00s Real=0.00s
[2026-01-15T18:37:37.345+0530][55.925s][info][gc          ] GC(605) Concurrent Mark Cycle
[2026-01-15T18:37:37.345+0530][55.925s][info][gc,marking  ] GC(605) Concurrent Scan Root Regions
[2026-01-15T18:37:37.345+0530][55.925s][info][gc,marking  ] GC(605) Concurrent Scan Root Regions 0.021ms
[2026-01-15T18:37:37.345+0530][55.925s][info][gc,marking  ] GC(605) Concurrent Mark
[2026-01-15T18:37:37.345+0530][55.925s][info][gc,marking  ] GC(605) Concurrent Mark From Roots
[2026-01-15T18:37:37.345+0530][55.925s][info][gc,task     ] GC(605) Using 2 workers of 2 for marking
[2026-01-15T18:37:37.348+0530][55.928s][info][gc,marking  ] GC(605) Concurrent Mark From Roots 2.785ms
[2026-01-15T18:37:37.348+0530][55.928s][info][gc,marking  ] GC(605) Concurrent Preclean
[2026-01-15T18:37:37.348+0530][55.928s][info][gc,marking  ] GC(605) Concurrent Preclean 0.018ms
[2026-01-15T18:37:37.348+0530][55.928s][info][gc,start    ] GC(605) Pause Remark
[2026-01-15T18:37:37.349+0530][55.929s][info][gc          ] GC(605) Pause Remark 121M->121M(256M) 1.240ms
[2026-01-15T18:37:37.349+0530][55.929s][info][gc,cpu      ] GC(605) User=0.00s Sys=0.00s Real=0.00s
[2026-01-15T18:37:37.349+0530][55.929s][info][gc,marking  ] GC(605) Concurrent Mark 4.304ms
[2026-01-15T18:37:37.350+0530][55.929s][info][gc,marking  ] GC(605) Concurrent Rebuild Remembered Sets and Scrub Regions
[2026-01-15T18:37:37.350+0530][55.930s][info][gc,marking  ] GC(605) Concurrent Rebuild Remembered Sets and Scrub Regions 0.756ms
[2026-01-15T18:37:37.350+0530][55.930s][info][gc,start    ] GC(605) Pause Cleanup
[2026-01-15T18:37:37.351+0530][55.930s][info][gc          ] GC(605) Pause Cleanup 121M->121M(256M) 0.214ms
[2026-01-15T18:37:37.351+0530][55.930s][info][gc,cpu      ] GC(605) User=0.00s Sys=0.00s Real=0.00s
[2026-01-15T18:37:37.351+0530][55.930s][info][gc,marking  ] GC(605) Concurrent Clear Claimed Marks
[2026-01-15T18:37:37.351+0530][55.930s][info][gc,marking  ] GC(605) Concurrent Clear Claimed Marks 0.022ms
[2026-01-15T18:37:37.351+0530][55.930s][info][gc,marking  ] GC(605) Concurrent Cleanup for Next Mark
[2026-01-15T18:37:37.351+0530][55.931s][info][gc,marking  ] GC(605) Concurrent Cleanup for Next Mark 0.435ms
[2026-01-15T18:37:37.351+0530][55.931s][info][gc          ] GC(605) Concurrent Mark Cycle 6.103ms
[2026-01-15T18:37:37.405+0530][55.985s][info][gc,start    ] GC(606) Pause Young (Concurrent Start) (G1 Humongous Allocation)
[2026-01-15T18:37:37.405+0530][55.985s][info][gc,task     ] GC(606) Using 6 workers of 8 for evacuation
[2026-01-15T18:37:37.407+0530][55.987s][info][gc,phases   ] GC(606)   Pre Evacuate Collection Set: 0.3ms
[2026-01-15T18:37:37.407+0530][55.987s][info][gc,phases   ] GC(606)   Merge Heap Roots: 0.1ms
[2026-01-15T18:37:37.407+0530][55.987s][info][gc,phases   ] GC(606)   Evacuate Collection Set: 0.2ms
[2026-01-15T18:37:37.407+0530][55.987s][info][gc,phases   ] GC(606)   Post Evacuate Collection Set: 0.6ms
[2026-01-15T18:37:37.407+0530][55.987s][info][gc,phases   ] GC(606)   Other: 0.2ms
[2026-01-15T18:37:37.407+0530][55.987s][info][gc,heap     ] GC(606) Eden regions: 0->0(46)
[2026-01-15T18:37:37.407+0530][55.987s][info][gc,heap     ] GC(606) Survivor regions: 0->0(6)
[2026-01-15T18:37:37.407+0530][55.987s][info][gc,heap     ] GC(606) Old regions: 2->2
[2026-01-15T18:37:37.407+0530][55.987s][info][gc,heap     ] GC(606) Humongous regions: 120->0
[2026-01-15T18:37:37.407+0530][55.987s][info][gc,metaspace] GC(606) Metaspace: 813K(960K)->813K(960K) NonClass: 760K(832K)->760K(832K) Class: 53K(128K)->53K(128K)
[2026-01-15T18:37:37.407+0530][55.987s][info][gc          ] GC(606) Pause Young (Concurrent Start) (G1 Humongous Allocation) 121M->1M(256M) 1.631ms
[2026-01-15T18:37:37.407+0530][55.987s][info][gc,cpu      ] GC(606) User=0.00s Sys=0.00s Real=0.00s
[2026-01-15T18:37:37.407+0530][55.987s][info][gc          ] GC(607) Concurrent Undo Cycle
[2026-01-15T18:37:37.407+0530][55.987s][info][gc,marking  ] GC(607) Concurrent Clear Claimed Marks
[2026-01-15T18:37:37.407+0530][55.987s][info][gc,marking  ] GC(607) Concurrent Clear Claimed Marks 0.010ms
[2026-01-15T18:37:37.407+0530][55.987s][info][gc,marking  ] GC(607) Concurrent Cleanup for Next Mark
[2026-01-15T18:37:37.407+0530][55.987s][info][gc,marking  ] GC(607) Concurrent Cleanup for Next Mark 0.121ms
[2026-01-15T18:37:37.407+0530][55.987s][info][gc          ] GC(607) Concurrent Undo Cycle 0.208ms
[2026-01-15T18:37:37.719+0530][56.299s][info][gc,start    ] GC(608) Pause Young (Concurrent Start) (G1 Humongous Allocation)
[2026-01-15T18:37:37.719+0530][56.299s][info][gc,task     ] GC(608) Using 6 workers of 8 for evacuation
[2026-01-15T18:37:37.720+0530][56.300s][info][gc,phases   ] GC(608)   Pre Evacuate Collection Set: 0.3ms
[2026-01-15T18:37:37.720+0530][56.300s][info][gc,phases   ] GC(608)   Merge Heap Roots: 0.1ms
[2026-01-15T18:37:37.720+0530][56.300s][info][gc,phases   ] GC(608)   Evacuate Collection Set: 0.4ms
[2026-01-15T18:37:37.720+0530][56.301s][info][gc,phases   ] GC(608)   Post Evacuate Collection Set: 0.7ms
[2026-01-15T18:37:37.721+0530][56.301s][info][gc,phases   ] GC(608)   Other: 0.2ms
[2026-01-15T18:37:37.721+0530][56.301s][info][gc,heap     ] GC(608) Eden regions: 0->0(46)
[2026-01-15T18:37:37.721+0530][56.301s][info][gc,heap     ] GC(608) Survivor regions: 0->0(6)
[2026-01-15T18:37:37.721+0530][56.301s][info][gc,heap     ] GC(608) Old regions: 2->2
[2026-01-15T18:37:37.721+0530][56.301s][info][gc,heap     ] GC(608) Humongous regions: 114->114
[2026-01-15T18:37:37.721+0530][56.301s][info][gc,metaspace] GC(608) Metaspace: 813K(960K)->813K(960K) NonClass: 760K(832K)->760K(832K) Class: 53K(128K)->53K(128K)
[2026-01-15T18:37:37.721+0530][56.301s][info][gc          ] GC(608) Pause Young (Concurrent Start) (G1 Humongous Allocation) 115M->115M(256M) 2.132ms
[2026-01-15T18:37:37.721+0530][56.301s][info][gc,cpu      ] GC(608) User=0.00s Sys=0.00s Real=0.00s
[2026-01-15T18:37:37.721+0530][56.301s][info][gc          ] GC(609) Concurrent Mark Cycle
[2026-01-15T18:37:37.721+0530][56.301s][info][gc,marking  ] GC(609) Concurrent Scan Root Regions
[2026-01-15T18:37:37.721+0530][56.301s][info][gc,marking  ] GC(609) Concurrent Scan Root Regions 0.022ms
[2026-01-15T18:37:37.721+0530][56.301s][info][gc,marking  ] GC(609) Concurrent Mark
[2026-01-15T18:37:37.721+0530][56.301s][info][gc,marking  ] GC(609) Concurrent Mark From Roots
[2026-01-15T18:37:37.721+0530][56.301s][info][gc,task     ] GC(609) Using 2 workers of 2 for marking
[2026-01-15T18:37:37.724+0530][56.304s][info][gc,marking  ] GC(609) Concurrent Mark From Roots 3.431ms
[2026-01-15T18:37:37.724+0530][56.304s][info][gc,marking  ] GC(609) Concurrent Preclean
[2026-01-15T18:37:37.724+0530][56.304s][info][gc,marking  ] GC(609) Concurrent Preclean 0.014ms
[2026-01-15T18:37:37.725+0530][56.305s][info][gc,start    ] GC(609) Pause Remark
[2026-01-15T18:37:37.725+0530][56.305s][info][gc          ] GC(609) Pause Remark 121M->121M(256M) 0.885ms
[2026-01-15T18:37:37.725+0530][56.305s][info][gc,cpu      ] GC(609) User=0.00s Sys=0.02s Real=0.00s
[2026-01-15T18:37:37.726+0530][56.306s][info][gc,marking  ] GC(609) Concurrent Mark 4.576ms
[2026-01-15T18:37:37.726+0530][56.306s][info][gc,marking  ] GC(609) Concurrent Rebuild Remembered Sets and Scrub Regions
[2026-01-15T18:37:37.726+0530][56.306s][info][gc,marking  ] GC(609) Concurrent Rebuild Remembered Sets and Scrub Regions 0.794ms
[2026-01-15T18:37:37.727+0530][56.307s][info][gc,start    ] GC(609) Pause Cleanup
[2026-01-15T18:37:37.727+0530][56.307s][info][gc          ] GC(609) Pause Cleanup 121M->121M(256M) 0.414ms
[2026-01-15T18:37:37.727+0530][56.307s][info][gc,cpu      ] GC(609) User=0.00s Sys=0.00s Real=0.00s
[2026-01-15T18:37:37.727+0530][56.307s][info][gc,marking  ] GC(609) Concurrent Clear Claimed Marks
[2026-01-15T18:37:37.727+0530][56.307s][info][gc,marking  ] GC(609) Concurrent Clear Claimed Marks 0.034ms
[2026-01-15T18:37:37.727+0530][56.307s][info][gc,marking  ] GC(609) Concurrent Cleanup for Next Mark
[2026-01-15T18:37:37.727+0530][56.308s][info][gc,marking  ] GC(609) Concurrent Cleanup for Next Mark 0.426ms
[2026-01-15T18:37:37.728+0530][56.308s][info][gc          ] GC(609) Concurrent Mark Cycle 6.742ms
[2026-01-15T18:37:37.780+0530][56.360s][info][gc,start    ] GC(610) Pause Young (Concurrent Start) (G1 Humongous Allocation)
[2026-01-15T18:37:37.780+0530][56.360s][info][gc,task     ] GC(610) Using 6 workers of 8 for evacuation
[2026-01-15T18:37:37.782+0530][56.362s][info][gc,phases   ] GC(610)   Pre Evacuate Collection Set: 0.3ms
[2026-01-15T18:37:37.782+0530][56.362s][info][gc,phases   ] GC(610)   Merge Heap Roots: 0.1ms
[2026-01-15T18:37:37.782+0530][56.362s][info][gc,phases   ] GC(610)   Evacuate Collection Set: 0.4ms
[2026-01-15T18:37:37.782+0530][56.362s][info][gc,phases   ] GC(610)   Post Evacuate Collection Set: 0.9ms
[2026-01-15T18:37:37.782+0530][56.362s][info][gc,phases   ] GC(610)   Other: 0.3ms
[2026-01-15T18:37:37.782+0530][56.362s][info][gc,heap     ] GC(610) Eden regions: 0->0(46)
[2026-01-15T18:37:37.782+0530][56.363s][info][gc,heap     ] GC(610) Survivor regions: 0->0(6)
[2026-01-15T18:37:37.782+0530][56.363s][info][gc,heap     ] GC(610) Old regions: 2->2
[2026-01-15T18:37:37.782+0530][56.363s][info][gc,heap     ] GC(610) Humongous regions: 120->0
[2026-01-15T18:37:37.782+0530][56.363s][info][gc,metaspace] GC(610) Metaspace: 813K(960K)->813K(960K) NonClass: 760K(832K)->760K(832K) Class: 53K(128K)->53K(128K)
[2026-01-15T18:37:37.782+0530][56.363s][info][gc          ] GC(610) Pause Young (Concurrent Start) (G1 Humongous Allocation) 121M->1M(256M) 2.611ms
[2026-01-15T18:37:37.782+0530][56.363s][info][gc,cpu      ] GC(610) User=0.00s Sys=0.00s Real=0.00s
[2026-01-15T18:37:37.783+0530][56.363s][info][gc          ] GC(611) Concurrent Undo Cycle
[2026-01-15T18:37:37.783+0530][56.363s][info][gc,marking  ] GC(611) Concurrent Clear Claimed Marks
[2026-01-15T18:37:37.783+0530][56.363s][info][gc,marking  ] GC(611) Concurrent Clear Claimed Marks 0.039ms
[2026-01-15T18:37:37.783+0530][56.363s][info][gc,marking  ] GC(611) Concurrent Cleanup for Next Mark
[2026-01-15T18:37:37.783+0530][56.363s][info][gc,marking  ] GC(611) Concurrent Cleanup for Next Mark 0.285ms
[2026-01-15T18:37:37.783+0530][56.364s][info][gc          ] GC(611) Concurrent Undo Cycle 0.606ms
[2026-01-15T18:37:38.095+0530][56.675s][info][gc,start    ] GC(612) Pause Young (Concurrent Start) (G1 Humongous Allocation)
[2026-01-15T18:37:38.095+0530][56.675s][info][gc,task     ] GC(612) Using 6 workers of 8 for evacuation
[2026-01-15T18:37:38.096+0530][56.676s][info][gc,phases   ] GC(612)   Pre Evacuate Collection Set: 0.3ms
[2026-01-15T18:37:38.096+0530][56.676s][info][gc,phases   ] GC(612)   Merge Heap Roots: 0.1ms
[2026-01-15T18:37:38.096+0530][56.676s][info][gc,phases   ] GC(612)   Evacuate Collection Set: 0.2ms
[2026-01-15T18:37:38.096+0530][56.676s][info][gc,phases   ] GC(612)   Post Evacuate Collection Set: 0.2ms
[2026-01-15T18:37:38.096+0530][56.676s][info][gc,phases   ] GC(612)   Other: 0.1ms
[2026-01-15T18:37:38.096+0530][56.676s][info][gc,heap     ] GC(612) Eden regions: 0->0(46)
[2026-01-15T18:37:38.096+0530][56.676s][info][gc,heap     ] GC(612) Survivor regions: 0->0(6)
[2026-01-15T18:37:38.096+0530][56.676s][info][gc,heap     ] GC(612) Old regions: 2->2
[2026-01-15T18:37:38.096+0530][56.676s][info][gc,heap     ] GC(612) Humongous regions: 114->114
[2026-01-15T18:37:38.096+0530][56.676s][info][gc,metaspace] GC(612) Metaspace: 813K(960K)->813K(960K) NonClass: 760K(832K)->760K(832K) Class: 53K(128K)->53K(128K)
[2026-01-15T18:37:38.096+0530][56.676s][info][gc          ] GC(612) Pause Young (Concurrent Start) (G1 Humongous Allocation) 115M->115M(256M) 1.351ms
[2026-01-15T18:37:38.096+0530][56.676s][info][gc,cpu      ] GC(612) User=0.00s Sys=0.00s Real=0.00s
[2026-01-15T18:37:38.096+0530][56.676s][info][gc          ] GC(613) Concurrent Mark Cycle
[2026-01-15T18:37:38.096+0530][56.676s][info][gc,marking  ] GC(613) Concurrent Scan Root Regions
[2026-01-15T18:37:38.096+0530][56.676s][info][gc,marking  ] GC(613) Concurrent Scan Root Regions 0.014ms
[2026-01-15T18:37:38.096+0530][56.676s][info][gc,marking  ] GC(613) Concurrent Mark
[2026-01-15T18:37:38.096+0530][56.676s][info][gc,marking  ] GC(613) Concurrent Mark From Roots
[2026-01-15T18:37:38.096+0530][56.676s][info][gc,task     ] GC(613) Using 2 workers of 2 for marking
[2026-01-15T18:37:38.099+0530][56.679s][info][gc,marking  ] GC(613) Concurrent Mark From Roots 3.134ms
[2026-01-15T18:37:38.099+0530][56.679s][info][gc,marking  ] GC(613) Concurrent Preclean
[2026-01-15T18:37:38.099+0530][56.679s][info][gc,marking  ] GC(613) Concurrent Preclean 0.013ms
[2026-01-15T18:37:38.100+0530][56.679s][info][gc,start    ] GC(613) Pause Remark
[2026-01-15T18:37:38.101+0530][56.680s][info][gc          ] GC(613) Pause Remark 121M->121M(256M) 0.971ms
[2026-01-15T18:37:38.101+0530][56.680s][info][gc,cpu      ] GC(613) User=0.00s Sys=0.00s Real=0.00s
[2026-01-15T18:37:38.101+0530][56.681s][info][gc,marking  ] GC(613) Concurrent Mark 4.441ms
[2026-01-15T18:37:38.101+0530][56.681s][info][gc,marking  ] GC(613) Concurrent Rebuild Remembered Sets and Scrub Regions
[2026-01-15T18:37:38.101+0530][56.681s][info][gc,marking  ] GC(613) Concurrent Rebuild Remembered Sets and Scrub Regions 0.583ms
[2026-01-15T18:37:38.101+0530][56.681s][info][gc,start    ] GC(613) Pause Cleanup
[2026-01-15T18:37:38.102+0530][56.682s][info][gc          ] GC(613) Pause Cleanup 121M->121M(256M) 0.222ms
[2026-01-15T18:37:38.102+0530][56.682s][info][gc,cpu      ] GC(613) User=0.00s Sys=0.00s Real=0.00s
[2026-01-15T18:37:38.102+0530][56.682s][info][gc,marking  ] GC(613) Concurrent Clear Claimed Marks
[2026-01-15T18:37:38.102+0530][56.682s][info][gc,marking  ] GC(613) Concurrent Clear Claimed Marks 0.034ms
[2026-01-15T18:37:38.102+0530][56.682s][info][gc,marking  ] GC(613) Concurrent Cleanup for Next Mark
[2026-01-15T18:37:38.102+0530][56.682s][info][gc,marking  ] GC(613) Concurrent Cleanup for Next Mark 0.399ms
[2026-01-15T18:37:38.102+0530][56.682s][info][gc          ] GC(613) Concurrent Mark Cycle 6.022ms
[2026-01-15T18:37:38.156+0530][56.736s][info][gc,start    ] GC(614) Pause Young (Concurrent Start) (G1 Humongous Allocation)
[2026-01-15T18:37:38.156+0530][56.736s][info][gc,task     ] GC(614) Using 6 workers of 8 for evacuation
[2026-01-15T18:37:38.157+0530][56.736s][info][gc,phases   ] GC(614)   Pre Evacuate Collection Set: 0.1ms
[2026-01-15T18:37:38.157+0530][56.736s][info][gc,phases   ] GC(614)   Merge Heap Roots: 0.0ms
[2026-01-15T18:37:38.157+0530][56.736s][info][gc,phases   ] GC(614)   Evacuate Collection Set: 0.1ms
[2026-01-15T18:37:38.157+0530][56.736s][info][gc,phases   ] GC(614)   Post Evacuate Collection Set: 0.3ms
[2026-01-15T18:37:38.157+0530][56.737s][info][gc,phases   ] GC(614)   Other: 0.1ms
[2026-01-15T18:37:38.157+0530][56.737s][info][gc,heap     ] GC(614) Eden regions: 0->0(46)
[2026-01-15T18:37:38.157+0530][56.737s][info][gc,heap     ] GC(614) Survivor regions: 0->0(6)
[2026-01-15T18:37:38.157+0530][56.737s][info][gc,heap     ] GC(614) Old regions: 2->2
[2026-01-15T18:37:38.157+0530][56.737s][info][gc,heap     ] GC(614) Humongous regions: 120->0
[2026-01-15T18:37:38.157+0530][56.737s][info][gc,metaspace] GC(614) Metaspace: 813K(960K)->813K(960K) NonClass: 760K(832K)->760K(832K) Class: 53K(128K)->53K(128K)
[2026-01-15T18:37:38.157+0530][56.737s][info][gc          ] GC(614) Pause Young (Concurrent Start) (G1 Humongous Allocation) 121M->1M(256M) 0.984ms
[2026-01-15T18:37:38.157+0530][56.737s][info][gc,cpu      ] GC(614) User=0.00s Sys=0.00s Real=0.00s
[2026-01-15T18:37:38.157+0530][56.737s][info][gc          ] GC(615) Concurrent Undo Cycle
[2026-01-15T18:37:38.157+0530][56.737s][info][gc,marking  ] GC(615) Concurrent Clear Claimed Marks
[2026-01-15T18:37:38.157+0530][56.737s][info][gc,marking  ] GC(615) Concurrent Clear Claimed Marks 0.015ms
[2026-01-15T18:37:38.157+0530][56.737s][info][gc,marking  ] GC(615) Concurrent Cleanup for Next Mark
[2026-01-15T18:37:38.157+0530][56.737s][info][gc,marking  ] GC(615) Concurrent Cleanup for Next Mark 0.061ms
[2026-01-15T18:37:38.157+0530][56.737s][info][gc          ] GC(615) Concurrent Undo Cycle 0.213ms
[2026-01-15T18:37:38.483+0530][57.063s][info][gc,start    ] GC(616) Pause Young (Concurrent Start) (G1 Humongous Allocation)
[2026-01-15T18:37:38.483+0530][57.063s][info][gc,task     ] GC(616) Using 6 workers of 8 for evacuation
[2026-01-15T18:37:38.485+0530][57.065s][info][gc,phases   ] GC(616)   Pre Evacuate Collection Set: 0.2ms
[2026-01-15T18:37:38.485+0530][57.065s][info][gc,phases   ] GC(616)   Merge Heap Roots: 0.2ms
[2026-01-15T18:37:38.485+0530][57.065s][info][gc,phases   ] GC(616)   Evacuate Collection Set: 0.3ms
[2026-01-15T18:37:38.485+0530][57.065s][info][gc,phases   ] GC(616)   Post Evacuate Collection Set: 0.5ms
[2026-01-15T18:37:38.485+0530][57.065s][info][gc,phases   ] GC(616)   Other: 0.2ms
[2026-01-15T18:37:38.485+0530][57.065s][info][gc,heap     ] GC(616) Eden regions: 0->0(46)
[2026-01-15T18:37:38.485+0530][57.065s][info][gc,heap     ] GC(616) Survivor regions: 0->0(6)
[2026-01-15T18:37:38.485+0530][57.065s][info][gc,heap     ] GC(616) Old regions: 2->2
[2026-01-15T18:37:38.485+0530][57.065s][info][gc,heap     ] GC(616) Humongous regions: 114->114
[2026-01-15T18:37:38.485+0530][57.065s][info][gc,metaspace] GC(616) Metaspace: 813K(960K)->813K(960K) NonClass: 760K(832K)->760K(832K) Class: 53K(128K)->53K(128K)
[2026-01-15T18:37:38.485+0530][57.065s][info][gc          ] GC(616) Pause Young (Concurrent Start) (G1 Humongous Allocation) 115M->115M(256M) 1.634ms
[2026-01-15T18:37:38.485+0530][57.065s][info][gc,cpu      ] GC(616) User=0.00s Sys=0.00s Real=0.00s
[2026-01-15T18:37:38.485+0530][57.065s][info][gc          ] GC(617) Concurrent Mark Cycle
[2026-01-15T18:37:38.485+0530][57.065s][info][gc,marking  ] GC(617) Concurrent Scan Root Regions
[2026-01-15T18:37:38.485+0530][57.065s][info][gc,marking  ] GC(617) Concurrent Scan Root Regions 0.010ms
[2026-01-15T18:37:38.485+0530][57.065s][info][gc,marking  ] GC(617) Concurrent Mark
[2026-01-15T18:37:38.485+0530][57.065s][info][gc,marking  ] GC(617) Concurrent Mark From Roots
[2026-01-15T18:37:38.485+0530][57.065s][info][gc,task     ] GC(617) Using 2 workers of 2 for marking
[2026-01-15T18:37:38.487+0530][57.067s][info][gc,marking  ] GC(617) Concurrent Mark From Roots 1.668ms
[2026-01-15T18:37:38.487+0530][57.067s][info][gc,marking  ] GC(617) Concurrent Preclean
[2026-01-15T18:37:38.487+0530][57.067s][info][gc,marking  ] GC(617) Concurrent Preclean 0.012ms
[2026-01-15T18:37:38.487+0530][57.067s][info][gc,start    ] GC(617) Pause Remark
[2026-01-15T18:37:38.488+0530][57.068s][info][gc          ] GC(617) Pause Remark 121M->121M(256M) 1.051ms
[2026-01-15T18:37:38.488+0530][57.068s][info][gc,cpu      ] GC(617) User=0.00s Sys=0.00s Real=0.00s
[2026-01-15T18:37:38.488+0530][57.068s][info][gc,marking  ] GC(617) Concurrent Mark 2.921ms
[2026-01-15T18:37:38.488+0530][57.068s][info][gc,marking  ] GC(617) Concurrent Rebuild Remembered Sets and Scrub Regions
[2026-01-15T18:37:38.489+0530][57.069s][info][gc,marking  ] GC(617) Concurrent Rebuild Remembered Sets and Scrub Regions 0.617ms
[2026-01-15T18:37:38.489+0530][57.069s][info][gc,start    ] GC(617) Pause Cleanup
[2026-01-15T18:37:38.489+0530][57.069s][info][gc          ] GC(617) Pause Cleanup 121M->121M(256M) 0.244ms
[2026-01-15T18:37:38.489+0530][57.069s][info][gc,cpu      ] GC(617) User=0.00s Sys=0.00s Real=0.00s
[2026-01-15T18:37:38.489+0530][57.069s][info][gc,marking  ] GC(617) Concurrent Clear Claimed Marks
[2026-01-15T18:37:38.489+0530][57.069s][info][gc,marking  ] GC(617) Concurrent Clear Claimed Marks 0.025ms
[2026-01-15T18:37:38.489+0530][57.069s][info][gc,marking  ] GC(617) Concurrent Cleanup for Next Mark
[2026-01-15T18:37:38.490+0530][57.069s][info][gc,marking  ] GC(617) Concurrent Cleanup for Next Mark 0.418ms
[2026-01-15T18:37:38.490+0530][57.069s][info][gc          ] GC(617) Concurrent Mark Cycle 4.490ms
[2026-01-15T18:37:38.546+0530][57.126s][info][gc,start    ] GC(618) Pause Young (Concurrent Start) (G1 Humongous Allocation)
[2026-01-15T18:37:38.546+0530][57.126s][info][gc,task     ] GC(618) Using 6 workers of 8 for evacuation
[2026-01-15T18:37:38.547+0530][57.127s][info][gc,phases   ] GC(618)   Pre Evacuate Collection Set: 0.2ms
[2026-01-15T18:37:38.547+0530][57.127s][info][gc,phases   ] GC(618)   Merge Heap Roots: 0.1ms
[2026-01-15T18:37:38.547+0530][57.127s][info][gc,phases   ] GC(618)   Evacuate Collection Set: 0.2ms
[2026-01-15T18:37:38.547+0530][57.127s][info][gc,phases   ] GC(618)   Post Evacuate Collection Set: 0.6ms
[2026-01-15T18:37:38.547+0530][57.127s][info][gc,phases   ] GC(618)   Other: 0.2ms
[2026-01-15T18:37:38.547+0530][57.127s][info][gc,heap     ] GC(618) Eden regions: 0->0(46)
[2026-01-15T18:37:38.547+0530][57.127s][info][gc,heap     ] GC(618) Survivor regions: 0->0(6)
[2026-01-15T18:37:38.547+0530][57.127s][info][gc,heap     ] GC(618) Old regions: 2->2
[2026-01-15T18:37:38.547+0530][57.127s][info][gc,heap     ] GC(618) Humongous regions: 120->0
[2026-01-15T18:37:38.547+0530][57.127s][info][gc,metaspace] GC(618) Metaspace: 813K(960K)->813K(960K) NonClass: 760K(832K)->760K(832K) Class: 53K(128K)->53K(128K)
[2026-01-15T18:37:38.547+0530][57.127s][info][gc          ] GC(618) Pause Young (Concurrent Start) (G1 Humongous Allocation) 121M->1M(256M) 1.679ms
[2026-01-15T18:37:38.547+0530][57.127s][info][gc,cpu      ] GC(618) User=0.00s Sys=0.00s Real=0.00s
[2026-01-15T18:37:38.547+0530][57.127s][info][gc          ] GC(619) Concurrent Undo Cycle
[2026-01-15T18:37:38.548+0530][57.128s][info][gc,marking  ] GC(619) Concurrent Clear Claimed Marks
[2026-01-15T18:37:38.548+0530][57.128s][info][gc,marking  ] GC(619) Concurrent Clear Claimed Marks 0.033ms
[2026-01-15T18:37:38.548+0530][57.128s][info][gc,marking  ] GC(619) Concurrent Cleanup for Next Mark
[2026-01-15T18:37:38.548+0530][57.128s][info][gc,marking  ] GC(619) Concurrent Cleanup for Next Mark 0.172ms
[2026-01-15T18:37:38.548+0530][57.128s][info][gc          ] GC(619) Concurrent Undo Cycle 0.551ms
[2026-01-15T18:37:38.856+0530][57.436s][info][gc,start    ] GC(620) Pause Young (Concurrent Start) (G1 Humongous Allocation)
[2026-01-15T18:37:38.856+0530][57.437s][info][gc,task     ] GC(620) Using 6 workers of 8 for evacuation
[2026-01-15T18:37:38.858+0530][57.438s][info][gc,phases   ] GC(620)   Pre Evacuate Collection Set: 0.3ms
[2026-01-15T18:37:38.858+0530][57.438s][info][gc,phases   ] GC(620)   Merge Heap Roots: 0.1ms
[2026-01-15T18:37:38.858+0530][57.438s][info][gc,phases   ] GC(620)   Evacuate Collection Set: 0.2ms
[2026-01-15T18:37:38.858+0530][57.438s][info][gc,phases   ] GC(620)   Post Evacuate Collection Set: 0.5ms
[2026-01-15T18:37:38.858+0530][57.438s][info][gc,phases   ] GC(620)   Other: 0.2ms
[2026-01-15T18:37:38.858+0530][57.438s][info][gc,heap     ] GC(620) Eden regions: 0->0(46)
[2026-01-15T18:37:38.858+0530][57.438s][info][gc,heap     ] GC(620) Survivor regions: 0->0(6)
[2026-01-15T18:37:38.858+0530][57.438s][info][gc,heap     ] GC(620) Old regions: 2->2
[2026-01-15T18:37:38.858+0530][57.438s][info][gc,heap     ] GC(620) Humongous regions: 114->114
[2026-01-15T18:37:38.858+0530][57.438s][info][gc,metaspace] GC(620) Metaspace: 813K(960K)->813K(960K) NonClass: 760K(832K)->760K(832K) Class: 53K(128K)->53K(128K)
[2026-01-15T18:37:38.858+0530][57.438s][info][gc          ] GC(620) Pause Young (Concurrent Start) (G1 Humongous Allocation) 115M->115M(256M) 1.688ms
[2026-01-15T18:37:38.858+0530][57.438s][info][gc,cpu      ] GC(620) User=0.00s Sys=0.00s Real=0.00s
[2026-01-15T18:37:38.858+0530][57.438s][info][gc          ] GC(621) Concurrent Mark Cycle
[2026-01-15T18:37:38.858+0530][57.438s][info][gc,marking  ] GC(621) Concurrent Scan Root Regions
[2026-01-15T18:37:38.858+0530][57.438s][info][gc,marking  ] GC(621) Concurrent Scan Root Regions 0.017ms
[2026-01-15T18:37:38.858+0530][57.438s][info][gc,marking  ] GC(621) Concurrent Mark
[2026-01-15T18:37:38.858+0530][57.438s][info][gc,marking  ] GC(621) Concurrent Mark From Roots
[2026-01-15T18:37:38.858+0530][57.438s][info][gc,task     ] GC(621) Using 2 workers of 2 for marking
[2026-01-15T18:37:38.861+0530][57.442s][info][gc,marking  ] GC(621) Concurrent Mark From Roots 3.444ms
[2026-01-15T18:37:38.862+0530][57.442s][info][gc,marking  ] GC(621) Concurrent Preclean
[2026-01-15T18:37:38.862+0530][57.442s][info][gc,marking  ] GC(621) Concurrent Preclean 0.016ms
[2026-01-15T18:37:38.862+0530][57.442s][info][gc,start    ] GC(621) Pause Remark
[2026-01-15T18:37:38.863+0530][57.443s][info][gc          ] GC(621) Pause Remark 121M->121M(256M) 1.118ms
[2026-01-15T18:37:38.863+0530][57.443s][info][gc,cpu      ] GC(621) User=0.00s Sys=0.00s Real=0.00s
[2026-01-15T18:37:38.863+0530][57.443s][info][gc,marking  ] GC(621) Concurrent Mark 4.835ms
[2026-01-15T18:37:38.863+0530][57.443s][info][gc,marking  ] GC(621) Concurrent Rebuild Remembered Sets and Scrub Regions
[2026-01-15T18:37:38.864+0530][57.444s][info][gc,marking  ] GC(621) Concurrent Rebuild Remembered Sets and Scrub Regions 0.692ms
[2026-01-15T18:37:38.865+0530][57.444s][info][gc,start    ] GC(621) Pause Cleanup
[2026-01-15T18:37:38.865+0530][57.444s][info][gc          ] GC(621) Pause Cleanup 121M->121M(256M) 0.233ms
[2026-01-15T18:37:38.865+0530][57.444s][info][gc,cpu      ] GC(621) User=0.00s Sys=0.00s Real=0.00s
[2026-01-15T18:37:38.865+0530][57.444s][info][gc,marking  ] GC(621) Concurrent Clear Claimed Marks
[2026-01-15T18:37:38.865+0530][57.444s][info][gc,marking  ] GC(621) Concurrent Clear Claimed Marks 0.023ms
[2026-01-15T18:37:38.865+0530][57.444s][info][gc,marking  ] GC(621) Concurrent Cleanup for Next Mark
[2026-01-15T18:37:38.865+0530][57.445s][info][gc,marking  ] GC(621) Concurrent Cleanup for Next Mark 0.438ms
[2026-01-15T18:37:38.865+0530][57.445s][info][gc          ] GC(621) Concurrent Mark Cycle 6.556ms
[2026-01-15T18:37:38.919+0530][57.499s][info][gc,start    ] GC(622) Pause Young (Concurrent Start) (G1 Humongous Allocation)
[2026-01-15T18:37:38.919+0530][57.499s][info][gc,task     ] GC(622) Using 6 workers of 8 for evacuation
[2026-01-15T18:37:38.921+0530][57.501s][info][gc,phases   ] GC(622)   Pre Evacuate Collection Set: 0.4ms
[2026-01-15T18:37:38.921+0530][57.501s][info][gc,phases   ] GC(622)   Merge Heap Roots: 0.2ms
[2026-01-15T18:37:38.921+0530][57.501s][info][gc,phases   ] GC(622)   Evacuate Collection Set: 0.5ms
[2026-01-15T18:37:38.921+0530][57.501s][info][gc,phases   ] GC(622)   Post Evacuate Collection Set: 0.9ms
[2026-01-15T18:37:38.921+0530][57.501s][info][gc,phases   ] GC(622)   Other: 0.4ms
[2026-01-15T18:37:38.921+0530][57.501s][info][gc,heap     ] GC(622) Eden regions: 0->0(46)
[2026-01-15T18:37:38.921+0530][57.501s][info][gc,heap     ] GC(622) Survivor regions: 0->0(6)
[2026-01-15T18:37:38.921+0530][57.501s][info][gc,heap     ] GC(622) Old regions: 2->2
[2026-01-15T18:37:38.921+0530][57.501s][info][gc,heap     ] GC(622) Humongous regions: 120->0
[2026-01-15T18:37:38.921+0530][57.501s][info][gc,metaspace] GC(622) Metaspace: 813K(960K)->813K(960K) NonClass: 760K(832K)->760K(832K) Class: 53K(128K)->53K(128K)
[2026-01-15T18:37:38.921+0530][57.501s][info][gc          ] GC(622) Pause Young (Concurrent Start) (G1 Humongous Allocation) 121M->1M(256M) 2.854ms
[2026-01-15T18:37:38.922+0530][57.501s][info][gc,cpu      ] GC(622) User=0.00s Sys=0.00s Real=0.00s
[2026-01-15T18:37:38.922+0530][57.502s][info][gc          ] GC(623) Concurrent Undo Cycle
[2026-01-15T18:37:38.922+0530][57.502s][info][gc,marking  ] GC(623) Concurrent Clear Claimed Marks
[2026-01-15T18:37:38.922+0530][57.502s][info][gc,marking  ] GC(623) Concurrent Clear Claimed Marks 0.028ms
[2026-01-15T18:37:38.922+0530][57.502s][info][gc,marking  ] GC(623) Concurrent Cleanup for Next Mark
[2026-01-15T18:37:38.922+0530][57.502s][info][gc,marking  ] GC(623) Concurrent Cleanup for Next Mark 0.213ms
[2026-01-15T18:37:38.922+0530][57.502s][info][gc          ] GC(623) Concurrent Undo Cycle 0.432ms
[2026-01-15T18:37:39.232+0530][57.812s][info][gc,start    ] GC(624) Pause Young (Concurrent Start) (G1 Humongous Allocation)
[2026-01-15T18:37:39.233+0530][57.812s][info][gc,task     ] GC(624) Using 6 workers of 8 for evacuation
[2026-01-15T18:37:39.233+0530][57.813s][info][gc,phases   ] GC(624)   Pre Evacuate Collection Set: 0.2ms
[2026-01-15T18:37:39.233+0530][57.813s][info][gc,phases   ] GC(624)   Merge Heap Roots: 0.1ms
[2026-01-15T18:37:39.233+0530][57.813s][info][gc,phases   ] GC(624)   Evacuate Collection Set: 0.1ms
[2026-01-15T18:37:39.233+0530][57.813s][info][gc,phases   ] GC(624)   Post Evacuate Collection Set: 0.2ms
[2026-01-15T18:37:39.233+0530][57.813s][info][gc,phases   ] GC(624)   Other: 0.1ms
[2026-01-15T18:37:39.233+0530][57.813s][info][gc,heap     ] GC(624) Eden regions: 0->0(46)
[2026-01-15T18:37:39.233+0530][57.813s][info][gc,heap     ] GC(624) Survivor regions: 0->0(6)
[2026-01-15T18:37:39.233+0530][57.813s][info][gc,heap     ] GC(624) Old regions: 2->2
[2026-01-15T18:37:39.233+0530][57.813s][info][gc,heap     ] GC(624) Humongous regions: 114->114
[2026-01-15T18:37:39.233+0530][57.813s][info][gc,metaspace] GC(624) Metaspace: 813K(960K)->813K(960K) NonClass: 760K(832K)->760K(832K) Class: 53K(128K)->53K(128K)
[2026-01-15T18:37:39.233+0530][57.813s][info][gc          ] GC(624) Pause Young (Concurrent Start) (G1 Humongous Allocation) 115M->115M(256M) 1.054ms
[2026-01-15T18:37:39.234+0530][57.813s][info][gc,cpu      ] GC(624) User=0.00s Sys=0.00s Real=0.00s
[2026-01-15T18:37:39.234+0530][57.813s][info][gc          ] GC(625) Concurrent Mark Cycle
[2026-01-15T18:37:39.234+0530][57.813s][info][gc,marking  ] GC(625) Concurrent Scan Root Regions
[2026-01-15T18:37:39.234+0530][57.813s][info][gc,marking  ] GC(625) Concurrent Scan Root Regions 0.030ms
[2026-01-15T18:37:39.234+0530][57.813s][info][gc,marking  ] GC(625) Concurrent Mark
[2026-01-15T18:37:39.234+0530][57.813s][info][gc,marking  ] GC(625) Concurrent Mark From Roots
[2026-01-15T18:37:39.234+0530][57.813s][info][gc,task     ] GC(625) Using 2 workers of 2 for marking
[2026-01-15T18:37:39.237+0530][57.817s][info][gc,marking  ] GC(625) Concurrent Mark From Roots 3.257ms
[2026-01-15T18:37:39.237+0530][57.817s][info][gc,marking  ] GC(625) Concurrent Preclean
[2026-01-15T18:37:39.237+0530][57.817s][info][gc,marking  ] GC(625) Concurrent Preclean 0.025ms
[2026-01-15T18:37:39.238+0530][57.817s][info][gc,start    ] GC(625) Pause Remark
[2026-01-15T18:37:39.239+0530][57.819s][info][gc          ] GC(625) Pause Remark 121M->121M(256M) 1.714ms
[2026-01-15T18:37:39.239+0530][57.819s][info][gc,cpu      ] GC(625) User=0.00s Sys=0.00s Real=0.00s
[2026-01-15T18:37:39.240+0530][57.819s][info][gc,marking  ] GC(625) Concurrent Mark 5.921ms
[2026-01-15T18:37:39.240+0530][57.819s][info][gc,marking  ] GC(625) Concurrent Rebuild Remembered Sets and Scrub Regions
[2026-01-15T18:37:39.241+0530][57.820s][info][gc,marking  ] GC(625) Concurrent Rebuild Remembered Sets and Scrub Regions 1.117ms
[2026-01-15T18:37:39.241+0530][57.820s][info][gc,start    ] GC(625) Pause Cleanup
[2026-01-15T18:37:39.241+0530][57.821s][info][gc          ] GC(625) Pause Cleanup 121M->121M(256M) 0.245ms
[2026-01-15T18:37:39.241+0530][57.821s][info][gc,cpu      ] GC(625) User=0.00s Sys=0.00s Real=0.00s
[2026-01-15T18:37:39.241+0530][57.821s][info][gc,marking  ] GC(625) Concurrent Clear Claimed Marks
[2026-01-15T18:37:39.241+0530][57.821s][info][gc,marking  ] GC(625) Concurrent Clear Claimed Marks 0.023ms
[2026-01-15T18:37:39.241+0530][57.821s][info][gc,marking  ] GC(625) Concurrent Cleanup for Next Mark
[2026-01-15T18:37:39.242+0530][57.821s][info][gc,marking  ] GC(625) Concurrent Cleanup for Next Mark 0.479ms
[2026-01-15T18:37:39.242+0530][57.821s][info][gc          ] GC(625) Concurrent Mark Cycle 8.327ms
[2026-01-15T18:37:39.295+0530][57.874s][info][gc,start    ] GC(626) Pause Young (Concurrent Start) (G1 Humongous Allocation)
[2026-01-15T18:37:39.295+0530][57.874s][info][gc,task     ] GC(626) Using 6 workers of 8 for evacuation
[2026-01-15T18:37:39.296+0530][57.875s][info][gc,phases   ] GC(626)   Pre Evacuate Collection Set: 0.1ms
[2026-01-15T18:37:39.296+0530][57.875s][info][gc,phases   ] GC(626)   Merge Heap Roots: 0.0ms
[2026-01-15T18:37:39.296+0530][57.875s][info][gc,phases   ] GC(626)   Evacuate Collection Set: 0.2ms
[2026-01-15T18:37:39.296+0530][57.875s][info][gc,phases   ] GC(626)   Post Evacuate Collection Set: 0.2ms
[2026-01-15T18:37:39.296+0530][57.875s][info][gc,phases   ] GC(626)   Other: 0.1ms
[2026-01-15T18:37:39.296+0530][57.875s][info][gc,heap     ] GC(626) Eden regions: 0->0(46)
[2026-01-15T18:37:39.296+0530][57.875s][info][gc,heap     ] GC(626) Survivor regions: 0->0(6)
[2026-01-15T18:37:39.296+0530][57.875s][info][gc,heap     ] GC(626) Old regions: 2->2
[2026-01-15T18:37:39.296+0530][57.875s][info][gc,heap     ] GC(626) Humongous regions: 120->0
[2026-01-15T18:37:39.296+0530][57.875s][info][gc,metaspace] GC(626) Metaspace: 813K(960K)->813K(960K) NonClass: 760K(832K)->760K(832K) Class: 53K(128K)->53K(128K)
[2026-01-15T18:37:39.296+0530][57.875s][info][gc          ] GC(626) Pause Young (Concurrent Start) (G1 Humongous Allocation) 121M->1M(256M) 0.880ms
[2026-01-15T18:37:39.296+0530][57.875s][info][gc,cpu      ] GC(626) User=0.00s Sys=0.00s Real=0.00s
[2026-01-15T18:37:39.296+0530][57.875s][info][gc          ] GC(627) Concurrent Undo Cycle
[2026-01-15T18:37:39.296+0530][57.875s][info][gc,marking  ] GC(627) Concurrent Clear Claimed Marks
[2026-01-15T18:37:39.296+0530][57.875s][info][gc,marking  ] GC(627) Concurrent Clear Claimed Marks 0.040ms
[2026-01-15T18:37:39.296+0530][57.875s][info][gc,marking  ] GC(627) Concurrent Cleanup for Next Mark
[2026-01-15T18:37:39.296+0530][57.875s][info][gc,marking  ] GC(627) Concurrent Cleanup for Next Mark 0.118ms
[2026-01-15T18:37:39.296+0530][57.876s][info][gc          ] GC(627) Concurrent Undo Cycle 0.274ms
[2026-01-15T18:37:39.607+0530][58.187s][info][gc,start    ] GC(628) Pause Young (Concurrent Start) (G1 Humongous Allocation)
[2026-01-15T18:37:39.607+0530][58.187s][info][gc,task     ] GC(628) Using 6 workers of 8 for evacuation
[2026-01-15T18:37:39.608+0530][58.188s][info][gc,phases   ] GC(628)   Pre Evacuate Collection Set: 0.2ms
[2026-01-15T18:37:39.608+0530][58.188s][info][gc,phases   ] GC(628)   Merge Heap Roots: 0.1ms
[2026-01-15T18:37:39.608+0530][58.188s][info][gc,phases   ] GC(628)   Evacuate Collection Set: 0.2ms
[2026-01-15T18:37:39.608+0530][58.188s][info][gc,phases   ] GC(628)   Post Evacuate Collection Set: 0.6ms
[2026-01-15T18:37:39.608+0530][58.188s][info][gc,phases   ] GC(628)   Other: 0.2ms
[2026-01-15T18:37:39.608+0530][58.188s][info][gc,heap     ] GC(628) Eden regions: 0->0(46)
[2026-01-15T18:37:39.608+0530][58.188s][info][gc,heap     ] GC(628) Survivor regions: 0->0(6)
[2026-01-15T18:37:39.608+0530][58.188s][info][gc,heap     ] GC(628) Old regions: 2->2
[2026-01-15T18:37:39.608+0530][58.188s][info][gc,heap     ] GC(628) Humongous regions: 114->114
[2026-01-15T18:37:39.608+0530][58.188s][info][gc,metaspace] GC(628) Metaspace: 813K(960K)->813K(960K) NonClass: 760K(832K)->760K(832K) Class: 53K(128K)->53K(128K)
[2026-01-15T18:37:39.608+0530][58.188s][info][gc          ] GC(628) Pause Young (Concurrent Start) (G1 Humongous Allocation) 115M->115M(256M) 1.587ms
[2026-01-15T18:37:39.608+0530][58.188s][info][gc,cpu      ] GC(628) User=0.00s Sys=0.00s Real=0.00s
[2026-01-15T18:37:39.608+0530][58.188s][info][gc          ] GC(629) Concurrent Mark Cycle
[2026-01-15T18:37:39.608+0530][58.188s][info][gc,marking  ] GC(629) Concurrent Scan Root Regions
[2026-01-15T18:37:39.608+0530][58.188s][info][gc,marking  ] GC(629) Concurrent Scan Root Regions 0.009ms
[2026-01-15T18:37:39.608+0530][58.188s][info][gc,marking  ] GC(629) Concurrent Mark
[2026-01-15T18:37:39.608+0530][58.188s][info][gc,marking  ] GC(629) Concurrent Mark From Roots
[2026-01-15T18:37:39.608+0530][58.188s][info][gc,task     ] GC(629) Using 2 workers of 2 for marking
[2026-01-15T18:37:39.611+0530][58.191s][info][gc,marking  ] GC(629) Concurrent Mark From Roots 2.431ms
[2026-01-15T18:37:39.611+0530][58.191s][info][gc,marking  ] GC(629) Concurrent Preclean
[2026-01-15T18:37:39.611+0530][58.191s][info][gc,marking  ] GC(629) Concurrent Preclean 0.012ms
[2026-01-15T18:37:39.611+0530][58.191s][info][gc,start    ] GC(629) Pause Remark
[2026-01-15T18:37:39.612+0530][58.192s][info][gc          ] GC(629) Pause Remark 121M->121M(256M) 0.989ms
[2026-01-15T18:37:39.612+0530][58.192s][info][gc,cpu      ] GC(629) User=0.00s Sys=0.00s Real=0.00s
[2026-01-15T18:37:39.612+0530][58.192s][info][gc,marking  ] GC(629) Concurrent Mark 3.660ms
[2026-01-15T18:37:39.612+0530][58.192s][info][gc,marking  ] GC(629) Concurrent Rebuild Remembered Sets and Scrub Regions
[2026-01-15T18:37:39.612+0530][58.193s][info][gc,marking  ] GC(629) Concurrent Rebuild Remembered Sets and Scrub Regions 0.600ms
[2026-01-15T18:37:39.612+0530][58.193s][info][gc,start    ] GC(629) Pause Cleanup
[2026-01-15T18:37:39.613+0530][58.193s][info][gc          ] GC(629) Pause Cleanup 121M->121M(256M) 0.200ms
[2026-01-15T18:37:39.613+0530][58.193s][info][gc,cpu      ] GC(629) User=0.00s Sys=0.00s Real=0.00s
[2026-01-15T18:37:39.613+0530][58.193s][info][gc,marking  ] GC(629) Concurrent Clear Claimed Marks
[2026-01-15T18:37:39.613+0530][58.193s][info][gc,marking  ] GC(629) Concurrent Clear Claimed Marks 0.022ms
[2026-01-15T18:37:39.613+0530][58.193s][info][gc,marking  ] GC(629) Concurrent Cleanup for Next Mark
[2026-01-15T18:37:39.613+0530][58.193s][info][gc,marking  ] GC(629) Concurrent Cleanup for Next Mark 0.422ms
[2026-01-15T18:37:39.613+0530][58.193s][info][gc          ] GC(629) Concurrent Mark Cycle 5.187ms
[2026-01-15T18:37:39.668+0530][58.247s][info][gc,start    ] GC(630) Pause Young (Concurrent Start) (G1 Humongous Allocation)
[2026-01-15T18:37:39.668+0530][58.248s][info][gc,task     ] GC(630) Using 6 workers of 8 for evacuation
[2026-01-15T18:37:39.670+0530][58.249s][info][gc,phases   ] GC(630)   Pre Evacuate Collection Set: 0.2ms
[2026-01-15T18:37:39.670+0530][58.249s][info][gc,phases   ] GC(630)   Merge Heap Roots: 0.1ms
[2026-01-15T18:37:39.670+0530][58.249s][info][gc,phases   ] GC(630)   Evacuate Collection Set: 0.3ms
[2026-01-15T18:37:39.670+0530][58.249s][info][gc,phases   ] GC(630)   Post Evacuate Collection Set: 0.8ms
[2026-01-15T18:37:39.670+0530][58.249s][info][gc,phases   ] GC(630)   Other: 0.2ms
[2026-01-15T18:37:39.670+0530][58.249s][info][gc,heap     ] GC(630) Eden regions: 0->0(46)
[2026-01-15T18:37:39.670+0530][58.249s][info][gc,heap     ] GC(630) Survivor regions: 0->0(6)
[2026-01-15T18:37:39.670+0530][58.249s][info][gc,heap     ] GC(630) Old regions: 2->2
[2026-01-15T18:37:39.670+0530][58.249s][info][gc,heap     ] GC(630) Humongous regions: 120->0
[2026-01-15T18:37:39.670+0530][58.249s][info][gc,metaspace] GC(630) Metaspace: 813K(960K)->813K(960K) NonClass: 760K(832K)->760K(832K) Class: 53K(128K)->53K(128K)
[2026-01-15T18:37:39.670+0530][58.249s][info][gc          ] GC(630) Pause Young (Concurrent Start) (G1 Humongous Allocation) 121M->1M(256M) 1.934ms
[2026-01-15T18:37:39.670+0530][58.249s][info][gc,cpu      ] GC(630) User=0.00s Sys=0.00s Real=0.00s
[2026-01-15T18:37:39.670+0530][58.249s][info][gc          ] GC(631) Concurrent Undo Cycle
[2026-01-15T18:37:39.670+0530][58.250s][info][gc,marking  ] GC(631) Concurrent Clear Claimed Marks
[2026-01-15T18:37:39.670+0530][58.250s][info][gc,marking  ] GC(631) Concurrent Clear Claimed Marks 0.017ms
[2026-01-15T18:37:39.670+0530][58.250s][info][gc,marking  ] GC(631) Concurrent Cleanup for Next Mark
[2026-01-15T18:37:39.670+0530][58.250s][info][gc,marking  ] GC(631) Concurrent Cleanup for Next Mark 0.234ms
[2026-01-15T18:37:39.670+0530][58.250s][info][gc          ] GC(631) Concurrent Undo Cycle 0.413ms
[2026-01-15T18:37:39.981+0530][58.560s][info][gc,start    ] GC(632) Pause Young (Concurrent Start) (G1 Humongous Allocation)
[2026-01-15T18:37:39.981+0530][58.560s][info][gc,task     ] GC(632) Using 6 workers of 8 for evacuation
[2026-01-15T18:37:39.983+0530][58.563s][info][gc,phases   ] GC(632)   Pre Evacuate Collection Set: 0.5ms
[2026-01-15T18:37:39.983+0530][58.563s][info][gc,phases   ] GC(632)   Merge Heap Roots: 0.2ms
[2026-01-15T18:37:39.983+0530][58.563s][info][gc,phases   ] GC(632)   Evacuate Collection Set: 0.4ms
[2026-01-15T18:37:39.983+0530][58.563s][info][gc,phases   ] GC(632)   Post Evacuate Collection Set: 0.9ms
[2026-01-15T18:37:39.983+0530][58.563s][info][gc,phases   ] GC(632)   Other: 0.3ms
[2026-01-15T18:37:39.983+0530][58.563s][info][gc,heap     ] GC(632) Eden regions: 0->0(46)
[2026-01-15T18:37:39.983+0530][58.563s][info][gc,heap     ] GC(632) Survivor regions: 0->0(6)
[2026-01-15T18:37:39.983+0530][58.563s][info][gc,heap     ] GC(632) Old regions: 2->2
[2026-01-15T18:37:39.983+0530][58.563s][info][gc,heap     ] GC(632) Humongous regions: 114->114
[2026-01-15T18:37:39.983+0530][58.563s][info][gc,metaspace] GC(632) Metaspace: 813K(960K)->813K(960K) NonClass: 760K(832K)->760K(832K) Class: 53K(128K)->53K(128K)
[2026-01-15T18:37:39.983+0530][58.563s][info][gc          ] GC(632) Pause Young (Concurrent Start) (G1 Humongous Allocation) 115M->115M(256M) 2.811ms
[2026-01-15T18:37:39.983+0530][58.563s][info][gc,cpu      ] GC(632) User=0.00s Sys=0.00s Real=0.00s
[2026-01-15T18:37:39.983+0530][58.563s][info][gc          ] GC(633) Concurrent Mark Cycle
[2026-01-15T18:37:39.984+0530][58.563s][info][gc,marking  ] GC(633) Concurrent Scan Root Regions
[2026-01-15T18:37:39.984+0530][58.563s][info][gc,marking  ] GC(633) Concurrent Scan Root Regions 0.025ms
[2026-01-15T18:37:39.984+0530][58.563s][info][gc,marking  ] GC(633) Concurrent Mark
[2026-01-15T18:37:39.984+0530][58.563s][info][gc,marking  ] GC(633) Concurrent Mark From Roots
[2026-01-15T18:37:39.984+0530][58.563s][info][gc,task     ] GC(633) Using 2 workers of 2 for marking
[2026-01-15T18:37:39.986+0530][58.566s][info][gc,marking  ] GC(633) Concurrent Mark From Roots 2.772ms
[2026-01-15T18:37:39.986+0530][58.566s][info][gc,marking  ] GC(633) Concurrent Preclean
[2026-01-15T18:37:39.986+0530][58.566s][info][gc,marking  ] GC(633) Concurrent Preclean 0.013ms
[2026-01-15T18:37:39.987+0530][58.566s][info][gc,start    ] GC(633) Pause Remark
[2026-01-15T18:37:39.988+0530][58.567s][info][gc          ] GC(633) Pause Remark 121M->121M(256M) 1.046ms
[2026-01-15T18:37:39.988+0530][58.567s][info][gc,cpu      ] GC(633) User=0.00s Sys=0.00s Real=0.00s
[2026-01-15T18:37:39.988+0530][58.567s][info][gc,marking  ] GC(633) Concurrent Mark 4.067ms
[2026-01-15T18:37:39.988+0530][58.567s][info][gc,marking  ] GC(633) Concurrent Rebuild Remembered Sets and Scrub Regions
[2026-01-15T18:37:39.988+0530][58.568s][info][gc,marking  ] GC(633) Concurrent Rebuild Remembered Sets and Scrub Regions 0.695ms
[2026-01-15T18:37:39.989+0530][58.568s][info][gc,start    ] GC(633) Pause Cleanup
[2026-01-15T18:37:39.989+0530][58.568s][info][gc          ] GC(633) Pause Cleanup 121M->121M(256M) 0.213ms
[2026-01-15T18:37:39.989+0530][58.568s][info][gc,cpu      ] GC(633) User=0.00s Sys=0.00s Real=0.00s
[2026-01-15T18:37:39.989+0530][58.569s][info][gc,marking  ] GC(633) Concurrent Clear Claimed Marks
[2026-01-15T18:37:39.989+0530][58.569s][info][gc,marking  ] GC(633) Concurrent Clear Claimed Marks 0.028ms
[2026-01-15T18:37:39.989+0530][58.569s][info][gc,marking  ] GC(633) Concurrent Cleanup for Next Mark
[2026-01-15T18:37:39.989+0530][58.569s][info][gc,marking  ] GC(633) Concurrent Cleanup for Next Mark 0.409ms
[2026-01-15T18:37:39.989+0530][58.569s][info][gc          ] GC(633) Concurrent Mark Cycle 5.869ms
[2026-01-15T18:37:40.042+0530][58.622s][info][gc,start    ] GC(634) Pause Young (Concurrent Start) (G1 Humongous Allocation)
[2026-01-15T18:37:40.042+0530][58.622s][info][gc,task     ] GC(634) Using 6 workers of 8 for evacuation
[2026-01-15T18:37:40.044+0530][58.624s][info][gc,phases   ] GC(634)   Pre Evacuate Collection Set: 0.4ms
[2026-01-15T18:37:40.044+0530][58.624s][info][gc,phases   ] GC(634)   Merge Heap Roots: 0.1ms
[2026-01-15T18:37:40.044+0530][58.624s][info][gc,phases   ] GC(634)   Evacuate Collection Set: 0.2ms
[2026-01-15T18:37:40.044+0530][58.624s][info][gc,phases   ] GC(634)   Post Evacuate Collection Set: 0.4ms
[2026-01-15T18:37:40.044+0530][58.624s][info][gc,phases   ] GC(634)   Other: 0.3ms
[2026-01-15T18:37:40.044+0530][58.624s][info][gc,heap     ] GC(634) Eden regions: 0->0(46)
[2026-01-15T18:37:40.044+0530][58.624s][info][gc,heap     ] GC(634) Survivor regions: 0->0(6)
[2026-01-15T18:37:40.044+0530][58.624s][info][gc,heap     ] GC(634) Old regions: 2->2
[2026-01-15T18:37:40.044+0530][58.624s][info][gc,heap     ] GC(634) Humongous regions: 120->0
[2026-01-15T18:37:40.044+0530][58.624s][info][gc,metaspace] GC(634) Metaspace: 813K(960K)->813K(960K) NonClass: 760K(832K)->760K(832K) Class: 53K(128K)->53K(128K)
[2026-01-15T18:37:40.044+0530][58.624s][info][gc          ] GC(634) Pause Young (Concurrent Start) (G1 Humongous Allocation) 121M->1M(256M) 1.896ms
[2026-01-15T18:37:40.044+0530][58.624s][info][gc,cpu      ] GC(634) User=0.00s Sys=0.00s Real=0.00s
[2026-01-15T18:37:40.044+0530][58.624s][info][gc          ] GC(635) Concurrent Undo Cycle
[2026-01-15T18:37:40.044+0530][58.624s][info][gc,marking  ] GC(635) Concurrent Clear Claimed Marks
[2026-01-15T18:37:40.044+0530][58.624s][info][gc,marking  ] GC(635) Concurrent Clear Claimed Marks 0.011ms
[2026-01-15T18:37:40.044+0530][58.624s][info][gc,marking  ] GC(635) Concurrent Cleanup for Next Mark
[2026-01-15T18:37:40.044+0530][58.624s][info][gc,marking  ] GC(635) Concurrent Cleanup for Next Mark 0.137ms
[2026-01-15T18:37:40.044+0530][58.624s][info][gc          ] GC(635) Concurrent Undo Cycle 0.250ms
[2026-01-15T18:37:40.355+0530][58.935s][info][gc,start    ] GC(636) Pause Young (Concurrent Start) (G1 Humongous Allocation)
[2026-01-15T18:37:40.355+0530][58.935s][info][gc,task     ] GC(636) Using 6 workers of 8 for evacuation
[2026-01-15T18:37:40.357+0530][58.936s][info][gc,phases   ] GC(636)   Pre Evacuate Collection Set: 0.3ms
[2026-01-15T18:37:40.357+0530][58.936s][info][gc,phases   ] GC(636)   Merge Heap Roots: 0.1ms
[2026-01-15T18:37:40.357+0530][58.936s][info][gc,phases   ] GC(636)   Evacuate Collection Set: 0.2ms
[2026-01-15T18:37:40.357+0530][58.936s][info][gc,phases   ] GC(636)   Post Evacuate Collection Set: 0.4ms
[2026-01-15T18:37:40.357+0530][58.936s][info][gc,phases   ] GC(636)   Other: 0.1ms
[2026-01-15T18:37:40.357+0530][58.936s][info][gc,heap     ] GC(636) Eden regions: 0->0(46)
[2026-01-15T18:37:40.357+0530][58.936s][info][gc,heap     ] GC(636) Survivor regions: 0->0(6)
[2026-01-15T18:37:40.357+0530][58.936s][info][gc,heap     ] GC(636) Old regions: 2->2
[2026-01-15T18:37:40.357+0530][58.936s][info][gc,heap     ] GC(636) Humongous regions: 114->114
[2026-01-15T18:37:40.357+0530][58.936s][info][gc,metaspace] GC(636) Metaspace: 813K(960K)->813K(960K) NonClass: 760K(832K)->760K(832K) Class: 53K(128K)->53K(128K)
[2026-01-15T18:37:40.357+0530][58.936s][info][gc          ] GC(636) Pause Young (Concurrent Start) (G1 Humongous Allocation) 115M->115M(256M) 1.420ms
[2026-01-15T18:37:40.357+0530][58.936s][info][gc,cpu      ] GC(636) User=0.00s Sys=0.00s Real=0.00s
[2026-01-15T18:37:40.357+0530][58.936s][info][gc          ] GC(637) Concurrent Mark Cycle
[2026-01-15T18:37:40.357+0530][58.936s][info][gc,marking  ] GC(637) Concurrent Scan Root Regions
[2026-01-15T18:37:40.357+0530][58.936s][info][gc,marking  ] GC(637) Concurrent Scan Root Regions 0.009ms
[2026-01-15T18:37:40.357+0530][58.936s][info][gc,marking  ] GC(637) Concurrent Mark
[2026-01-15T18:37:40.357+0530][58.936s][info][gc,marking  ] GC(637) Concurrent Mark From Roots
[2026-01-15T18:37:40.357+0530][58.936s][info][gc,task     ] GC(637) Using 2 workers of 2 for marking
[2026-01-15T18:37:40.359+0530][58.939s][info][gc,marking  ] GC(637) Concurrent Mark From Roots 2.613ms
[2026-01-15T18:37:40.360+0530][58.939s][info][gc,marking  ] GC(637) Concurrent Preclean
[2026-01-15T18:37:40.360+0530][58.939s][info][gc,marking  ] GC(637) Concurrent Preclean 0.020ms
[2026-01-15T18:37:40.360+0530][58.939s][info][gc,start    ] GC(637) Pause Remark
[2026-01-15T18:37:40.360+0530][58.940s][info][gc          ] GC(637) Pause Remark 121M->121M(256M) 0.440ms
[2026-01-15T18:37:40.360+0530][58.940s][info][gc,cpu      ] GC(637) User=0.00s Sys=0.00s Real=0.00s
[2026-01-15T18:37:40.360+0530][58.940s][info][gc,marking  ] GC(637) Concurrent Mark 3.349ms
[2026-01-15T18:37:40.360+0530][58.940s][info][gc,marking  ] GC(637) Concurrent Rebuild Remembered Sets and Scrub Regions
[2026-01-15T18:37:40.361+0530][58.940s][info][gc,marking  ] GC(637) Concurrent Rebuild Remembered Sets and Scrub Regions 0.688ms
[2026-01-15T18:37:40.361+0530][58.940s][info][gc,start    ] GC(637) Pause Cleanup
[2026-01-15T18:37:40.361+0530][58.941s][info][gc          ] GC(637) Pause Cleanup 121M->121M(256M) 0.086ms
[2026-01-15T18:37:40.361+0530][58.941s][info][gc,cpu      ] GC(637) User=0.00s Sys=0.00s Real=0.00s
[2026-01-15T18:37:40.361+0530][58.941s][info][gc,marking  ] GC(637) Concurrent Clear Claimed Marks
[2026-01-15T18:37:40.361+0530][58.941s][info][gc,marking  ] GC(637) Concurrent Clear Claimed Marks 0.040ms
[2026-01-15T18:37:40.361+0530][58.941s][info][gc,marking  ] GC(637) Concurrent Cleanup for Next Mark
[2026-01-15T18:37:40.362+0530][58.941s][info][gc,marking  ] GC(637) Concurrent Cleanup for Next Mark 0.535ms
[2026-01-15T18:37:40.362+0530][58.941s][info][gc          ] GC(637) Concurrent Mark Cycle 4.924ms
[2026-01-15T18:37:40.418+0530][58.998s][info][gc,start    ] GC(638) Pause Young (Concurrent Start) (G1 Humongous Allocation)
[2026-01-15T18:37:40.418+0530][58.998s][info][gc,task     ] GC(638) Using 6 workers of 8 for evacuation
[2026-01-15T18:37:40.420+0530][59.000s][info][gc,phases   ] GC(638)   Pre Evacuate Collection Set: 0.2ms
[2026-01-15T18:37:40.420+0530][59.000s][info][gc,phases   ] GC(638)   Merge Heap Roots: 0.1ms
[2026-01-15T18:37:40.420+0530][59.000s][info][gc,phases   ] GC(638)   Evacuate Collection Set: 0.2ms
[2026-01-15T18:37:40.420+0530][59.000s][info][gc,phases   ] GC(638)   Post Evacuate Collection Set: 0.9ms
[2026-01-15T18:37:40.420+0530][59.000s][info][gc,phases   ] GC(638)   Other: 0.2ms
[2026-01-15T18:37:40.420+0530][59.000s][info][gc,heap     ] GC(638) Eden regions: 0->0(46)
[2026-01-15T18:37:40.420+0530][59.000s][info][gc,heap     ] GC(638) Survivor regions: 0->0(6)
[2026-01-15T18:37:40.420+0530][59.000s][info][gc,heap     ] GC(638) Old regions: 2->2
[2026-01-15T18:37:40.420+0530][59.000s][info][gc,heap     ] GC(638) Humongous regions: 120->0
[2026-01-15T18:37:40.420+0530][59.000s][info][gc,metaspace] GC(638) Metaspace: 813K(960K)->813K(960K) NonClass: 760K(832K)->760K(832K) Class: 53K(128K)->53K(128K)
[2026-01-15T18:37:40.420+0530][59.000s][info][gc          ] GC(638) Pause Young (Concurrent Start) (G1 Humongous Allocation) 121M->1M(256M) 2.048ms
[2026-01-15T18:37:40.420+0530][59.000s][info][gc,cpu      ] GC(638) User=0.00s Sys=0.00s Real=0.00s
[2026-01-15T18:37:40.420+0530][59.000s][info][gc          ] GC(639) Concurrent Undo Cycle
[2026-01-15T18:37:40.420+0530][59.001s][info][gc,marking  ] GC(639) Concurrent Clear Claimed Marks
[2026-01-15T18:37:40.420+0530][59.001s][info][gc,marking  ] GC(639) Concurrent Clear Claimed Marks 0.036ms
[2026-01-15T18:37:40.420+0530][59.001s][info][gc,marking  ] GC(639) Concurrent Cleanup for Next Mark
[2026-01-15T18:37:40.421+0530][59.001s][info][gc,marking  ] GC(639) Concurrent Cleanup for Next Mark 0.284ms
[2026-01-15T18:37:40.421+0530][59.001s][info][gc          ] GC(639) Concurrent Undo Cycle 0.639ms
[2026-01-15T18:37:40.729+0530][59.310s][info][gc,start    ] GC(640) Pause Young (Concurrent Start) (G1 Humongous Allocation)
[2026-01-15T18:37:40.729+0530][59.310s][info][gc,task     ] GC(640) Using 6 workers of 8 for evacuation
[2026-01-15T18:37:40.732+0530][59.311s][info][gc,phases   ] GC(640)   Pre Evacuate Collection Set: 0.3ms
[2026-01-15T18:37:40.732+0530][59.312s][info][gc,phases   ] GC(640)   Merge Heap Roots: 0.2ms
[2026-01-15T18:37:40.732+0530][59.312s][info][gc,phases   ] GC(640)   Evacuate Collection Set: 0.4ms
[2026-01-15T18:37:40.732+0530][59.312s][info][gc,phases   ] GC(640)   Post Evacuate Collection Set: 0.7ms
[2026-01-15T18:37:40.732+0530][59.312s][info][gc,phases   ] GC(640)   Other: 0.3ms
[2026-01-15T18:37:40.732+0530][59.312s][info][gc,heap     ] GC(640) Eden regions: 0->0(46)
[2026-01-15T18:37:40.732+0530][59.312s][info][gc,heap     ] GC(640) Survivor regions: 0->0(6)
[2026-01-15T18:37:40.732+0530][59.312s][info][gc,heap     ] GC(640) Old regions: 2->2
[2026-01-15T18:37:40.732+0530][59.312s][info][gc,heap     ] GC(640) Humongous regions: 114->114
[2026-01-15T18:37:40.732+0530][59.312s][info][gc,metaspace] GC(640) Metaspace: 813K(960K)->813K(960K) NonClass: 760K(832K)->760K(832K) Class: 53K(128K)->53K(128K)
[2026-01-15T18:37:40.732+0530][59.312s][info][gc          ] GC(640) Pause Young (Concurrent Start) (G1 Humongous Allocation) 115M->115M(256M) 2.351ms
[2026-01-15T18:37:40.732+0530][59.312s][info][gc,cpu      ] GC(640) User=0.00s Sys=0.00s Real=0.00s
[2026-01-15T18:37:40.732+0530][59.312s][info][gc          ] GC(641) Concurrent Mark Cycle
[2026-01-15T18:37:40.732+0530][59.312s][info][gc,marking  ] GC(641) Concurrent Scan Root Regions
[2026-01-15T18:37:40.733+0530][59.312s][info][gc,marking  ] GC(641) Concurrent Scan Root Regions 0.019ms
[2026-01-15T18:37:40.733+0530][59.312s][info][gc,marking  ] GC(641) Concurrent Mark
[2026-01-15T18:37:40.733+0530][59.312s][info][gc,marking  ] GC(641) Concurrent Mark From Roots
[2026-01-15T18:37:40.733+0530][59.312s][info][gc,task     ] GC(641) Using 2 workers of 2 for marking
[2026-01-15T18:37:40.736+0530][59.315s][info][gc,marking  ] GC(641) Concurrent Mark From Roots 3.132ms
[2026-01-15T18:37:40.736+0530][59.315s][info][gc,marking  ] GC(641) Concurrent Preclean
[2026-01-15T18:37:40.736+0530][59.315s][info][gc,marking  ] GC(641) Concurrent Preclean 0.019ms
[2026-01-15T18:37:40.736+0530][59.315s][info][gc,start    ] GC(641) Pause Remark
[2026-01-15T18:37:40.737+0530][59.317s][info][gc          ] GC(641) Pause Remark 121M->121M(256M) 1.095ms
[2026-01-15T18:37:40.737+0530][59.317s][info][gc,cpu      ] GC(641) User=0.00s Sys=0.00s Real=0.00s
[2026-01-15T18:37:40.737+0530][59.317s][info][gc,marking  ] GC(641) Concurrent Mark 4.556ms
[2026-01-15T18:37:40.737+0530][59.317s][info][gc,marking  ] GC(641) Concurrent Rebuild Remembered Sets and Scrub Regions
[2026-01-15T18:37:40.738+0530][59.318s][info][gc,marking  ] GC(641) Concurrent Rebuild Remembered Sets and Scrub Regions 0.801ms
[2026-01-15T18:37:40.738+0530][59.318s][info][gc,start    ] GC(641) Pause Cleanup
[2026-01-15T18:37:40.738+0530][59.318s][info][gc          ] GC(641) Pause Cleanup 121M->121M(256M) 0.221ms
[2026-01-15T18:37:40.738+0530][59.318s][info][gc,cpu      ] GC(641) User=0.00s Sys=0.00s Real=0.00s
[2026-01-15T18:37:40.738+0530][59.318s][info][gc,marking  ] GC(641) Concurrent Clear Claimed Marks
[2026-01-15T18:37:40.738+0530][59.318s][info][gc,marking  ] GC(641) Concurrent Clear Claimed Marks 0.023ms
[2026-01-15T18:37:40.738+0530][59.318s][info][gc,marking  ] GC(641) Concurrent Cleanup for Next Mark
[2026-01-15T18:37:40.739+0530][59.318s][info][gc,marking  ] GC(641) Concurrent Cleanup for Next Mark 0.438ms
[2026-01-15T18:37:40.739+0530][59.318s][info][gc          ] GC(641) Concurrent Mark Cycle 6.464ms
[2026-01-15T18:37:40.792+0530][59.372s][info][gc,start    ] GC(642) Pause Young (Concurrent Start) (G1 Humongous Allocation)
[2026-01-15T18:37:40.792+0530][59.372s][info][gc,task     ] GC(642) Using 6 workers of 8 for evacuation
[2026-01-15T18:37:40.792+0530][59.372s][info][gc,phases   ] GC(642)   Pre Evacuate Collection Set: 0.1ms
[2026-01-15T18:37:40.793+0530][59.372s][info][gc,phases   ] GC(642)   Merge Heap Roots: 0.0ms
[2026-01-15T18:37:40.793+0530][59.372s][info][gc,phases   ] GC(642)   Evacuate Collection Set: 0.1ms
[2026-01-15T18:37:40.793+0530][59.372s][info][gc,phases   ] GC(642)   Post Evacuate Collection Set: 0.3ms
[2026-01-15T18:37:40.793+0530][59.373s][info][gc,phases   ] GC(642)   Other: 0.1ms
[2026-01-15T18:37:40.793+0530][59.373s][info][gc,heap     ] GC(642) Eden regions: 0->0(46)
[2026-01-15T18:37:40.793+0530][59.373s][info][gc,heap     ] GC(642) Survivor regions: 0->0(6)
[2026-01-15T18:37:40.793+0530][59.373s][info][gc,heap     ] GC(642) Old regions: 2->2
[2026-01-15T18:37:40.793+0530][59.373s][info][gc,heap     ] GC(642) Humongous regions: 120->0
[2026-01-15T18:37:40.793+0530][59.373s][info][gc,metaspace] GC(642) Metaspace: 813K(960K)->813K(960K) NonClass: 760K(832K)->760K(832K) Class: 53K(128K)->53K(128K)
[2026-01-15T18:37:40.793+0530][59.373s][info][gc          ] GC(642) Pause Young (Concurrent Start) (G1 Humongous Allocation) 121M->1M(256M) 0.873ms
[2026-01-15T18:37:40.793+0530][59.373s][info][gc,cpu      ] GC(642) User=0.00s Sys=0.00s Real=0.00s
[2026-01-15T18:37:40.793+0530][59.373s][info][gc          ] GC(643) Concurrent Undo Cycle
[2026-01-15T18:37:40.793+0530][59.373s][info][gc,marking  ] GC(643) Concurrent Clear Claimed Marks
[2026-01-15T18:37:40.793+0530][59.373s][info][gc,marking  ] GC(643) Concurrent Clear Claimed Marks 0.013ms
[2026-01-15T18:37:40.793+0530][59.373s][info][gc,marking  ] GC(643) Concurrent Cleanup for Next Mark
[2026-01-15T18:37:40.793+0530][59.373s][info][gc,marking  ] GC(643) Concurrent Cleanup for Next Mark 0.135ms
[2026-01-15T18:37:40.793+0530][59.373s][info][gc          ] GC(643) Concurrent Undo Cycle 0.247ms
[2026-01-15T18:37:41.102+0530][59.682s][info][gc,start    ] GC(644) Pause Young (Concurrent Start) (G1 Humongous Allocation)
[2026-01-15T18:37:41.103+0530][59.682s][info][gc,task     ] GC(644) Using 6 workers of 8 for evacuation
[2026-01-15T18:37:41.104+0530][59.684s][info][gc,phases   ] GC(644)   Pre Evacuate Collection Set: 0.4ms
[2026-01-15T18:37:41.104+0530][59.684s][info][gc,phases   ] GC(644)   Merge Heap Roots: 0.1ms
[2026-01-15T18:37:41.104+0530][59.684s][info][gc,phases   ] GC(644)   Evacuate Collection Set: 0.3ms
[2026-01-15T18:37:41.104+0530][59.684s][info][gc,phases   ] GC(644)   Post Evacuate Collection Set: 0.4ms
[2026-01-15T18:37:41.104+0530][59.684s][info][gc,phases   ] GC(644)   Other: 0.3ms
[2026-01-15T18:37:41.104+0530][59.684s][info][gc,heap     ] GC(644) Eden regions: 0->0(46)
[2026-01-15T18:37:41.104+0530][59.684s][info][gc,heap     ] GC(644) Survivor regions: 0->0(6)
[2026-01-15T18:37:41.104+0530][59.684s][info][gc,heap     ] GC(644) Old regions: 2->2
[2026-01-15T18:37:41.104+0530][59.684s][info][gc,heap     ] GC(644) Humongous regions: 114->114
[2026-01-15T18:37:41.104+0530][59.684s][info][gc,metaspace] GC(644) Metaspace: 813K(960K)->813K(960K) NonClass: 760K(832K)->760K(832K) Class: 53K(128K)->53K(128K)
[2026-01-15T18:37:41.104+0530][59.684s][info][gc          ] GC(644) Pause Young (Concurrent Start) (G1 Humongous Allocation) 115M->115M(256M) 1.965ms
[2026-01-15T18:37:41.104+0530][59.684s][info][gc,cpu      ] GC(644) User=0.00s Sys=0.00s Real=0.00s
[2026-01-15T18:37:41.105+0530][59.684s][info][gc          ] GC(645) Concurrent Mark Cycle
[2026-01-15T18:37:41.105+0530][59.684s][info][gc,marking  ] GC(645) Concurrent Scan Root Regions
[2026-01-15T18:37:41.105+0530][59.684s][info][gc,marking  ] GC(645) Concurrent Scan Root Regions 0.022ms
[2026-01-15T18:37:41.105+0530][59.684s][info][gc,marking  ] GC(645) Concurrent Mark
[2026-01-15T18:37:41.105+0530][59.684s][info][gc,marking  ] GC(645) Concurrent Mark From Roots
[2026-01-15T18:37:41.105+0530][59.684s][info][gc,task     ] GC(645) Using 2 workers of 2 for marking
[2026-01-15T18:37:41.108+0530][59.688s][info][gc,marking  ] GC(645) Concurrent Mark From Roots 3.584ms
[2026-01-15T18:37:41.108+0530][59.688s][info][gc,marking  ] GC(645) Concurrent Preclean
[2026-01-15T18:37:41.108+0530][59.688s][info][gc,marking  ] GC(645) Concurrent Preclean 0.018ms
[2026-01-15T18:37:41.108+0530][59.688s][info][gc,start    ] GC(645) Pause Remark
[2026-01-15T18:37:41.110+0530][59.689s][info][gc          ] GC(645) Pause Remark 121M->121M(256M) 1.273ms
[2026-01-15T18:37:41.110+0530][59.689s][info][gc,cpu      ] GC(645) User=0.00s Sys=0.00s Real=0.00s
[2026-01-15T18:37:41.110+0530][59.689s][info][gc,marking  ] GC(645) Concurrent Mark 5.172ms
[2026-01-15T18:37:41.110+0530][59.689s][info][gc,marking  ] GC(645) Concurrent Rebuild Remembered Sets and Scrub Regions
[2026-01-15T18:37:41.110+0530][59.690s][info][gc,marking  ] GC(645) Concurrent Rebuild Remembered Sets and Scrub Regions 0.694ms
[2026-01-15T18:37:41.110+0530][59.690s][info][gc,start    ] GC(645) Pause Cleanup
[2026-01-15T18:37:41.110+0530][59.690s][info][gc          ] GC(645) Pause Cleanup 121M->121M(256M) 0.104ms
[2026-01-15T18:37:41.111+0530][59.690s][info][gc,cpu      ] GC(645) User=0.00s Sys=0.00s Real=0.00s
[2026-01-15T18:37:41.111+0530][59.690s][info][gc,marking  ] GC(645) Concurrent Clear Claimed Marks
[2026-01-15T18:37:41.111+0530][59.690s][info][gc,marking  ] GC(645) Concurrent Clear Claimed Marks 0.027ms
[2026-01-15T18:37:41.111+0530][59.690s][info][gc,marking  ] GC(645) Concurrent Cleanup for Next Mark
[2026-01-15T18:37:41.111+0530][59.691s][info][gc,marking  ] GC(645) Concurrent Cleanup for Next Mark 0.475ms
[2026-01-15T18:37:41.111+0530][59.691s][info][gc          ] GC(645) Concurrent Mark Cycle 6.793ms
[2026-01-15T18:37:41.164+0530][59.744s][info][gc,start    ] GC(646) Pause Young (Concurrent Start) (G1 Humongous Allocation)
[2026-01-15T18:37:41.164+0530][59.744s][info][gc,task     ] GC(646) Using 6 workers of 8 for evacuation
[2026-01-15T18:37:41.166+0530][59.745s][info][gc,phases   ] GC(646)   Pre Evacuate Collection Set: 0.3ms
[2026-01-15T18:37:41.166+0530][59.745s][info][gc,phases   ] GC(646)   Merge Heap Roots: 0.1ms
[2026-01-15T18:37:41.166+0530][59.745s][info][gc,phases   ] GC(646)   Evacuate Collection Set: 0.2ms
[2026-01-15T18:37:41.166+0530][59.746s][info][gc,phases   ] GC(646)   Post Evacuate Collection Set: 0.5ms
[2026-01-15T18:37:41.166+0530][59.746s][info][gc,phases   ] GC(646)   Other: 0.2ms
[2026-01-15T18:37:41.166+0530][59.746s][info][gc,heap     ] GC(646) Eden regions: 0->0(46)
[2026-01-15T18:37:41.166+0530][59.746s][info][gc,heap     ] GC(646) Survivor regions: 0->0(6)
[2026-01-15T18:37:41.166+0530][59.746s][info][gc,heap     ] GC(646) Old regions: 2->2
[2026-01-15T18:37:41.166+0530][59.746s][info][gc,heap     ] GC(646) Humongous regions: 120->0
[2026-01-15T18:37:41.166+0530][59.746s][info][gc,metaspace] GC(646) Metaspace: 813K(960K)->813K(960K) NonClass: 760K(832K)->760K(832K) Class: 53K(128K)->53K(128K)
[2026-01-15T18:37:41.166+0530][59.746s][info][gc          ] GC(646) Pause Young (Concurrent Start) (G1 Humongous Allocation) 121M->1M(256M) 1.587ms
[2026-01-15T18:37:41.166+0530][59.746s][info][gc,cpu      ] GC(646) User=0.00s Sys=0.00s Real=0.00s
[2026-01-15T18:37:41.166+0530][59.746s][info][gc          ] GC(647) Concurrent Undo Cycle
[2026-01-15T18:37:41.166+0530][59.746s][info][gc,marking  ] GC(647) Concurrent Clear Claimed Marks
[2026-01-15T18:37:41.166+0530][59.746s][info][gc,marking  ] GC(647) Concurrent Clear Claimed Marks 0.010ms
[2026-01-15T18:37:41.166+0530][59.746s][info][gc,marking  ] GC(647) Concurrent Cleanup for Next Mark
[2026-01-15T18:37:41.166+0530][59.746s][info][gc,marking  ] GC(647) Concurrent Cleanup for Next Mark 0.127ms
[2026-01-15T18:37:41.166+0530][59.746s][info][gc          ] GC(647) Concurrent Undo Cycle 0.211ms
[2026-01-15T18:37:41.476+0530][60.055s][info][gc,start    ] GC(648) Pause Young (Concurrent Start) (G1 Humongous Allocation)
[2026-01-15T18:37:41.476+0530][60.056s][info][gc,task     ] GC(648) Using 6 workers of 8 for evacuation
[2026-01-15T18:37:41.478+0530][60.058s][info][gc,phases   ] GC(648)   Pre Evacuate Collection Set: 0.3ms
[2026-01-15T18:37:41.478+0530][60.058s][info][gc,phases   ] GC(648)   Merge Heap Roots: 0.1ms
[2026-01-15T18:37:41.478+0530][60.058s][info][gc,phases   ] GC(648)   Evacuate Collection Set: 0.4ms
[2026-01-15T18:37:41.478+0530][60.058s][info][gc,phases   ] GC(648)   Post Evacuate Collection Set: 0.9ms
[2026-01-15T18:37:41.478+0530][60.058s][info][gc,phases   ] GC(648)   Other: 0.2ms
[2026-01-15T18:37:41.478+0530][60.058s][info][gc,heap     ] GC(648) Eden regions: 0->0(46)
[2026-01-15T18:37:41.478+0530][60.058s][info][gc,heap     ] GC(648) Survivor regions: 0->0(6)
[2026-01-15T18:37:41.478+0530][60.058s][info][gc,heap     ] GC(648) Old regions: 2->2
[2026-01-15T18:37:41.478+0530][60.058s][info][gc,heap     ] GC(648) Humongous regions: 114->114
[2026-01-15T18:37:41.478+0530][60.058s][info][gc,metaspace] GC(648) Metaspace: 813K(960K)->813K(960K) NonClass: 760K(832K)->760K(832K) Class: 53K(128K)->53K(128K)
[2026-01-15T18:37:41.478+0530][60.058s][info][gc          ] GC(648) Pause Young (Concurrent Start) (G1 Humongous Allocation) 115M->115M(256M) 2.634ms
[2026-01-15T18:37:41.478+0530][60.058s][info][gc,cpu      ] GC(648) User=0.00s Sys=0.00s Real=0.00s
[2026-01-15T18:37:41.478+0530][60.058s][info][gc          ] GC(649) Concurrent Mark Cycle
[2026-01-15T18:37:41.478+0530][60.058s][info][gc,marking  ] GC(649) Concurrent Scan Root Regions
[2026-01-15T18:37:41.478+0530][60.058s][info][gc,marking  ] GC(649) Concurrent Scan Root Regions 0.017ms
[2026-01-15T18:37:41.478+0530][60.058s][info][gc,marking  ] GC(649) Concurrent Mark
[2026-01-15T18:37:41.478+0530][60.058s][info][gc,marking  ] GC(649) Concurrent Mark From Roots
[2026-01-15T18:37:41.478+0530][60.058s][info][gc,task     ] GC(649) Using 2 workers of 2 for marking
[2026-01-15T18:37:41.481+0530][60.061s][info][gc,marking  ] GC(649) Concurrent Mark From Roots 2.353ms
[2026-01-15T18:37:41.481+0530][60.061s][info][gc,marking  ] GC(649) Concurrent Preclean
[2026-01-15T18:37:41.481+0530][60.061s][info][gc,marking  ] GC(649) Concurrent Preclean 0.016ms
[2026-01-15T18:37:41.481+0530][60.061s][info][gc,start    ] GC(649) Pause Remark
[2026-01-15T18:37:41.482+0530][60.062s][info][gc          ] GC(649) Pause Remark 121M->121M(256M) 1.048ms
[2026-01-15T18:37:41.482+0530][60.062s][info][gc,cpu      ] GC(649) User=0.00s Sys=0.00s Real=0.00s
[2026-01-15T18:37:41.482+0530][60.062s][info][gc,marking  ] GC(649) Concurrent Mark 3.696ms
[2026-01-15T18:37:41.482+0530][60.062s][info][gc,marking  ] GC(649) Concurrent Rebuild Remembered Sets and Scrub Regions
[2026-01-15T18:37:41.483+0530][60.063s][info][gc,marking  ] GC(649) Concurrent Rebuild Remembered Sets and Scrub Regions 0.797ms
[2026-01-15T18:37:41.483+0530][60.063s][info][gc,start    ] GC(649) Pause Cleanup
[2026-01-15T18:37:41.483+0530][60.063s][info][gc          ] GC(649) Pause Cleanup 121M->121M(256M) 0.220ms
[2026-01-15T18:37:41.483+0530][60.063s][info][gc,cpu      ] GC(649) User=0.00s Sys=0.00s Real=0.00s
[2026-01-15T18:37:41.483+0530][60.063s][info][gc,marking  ] GC(649) Concurrent Clear Claimed Marks
[2026-01-15T18:37:41.483+0530][60.063s][info][gc,marking  ] GC(649) Concurrent Clear Claimed Marks 0.024ms
[2026-01-15T18:37:41.483+0530][60.063s][info][gc,marking  ] GC(649) Concurrent Cleanup for Next Mark
[2026-01-15T18:37:41.483+0530][60.064s][info][gc,marking  ] GC(649) Concurrent Cleanup for Next Mark 0.423ms
[2026-01-15T18:37:41.483+0530][60.064s][info][gc          ] GC(649) Concurrent Mark Cycle 5.482ms
[2026-01-15T18:37:41.537+0530][60.117s][info][gc,heap,exit] Heap
[2026-01-15T18:37:41.538+0530][60.117s][info][gc,heap,exit]  garbage-first heap   total 262144K, used 125645K [0x00000000f0000000, 0x0000000100000000)
[2026-01-15T18:37:41.538+0530][60.117s][info][gc,heap,exit]   region size 1024K, 1 young (1024K), 0 survivors (0K)
[2026-01-15T18:37:41.538+0530][60.117s][info][gc,heap,exit]  Metaspace       used 813K, committed 960K, reserved 1114112K
[2026-01-15T18:37:41.538+0530][60.118s][info][gc,heap,exit]   class space    used 53K, committed 128K, reserved 1048576K
