[2026-01-15T18:40:30.921+0530][0.010s][info][gc,init] CardTable entry size: 512
[2026-01-15T18:40:30.922+0530][0.010s][info][gc     ] Using G1
[2026-01-15T18:40:30.923+0530][0.011s][info][gc,init] Version: 21.0.9+7-LTS-jvmci-23.1-b79 (release)
[2026-01-15T18:40:30.923+0530][0.011s][info][gc,init] CPUs: 8 total, 8 available
[2026-01-15T18:40:30.923+0530][0.011s][info][gc,init] Memory: 16167M
[2026-01-15T18:40:30.923+0530][0.011s][info][gc,init] Large Page Support: Disabled
[2026-01-15T18:40:30.923+0530][0.011s][info][gc,init] NUMA Support: Disabled
[2026-01-15T18:40:30.923+0530][0.011s][info][gc,init] Compressed Oops: Enabled (32-bit)
[2026-01-15T18:40:30.924+0530][0.012s][info][gc,init] Heap Region Size: 1M
[2026-01-15T18:40:30.924+0530][0.012s][info][gc,init] Heap Min Capacity: 64M
[2026-01-15T18:40:30.924+0530][0.012s][info][gc,init] Heap Initial Capacity: 64M
[2026-01-15T18:40:30.924+0530][0.012s][info][gc,init] Heap Max Capacity: 512M
[2026-01-15T18:40:30.924+0530][0.012s][info][gc,init] Pre-touch: Disabled
[2026-01-15T18:40:30.924+0530][0.012s][info][gc,init] Parallel Workers: 8
[2026-01-15T18:40:30.924+0530][0.012s][info][gc,init] Concurrent Workers: 2
[2026-01-15T18:40:30.924+0530][0.012s][info][gc,init] Concurrent Refinement Workers: 8
[2026-01-15T18:40:30.924+0530][0.012s][info][gc,init] Periodic GC: Disabled
[2026-01-15T18:40:30.931+0530][0.020s][info][gc,metaspace] CDS archive(s) mapped at: [0x000001ebcd000000-0x000001ebcdc90000-0x000001ebcdc90000), size 13172736, SharedBaseAddress: 0x000001ebcd000000, ArchiveRelocationMode: 1.
[2026-01-15T18:40:30.931+0530][0.020s][info][gc,metaspace] Compressed class space mapped at: 0x000001ebce000000-0x000001ec0e000000, reserved size: 1073741824
[2026-01-15T18:40:30.931+0530][0.020s][info][gc,metaspace] Narrow klass base: 0x000001ebcd000000, Narrow klass shift: 0, Narrow klass range: 0x100000000
[2026-01-15T18:40:30.976+0530][0.065s][info][gc,start    ] GC(0) Pause Young (Concurrent Start) (G1 Humongous Allocation)
[2026-01-15T18:40:30.976+0530][0.065s][info][gc,task     ] GC(0) Using 2 workers of 8 for evacuation
[2026-01-15T18:40:30.978+0530][0.067s][info][gc,phases   ] GC(0)   Pre Evacuate Collection Set: 0.3ms
[2026-01-15T18:40:30.978+0530][0.067s][info][gc,phases   ] GC(0)   Merge Heap Roots: 0.1ms
[2026-01-15T18:40:30.978+0530][0.067s][info][gc,phases   ] GC(0)   Evacuate Collection Set: 1.2ms
[2026-01-15T18:40:30.978+0530][0.067s][info][gc,phases   ] GC(0)   Post Evacuate Collection Set: 0.7ms
[2026-01-15T18:40:30.978+0530][0.067s][info][gc,phases   ] GC(0)   Other: 0.3ms
[2026-01-15T18:40:30.978+0530][0.067s][info][gc,heap     ] GC(0) Eden regions: 3->0(12)
[2026-01-15T18:40:30.978+0530][0.067s][info][gc,heap     ] GC(0) Survivor regions: 0->1(3)
[2026-01-15T18:40:30.978+0530][0.067s][info][gc,heap     ] GC(0) Old regions: 0->0
[2026-01-15T18:40:30.978+0530][0.067s][info][gc,heap     ] GC(0) Humongous regions: 28->28
[2026-01-15T18:40:30.978+0530][0.067s][info][gc,metaspace] GC(0) Metaspace: 279K(512K)->279K(512K) NonClass: 271K(384K)->271K(384K) Class: 7K(128K)->7K(128K)
[2026-01-15T18:40:30.978+0530][0.067s][info][gc          ] GC(0) Pause Young (Concurrent Start) (G1 Humongous Allocation) 30M->28M(64M) 2.847ms
[2026-01-15T18:40:30.978+0530][0.067s][info][gc,cpu      ] GC(0) User=0.00s Sys=0.00s Real=0.00s
[2026-01-15T18:40:30.978+0530][0.067s][info][gc          ] GC(1) Concurrent Undo Cycle
[2026-01-15T18:40:30.979+0530][0.068s][info][gc,marking  ] GC(1) Concurrent Clear Claimed Marks
[2026-01-15T18:40:30.979+0530][0.068s][info][gc,marking  ] GC(1) Concurrent Clear Claimed Marks 0.011ms
[2026-01-15T18:40:30.979+0530][0.068s][info][gc,marking  ] GC(1) Concurrent Cleanup for Next Mark
[2026-01-15T18:40:30.979+0530][0.068s][info][gc,marking  ] GC(1) Concurrent Cleanup for Next Mark 0.108ms
[2026-01-15T18:40:30.979+0530][0.068s][info][gc          ] GC(1) Concurrent Undo Cycle 0.213ms
[2026-01-15T18:40:30.979+0530][0.068s][info][gc,start    ] GC(2) Pause Young (Concurrent Start) (G1 Humongous Allocation)
[2026-01-15T18:40:30.979+0530][0.068s][info][gc,task     ] GC(2) Using 2 workers of 8 for evacuation
[2026-01-15T18:40:30.980+0530][0.069s][info][gc,phases   ] GC(2)   Pre Evacuate Collection Set: 0.3ms
[2026-01-15T18:40:30.980+0530][0.069s][info][gc,phases   ] GC(2)   Merge Heap Roots: 0.1ms
[2026-01-15T18:40:30.980+0530][0.069s][info][gc,phases   ] GC(2)   Evacuate Collection Set: 0.7ms
[2026-01-15T18:40:30.980+0530][0.069s][info][gc,phases   ] GC(2)   Post Evacuate Collection Set: 0.3ms
[2026-01-15T18:40:30.980+0530][0.069s][info][gc,phases   ] GC(2)   Other: 0.2ms
[2026-01-15T18:40:30.981+0530][0.070s][info][gc,heap     ] GC(2) Eden regions: 0->0(11)
[2026-01-15T18:40:30.981+0530][0.070s][info][gc,heap     ] GC(2) Survivor regions: 1->1(2)
[2026-01-15T18:40:30.981+0530][0.070s][info][gc,heap     ] GC(2) Old regions: 0->0
[2026-01-15T18:40:30.981+0530][0.070s][info][gc,heap     ] GC(2) Humongous regions: 30->30
[2026-01-15T18:40:30.981+0530][0.070s][info][gc,metaspace] GC(2) Metaspace: 279K(512K)->279K(512K) NonClass: 272K(384K)->272K(384K) Class: 7K(128K)->7K(128K)
[2026-01-15T18:40:30.981+0530][0.070s][info][gc          ] GC(2) Pause Young (Concurrent Start) (G1 Humongous Allocation) 30M->30M(64M) 1.737ms
[2026-01-15T18:40:30.981+0530][0.070s][info][gc,cpu      ] GC(2) User=0.00s Sys=0.00s Real=0.00s
[2026-01-15T18:40:30.981+0530][0.070s][info][gc          ] GC(3) Concurrent Mark Cycle
[2026-01-15T18:40:30.981+0530][0.070s][info][gc,marking  ] GC(3) Concurrent Scan Root Regions
[2026-01-15T18:40:30.981+0530][0.070s][info][gc,marking  ] GC(3) Concurrent Scan Root Regions 0.447ms
[2026-01-15T18:40:30.981+0530][0.070s][info][gc,marking  ] GC(3) Concurrent Mark
[2026-01-15T18:40:30.981+0530][0.070s][info][gc,marking  ] GC(3) Concurrent Mark From Roots
[2026-01-15T18:40:30.981+0530][0.070s][info][gc,task     ] GC(3) Using 2 workers of 2 for marking
[2026-01-15T18:40:30.981+0530][0.070s][info][gc,marking  ] GC(3) Concurrent Mark From Roots 0.217ms
[2026-01-15T18:40:30.981+0530][0.070s][info][gc,marking  ] GC(3) Concurrent Preclean
[2026-01-15T18:40:30.981+0530][0.070s][info][gc,marking  ] GC(3) Concurrent Preclean 0.008ms
[2026-01-15T18:40:30.981+0530][0.070s][info][gc,start    ] GC(3) Pause Remark
[2026-01-15T18:40:30.982+0530][0.071s][info][gc          ] GC(3) Pause Remark 41M->41M(70M) 0.459ms
[2026-01-15T18:40:30.982+0530][0.071s][info][gc,cpu      ] GC(3) User=0.00s Sys=0.00s Real=0.00s
[2026-01-15T18:40:30.982+0530][0.071s][info][gc,marking  ] GC(3) Concurrent Mark 0.919ms
[2026-01-15T18:40:30.982+0530][0.071s][info][gc,marking  ] GC(3) Concurrent Rebuild Remembered Sets and Scrub Regions
[2026-01-15T18:40:30.982+0530][0.071s][info][gc,marking  ] GC(3) Concurrent Rebuild Remembered Sets and Scrub Regions 0.029ms
[2026-01-15T18:40:30.982+0530][0.071s][info][gc,start    ] GC(3) Pause Cleanup
[2026-01-15T18:40:30.982+0530][0.071s][info][gc          ] GC(3) Pause Cleanup 43M->43M(70M) 0.016ms
[2026-01-15T18:40:30.982+0530][0.071s][info][gc,cpu      ] GC(3) User=0.00s Sys=0.00s Real=0.00s
[2026-01-15T18:40:30.982+0530][0.071s][info][gc,marking  ] GC(3) Concurrent Clear Claimed Marks
[2026-01-15T18:40:30.982+0530][0.071s][info][gc,marking  ] GC(3) Concurrent Clear Claimed Marks 0.011ms
[2026-01-15T18:40:30.982+0530][0.071s][info][gc,marking  ] GC(3) Concurrent Cleanup for Next Mark
[2026-01-15T18:40:30.982+0530][0.071s][info][gc,marking  ] GC(3) Concurrent Cleanup for Next Mark 0.206ms
[2026-01-15T18:40:30.982+0530][0.071s][info][gc          ] GC(3) Concurrent Mark Cycle 1.911ms
[2026-01-15T18:40:30.983+0530][0.072s][info][gc,start    ] GC(4) Pause Young (Concurrent Start) (G1 Humongous Allocation)
[2026-01-15T18:40:30.983+0530][0.072s][info][gc,task     ] GC(4) Using 2 workers of 8 for evacuation
[2026-01-15T18:40:30.984+0530][0.073s][info][gc,phases   ] GC(4)   Pre Evacuate Collection Set: 0.1ms
[2026-01-15T18:40:30.984+0530][0.073s][info][gc,phases   ] GC(4)   Merge Heap Roots: 0.0ms
[2026-01-15T18:40:30.984+0530][0.073s][info][gc,phases   ] GC(4)   Evacuate Collection Set: 0.8ms
[2026-01-15T18:40:30.984+0530][0.073s][info][gc,phases   ] GC(4)   Post Evacuate Collection Set: 0.2ms
[2026-01-15T18:40:30.984+0530][0.073s][info][gc,phases   ] GC(4)   Other: 0.1ms
[2026-01-15T18:40:30.984+0530][0.073s][info][gc,heap     ] GC(4) Eden regions: 1->0(10)
[2026-01-15T18:40:30.984+0530][0.073s][info][gc,heap     ] GC(4) Survivor regions: 1->1(2)
[2026-01-15T18:40:30.984+0530][0.073s][info][gc,heap     ] GC(4) Old regions: 0->0
[2026-01-15T18:40:30.984+0530][0.073s][info][gc,heap     ] GC(4) Humongous regions: 46->46
[2026-01-15T18:40:30.984+0530][0.073s][info][gc,metaspace] GC(4) Metaspace: 279K(512K)->279K(512K) NonClass: 272K(384K)->272K(384K) Class: 7K(128K)->7K(128K)
[2026-01-15T18:40:30.984+0530][0.073s][info][gc          ] GC(4) Pause Young (Concurrent Start) (G1 Humongous Allocation) 47M->46M(70M) 1.383ms
[2026-01-15T18:40:30.984+0530][0.073s][info][gc,cpu      ] GC(4) User=0.00s Sys=0.00s Real=0.00s
[2026-01-15T18:40:30.984+0530][0.073s][info][gc          ] GC(5) Concurrent Mark Cycle
[2026-01-15T18:40:30.984+0530][0.073s][info][gc,marking  ] GC(5) Concurrent Scan Root Regions
[2026-01-15T18:40:30.984+0530][0.073s][info][gc,marking  ] GC(5) Concurrent Scan Root Regions 0.423ms
[2026-01-15T18:40:30.984+0530][0.073s][info][gc,marking  ] GC(5) Concurrent Mark
[2026-01-15T18:40:30.984+0530][0.073s][info][gc,marking  ] GC(5) Concurrent Mark From Roots
[2026-01-15T18:40:30.984+0530][0.073s][info][gc,task     ] GC(5) Using 2 workers of 2 for marking
[2026-01-15T18:40:30.985+0530][0.074s][info][gc,marking  ] GC(5) Concurrent Mark From Roots 0.080ms
[2026-01-15T18:40:30.985+0530][0.074s][info][gc,marking  ] GC(5) Concurrent Preclean
[2026-01-15T18:40:30.985+0530][0.074s][info][gc,marking  ] GC(5) Concurrent Preclean 0.008ms
[2026-01-15T18:40:30.985+0530][0.074s][info][gc,start    ] GC(5) Pause Remark
[2026-01-15T18:40:30.985+0530][0.074s][info][gc          ] GC(5) Pause Remark 54M->54M(92M) 0.477ms
[2026-01-15T18:40:30.985+0530][0.074s][info][gc,cpu      ] GC(5) User=0.00s Sys=0.00s Real=0.00s
[2026-01-15T18:40:30.985+0530][0.074s][info][gc,marking  ] GC(5) Concurrent Mark 0.800ms
[2026-01-15T18:40:30.985+0530][0.074s][info][gc,marking  ] GC(5) Concurrent Rebuild Remembered Sets and Scrub Regions
[2026-01-15T18:40:30.985+0530][0.074s][info][gc,marking  ] GC(5) Concurrent Rebuild Remembered Sets and Scrub Regions 0.024ms
[2026-01-15T18:40:30.985+0530][0.074s][info][gc,start    ] GC(5) Pause Cleanup
[2026-01-15T18:40:30.985+0530][0.074s][info][gc          ] GC(5) Pause Cleanup 56M->56M(92M) 0.021ms
[2026-01-15T18:40:30.985+0530][0.074s][info][gc,cpu      ] GC(5) User=0.00s Sys=0.00s Real=0.00s
[2026-01-15T18:40:30.986+0530][0.075s][info][gc,marking  ] GC(5) Concurrent Clear Claimed Marks
[2026-01-15T18:40:30.986+0530][0.075s][info][gc,marking  ] GC(5) Concurrent Clear Claimed Marks 0.010ms
[2026-01-15T18:40:30.986+0530][0.075s][info][gc,marking  ] GC(5) Concurrent Cleanup for Next Mark
[2026-01-15T18:40:30.986+0530][0.075s][info][gc,marking  ] GC(5) Concurrent Cleanup for Next Mark 0.134ms
[2026-01-15T18:40:30.986+0530][0.075s][info][gc          ] GC(5) Concurrent Mark Cycle 1.677ms
[2026-01-15T18:40:30.986+0530][0.075s][info][gc,start    ] GC(6) Pause Young (Concurrent Start) (G1 Humongous Allocation)
[2026-01-15T18:40:30.986+0530][0.075s][info][gc,task     ] GC(6) Using 2 workers of 8 for evacuation
[2026-01-15T18:40:30.987+0530][0.076s][info][gc,phases   ] GC(6)   Pre Evacuate Collection Set: 0.1ms
[2026-01-15T18:40:30.987+0530][0.076s][info][gc,phases   ] GC(6)   Merge Heap Roots: 0.0ms
[2026-01-15T18:40:30.987+0530][0.076s][info][gc,phases   ] GC(6)   Evacuate Collection Set: 0.8ms
[2026-01-15T18:40:30.987+0530][0.076s][info][gc,phases   ] GC(6)   Post Evacuate Collection Set: 0.1ms
[2026-01-15T18:40:30.987+0530][0.076s][info][gc,phases   ] GC(6)   Other: 0.1ms
[2026-01-15T18:40:30.987+0530][0.076s][info][gc,heap     ] GC(6) Eden regions: 0->0(15)
[2026-01-15T18:40:30.987+0530][0.076s][info][gc,heap     ] GC(6) Survivor regions: 1->1(2)
[2026-01-15T18:40:30.987+0530][0.076s][info][gc,heap     ] GC(6) Old regions: 0->0
[2026-01-15T18:40:30.987+0530][0.076s][info][gc,heap     ] GC(6) Humongous regions: 58->58
[2026-01-15T18:40:30.987+0530][0.076s][info][gc,metaspace] GC(6) Metaspace: 279K(512K)->279K(512K) NonClass: 272K(384K)->272K(384K) Class: 7K(128K)->7K(128K)
[2026-01-15T18:40:30.987+0530][0.076s][info][gc          ] GC(6) Pause Young (Concurrent Start) (G1 Humongous Allocation) 58M->58M(92M) 1.221ms
[2026-01-15T18:40:30.987+0530][0.076s][info][gc,cpu      ] GC(6) User=0.00s Sys=0.00s Real=0.00s
[2026-01-15T18:40:30.987+0530][0.076s][info][gc          ] GC(7) Concurrent Mark Cycle
[2026-01-15T18:40:30.987+0530][0.076s][info][gc,marking  ] GC(7) Concurrent Scan Root Regions
[2026-01-15T18:40:30.987+0530][0.076s][info][gc,marking  ] GC(7) Concurrent Scan Root Regions 0.406ms
[2026-01-15T18:40:30.987+0530][0.076s][info][gc,marking  ] GC(7) Concurrent Mark
[2026-01-15T18:40:30.987+0530][0.076s][info][gc,marking  ] GC(7) Concurrent Mark From Roots
[2026-01-15T18:40:30.987+0530][0.076s][info][gc,task     ] GC(7) Using 2 workers of 2 for marking
[2026-01-15T18:40:30.987+0530][0.076s][info][gc,marking  ] GC(7) Concurrent Mark From Roots 0.078ms
[2026-01-15T18:40:30.987+0530][0.076s][info][gc,marking  ] GC(7) Concurrent Preclean
[2026-01-15T18:40:30.987+0530][0.076s][info][gc,marking  ] GC(7) Concurrent Preclean 0.008ms
[2026-01-15T18:40:30.988+0530][0.077s][info][gc,start    ] GC(7) Pause Remark
[2026-01-15T18:40:30.988+0530][0.077s][info][gc          ] GC(7) Pause Remark 68M->68M(115M) 0.310ms
[2026-01-15T18:40:30.988+0530][0.077s][info][gc,cpu      ] GC(7) User=0.00s Sys=0.00s Real=0.00s
[2026-01-15T18:40:30.988+0530][0.077s][info][gc,marking  ] GC(7) Concurrent Mark 0.572ms
[2026-01-15T18:40:30.988+0530][0.077s][info][gc,marking  ] GC(7) Concurrent Rebuild Remembered Sets and Scrub Regions
[2026-01-15T18:40:30.988+0530][0.077s][info][gc,marking  ] GC(7) Concurrent Rebuild Remembered Sets and Scrub Regions 0.025ms
[2026-01-15T18:40:30.988+0530][0.077s][info][gc,start    ] GC(7) Pause Cleanup
[2026-01-15T18:40:30.988+0530][0.077s][info][gc          ] GC(7) Pause Cleanup 71M->71M(115M) 0.014ms
[2026-01-15T18:40:30.988+0530][0.077s][info][gc,cpu      ] GC(7) User=0.00s Sys=0.00s Real=0.00s
[2026-01-15T18:40:30.988+0530][0.077s][info][gc,marking  ] GC(7) Concurrent Clear Claimed Marks
[2026-01-15T18:40:30.988+0530][0.077s][info][gc,marking  ] GC(7) Concurrent Clear Claimed Marks 0.009ms
[2026-01-15T18:40:30.988+0530][0.077s][info][gc,marking  ] GC(7) Concurrent Cleanup for Next Mark
[2026-01-15T18:40:30.988+0530][0.077s][info][gc,marking  ] GC(7) Concurrent Cleanup for Next Mark 0.161ms
[2026-01-15T18:40:30.988+0530][0.077s][info][gc          ] GC(7) Concurrent Mark Cycle 1.422ms
[2026-01-15T18:40:30.989+0530][0.078s][info][gc,start    ] GC(8) Pause Young (Concurrent Start) (G1 Humongous Allocation)
[2026-01-15T18:40:30.989+0530][0.078s][info][gc,task     ] GC(8) Using 2 workers of 8 for evacuation
[2026-01-15T18:40:30.990+0530][0.079s][info][gc,phases   ] GC(8)   Pre Evacuate Collection Set: 0.1ms
[2026-01-15T18:40:30.990+0530][0.079s][info][gc,phases   ] GC(8)   Merge Heap Roots: 0.0ms
[2026-01-15T18:40:30.990+0530][0.079s][info][gc,phases   ] GC(8)   Evacuate Collection Set: 0.7ms
[2026-01-15T18:40:30.990+0530][0.079s][info][gc,phases   ] GC(8)   Post Evacuate Collection Set: 0.1ms
[2026-01-15T18:40:30.990+0530][0.079s][info][gc,phases   ] GC(8)   Other: 0.0ms
[2026-01-15T18:40:30.990+0530][0.079s][info][gc,heap     ] GC(8) Eden regions: 1->0(23)
[2026-01-15T18:40:30.990+0530][0.079s][info][gc,heap     ] GC(8) Survivor regions: 1->1(2)
[2026-01-15T18:40:30.990+0530][0.079s][info][gc,heap     ] GC(8) Old regions: 0->0
[2026-01-15T18:40:30.990+0530][0.079s][info][gc,heap     ] GC(8) Humongous regions: 74->74
[2026-01-15T18:40:30.990+0530][0.079s][info][gc,metaspace] GC(8) Metaspace: 279K(512K)->279K(512K) NonClass: 272K(384K)->272K(384K) Class: 7K(128K)->7K(128K)
[2026-01-15T18:40:30.990+0530][0.079s][info][gc          ] GC(8) Pause Young (Concurrent Start) (G1 Humongous Allocation) 75M->74M(115M) 1.085ms
[2026-01-15T18:40:30.990+0530][0.079s][info][gc,cpu      ] GC(8) User=0.00s Sys=0.00s Real=0.00s
[2026-01-15T18:40:30.990+0530][0.079s][info][gc          ] GC(9) Concurrent Mark Cycle
[2026-01-15T18:40:30.990+0530][0.079s][info][gc,marking  ] GC(9) Concurrent Scan Root Regions
[2026-01-15T18:40:30.990+0530][0.079s][info][gc,marking  ] GC(9) Concurrent Scan Root Regions 0.404ms
[2026-01-15T18:40:30.990+0530][0.079s][info][gc,marking  ] GC(9) Concurrent Mark
[2026-01-15T18:40:30.990+0530][0.079s][info][gc,marking  ] GC(9) Concurrent Mark From Roots
[2026-01-15T18:40:30.990+0530][0.079s][info][gc,task     ] GC(9) Using 2 workers of 2 for marking
[2026-01-15T18:40:30.990+0530][0.079s][info][gc,marking  ] GC(9) Concurrent Mark From Roots 0.083ms
[2026-01-15T18:40:30.990+0530][0.079s][info][gc,marking  ] GC(9) Concurrent Preclean
[2026-01-15T18:40:30.990+0530][0.079s][info][gc,marking  ] GC(9) Concurrent Preclean 0.008ms
[2026-01-15T18:40:30.990+0530][0.079s][info][gc,start    ] GC(9) Pause Remark
[2026-01-15T18:40:30.991+0530][0.080s][info][gc          ] GC(9) Pause Remark 82M->82M(139M) 0.309ms
[2026-01-15T18:40:30.991+0530][0.080s][info][gc,cpu      ] GC(9) User=0.00s Sys=0.00s Real=0.00s
[2026-01-15T18:40:30.991+0530][0.080s][info][gc,marking  ] GC(9) Concurrent Mark 0.546ms
[2026-01-15T18:40:30.991+0530][0.080s][info][gc,marking  ] GC(9) Concurrent Rebuild Remembered Sets and Scrub Regions
[2026-01-15T18:40:30.991+0530][0.080s][info][gc,marking  ] GC(9) Concurrent Rebuild Remembered Sets and Scrub Regions 0.025ms
[2026-01-15T18:40:30.991+0530][0.080s][info][gc,start    ] GC(9) Pause Cleanup
[2026-01-15T18:40:30.991+0530][0.080s][info][gc          ] GC(9) Pause Cleanup 84M->84M(139M) 0.013ms
[2026-01-15T18:40:30.991+0530][0.080s][info][gc,cpu      ] GC(9) User=0.00s Sys=0.00s Real=0.00s
[2026-01-15T18:40:30.991+0530][0.080s][info][gc,marking  ] GC(9) Concurrent Clear Claimed Marks
[2026-01-15T18:40:30.991+0530][0.080s][info][gc,marking  ] GC(9) Concurrent Clear Claimed Marks 0.009ms
[2026-01-15T18:40:30.991+0530][0.080s][info][gc,marking  ] GC(9) Concurrent Cleanup for Next Mark
[2026-01-15T18:40:30.991+0530][0.080s][info][gc,marking  ] GC(9) Concurrent Cleanup for Next Mark 0.199ms
[2026-01-15T18:40:30.991+0530][0.080s][info][gc          ] GC(9) Concurrent Mark Cycle 1.422ms
[2026-01-15T18:40:30.991+0530][0.080s][info][gc,start    ] GC(10) Pause Young (Concurrent Start) (G1 Humongous Allocation)
[2026-01-15T18:40:30.991+0530][0.080s][info][gc,task     ] GC(10) Using 3 workers of 8 for evacuation
[2026-01-15T18:40:30.992+0530][0.081s][info][gc,phases   ] GC(10)   Pre Evacuate Collection Set: 0.1ms
[2026-01-15T18:40:30.992+0530][0.081s][info][gc,phases   ] GC(10)   Merge Heap Roots: 0.0ms
[2026-01-15T18:40:30.992+0530][0.081s][info][gc,phases   ] GC(10)   Evacuate Collection Set: 0.6ms
[2026-01-15T18:40:30.992+0530][0.081s][info][gc,phases   ] GC(10)   Post Evacuate Collection Set: 0.1ms
[2026-01-15T18:40:30.992+0530][0.081s][info][gc,phases   ] GC(10)   Other: 0.0ms
[2026-01-15T18:40:30.992+0530][0.081s][info][gc,heap     ] GC(10) Eden regions: 0->0(29)
[2026-01-15T18:40:30.992+0530][0.081s][info][gc,heap     ] GC(10) Survivor regions: 1->1(3)
[2026-01-15T18:40:30.992+0530][0.081s][info][gc,heap     ] GC(10) Old regions: 0->0
[2026-01-15T18:40:30.992+0530][0.081s][info][gc,heap     ] GC(10) Humongous regions: 88->88
[2026-01-15T18:40:30.992+0530][0.081s][info][gc,metaspace] GC(10) Metaspace: 279K(512K)->279K(512K) NonClass: 272K(384K)->272K(384K) Class: 7K(128K)->7K(128K)
[2026-01-15T18:40:30.992+0530][0.081s][info][gc          ] GC(10) Pause Young (Concurrent Start) (G1 Humongous Allocation) 88M->88M(139M) 0.926ms
[2026-01-15T18:40:30.992+0530][0.081s][info][gc,cpu      ] GC(10) User=0.00s Sys=0.00s Real=0.00s
[2026-01-15T18:40:30.992+0530][0.081s][info][gc          ] GC(11) Concurrent Mark Cycle
[2026-01-15T18:40:30.992+0530][0.081s][info][gc,marking  ] GC(11) Concurrent Scan Root Regions
[2026-01-15T18:40:30.993+0530][0.082s][info][gc,marking  ] GC(11) Concurrent Scan Root Regions 0.457ms
[2026-01-15T18:40:30.993+0530][0.082s][info][gc,marking  ] GC(11) Concurrent Mark
[2026-01-15T18:40:30.993+0530][0.082s][info][gc,marking  ] GC(11) Concurrent Mark From Roots
[2026-01-15T18:40:30.993+0530][0.082s][info][gc,task     ] GC(11) Using 2 workers of 2 for marking
[2026-01-15T18:40:30.993+0530][0.082s][info][gc,marking  ] GC(11) Concurrent Mark From Roots 0.106ms
[2026-01-15T18:40:30.993+0530][0.082s][info][gc,marking  ] GC(11) Concurrent Preclean
[2026-01-15T18:40:30.993+0530][0.082s][info][gc,marking  ] GC(11) Concurrent Preclean 0.022ms
[2026-01-15T18:40:30.993+0530][0.082s][info][gc,start    ] GC(11) Pause Remark
[2026-01-15T18:40:30.993+0530][0.083s][info][gc          ] GC(11) Pause Remark 96M->96M(162M) 0.619ms
[2026-01-15T18:40:30.993+0530][0.083s][info][gc,cpu      ] GC(11) User=0.00s Sys=0.00s Real=0.00s
[2026-01-15T18:40:30.995+0530][0.083s][info][gc,marking  ] GC(11) Concurrent Mark 1.064ms
[2026-01-15T18:40:30.995+0530][0.083s][info][gc,marking  ] GC(11) Concurrent Rebuild Remembered Sets and Scrub Regions
[2026-01-15T18:40:30.995+0530][0.083s][info][gc,marking  ] GC(11) Concurrent Rebuild Remembered Sets and Scrub Regions 0.047ms
[2026-01-15T18:40:30.995+0530][0.083s][info][gc,start    ] GC(11) Pause Cleanup
[2026-01-15T18:40:30.995+0530][0.083s][info][gc          ] GC(11) Pause Cleanup 98M->98M(162M) 0.027ms
[2026-01-15T18:40:30.995+0530][0.083s][info][gc,cpu      ] GC(11) User=0.00s Sys=0.00s Real=0.00s
[2026-01-15T18:40:30.995+0530][0.083s][info][gc,marking  ] GC(11) Concurrent Clear Claimed Marks
[2026-01-15T18:40:30.995+0530][0.083s][info][gc,marking  ] GC(11) Concurrent Clear Claimed Marks 0.047ms
[2026-01-15T18:40:30.995+0530][0.083s][info][gc,marking  ] GC(11) Concurrent Cleanup for Next Mark
[2026-01-15T18:40:30.996+0530][0.084s][info][gc,marking  ] GC(11) Concurrent Cleanup for Next Mark 0.721ms
[2026-01-15T18:40:30.996+0530][0.084s][info][gc          ] GC(11) Concurrent Mark Cycle 2.733ms
[2026-01-15T18:40:30.996+0530][0.084s][info][gc,start    ] GC(12) Pause Young (Concurrent Start) (G1 Humongous Allocation)
[2026-01-15T18:40:30.996+0530][0.084s][info][gc,task     ] GC(12) Using 3 workers of 8 for evacuation
[2026-01-15T18:40:30.998+0530][0.086s][info][gc,phases   ] GC(12)   Pre Evacuate Collection Set: 0.1ms
[2026-01-15T18:40:30.998+0530][0.086s][info][gc,phases   ] GC(12)   Merge Heap Roots: 0.0ms
[2026-01-15T18:40:30.998+0530][0.086s][info][gc,phases   ] GC(12)   Evacuate Collection Set: 1.6ms
[2026-01-15T18:40:30.998+0530][0.086s][info][gc,phases   ] GC(12)   Post Evacuate Collection Set: 0.3ms
[2026-01-15T18:40:30.998+0530][0.086s][info][gc,phases   ] GC(12)   Other: 0.1ms
[2026-01-15T18:40:30.998+0530][0.086s][info][gc,heap     ] GC(12) Eden regions: 1->0(38)
[2026-01-15T18:40:30.998+0530][0.086s][info][gc,heap     ] GC(12) Survivor regions: 1->1(4)
[2026-01-15T18:40:30.998+0530][0.086s][info][gc,heap     ] GC(12) Old regions: 0->0
[2026-01-15T18:40:30.998+0530][0.086s][info][gc,heap     ] GC(12) Humongous regions: 102->102
[2026-01-15T18:40:30.998+0530][0.086s][info][gc,metaspace] GC(12) Metaspace: 279K(512K)->279K(512K) NonClass: 272K(384K)->272K(384K) Class: 7K(128K)->7K(128K)
[2026-01-15T18:40:30.998+0530][0.086s][info][gc          ] GC(12) Pause Young (Concurrent Start) (G1 Humongous Allocation) 103M->102M(162M) 2.375ms
[2026-01-15T18:40:30.998+0530][0.086s][info][gc,cpu      ] GC(12) User=0.00s Sys=0.00s Real=0.00s
[2026-01-15T18:40:30.998+0530][0.086s][info][gc          ] GC(13) Concurrent Mark Cycle
[2026-01-15T18:40:30.998+0530][0.086s][info][gc,marking  ] GC(13) Concurrent Scan Root Regions
[2026-01-15T18:40:30.999+0530][0.087s][info][gc,marking  ] GC(13) Concurrent Scan Root Regions 0.458ms
[2026-01-15T18:40:30.999+0530][0.087s][info][gc,marking  ] GC(13) Concurrent Mark
[2026-01-15T18:40:30.999+0530][0.087s][info][gc,marking  ] GC(13) Concurrent Mark From Roots
[2026-01-15T18:40:30.999+0530][0.087s][info][gc,task     ] GC(13) Using 2 workers of 2 for marking
[2026-01-15T18:40:30.999+0530][0.087s][info][gc,marking  ] GC(13) Concurrent Mark From Roots 0.109ms
[2026-01-15T18:40:30.999+0530][0.087s][info][gc,marking  ] GC(13) Concurrent Preclean
[2026-01-15T18:40:30.999+0530][0.087s][info][gc,marking  ] GC(13) Concurrent Preclean 0.012ms
[2026-01-15T18:40:30.999+0530][0.087s][info][gc,start    ] GC(13) Pause Remark
[2026-01-15T18:40:30.999+0530][0.088s][info][gc          ] GC(13) Pause Remark 110M->110M(185M) 0.492ms
[2026-01-15T18:40:31.000+0530][0.088s][info][gc,cpu      ] GC(13) User=0.00s Sys=0.00s Real=0.00s
[2026-01-15T18:40:31.000+0530][0.088s][info][gc,marking  ] GC(13) Concurrent Mark 0.790ms
[2026-01-15T18:40:31.000+0530][0.088s][info][gc,marking  ] GC(13) Concurrent Rebuild Remembered Sets and Scrub Regions
[2026-01-15T18:40:31.000+0530][0.088s][info][gc,marking  ] GC(13) Concurrent Rebuild Remembered Sets and Scrub Regions 0.035ms
[2026-01-15T18:40:31.000+0530][0.088s][info][gc,start    ] GC(13) Pause Cleanup
[2026-01-15T18:40:31.000+0530][0.088s][info][gc          ] GC(13) Pause Cleanup 112M->112M(185M) 0.015ms
[2026-01-15T18:40:31.000+0530][0.088s][info][gc,cpu      ] GC(13) User=0.00s Sys=0.00s Real=0.00s
[2026-01-15T18:40:31.000+0530][0.088s][info][gc,marking  ] GC(13) Concurrent Clear Claimed Marks
[2026-01-15T18:40:31.000+0530][0.088s][info][gc,marking  ] GC(13) Concurrent Clear Claimed Marks 0.021ms
[2026-01-15T18:40:31.000+0530][0.088s][info][gc,marking  ] GC(13) Concurrent Cleanup for Next Mark
[2026-01-15T18:40:31.000+0530][0.089s][info][gc,marking  ] GC(13) Concurrent Cleanup for Next Mark 0.478ms
[2026-01-15T18:40:31.000+0530][0.089s][info][gc          ] GC(13) Concurrent Mark Cycle 2.129ms
[2026-01-15T18:40:31.001+0530][0.089s][info][gc,start    ] GC(14) Pause Young (Concurrent Start) (G1 Humongous Allocation)
[2026-01-15T18:40:31.001+0530][0.089s][info][gc,task     ] GC(14) Using 4 workers of 8 for evacuation
[2026-01-15T18:40:31.002+0530][0.090s][info][gc,phases   ] GC(14)   Pre Evacuate Collection Set: 0.1ms
[2026-01-15T18:40:31.002+0530][0.090s][info][gc,phases   ] GC(14)   Merge Heap Roots: 0.0ms
[2026-01-15T18:40:31.002+0530][0.090s][info][gc,phases   ] GC(14)   Evacuate Collection Set: 0.7ms
[2026-01-15T18:40:31.002+0530][0.090s][info][gc,phases   ] GC(14)   Post Evacuate Collection Set: 0.1ms
[2026-01-15T18:40:31.002+0530][0.090s][info][gc,phases   ] GC(14)   Other: 0.1ms
[2026-01-15T18:40:31.002+0530][0.090s][info][gc,heap     ] GC(14) Eden regions: 0->0(41)
[2026-01-15T18:40:31.002+0530][0.090s][info][gc,heap     ] GC(14) Survivor regions: 1->1(5)
[2026-01-15T18:40:31.002+0530][0.090s][info][gc,heap     ] GC(14) Old regions: 0->0
[2026-01-15T18:40:31.002+0530][0.090s][info][gc,heap     ] GC(14) Humongous regions: 120->120
[2026-01-15T18:40:31.002+0530][0.090s][info][gc,metaspace] GC(14) Metaspace: 279K(512K)->279K(512K) NonClass: 272K(384K)->272K(384K) Class: 7K(128K)->7K(128K)
[2026-01-15T18:40:31.002+0530][0.090s][info][gc          ] GC(14) Pause Young (Concurrent Start) (G1 Humongous Allocation) 120M->120M(185M) 1.123ms
[2026-01-15T18:40:31.002+0530][0.090s][info][gc,cpu      ] GC(14) User=0.00s Sys=0.00s Real=0.00s
[2026-01-15T18:40:31.002+0530][0.090s][info][gc          ] GC(15) Concurrent Mark Cycle
[2026-01-15T18:40:31.002+0530][0.090s][info][gc,marking  ] GC(15) Concurrent Scan Root Regions
[2026-01-15T18:40:31.002+0530][0.090s][info][gc,marking  ] GC(15) Concurrent Scan Root Regions 0.429ms
[2026-01-15T18:40:31.002+0530][0.090s][info][gc,marking  ] GC(15) Concurrent Mark
[2026-01-15T18:40:31.002+0530][0.090s][info][gc,marking  ] GC(15) Concurrent Mark From Roots
[2026-01-15T18:40:31.002+0530][0.090s][info][gc,task     ] GC(15) Using 2 workers of 2 for marking
[2026-01-15T18:40:31.002+0530][0.090s][info][gc,marking  ] GC(15) Concurrent Mark From Roots 0.078ms
[2026-01-15T18:40:31.002+0530][0.090s][info][gc,marking  ] GC(15) Concurrent Preclean
[2026-01-15T18:40:31.002+0530][0.090s][info][gc,marking  ] GC(15) Concurrent Preclean 0.008ms
[2026-01-15T18:40:31.002+0530][0.091s][info][gc,start    ] GC(15) Pause Remark
[2026-01-15T18:40:31.003+0530][0.091s][info][gc          ] GC(15) Pause Remark 128M->128M(215M) 0.417ms
[2026-01-15T18:40:31.003+0530][0.091s][info][gc,cpu      ] GC(15) User=0.00s Sys=0.00s Real=0.00s
[2026-01-15T18:40:31.003+0530][0.091s][info][gc,marking  ] GC(15) Concurrent Mark 0.671ms
[2026-01-15T18:40:31.003+0530][0.091s][info][gc,marking  ] GC(15) Concurrent Rebuild Remembered Sets and Scrub Regions
[2026-01-15T18:40:31.003+0530][0.091s][info][gc,marking  ] GC(15) Concurrent Rebuild Remembered Sets and Scrub Regions 0.026ms
[2026-01-15T18:40:31.003+0530][0.091s][info][gc,start    ] GC(15) Pause Cleanup
[2026-01-15T18:40:31.003+0530][0.091s][info][gc          ] GC(15) Pause Cleanup 130M->130M(215M) 0.014ms
[2026-01-15T18:40:31.003+0530][0.091s][info][gc,cpu      ] GC(15) User=0.00s Sys=0.00s Real=0.00s
[2026-01-15T18:40:31.003+0530][0.091s][info][gc,marking  ] GC(15) Concurrent Clear Claimed Marks
[2026-01-15T18:40:31.003+0530][0.091s][info][gc,marking  ] GC(15) Concurrent Clear Claimed Marks 0.009ms
[2026-01-15T18:40:31.003+0530][0.091s][info][gc,marking  ] GC(15) Concurrent Cleanup for Next Mark
[2026-01-15T18:40:31.004+0530][0.092s][info][gc,marking  ] GC(15) Concurrent Cleanup for Next Mark 0.596ms
[2026-01-15T18:40:31.004+0530][0.092s][info][gc          ] GC(15) Concurrent Mark Cycle 1.974ms
[2026-01-15T18:40:31.004+0530][0.092s][info][gc,start    ] GC(16) Pause Young (Concurrent Start) (G1 Humongous Allocation)
[2026-01-15T18:40:31.004+0530][0.092s][info][gc,task     ] GC(16) Using 5 workers of 8 for evacuation
[2026-01-15T18:40:31.005+0530][0.093s][info][gc,phases   ] GC(16)   Pre Evacuate Collection Set: 0.1ms
[2026-01-15T18:40:31.005+0530][0.093s][info][gc,phases   ] GC(16)   Merge Heap Roots: 0.0ms
[2026-01-15T18:40:31.005+0530][0.093s][info][gc,phases   ] GC(16)   Evacuate Collection Set: 0.5ms
[2026-01-15T18:40:31.005+0530][0.093s][info][gc,phases   ] GC(16)   Post Evacuate Collection Set: 0.3ms
[2026-01-15T18:40:31.005+0530][0.093s][info][gc,phases   ] GC(16)   Other: 0.2ms
[2026-01-15T18:40:31.005+0530][0.093s][info][gc,heap     ] GC(16) Eden regions: 0->0(49)
[2026-01-15T18:40:31.005+0530][0.093s][info][gc,heap     ] GC(16) Survivor regions: 1->1(6)
[2026-01-15T18:40:31.005+0530][0.093s][info][gc,heap     ] GC(16) Old regions: 0->0
[2026-01-15T18:40:31.005+0530][0.093s][info][gc,heap     ] GC(16) Humongous regions: 138->138
[2026-01-15T18:40:31.005+0530][0.093s][info][gc,metaspace] GC(16) Metaspace: 279K(512K)->279K(512K) NonClass: 272K(384K)->272K(384K) Class: 7K(128K)->7K(128K)
[2026-01-15T18:40:31.005+0530][0.093s][info][gc          ] GC(16) Pause Young (Concurrent Start) (G1 Humongous Allocation) 138M->138M(215M) 1.271ms
[2026-01-15T18:40:31.005+0530][0.093s][info][gc,cpu      ] GC(16) User=0.00s Sys=0.00s Real=0.00s
[2026-01-15T18:40:31.005+0530][0.093s][info][gc          ] GC(17) Concurrent Mark Cycle
[2026-01-15T18:40:31.005+0530][0.093s][info][gc,marking  ] GC(17) Concurrent Scan Root Regions
[2026-01-15T18:40:31.006+0530][0.094s][info][gc,marking  ] GC(17) Concurrent Scan Root Regions 0.495ms
[2026-01-15T18:40:31.006+0530][0.094s][info][gc,marking  ] GC(17) Concurrent Mark
[2026-01-15T18:40:31.006+0530][0.094s][info][gc,marking  ] GC(17) Concurrent Mark From Roots
[2026-01-15T18:40:31.006+0530][0.094s][info][gc,task     ] GC(17) Using 2 workers of 2 for marking
[2026-01-15T18:40:31.006+0530][0.094s][info][gc,marking  ] GC(17) Concurrent Mark From Roots 0.122ms
[2026-01-15T18:40:31.006+0530][0.094s][info][gc,marking  ] GC(17) Concurrent Preclean
[2026-01-15T18:40:31.006+0530][0.094s][info][gc,marking  ] GC(17) Concurrent Preclean 0.009ms
[2026-01-15T18:40:31.006+0530][0.094s][info][gc,start    ] GC(17) Pause Remark
[2026-01-15T18:40:31.006+0530][0.095s][info][gc          ] GC(17) Pause Remark 148M->148M(249M) 0.555ms
[2026-01-15T18:40:31.006+0530][0.095s][info][gc,cpu      ] GC(17) User=0.00s Sys=0.00s Real=0.00s
[2026-01-15T18:40:31.006+0530][0.095s][info][gc,marking  ] GC(17) Concurrent Mark 0.810ms
[2026-01-15T18:40:31.006+0530][0.095s][info][gc,marking  ] GC(17) Concurrent Rebuild Remembered Sets and Scrub Regions
[2026-01-15T18:40:31.007+0530][0.095s][info][gc,marking  ] GC(17) Concurrent Rebuild Remembered Sets and Scrub Regions 0.109ms
[2026-01-15T18:40:31.007+0530][0.095s][info][gc,start    ] GC(17) Pause Cleanup
[2026-01-15T18:40:31.007+0530][0.095s][info][gc          ] GC(17) Pause Cleanup 151M->151M(249M) 0.014ms
[2026-01-15T18:40:31.007+0530][0.095s][info][gc,cpu      ] GC(17) User=0.00s Sys=0.00s Real=0.00s
[2026-01-15T18:40:31.007+0530][0.095s][info][gc,marking  ] GC(17) Concurrent Clear Claimed Marks
[2026-01-15T18:40:31.007+0530][0.095s][info][gc,marking  ] GC(17) Concurrent Clear Claimed Marks 0.014ms
[2026-01-15T18:40:31.007+0530][0.095s][info][gc,marking  ] GC(17) Concurrent Cleanup for Next Mark
[2026-01-15T18:40:31.007+0530][0.096s][info][gc,marking  ] GC(17) Concurrent Cleanup for Next Mark 0.764ms
[2026-01-15T18:40:31.007+0530][0.096s][info][gc          ] GC(17) Concurrent Mark Cycle 2.407ms
[2026-01-15T18:40:31.008+0530][0.096s][info][gc,start    ] GC(18) Pause Young (Concurrent Start) (G1 Humongous Allocation)
[2026-01-15T18:40:31.008+0530][0.096s][info][gc,task     ] GC(18) Using 5 workers of 8 for evacuation
[2026-01-15T18:40:31.009+0530][0.097s][info][gc,phases   ] GC(18)   Pre Evacuate Collection Set: 0.1ms
[2026-01-15T18:40:31.009+0530][0.097s][info][gc,phases   ] GC(18)   Merge Heap Roots: 0.0ms
[2026-01-15T18:40:31.009+0530][0.097s][info][gc,phases   ] GC(18)   Evacuate Collection Set: 0.6ms
[2026-01-15T18:40:31.009+0530][0.097s][info][gc,phases   ] GC(18)   Post Evacuate Collection Set: 0.2ms
[2026-01-15T18:40:31.009+0530][0.097s][info][gc,phases   ] GC(18)   Other: 0.1ms
[2026-01-15T18:40:31.009+0530][0.097s][info][gc,heap     ] GC(18) Eden regions: 1->0(62)
[2026-01-15T18:40:31.009+0530][0.097s][info][gc,heap     ] GC(18) Survivor regions: 1->1(7)
[2026-01-15T18:40:31.009+0530][0.097s][info][gc,heap     ] GC(18) Old regions: 0->0
[2026-01-15T18:40:31.009+0530][0.097s][info][gc,heap     ] GC(18) Humongous regions: 160->160
[2026-01-15T18:40:31.009+0530][0.097s][info][gc,metaspace] GC(18) Metaspace: 279K(512K)->279K(512K) NonClass: 272K(384K)->272K(384K) Class: 7K(128K)->7K(128K)
[2026-01-15T18:40:31.009+0530][0.097s][info][gc          ] GC(18) Pause Young (Concurrent Start) (G1 Humongous Allocation) 161M->160M(249M) 1.130ms
[2026-01-15T18:40:31.009+0530][0.097s][info][gc,cpu      ] GC(18) User=0.00s Sys=0.00s Real=0.00s
[2026-01-15T18:40:31.009+0530][0.097s][info][gc          ] GC(19) Concurrent Mark Cycle
[2026-01-15T18:40:31.009+0530][0.097s][info][gc,marking  ] GC(19) Concurrent Scan Root Regions
[2026-01-15T18:40:31.009+0530][0.098s][info][gc,marking  ] GC(19) Concurrent Scan Root Regions 0.600ms
[2026-01-15T18:40:31.009+0530][0.098s][info][gc,marking  ] GC(19) Concurrent Mark
[2026-01-15T18:40:31.009+0530][0.098s][info][gc,marking  ] GC(19) Concurrent Mark From Roots
[2026-01-15T18:40:31.009+0530][0.098s][info][gc,task     ] GC(19) Using 2 workers of 2 for marking
[2026-01-15T18:40:31.010+0530][0.098s][info][gc,marking  ] GC(19) Concurrent Mark From Roots 0.146ms
[2026-01-15T18:40:31.010+0530][0.098s][info][gc,marking  ] GC(19) Concurrent Preclean
[2026-01-15T18:40:31.010+0530][0.098s][info][gc,marking  ] GC(19) Concurrent Preclean 0.009ms
[2026-01-15T18:40:31.010+0530][0.098s][info][gc,start    ] GC(19) Pause Remark
[2026-01-15T18:40:31.010+0530][0.098s][info][gc          ] GC(19) Pause Remark 172M->172M(289M) 0.416ms
[2026-01-15T18:40:31.010+0530][0.098s][info][gc,cpu      ] GC(19) User=0.00s Sys=0.00s Real=0.00s
[2026-01-15T18:40:31.010+0530][0.098s][info][gc,marking  ] GC(19) Concurrent Mark 0.743ms
[2026-01-15T18:40:31.010+0530][0.098s][info][gc,marking  ] GC(19) Concurrent Rebuild Remembered Sets and Scrub Regions
[2026-01-15T18:40:31.010+0530][0.098s][info][gc,marking  ] GC(19) Concurrent Rebuild Remembered Sets and Scrub Regions 0.035ms
[2026-01-15T18:40:31.010+0530][0.099s][info][gc,start    ] GC(19) Pause Cleanup
[2026-01-15T18:40:31.010+0530][0.099s][info][gc          ] GC(19) Pause Cleanup 174M->174M(289M) 0.023ms
[2026-01-15T18:40:31.010+0530][0.099s][info][gc,cpu      ] GC(19) User=0.00s Sys=0.00s Real=0.00s
[2026-01-15T18:40:31.010+0530][0.099s][info][gc,marking  ] GC(19) Concurrent Clear Claimed Marks
[2026-01-15T18:40:31.010+0530][0.099s][info][gc,marking  ] GC(19) Concurrent Clear Claimed Marks 0.011ms
[2026-01-15T18:40:31.010+0530][0.099s][info][gc,marking  ] GC(19) Concurrent Cleanup for Next Mark
[2026-01-15T18:40:31.011+0530][0.099s][info][gc,marking  ] GC(19) Concurrent Cleanup for Next Mark 0.548ms
[2026-01-15T18:40:31.011+0530][0.099s][info][gc          ] GC(19) Concurrent Mark Cycle 2.219ms
[2026-01-15T18:40:31.011+0530][0.099s][info][gc,start    ] GC(20) Pause Young (Concurrent Start) (G1 Humongous Allocation)
[2026-01-15T18:40:31.011+0530][0.099s][info][gc,task     ] GC(20) Using 6 workers of 8 for evacuation
[2026-01-15T18:40:31.012+0530][0.100s][info][gc,phases   ] GC(20)   Pre Evacuate Collection Set: 0.1ms
[2026-01-15T18:40:31.012+0530][0.100s][info][gc,phases   ] GC(20)   Merge Heap Roots: 0.1ms
[2026-01-15T18:40:31.012+0530][0.100s][info][gc,phases   ] GC(20)   Evacuate Collection Set: 0.6ms
[2026-01-15T18:40:31.012+0530][0.100s][info][gc,phases   ] GC(20)   Post Evacuate Collection Set: 0.2ms
[2026-01-15T18:40:31.012+0530][0.100s][info][gc,phases   ] GC(20)   Other: 0.1ms
[2026-01-15T18:40:31.012+0530][0.101s][info][gc,heap     ] GC(20) Eden regions: 0->0(75)
[2026-01-15T18:40:31.012+0530][0.101s][info][gc,heap     ] GC(20) Survivor regions: 1->1(8)
[2026-01-15T18:40:31.012+0530][0.101s][info][gc,heap     ] GC(20) Old regions: 0->0
[2026-01-15T18:40:31.012+0530][0.101s][info][gc,heap     ] GC(20) Humongous regions: 182->182
[2026-01-15T18:40:31.012+0530][0.101s][info][gc,metaspace] GC(20) Metaspace: 279K(512K)->279K(512K) NonClass: 272K(384K)->272K(384K) Class: 7K(128K)->7K(128K)
[2026-01-15T18:40:31.012+0530][0.101s][info][gc          ] GC(20) Pause Young (Concurrent Start) (G1 Humongous Allocation) 182M->182M(289M) 1.153ms
[2026-01-15T18:40:31.012+0530][0.101s][info][gc,cpu      ] GC(20) User=0.00s Sys=0.00s Real=0.00s
[2026-01-15T18:40:31.012+0530][0.101s][info][gc          ] GC(21) Concurrent Mark Cycle
[2026-01-15T18:40:31.012+0530][0.101s][info][gc,marking  ] GC(21) Concurrent Scan Root Regions
[2026-01-15T18:40:31.013+0530][0.101s][info][gc,marking  ] GC(21) Concurrent Scan Root Regions 0.624ms
[2026-01-15T18:40:31.013+0530][0.101s][info][gc,marking  ] GC(21) Concurrent Mark
[2026-01-15T18:40:31.013+0530][0.101s][info][gc,marking  ] GC(21) Concurrent Mark From Roots
[2026-01-15T18:40:31.013+0530][0.101s][info][gc,task     ] GC(21) Using 2 workers of 2 for marking
[2026-01-15T18:40:31.013+0530][0.101s][info][gc,marking  ] GC(21) Concurrent Mark From Roots 0.126ms
[2026-01-15T18:40:31.013+0530][0.101s][info][gc,marking  ] GC(21) Concurrent Preclean
[2026-01-15T18:40:31.013+0530][0.101s][info][gc,marking  ] GC(21) Concurrent Preclean 0.008ms
[2026-01-15T18:40:31.013+0530][0.102s][info][gc,start    ] GC(21) Pause Remark
[2026-01-15T18:40:31.013+0530][0.102s][info][gc          ] GC(21) Pause Remark 194M->194M(325M) 0.486ms
[2026-01-15T18:40:31.013+0530][0.102s][info][gc,cpu      ] GC(21) User=0.00s Sys=0.00s Real=0.00s
[2026-01-15T18:40:31.013+0530][0.102s][info][gc,marking  ] GC(21) Concurrent Mark 0.809ms
[2026-01-15T18:40:31.013+0530][0.102s][info][gc,marking  ] GC(21) Concurrent Rebuild Remembered Sets and Scrub Regions
[2026-01-15T18:40:31.013+0530][0.102s][info][gc,marking  ] GC(21) Concurrent Rebuild Remembered Sets and Scrub Regions 0.030ms
[2026-01-15T18:40:31.014+0530][0.102s][info][gc,start    ] GC(21) Pause Cleanup
[2026-01-15T18:40:31.014+0530][0.102s][info][gc          ] GC(21) Pause Cleanup 196M->196M(325M) 0.027ms
[2026-01-15T18:40:31.014+0530][0.102s][info][gc,cpu      ] GC(21) User=0.00s Sys=0.00s Real=0.00s
[2026-01-15T18:40:31.014+0530][0.102s][info][gc,marking  ] GC(21) Concurrent Clear Claimed Marks
[2026-01-15T18:40:31.014+0530][0.102s][info][gc,marking  ] GC(21) Concurrent Clear Claimed Marks 0.010ms
[2026-01-15T18:40:31.014+0530][0.102s][info][gc,marking  ] GC(21) Concurrent Cleanup for Next Mark
[2026-01-15T18:40:31.014+0530][0.103s][info][gc,marking  ] GC(21) Concurrent Cleanup for Next Mark 0.722ms
[2026-01-15T18:40:31.014+0530][0.103s][info][gc          ] GC(21) Concurrent Mark Cycle 2.492ms
[2026-01-15T18:40:31.024+0530][0.112s][info][gc,start    ] GC(22) Pause Young (Concurrent Start) (G1 Humongous Allocation)
[2026-01-15T18:40:31.024+0530][0.113s][info][gc,task     ] GC(22) Using 7 workers of 8 for evacuation
[2026-01-15T18:40:31.025+0530][0.114s][info][gc,phases   ] GC(22)   Pre Evacuate Collection Set: 0.1ms
[2026-01-15T18:40:31.025+0530][0.114s][info][gc,phases   ] GC(22)   Merge Heap Roots: 0.0ms
[2026-01-15T18:40:31.025+0530][0.114s][info][gc,phases   ] GC(22)   Evacuate Collection Set: 0.6ms
[2026-01-15T18:40:31.025+0530][0.114s][info][gc,phases   ] GC(22)   Post Evacuate Collection Set: 0.7ms
[2026-01-15T18:40:31.025+0530][0.114s][info][gc,phases   ] GC(22)   Other: 0.2ms
[2026-01-15T18:40:31.025+0530][0.114s][info][gc,heap     ] GC(22) Eden regions: 1->0(239)
[2026-01-15T18:40:31.025+0530][0.114s][info][gc,heap     ] GC(22) Survivor regions: 1->1(10)
[2026-01-15T18:40:31.025+0530][0.114s][info][gc,heap     ] GC(22) Old regions: 0->0
[2026-01-15T18:40:31.025+0530][0.114s][info][gc,heap     ] GC(22) Humongous regions: 200->0
[2026-01-15T18:40:31.025+0530][0.114s][info][gc,metaspace] GC(22) Metaspace: 337K(512K)->337K(512K) NonClass: 327K(384K)->327K(384K) Class: 10K(128K)->10K(128K)
[2026-01-15T18:40:31.026+0530][0.114s][info][gc          ] GC(22) Pause Young (Concurrent Start) (G1 Humongous Allocation) 201M->0M(400M) 1.870ms
[2026-01-15T18:40:31.026+0530][0.114s][info][gc,cpu      ] GC(22) User=0.00s Sys=0.00s Real=0.00s
[2026-01-15T18:40:31.026+0530][0.114s][info][gc          ] GC(23) Concurrent Undo Cycle
[2026-01-15T18:40:31.026+0530][0.114s][info][gc,marking  ] GC(23) Concurrent Clear Claimed Marks
[2026-01-15T18:40:31.026+0530][0.114s][info][gc,marking  ] GC(23) Concurrent Clear Claimed Marks 0.012ms
[2026-01-15T18:40:31.026+0530][0.114s][info][gc,marking  ] GC(23) Concurrent Cleanup for Next Mark
[2026-01-15T18:40:31.026+0530][0.115s][info][gc,marking  ] GC(23) Concurrent Cleanup for Next Mark 0.108ms
[2026-01-15T18:40:31.026+0530][0.115s][info][gc          ] GC(23) Concurrent Undo Cycle 0.226ms
[2026-01-15T18:40:31.585+0530][0.673s][info][gc,start    ] GC(24) Pause Young (Concurrent Start) (G1 Humongous Allocation)
[2026-01-15T18:40:31.585+0530][0.674s][info][gc,task     ] GC(24) Using 8 workers of 8 for evacuation
[2026-01-15T18:40:31.587+0530][0.676s][info][gc,phases   ] GC(24)   Pre Evacuate Collection Set: 0.2ms
[2026-01-15T18:40:31.587+0530][0.676s][info][gc,phases   ] GC(24)   Merge Heap Roots: 0.0ms
[2026-01-15T18:40:31.587+0530][0.676s][info][gc,phases   ] GC(24)   Evacuate Collection Set: 1.3ms
[2026-01-15T18:40:31.587+0530][0.676s][info][gc,phases   ] GC(24)   Post Evacuate Collection Set: 0.7ms
[2026-01-15T18:40:31.587+0530][0.676s][info][gc,phases   ] GC(24)   Other: 0.2ms
[2026-01-15T18:40:31.587+0530][0.676s][info][gc,heap     ] GC(24) Eden regions: 4->0(131)
[2026-01-15T18:40:31.587+0530][0.676s][info][gc,heap     ] GC(24) Survivor regions: 1->2(30)
[2026-01-15T18:40:31.587+0530][0.676s][info][gc,heap     ] GC(24) Old regions: 0->0
[2026-01-15T18:40:31.587+0530][0.676s][info][gc,heap     ] GC(24) Humongous regions: 180->60
[2026-01-15T18:40:31.587+0530][0.676s][info][gc,metaspace] GC(24) Metaspace: 809K(960K)->809K(960K) NonClass: 755K(832K)->755K(832K) Class: 53K(128K)->53K(128K)
[2026-01-15T18:40:31.587+0530][0.676s][info][gc          ] GC(24) Pause Young (Concurrent Start) (G1 Humongous Allocation) 184M->61M(400M) 2.651ms
[2026-01-15T18:40:31.587+0530][0.676s][info][gc,cpu      ] GC(24) User=0.00s Sys=0.02s Real=0.00s
[2026-01-15T18:40:31.587+0530][0.676s][info][gc          ] GC(25) Concurrent Undo Cycle
[2026-01-15T18:40:31.588+0530][0.676s][info][gc,marking  ] GC(25) Concurrent Clear Claimed Marks
[2026-01-15T18:40:31.588+0530][0.676s][info][gc,marking  ] GC(25) Concurrent Clear Claimed Marks 0.013ms
[2026-01-15T18:40:31.588+0530][0.676s][info][gc,marking  ] GC(25) Concurrent Cleanup for Next Mark
[2026-01-15T18:40:31.588+0530][0.676s][info][gc,marking  ] GC(25) Concurrent Cleanup for Next Mark 0.142ms
[2026-01-15T18:40:31.588+0530][0.676s][info][gc          ] GC(25) Concurrent Undo Cycle 0.254ms
[2026-01-15T18:40:31.959+0530][1.048s][info][gc,start    ] GC(26) Pause Young (Concurrent Start) (G1 Humongous Allocation)
[2026-01-15T18:40:31.959+0530][1.048s][info][gc,task     ] GC(26) Using 8 workers of 8 for evacuation
[2026-01-15T18:40:31.963+0530][1.052s][info][gc,phases   ] GC(26)   Pre Evacuate Collection Set: 0.3ms
[2026-01-15T18:40:31.963+0530][1.052s][info][gc,phases   ] GC(26)   Merge Heap Roots: 0.2ms
[2026-01-15T18:40:31.963+0530][1.052s][info][gc,phases   ] GC(26)   Evacuate Collection Set: 2.2ms
[2026-01-15T18:40:31.963+0530][1.052s][info][gc,phases   ] GC(26)   Post Evacuate Collection Set: 0.7ms
[2026-01-15T18:40:31.963+0530][1.052s][info][gc,phases   ] GC(26)   Other: 0.2ms
[2026-01-15T18:40:31.963+0530][1.052s][info][gc,heap     ] GC(26) Eden regions: 0->0(131)
[2026-01-15T18:40:31.963+0530][1.052s][info][gc,heap     ] GC(26) Survivor regions: 2->2(17)
[2026-01-15T18:40:31.963+0530][1.052s][info][gc,heap     ] GC(26) Old regions: 0->0
[2026-01-15T18:40:31.963+0530][1.052s][info][gc,heap     ] GC(26) Humongous regions: 180->60
[2026-01-15T18:40:31.963+0530][1.052s][info][gc,metaspace] GC(26) Metaspace: 809K(960K)->809K(960K) NonClass: 755K(832K)->755K(832K) Class: 53K(128K)->53K(128K)
[2026-01-15T18:40:31.963+0530][1.052s][info][gc          ] GC(26) Pause Young (Concurrent Start) (G1 Humongous Allocation) 181M->61M(400M) 3.898ms
[2026-01-15T18:40:31.963+0530][1.052s][info][gc,cpu      ] GC(26) User=0.02s Sys=0.00s Real=0.00s
[2026-01-15T18:40:31.963+0530][1.052s][info][gc          ] GC(27) Concurrent Undo Cycle
[2026-01-15T18:40:31.963+0530][1.052s][info][gc,marking  ] GC(27) Concurrent Clear Claimed Marks
[2026-01-15T18:40:31.963+0530][1.052s][info][gc,marking  ] GC(27) Concurrent Clear Claimed Marks 0.018ms
[2026-01-15T18:40:31.963+0530][1.052s][info][gc,marking  ] GC(27) Concurrent Cleanup for Next Mark
[2026-01-15T18:40:31.963+0530][1.052s][info][gc,marking  ] GC(27) Concurrent Cleanup for Next Mark 0.140ms
[2026-01-15T18:40:31.963+0530][1.052s][info][gc          ] GC(27) Concurrent Undo Cycle 0.276ms
[2026-01-15T18:40:32.102+0530][1.191s][info][gc,heap,exit] Heap
[2026-01-15T18:40:32.102+0530][1.191s][info][gc,heap,exit]  garbage-first heap   total 409600K, used 126218K [0x00000000e0000000, 0x0000000100000000)
[2026-01-15T18:40:32.102+0530][1.191s][info][gc,heap,exit]   region size 1024K, 4 young (4096K), 2 survivors (2048K)
[2026-01-15T18:40:32.102+0530][1.191s][info][gc,heap,exit]  Metaspace       used 894K, committed 1024K, reserved 1114112K
[2026-01-15T18:40:32.102+0530][1.191s][info][gc,heap,exit]   class space    used 65K, committed 128K, reserved 1048576K
