[2026-01-15T00:35:27.616+0530][0.010s][info][gc,init] CardTable entry size: 512
[2026-01-15T00:35:27.617+0530][0.010s][info][gc     ] Using G1
[2026-01-15T00:35:27.619+0530][0.012s][info][gc,init] Version: 21.0.9+7-LTS-jvmci-23.1-b79 (release)
[2026-01-15T00:35:27.619+0530][0.012s][info][gc,init] CPUs: 8 total, 8 available
[2026-01-15T00:35:27.619+0530][0.012s][info][gc,init] Memory: 16167M
[2026-01-15T00:35:27.619+0530][0.012s][info][gc,init] Large Page Support: Disabled
[2026-01-15T00:35:27.619+0530][0.012s][info][gc,init] NUMA Support: Disabled
[2026-01-15T00:35:27.619+0530][0.012s][info][gc,init] Compressed Oops: Enabled (32-bit)
[2026-01-15T00:35:27.619+0530][0.012s][info][gc,init] Heap Region Size: 1M
[2026-01-15T00:35:27.619+0530][0.012s][info][gc,init] Heap Min Capacity: 512M
[2026-01-15T00:35:27.619+0530][0.013s][info][gc,init] Heap Initial Capacity: 512M
[2026-01-15T00:35:27.619+0530][0.013s][info][gc,init] Heap Max Capacity: 512M
[2026-01-15T00:35:27.619+0530][0.013s][info][gc,init] Pre-touch: Disabled
[2026-01-15T00:35:27.619+0530][0.013s][info][gc,init] Parallel Workers: 8
[2026-01-15T00:35:27.619+0530][0.013s][info][gc,init] Concurrent Workers: 2
[2026-01-15T00:35:27.619+0530][0.013s][info][gc,init] Concurrent Refinement Workers: 8
[2026-01-15T00:35:27.619+0530][0.013s][info][gc,init] Periodic GC: Disabled
[2026-01-15T00:35:27.629+0530][0.022s][info][gc,metaspace] CDS archive(s) mapped at: [0x000001b2bb000000-0x000001b2bbc90000-0x000001b2bbc90000), size 13172736, SharedBaseAddress: 0x000001b2bb000000, ArchiveRelocationMode: 1.
[2026-01-15T00:35:27.629+0530][0.022s][info][gc,metaspace] Compressed class space mapped at: 0x000001b2bc000000-0x000001b2fc000000, reserved size: 1073741824
[2026-01-15T00:35:27.629+0530][0.022s][info][gc,metaspace] Narrow klass base: 0x000001b2bb000000, Narrow klass shift: 0, Narrow klass range: 0x100000000
[2026-01-15T00:35:28.397+0530][0.791s][info][gc,start    ] GC(0) Pause Young (Concurrent Start) (G1 Humongous Allocation)
[2026-01-15T00:35:28.398+0530][0.792s][info][gc,task     ] GC(0) Using 8 workers of 8 for evacuation
[2026-01-15T00:35:28.412+0530][0.805s][info][gc,phases   ] GC(0)   Pre Evacuate Collection Set: 12.1ms
[2026-01-15T00:35:28.412+0530][0.805s][info][gc,phases   ] GC(0)   Merge Heap Roots: 0.3ms
[2026-01-15T00:35:28.412+0530][0.805s][info][gc,phases   ] GC(0)   Evacuate Collection Set: 3.1ms
[2026-01-15T00:35:28.412+0530][0.805s][info][gc,phases   ] GC(0)   Post Evacuate Collection Set: 0.9ms
[2026-01-15T00:35:28.412+0530][0.805s][info][gc,phases   ] GC(0)   Other: -2.8ms
[2026-01-15T00:35:28.412+0530][0.805s][info][gc,heap     ] GC(0) Eden regions: 5->0(24)
[2026-01-15T00:35:28.412+0530][0.805s][info][gc,heap     ] GC(0) Survivor regions: 0->1(4)
[2026-01-15T00:35:28.412+0530][0.805s][info][gc,heap     ] GC(0) Old regions: 0->0
[2026-01-15T00:35:28.412+0530][0.805s][info][gc,heap     ] GC(0) Humongous regions: 230->110
[2026-01-15T00:35:28.412+0530][0.805s][info][gc,metaspace] GC(0) Metaspace: 287K(512K)->287K(512K) NonClass: 278K(384K)->278K(384K) Class: 9K(128K)->9K(128K)
[2026-01-15T00:35:28.412+0530][0.805s][info][gc          ] GC(0) Pause Young (Concurrent Start) (G1 Humongous Allocation) 234M->110M(512M) 14.398ms
[2026-01-15T00:35:28.412+0530][0.805s][info][gc,cpu      ] GC(0) User=0.00s Sys=0.00s Real=0.01s
[2026-01-15T00:35:28.412+0530][0.805s][info][gc          ] GC(1) Concurrent Undo Cycle
[2026-01-15T00:35:28.412+0530][0.805s][info][gc,marking  ] GC(1) Concurrent Clear Claimed Marks
[2026-01-15T00:35:28.412+0530][0.805s][info][gc,marking  ] GC(1) Concurrent Clear Claimed Marks 0.034ms
[2026-01-15T00:35:28.412+0530][0.805s][info][gc,marking  ] GC(1) Concurrent Cleanup for Next Mark
[2026-01-15T00:35:28.412+0530][0.805s][info][gc,marking  ] GC(1) Concurrent Cleanup for Next Mark 0.134ms
[2026-01-15T00:35:28.413+0530][0.806s][info][gc          ] GC(1) Concurrent Undo Cycle 0.496ms
[2026-01-15T00:35:28.786+0530][1.178s][info][gc,start    ] GC(2) Pause Young (Concurrent Start) (G1 Humongous Allocation)
[2026-01-15T00:35:28.786+0530][1.178s][info][gc,task     ] GC(2) Using 8 workers of 8 for evacuation
[2026-01-15T00:35:28.788+0530][1.181s][info][gc,phases   ] GC(2)   Pre Evacuate Collection Set: 0.3ms
[2026-01-15T00:35:28.788+0530][1.181s][info][gc,phases   ] GC(2)   Merge Heap Roots: 0.1ms
[2026-01-15T00:35:28.788+0530][1.181s][info][gc,phases   ] GC(2)   Evacuate Collection Set: 1.0ms
[2026-01-15T00:35:28.789+0530][1.181s][info][gc,phases   ] GC(2)   Post Evacuate Collection Set: 0.8ms
[2026-01-15T00:35:28.789+0530][1.181s][info][gc,phases   ] GC(2)   Other: 0.3ms
[2026-01-15T00:35:28.789+0530][1.181s][info][gc,heap     ] GC(2) Eden regions: 0->0(28)
[2026-01-15T00:35:28.789+0530][1.181s][info][gc,heap     ] GC(2) Survivor regions: 1->1(4)
[2026-01-15T00:35:28.789+0530][1.181s][info][gc,heap     ] GC(2) Old regions: 0->0
[2026-01-15T00:35:28.789+0530][1.181s][info][gc,heap     ] GC(2) Humongous regions: 230->110
[2026-01-15T00:35:28.789+0530][1.181s][info][gc,metaspace] GC(2) Metaspace: 287K(512K)->287K(512K) NonClass: 278K(384K)->278K(384K) Class: 9K(128K)->9K(128K)
[2026-01-15T00:35:28.789+0530][1.181s][info][gc          ] GC(2) Pause Young (Concurrent Start) (G1 Humongous Allocation) 230M->110M(512M) 2.966ms
[2026-01-15T00:35:28.789+0530][1.181s][info][gc,cpu      ] GC(2) User=0.00s Sys=0.00s Real=0.00s
[2026-01-15T00:35:28.789+0530][1.181s][info][gc          ] GC(3) Concurrent Undo Cycle
[2026-01-15T00:35:28.789+0530][1.181s][info][gc,marking  ] GC(3) Concurrent Clear Claimed Marks
[2026-01-15T00:35:28.789+0530][1.181s][info][gc,marking  ] GC(3) Concurrent Clear Claimed Marks 0.022ms
[2026-01-15T00:35:28.789+0530][1.181s][info][gc,marking  ] GC(3) Concurrent Cleanup for Next Mark
[2026-01-15T00:35:28.789+0530][1.181s][info][gc,marking  ] GC(3) Concurrent Cleanup for Next Mark 0.085ms
[2026-01-15T00:35:28.789+0530][1.181s][info][gc          ] GC(3) Concurrent Undo Cycle 0.240ms
[2026-01-15T00:35:29.160+0530][1.554s][info][gc,start    ] GC(4) Pause Young (Concurrent Start) (G1 Humongous Allocation)
[2026-01-15T00:35:29.160+0530][1.554s][info][gc,task     ] GC(4) Using 8 workers of 8 for evacuation
[2026-01-15T00:35:29.165+0530][1.558s][info][gc,phases   ] GC(4)   Pre Evacuate Collection Set: 0.3ms
[2026-01-15T00:35:29.165+0530][1.558s][info][gc,phases   ] GC(4)   Merge Heap Roots: 0.1ms
[2026-01-15T00:35:29.165+0530][1.558s][info][gc,phases   ] GC(4)   Evacuate Collection Set: 2.2ms
[2026-01-15T00:35:29.165+0530][1.558s][info][gc,phases   ] GC(4)   Post Evacuate Collection Set: 0.9ms
[2026-01-15T00:35:29.165+0530][1.558s][info][gc,phases   ] GC(4)   Other: 0.2ms
[2026-01-15T00:35:29.165+0530][1.558s][info][gc,heap     ] GC(4) Eden regions: 0->0(37)
[2026-01-15T00:35:29.165+0530][1.558s][info][gc,heap     ] GC(4) Survivor regions: 1->1(4)
[2026-01-15T00:35:29.165+0530][1.558s][info][gc,heap     ] GC(4) Old regions: 0->0
[2026-01-15T00:35:29.165+0530][1.558s][info][gc,heap     ] GC(4) Humongous regions: 230->110
[2026-01-15T00:35:29.165+0530][1.558s][info][gc,metaspace] GC(4) Metaspace: 289K(512K)->289K(512K) NonClass: 280K(384K)->280K(384K) Class: 9K(128K)->9K(128K)
[2026-01-15T00:35:29.165+0530][1.558s][info][gc          ] GC(4) Pause Young (Concurrent Start) (G1 Humongous Allocation) 230M->110M(512M) 4.292ms
[2026-01-15T00:35:29.165+0530][1.558s][info][gc,cpu      ] GC(4) User=0.00s Sys=0.00s Real=0.00s
[2026-01-15T00:35:29.166+0530][1.558s][info][gc          ] GC(5) Concurrent Undo Cycle
[2026-01-15T00:35:29.166+0530][1.558s][info][gc,marking  ] GC(5) Concurrent Clear Claimed Marks
[2026-01-15T00:35:29.166+0530][1.558s][info][gc,marking  ] GC(5) Concurrent Clear Claimed Marks 0.032ms
[2026-01-15T00:35:29.166+0530][1.559s][info][gc,marking  ] GC(5) Concurrent Cleanup for Next Mark
[2026-01-15T00:35:29.166+0530][1.559s][info][gc,marking  ] GC(5) Concurrent Cleanup for Next Mark 0.217ms
[2026-01-15T00:35:29.166+0530][1.559s][info][gc          ] GC(5) Concurrent Undo Cycle 0.485ms
[2026-01-15T00:35:29.536+0530][1.929s][info][gc,start    ] GC(6) Pause Young (Concurrent Start) (G1 Humongous Allocation)
[2026-01-15T00:35:29.536+0530][1.929s][info][gc,task     ] GC(6) Using 8 workers of 8 for evacuation
[2026-01-15T00:35:29.537+0530][1.930s][info][gc,phases   ] GC(6)   Pre Evacuate Collection Set: 0.2ms
[2026-01-15T00:35:29.537+0530][1.930s][info][gc,phases   ] GC(6)   Merge Heap Roots: 0.1ms
[2026-01-15T00:35:29.537+0530][1.930s][info][gc,phases   ] GC(6)   Evacuate Collection Set: 0.5ms
[2026-01-15T00:35:29.538+0530][1.930s][info][gc,phases   ] GC(6)   Post Evacuate Collection Set: 0.2ms
[2026-01-15T00:35:29.538+0530][1.930s][info][gc,phases   ] GC(6)   Other: 0.1ms
[2026-01-15T00:35:29.538+0530][1.930s][info][gc,heap     ] GC(6) Eden regions: 0->0(47)
[2026-01-15T00:35:29.538+0530][1.930s][info][gc,heap     ] GC(6) Survivor regions: 1->1(5)
[2026-01-15T00:35:29.538+0530][1.930s][info][gc,heap     ] GC(6) Old regions: 0->0
[2026-01-15T00:35:29.538+0530][1.930s][info][gc,heap     ] GC(6) Humongous regions: 230->110
[2026-01-15T00:35:29.538+0530][1.930s][info][gc,metaspace] GC(6) Metaspace: 289K(512K)->289K(512K) NonClass: 280K(384K)->280K(384K) Class: 9K(128K)->9K(128K)
[2026-01-15T00:35:29.538+0530][1.930s][info][gc          ] GC(6) Pause Young (Concurrent Start) (G1 Humongous Allocation) 230M->110M(512M) 1.427ms
[2026-01-15T00:35:29.538+0530][1.930s][info][gc,cpu      ] GC(6) User=0.00s Sys=0.00s Real=0.00s
[2026-01-15T00:35:29.538+0530][1.930s][info][gc          ] GC(7) Concurrent Undo Cycle
[2026-01-15T00:35:29.538+0530][1.930s][info][gc,marking  ] GC(7) Concurrent Clear Claimed Marks
[2026-01-15T00:35:29.538+0530][1.930s][info][gc,marking  ] GC(7) Concurrent Clear Claimed Marks 0.012ms
[2026-01-15T00:35:29.538+0530][1.931s][info][gc,marking  ] GC(7) Concurrent Cleanup for Next Mark
[2026-01-15T00:35:29.538+0530][1.931s][info][gc,marking  ] GC(7) Concurrent Cleanup for Next Mark 0.143ms
[2026-01-15T00:35:29.538+0530][1.931s][info][gc          ] GC(7) Concurrent Undo Cycle 0.238ms
[2026-01-15T00:35:29.908+0530][2.301s][info][gc,start    ] GC(8) Pause Young (Concurrent Start) (G1 Humongous Allocation)
[2026-01-15T00:35:29.908+0530][2.301s][info][gc,task     ] GC(8) Using 8 workers of 8 for evacuation
[2026-01-15T00:35:29.910+0530][2.303s][info][gc,phases   ] GC(8)   Pre Evacuate Collection Set: 0.3ms
[2026-01-15T00:35:29.910+0530][2.303s][info][gc,phases   ] GC(8)   Merge Heap Roots: 0.1ms
[2026-01-15T00:35:29.910+0530][2.303s][info][gc,phases   ] GC(8)   Evacuate Collection Set: 0.9ms
[2026-01-15T00:35:29.910+0530][2.303s][info][gc,phases   ] GC(8)   Post Evacuate Collection Set: 0.4ms
[2026-01-15T00:35:29.910+0530][2.303s][info][gc,phases   ] GC(8)   Other: 0.1ms
[2026-01-15T00:35:29.910+0530][2.303s][info][gc,heap     ] GC(8) Eden regions: 0->0(58)
[2026-01-15T00:35:29.910+0530][2.303s][info][gc,heap     ] GC(8) Survivor regions: 1->1(6)
[2026-01-15T00:35:29.910+0530][2.303s][info][gc,heap     ] GC(8) Old regions: 0->0
[2026-01-15T00:35:29.910+0530][2.303s][info][gc,heap     ] GC(8) Humongous regions: 230->110
[2026-01-15T00:35:29.910+0530][2.303s][info][gc,metaspace] GC(8) Metaspace: 289K(512K)->289K(512K) NonClass: 280K(384K)->280K(384K) Class: 9K(128K)->9K(128K)
[2026-01-15T00:35:29.911+0530][2.303s][info][gc          ] GC(8) Pause Young (Concurrent Start) (G1 Humongous Allocation) 230M->110M(512M) 2.439ms
[2026-01-15T00:35:29.911+0530][2.304s][info][gc          ] GC(9) Concurrent Undo Cycle
[2026-01-15T00:35:29.911+0530][2.304s][info][gc,cpu      ] GC(8) User=0.00s Sys=0.00s Real=0.00s
[2026-01-15T00:35:29.911+0530][2.304s][info][gc,marking  ] GC(9) Concurrent Clear Claimed Marks
[2026-01-15T00:35:29.911+0530][2.304s][info][gc,marking  ] GC(9) Concurrent Clear Claimed Marks 0.042ms
[2026-01-15T00:35:29.911+0530][2.304s][info][gc,marking  ] GC(9) Concurrent Cleanup for Next Mark
[2026-01-15T00:35:29.911+0530][2.304s][info][gc,marking  ] GC(9) Concurrent Cleanup for Next Mark 0.179ms
[2026-01-15T00:35:29.911+0530][2.304s][info][gc          ] GC(9) Concurrent Undo Cycle 0.514ms
[2026-01-15T00:35:30.283+0530][2.676s][info][gc,start    ] GC(10) Pause Young (Concurrent Start) (G1 Humongous Allocation)
[2026-01-15T00:35:30.283+0530][2.676s][info][gc,task     ] GC(10) Using 8 workers of 8 for evacuation
[2026-01-15T00:35:30.286+0530][2.679s][info][gc,phases   ] GC(10)   Pre Evacuate Collection Set: 0.4ms
[2026-01-15T00:35:30.286+0530][2.680s][info][gc,phases   ] GC(10)   Merge Heap Roots: 0.2ms
[2026-01-15T00:35:30.286+0530][2.680s][info][gc,phases   ] GC(10)   Evacuate Collection Set: 1.5ms
[2026-01-15T00:35:30.286+0530][2.680s][info][gc,phases   ] GC(10)   Post Evacuate Collection Set: 0.7ms
[2026-01-15T00:35:30.286+0530][2.680s][info][gc,phases   ] GC(10)   Other: 0.2ms
[2026-01-15T00:35:30.286+0530][2.680s][info][gc,heap     ] GC(10) Eden regions: 0->0(67)
[2026-01-15T00:35:30.286+0530][2.680s][info][gc,heap     ] GC(10) Survivor regions: 1->1(8)
[2026-01-15T00:35:30.286+0530][2.680s][info][gc,heap     ] GC(10) Old regions: 0->0
[2026-01-15T00:35:30.286+0530][2.680s][info][gc,heap     ] GC(10) Humongous regions: 230->110
[2026-01-15T00:35:30.286+0530][2.680s][info][gc,metaspace] GC(10) Metaspace: 289K(512K)->289K(512K) NonClass: 280K(384K)->280K(384K) Class: 9K(128K)->9K(128K)
[2026-01-15T00:35:30.286+0530][2.680s][info][gc          ] GC(10) Pause Young (Concurrent Start) (G1 Humongous Allocation) 230M->110M(512M) 3.601ms
[2026-01-15T00:35:30.286+0530][2.680s][info][gc,cpu      ] GC(10) User=0.00s Sys=0.00s Real=0.00s
[2026-01-15T00:35:30.286+0530][2.680s][info][gc          ] GC(11) Concurrent Undo Cycle
[2026-01-15T00:35:30.286+0530][2.680s][info][gc,marking  ] GC(11) Concurrent Clear Claimed Marks
[2026-01-15T00:35:30.288+0530][2.680s][info][gc,marking  ] GC(11) Concurrent Clear Claimed Marks 0.052ms
[2026-01-15T00:35:30.288+0530][2.680s][info][gc,marking  ] GC(11) Concurrent Cleanup for Next Mark
[2026-01-15T00:35:30.288+0530][2.680s][info][gc,marking  ] GC(11) Concurrent Cleanup for Next Mark 0.221ms
[2026-01-15T00:35:30.288+0530][2.680s][info][gc          ] GC(11) Concurrent Undo Cycle 0.532ms
[2026-01-15T00:35:30.658+0530][3.051s][info][gc,start    ] GC(12) Pause Young (Concurrent Start) (G1 Humongous Allocation)
[2026-01-15T00:35:30.658+0530][3.051s][info][gc,task     ] GC(12) Using 8 workers of 8 for evacuation
[2026-01-15T00:35:30.661+0530][3.053s][info][gc,phases   ] GC(12)   Pre Evacuate Collection Set: 0.4ms
[2026-01-15T00:35:30.661+0530][3.053s][info][gc,phases   ] GC(12)   Merge Heap Roots: 0.1ms
[2026-01-15T00:35:30.661+0530][3.053s][info][gc,phases   ] GC(12)   Evacuate Collection Set: 0.6ms
[2026-01-15T00:35:30.661+0530][3.053s][info][gc,phases   ] GC(12)   Post Evacuate Collection Set: 0.5ms
[2026-01-15T00:35:30.661+0530][3.053s][info][gc,phases   ] GC(12)   Other: 0.2ms
[2026-01-15T00:35:30.661+0530][3.053s][info][gc,heap     ] GC(12) Eden regions: 0->0(83)
[2026-01-15T00:35:30.661+0530][3.053s][info][gc,heap     ] GC(12) Survivor regions: 1->1(9)
[2026-01-15T00:35:30.661+0530][3.053s][info][gc,heap     ] GC(12) Old regions: 0->0
[2026-01-15T00:35:30.661+0530][3.053s][info][gc,heap     ] GC(12) Humongous regions: 230->110
[2026-01-15T00:35:30.661+0530][3.053s][info][gc,metaspace] GC(12) Metaspace: 289K(512K)->289K(512K) NonClass: 280K(384K)->280K(384K) Class: 9K(128K)->9K(128K)
[2026-01-15T00:35:30.661+0530][3.053s][info][gc          ] GC(12) Pause Young (Concurrent Start) (G1 Humongous Allocation) 230M->110M(512M) 2.106ms
[2026-01-15T00:35:30.661+0530][3.053s][info][gc,cpu      ] GC(12) User=0.00s Sys=0.00s Real=0.00s
[2026-01-15T00:35:30.661+0530][3.053s][info][gc          ] GC(13) Concurrent Undo Cycle
[2026-01-15T00:35:30.661+0530][3.054s][info][gc,marking  ] GC(13) Concurrent Clear Claimed Marks
[2026-01-15T00:35:30.661+0530][3.054s][info][gc,marking  ] GC(13) Concurrent Clear Claimed Marks 0.027ms
[2026-01-15T00:35:30.661+0530][3.054s][info][gc,marking  ] GC(13) Concurrent Cleanup for Next Mark
[2026-01-15T00:35:30.661+0530][3.054s][info][gc,marking  ] GC(13) Concurrent Cleanup for Next Mark 0.071ms
[2026-01-15T00:35:30.661+0530][3.054s][info][gc          ] GC(13) Concurrent Undo Cycle 0.242ms
[2026-01-15T00:35:31.032+0530][3.425s][info][gc,start    ] GC(14) Pause Young (Concurrent Start) (G1 Humongous Allocation)
[2026-01-15T00:35:31.032+0530][3.426s][info][gc,task     ] GC(14) Using 8 workers of 8 for evacuation
[2026-01-15T00:35:31.035+0530][3.427s][info][gc,phases   ] GC(14)   Pre Evacuate Collection Set: 0.2ms
[2026-01-15T00:35:31.035+0530][3.427s][info][gc,phases   ] GC(14)   Merge Heap Roots: 0.1ms
[2026-01-15T00:35:31.035+0530][3.427s][info][gc,phases   ] GC(14)   Evacuate Collection Set: 0.8ms
[2026-01-15T00:35:31.035+0530][3.427s][info][gc,phases   ] GC(14)   Post Evacuate Collection Set: 0.6ms
[2026-01-15T00:35:31.035+0530][3.427s][info][gc,phases   ] GC(14)   Other: 0.1ms
[2026-01-15T00:35:31.035+0530][3.428s][info][gc,heap     ] GC(14) Eden regions: 0->0(99)
[2026-01-15T00:35:31.035+0530][3.428s][info][gc,heap     ] GC(14) Survivor regions: 1->1(11)
[2026-01-15T00:35:31.035+0530][3.428s][info][gc,heap     ] GC(14) Old regions: 0->0
[2026-01-15T00:35:31.035+0530][3.428s][info][gc,heap     ] GC(14) Humongous regions: 230->110
[2026-01-15T00:35:31.035+0530][3.428s][info][gc,metaspace] GC(14) Metaspace: 289K(512K)->289K(512K) NonClass: 280K(384K)->280K(384K) Class: 9K(128K)->9K(128K)
[2026-01-15T00:35:31.035+0530][3.428s][info][gc          ] GC(14) Pause Young (Concurrent Start) (G1 Humongous Allocation) 230M->110M(512M) 2.169ms
[2026-01-15T00:35:31.035+0530][3.428s][info][gc,cpu      ] GC(14) User=0.00s Sys=0.00s Real=0.00s
[2026-01-15T00:35:31.035+0530][3.428s][info][gc          ] GC(15) Concurrent Undo Cycle
[2026-01-15T00:35:31.035+0530][3.428s][info][gc,marking  ] GC(15) Concurrent Clear Claimed Marks
[2026-01-15T00:35:31.035+0530][3.428s][info][gc,marking  ] GC(15) Concurrent Clear Claimed Marks 0.015ms
[2026-01-15T00:35:31.035+0530][3.428s][info][gc,marking  ] GC(15) Concurrent Cleanup for Next Mark
[2026-01-15T00:35:31.035+0530][3.428s][info][gc,marking  ] GC(15) Concurrent Cleanup for Next Mark 0.078ms
[2026-01-15T00:35:31.035+0530][3.428s][info][gc          ] GC(15) Concurrent Undo Cycle 0.195ms
[2026-01-15T00:35:31.407+0530][3.800s][info][gc,start    ] GC(16) Pause Young (Concurrent Start) (G1 Humongous Allocation)
[2026-01-15T00:35:31.407+0530][3.800s][info][gc,task     ] GC(16) Using 8 workers of 8 for evacuation
[2026-01-15T00:35:31.409+0530][3.802s][info][gc,phases   ] GC(16)   Pre Evacuate Collection Set: 0.3ms
[2026-01-15T00:35:31.410+0530][3.803s][info][gc,phases   ] GC(16)   Merge Heap Roots: 0.2ms
[2026-01-15T00:35:31.410+0530][3.803s][info][gc,phases   ] GC(16)   Evacuate Collection Set: 1.3ms
[2026-01-15T00:35:31.410+0530][3.803s][info][gc,phases   ] GC(16)   Post Evacuate Collection Set: 0.6ms
[2026-01-15T00:35:31.410+0530][3.803s][info][gc,phases   ] GC(16)   Other: 0.3ms
[2026-01-15T00:35:31.410+0530][3.803s][info][gc,heap     ] GC(16) Eden regions: 0->0(111)
[2026-01-15T00:35:31.410+0530][3.803s][info][gc,heap     ] GC(16) Survivor regions: 1->1(13)
[2026-01-15T00:35:31.410+0530][3.803s][info][gc,heap     ] GC(16) Old regions: 0->0
[2026-01-15T00:35:31.410+0530][3.803s][info][gc,heap     ] GC(16) Humongous regions: 230->110
[2026-01-15T00:35:31.410+0530][3.803s][info][gc,metaspace] GC(16) Metaspace: 289K(512K)->289K(512K) NonClass: 280K(384K)->280K(384K) Class: 9K(128K)->9K(128K)
[2026-01-15T00:35:31.410+0530][3.803s][info][gc          ] GC(16) Pause Young (Concurrent Start) (G1 Humongous Allocation) 230M->110M(512M) 3.629ms
[2026-01-15T00:35:31.410+0530][3.803s][info][gc          ] GC(17) Concurrent Undo Cycle
[2026-01-15T00:35:31.410+0530][3.803s][info][gc,cpu      ] GC(16) User=0.00s Sys=0.00s Real=0.00s
[2026-01-15T00:35:31.410+0530][3.803s][info][gc,marking  ] GC(17) Concurrent Clear Claimed Marks
[2026-01-15T00:35:31.410+0530][3.804s][info][gc,marking  ] GC(17) Concurrent Clear Claimed Marks 0.039ms
[2026-01-15T00:35:31.410+0530][3.804s][info][gc,marking  ] GC(17) Concurrent Cleanup for Next Mark
[2026-01-15T00:35:31.411+0530][3.804s][info][gc,marking  ] GC(17) Concurrent Cleanup for Next Mark 0.237ms
[2026-01-15T00:35:31.411+0530][3.804s][info][gc          ] GC(17) Concurrent Undo Cycle 0.603ms
[2026-01-15T00:35:31.783+0530][4.177s][info][gc,start    ] GC(18) Pause Young (Concurrent Start) (G1 Humongous Allocation)
[2026-01-15T00:35:31.784+0530][4.177s][info][gc,task     ] GC(18) Using 8 workers of 8 for evacuation
[2026-01-15T00:35:31.786+0530][4.179s][info][gc,phases   ] GC(18)   Pre Evacuate Collection Set: 0.2ms
[2026-01-15T00:35:31.786+0530][4.179s][info][gc,phases   ] GC(18)   Merge Heap Roots: 0.0ms
[2026-01-15T00:35:31.786+0530][4.179s][info][gc,phases   ] GC(18)   Evacuate Collection Set: 1.4ms
[2026-01-15T00:35:31.786+0530][4.179s][info][gc,phases   ] GC(18)   Post Evacuate Collection Set: 0.7ms
[2026-01-15T00:35:31.786+0530][4.179s][info][gc,phases   ] GC(18)   Other: 0.1ms
[2026-01-15T00:35:31.786+0530][4.179s][info][gc,heap     ] GC(18) Eden regions: 0->0(122)
[2026-01-15T00:35:31.786+0530][4.179s][info][gc,heap     ] GC(18) Survivor regions: 1->1(14)
[2026-01-15T00:35:31.786+0530][4.179s][info][gc,heap     ] GC(18) Old regions: 0->0
[2026-01-15T00:35:31.786+0530][4.179s][info][gc,heap     ] GC(18) Humongous regions: 230->110
[2026-01-15T00:35:31.786+0530][4.179s][info][gc,metaspace] GC(18) Metaspace: 289K(512K)->289K(512K) NonClass: 280K(384K)->280K(384K) Class: 9K(128K)->9K(128K)
[2026-01-15T00:35:31.786+0530][4.179s][info][gc          ] GC(18) Pause Young (Concurrent Start) (G1 Humongous Allocation) 230M->110M(512M) 2.812ms
[2026-01-15T00:35:31.786+0530][4.180s][info][gc,cpu      ] GC(18) User=0.00s Sys=0.00s Real=0.00s
[2026-01-15T00:35:31.786+0530][4.180s][info][gc          ] GC(19) Concurrent Undo Cycle
[2026-01-15T00:35:31.786+0530][4.180s][info][gc,marking  ] GC(19) Concurrent Clear Claimed Marks
[2026-01-15T00:35:31.786+0530][4.180s][info][gc,marking  ] GC(19) Concurrent Clear Claimed Marks 0.024ms
[2026-01-15T00:35:31.786+0530][4.180s][info][gc,marking  ] GC(19) Concurrent Cleanup for Next Mark
[2026-01-15T00:35:31.786+0530][4.180s][info][gc,marking  ] GC(19) Concurrent Cleanup for Next Mark 0.140ms
[2026-01-15T00:35:31.787+0530][4.180s][info][gc          ] GC(19) Concurrent Undo Cycle 0.337ms
[2026-01-15T00:35:32.153+0530][4.546s][info][gc,start    ] GC(20) Pause Young (Concurrent Start) (G1 Humongous Allocation)
[2026-01-15T00:35:32.154+0530][4.547s][info][gc,task     ] GC(20) Using 8 workers of 8 for evacuation
[2026-01-15T00:35:32.156+0530][4.549s][info][gc,phases   ] GC(20)   Pre Evacuate Collection Set: 0.3ms
[2026-01-15T00:35:32.156+0530][4.549s][info][gc,phases   ] GC(20)   Merge Heap Roots: 0.2ms
[2026-01-15T00:35:32.156+0530][4.549s][info][gc,phases   ] GC(20)   Evacuate Collection Set: 1.2ms
[2026-01-15T00:35:32.156+0530][4.549s][info][gc,phases   ] GC(20)   Post Evacuate Collection Set: 0.5ms
[2026-01-15T00:35:32.156+0530][4.549s][info][gc,phases   ] GC(20)   Other: 0.2ms
[2026-01-15T00:35:32.156+0530][4.549s][info][gc,heap     ] GC(20) Eden regions: 0->0(133)
[2026-01-15T00:35:32.156+0530][4.549s][info][gc,heap     ] GC(20) Survivor regions: 1->1(16)
[2026-01-15T00:35:32.156+0530][4.549s][info][gc,heap     ] GC(20) Old regions: 0->0
[2026-01-15T00:35:32.156+0530][4.549s][info][gc,heap     ] GC(20) Humongous regions: 230->110
[2026-01-15T00:35:32.156+0530][4.549s][info][gc,metaspace] GC(20) Metaspace: 289K(512K)->289K(512K) NonClass: 280K(384K)->280K(384K) Class: 9K(128K)->9K(128K)
[2026-01-15T00:35:32.157+0530][4.549s][info][gc          ] GC(20) Pause Young (Concurrent Start) (G1 Humongous Allocation) 230M->110M(512M) 2.866ms
[2026-01-15T00:35:32.157+0530][4.549s][info][gc,cpu      ] GC(20) User=0.00s Sys=0.00s Real=0.00s
[2026-01-15T00:35:32.157+0530][4.549s][info][gc          ] GC(21) Concurrent Undo Cycle
[2026-01-15T00:35:32.157+0530][4.549s][info][gc,marking  ] GC(21) Concurrent Clear Claimed Marks
[2026-01-15T00:35:32.157+0530][4.550s][info][gc,marking  ] GC(21) Concurrent Clear Claimed Marks 0.022ms
[2026-01-15T00:35:32.157+0530][4.550s][info][gc,marking  ] GC(21) Concurrent Cleanup for Next Mark
[2026-01-15T00:35:32.157+0530][4.550s][info][gc,marking  ] GC(21) Concurrent Cleanup for Next Mark 0.148ms
[2026-01-15T00:35:32.157+0530][4.550s][info][gc          ] GC(21) Concurrent Undo Cycle 0.374ms
[2026-01-15T00:35:32.530+0530][4.923s][info][gc,start    ] GC(22) Pause Young (Concurrent Start) (G1 Humongous Allocation)
[2026-01-15T00:35:32.531+0530][4.924s][info][gc,task     ] GC(22) Using 8 workers of 8 for evacuation
[2026-01-15T00:35:32.532+0530][4.925s][info][gc,phases   ] GC(22)   Pre Evacuate Collection Set: 0.3ms
[2026-01-15T00:35:32.532+0530][4.925s][info][gc,phases   ] GC(22)   Merge Heap Roots: 0.0ms
[2026-01-15T00:35:32.532+0530][4.925s][info][gc,phases   ] GC(22)   Evacuate Collection Set: 0.6ms
[2026-01-15T00:35:32.532+0530][4.925s][info][gc,phases   ] GC(22)   Post Evacuate Collection Set: 0.3ms
[2026-01-15T00:35:32.532+0530][4.925s][info][gc,phases   ] GC(22)   Other: 0.2ms
[2026-01-15T00:35:32.532+0530][4.925s][info][gc,heap     ] GC(22) Eden regions: 0->0(137)
[2026-01-15T00:35:32.532+0530][4.925s][info][gc,heap     ] GC(22) Survivor regions: 1->1(17)
[2026-01-15T00:35:32.532+0530][4.925s][info][gc,heap     ] GC(22) Old regions: 0->0
[2026-01-15T00:35:32.532+0530][4.925s][info][gc,heap     ] GC(22) Humongous regions: 230->110
[2026-01-15T00:35:32.532+0530][4.925s][info][gc,metaspace] GC(22) Metaspace: 289K(512K)->289K(512K) NonClass: 280K(384K)->280K(384K) Class: 9K(128K)->9K(128K)
[2026-01-15T00:35:32.532+0530][4.925s][info][gc          ] GC(22) Pause Young (Concurrent Start) (G1 Humongous Allocation) 230M->110M(512M) 2.136ms
[2026-01-15T00:35:32.532+0530][4.925s][info][gc,cpu      ] GC(22) User=0.00s Sys=0.00s Real=0.00s
[2026-01-15T00:35:32.532+0530][4.925s][info][gc          ] GC(23) Concurrent Undo Cycle
[2026-01-15T00:35:32.533+0530][4.925s][info][gc,marking  ] GC(23) Concurrent Clear Claimed Marks
[2026-01-15T00:35:32.533+0530][4.925s][info][gc,marking  ] GC(23) Concurrent Clear Claimed Marks 0.028ms
[2026-01-15T00:35:32.533+0530][4.925s][info][gc,marking  ] GC(23) Concurrent Cleanup for Next Mark
[2026-01-15T00:35:32.533+0530][4.926s][info][gc,marking  ] GC(23) Concurrent Cleanup for Next Mark 0.105ms
[2026-01-15T00:35:32.533+0530][4.926s][info][gc          ] GC(23) Concurrent Undo Cycle 0.277ms
[2026-01-15T00:35:32.938+0530][5.330s][info][gc,start    ] GC(24) Pause Young (Concurrent Start) (G1 Humongous Allocation)
[2026-01-15T00:35:32.938+0530][5.330s][info][gc,task     ] GC(24) Using 8 workers of 8 for evacuation
[2026-01-15T00:35:32.940+0530][5.334s][info][gc,phases   ] GC(24)   Pre Evacuate Collection Set: 0.6ms
[2026-01-15T00:35:32.940+0530][5.334s][info][gc,phases   ] GC(24)   Merge Heap Roots: 0.5ms
[2026-01-15T00:35:32.940+0530][5.334s][info][gc,phases   ] GC(24)   Evacuate Collection Set: 1.3ms
[2026-01-15T00:35:32.940+0530][5.334s][info][gc,phases   ] GC(24)   Post Evacuate Collection Set: 0.6ms
[2026-01-15T00:35:32.940+0530][5.334s][info][gc,phases   ] GC(24)   Other: 0.2ms
[2026-01-15T00:35:32.940+0530][5.334s][info][gc,heap     ] GC(24) Eden regions: 0->0(137)
[2026-01-15T00:35:32.940+0530][5.334s][info][gc,heap     ] GC(24) Survivor regions: 1->1(18)
[2026-01-15T00:35:32.940+0530][5.334s][info][gc,heap     ] GC(24) Old regions: 0->0
[2026-01-15T00:35:32.940+0530][5.334s][info][gc,heap     ] GC(24) Humongous regions: 230->110
[2026-01-15T00:35:32.940+0530][5.334s][info][gc,metaspace] GC(24) Metaspace: 289K(512K)->289K(512K) NonClass: 280K(384K)->280K(384K) Class: 9K(128K)->9K(128K)
[2026-01-15T00:35:32.940+0530][5.334s][info][gc          ] GC(24) Pause Young (Concurrent Start) (G1 Humongous Allocation) 230M->110M(512M) 3.666ms
[2026-01-15T00:35:32.940+0530][5.334s][info][gc,cpu      ] GC(24) User=0.00s Sys=0.00s Real=0.00s
[2026-01-15T00:35:32.940+0530][5.334s][info][gc          ] GC(25) Concurrent Undo Cycle
[2026-01-15T00:35:32.942+0530][5.334s][info][gc,marking  ] GC(25) Concurrent Clear Claimed Marks
[2026-01-15T00:35:32.942+0530][5.334s][info][gc,marking  ] GC(25) Concurrent Clear Claimed Marks 0.042ms
[2026-01-15T00:35:32.942+0530][5.334s][info][gc,marking  ] GC(25) Concurrent Cleanup for Next Mark
[2026-01-15T00:35:32.942+0530][5.334s][info][gc,marking  ] GC(25) Concurrent Cleanup for Next Mark 0.150ms
[2026-01-15T00:35:32.942+0530][5.334s][info][gc          ] GC(25) Concurrent Undo Cycle 0.426ms
[2026-01-15T00:35:33.308+0530][5.700s][info][gc,start    ] GC(26) Pause Young (Concurrent Start) (G1 Humongous Allocation)
[2026-01-15T00:35:33.308+0530][5.701s][info][gc,task     ] GC(26) Using 8 workers of 8 for evacuation
[2026-01-15T00:35:33.311+0530][5.704s][info][gc,phases   ] GC(26)   Pre Evacuate Collection Set: 0.4ms
[2026-01-15T00:35:33.311+0530][5.704s][info][gc,phases   ] GC(26)   Merge Heap Roots: 0.1ms
[2026-01-15T00:35:33.311+0530][5.704s][info][gc,phases   ] GC(26)   Evacuate Collection Set: 1.6ms
[2026-01-15T00:35:33.311+0530][5.704s][info][gc,phases   ] GC(26)   Post Evacuate Collection Set: 1.1ms
[2026-01-15T00:35:33.311+0530][5.704s][info][gc,phases   ] GC(26)   Other: 0.2ms
[2026-01-15T00:35:33.311+0530][5.704s][info][gc,heap     ] GC(26) Eden regions: 0->0(137)
[2026-01-15T00:35:33.311+0530][5.704s][info][gc,heap     ] GC(26) Survivor regions: 1->1(18)
[2026-01-15T00:35:33.311+0530][5.704s][info][gc,heap     ] GC(26) Old regions: 0->0
[2026-01-15T00:35:33.312+0530][5.704s][info][gc,heap     ] GC(26) Humongous regions: 230->110
[2026-01-15T00:35:33.312+0530][5.704s][info][gc,metaspace] GC(26) Metaspace: 289K(512K)->289K(512K) NonClass: 280K(384K)->280K(384K) Class: 9K(128K)->9K(128K)
[2026-01-15T00:35:33.312+0530][5.704s][info][gc          ] GC(26) Pause Young (Concurrent Start) (G1 Humongous Allocation) 230M->110M(512M) 3.972ms
[2026-01-15T00:35:33.312+0530][5.704s][info][gc,cpu      ] GC(26) User=0.00s Sys=0.00s Real=0.00s
[2026-01-15T00:35:33.312+0530][5.705s][info][gc          ] GC(27) Concurrent Undo Cycle
[2026-01-15T00:35:33.312+0530][5.705s][info][gc,marking  ] GC(27) Concurrent Clear Claimed Marks
[2026-01-15T00:35:33.312+0530][5.705s][info][gc,marking  ] GC(27) Concurrent Clear Claimed Marks 0.032ms
[2026-01-15T00:35:33.312+0530][5.705s][info][gc,marking  ] GC(27) Concurrent Cleanup for Next Mark
[2026-01-15T00:35:33.312+0530][5.705s][info][gc,marking  ] GC(27) Concurrent Cleanup for Next Mark 0.239ms
[2026-01-15T00:35:33.312+0530][5.705s][info][gc          ] GC(27) Concurrent Undo Cycle 0.504ms
[2026-01-15T00:35:33.685+0530][6.077s][info][gc,start    ] GC(28) Pause Young (Concurrent Start) (G1 Humongous Allocation)
[2026-01-15T00:35:33.685+0530][6.078s][info][gc,task     ] GC(28) Using 8 workers of 8 for evacuation
[2026-01-15T00:35:33.688+0530][6.080s][info][gc,phases   ] GC(28)   Pre Evacuate Collection Set: 0.4ms
[2026-01-15T00:35:33.688+0530][6.081s][info][gc,phases   ] GC(28)   Merge Heap Roots: 0.1ms
[2026-01-15T00:35:33.688+0530][6.081s][info][gc,phases   ] GC(28)   Evacuate Collection Set: 1.5ms
[2026-01-15T00:35:33.688+0530][6.081s][info][gc,phases   ] GC(28)   Post Evacuate Collection Set: 0.6ms
[2026-01-15T00:35:33.688+0530][6.081s][info][gc,phases   ] GC(28)   Other: 0.2ms
[2026-01-15T00:35:33.688+0530][6.081s][info][gc,heap     ] GC(28) Eden regions: 0->0(137)
[2026-01-15T00:35:33.688+0530][6.081s][info][gc,heap     ] GC(28) Survivor regions: 1->1(18)
[2026-01-15T00:35:33.688+0530][6.081s][info][gc,heap     ] GC(28) Old regions: 0->0
[2026-01-15T00:35:33.688+0530][6.081s][info][gc,heap     ] GC(28) Humongous regions: 230->110
[2026-01-15T00:35:33.688+0530][6.081s][info][gc,metaspace] GC(28) Metaspace: 289K(512K)->289K(512K) NonClass: 280K(384K)->280K(384K) Class: 9K(128K)->9K(128K)
[2026-01-15T00:35:33.688+0530][6.081s][info][gc          ] GC(28) Pause Young (Concurrent Start) (G1 Humongous Allocation) 230M->110M(512M) 3.446ms
[2026-01-15T00:35:33.688+0530][6.081s][info][gc,cpu      ] GC(28) User=0.00s Sys=0.00s Real=0.00s
[2026-01-15T00:35:33.688+0530][6.081s][info][gc          ] GC(29) Concurrent Undo Cycle
[2026-01-15T00:35:33.688+0530][6.081s][info][gc,marking  ] GC(29) Concurrent Clear Claimed Marks
[2026-01-15T00:35:33.688+0530][6.081s][info][gc,marking  ] GC(29) Concurrent Clear Claimed Marks 0.050ms
[2026-01-15T00:35:33.689+0530][6.081s][info][gc,marking  ] GC(29) Concurrent Cleanup for Next Mark
[2026-01-15T00:35:33.689+0530][6.082s][info][gc,marking  ] GC(29) Concurrent Cleanup for Next Mark 0.409ms
[2026-01-15T00:35:33.689+0530][6.082s][info][gc          ] GC(29) Concurrent Undo Cycle 0.756ms
[2026-01-15T00:35:34.060+0530][6.454s][info][gc,start    ] GC(30) Pause Young (Concurrent Start) (G1 Humongous Allocation)
[2026-01-15T00:35:34.060+0530][6.454s][info][gc,task     ] GC(30) Using 8 workers of 8 for evacuation
[2026-01-15T00:35:34.063+0530][6.456s][info][gc,phases   ] GC(30)   Pre Evacuate Collection Set: 0.3ms
[2026-01-15T00:35:34.063+0530][6.456s][info][gc,phases   ] GC(30)   Merge Heap Roots: 0.2ms
[2026-01-15T00:35:34.063+0530][6.456s][info][gc,phases   ] GC(30)   Evacuate Collection Set: 1.1ms
[2026-01-15T00:35:34.063+0530][6.456s][info][gc,phases   ] GC(30)   Post Evacuate Collection Set: 0.4ms
[2026-01-15T00:35:34.063+0530][6.456s][info][gc,phases   ] GC(30)   Other: 0.1ms
[2026-01-15T00:35:34.063+0530][6.456s][info][gc,heap     ] GC(30) Eden regions: 0->0(137)
[2026-01-15T00:35:34.063+0530][6.456s][info][gc,heap     ] GC(30) Survivor regions: 1->0(18)
[2026-01-15T00:35:34.063+0530][6.456s][info][gc,heap     ] GC(30) Old regions: 0->1
[2026-01-15T00:35:34.063+0530][6.456s][info][gc,heap     ] GC(30) Humongous regions: 230->110
[2026-01-15T00:35:34.063+0530][6.456s][info][gc,metaspace] GC(30) Metaspace: 289K(512K)->289K(512K) NonClass: 280K(384K)->280K(384K) Class: 9K(128K)->9K(128K)
[2026-01-15T00:35:34.063+0530][6.456s][info][gc          ] GC(30) Pause Young (Concurrent Start) (G1 Humongous Allocation) 230M->110M(512M) 2.560ms
[2026-01-15T00:35:34.064+0530][6.456s][info][gc,cpu      ] GC(30) User=0.00s Sys=0.00s Real=0.00s
[2026-01-15T00:35:34.064+0530][6.456s][info][gc          ] GC(31) Concurrent Undo Cycle
[2026-01-15T00:35:34.064+0530][6.456s][info][gc,marking  ] GC(31) Concurrent Clear Claimed Marks
[2026-01-15T00:35:34.064+0530][6.456s][info][gc,marking  ] GC(31) Concurrent Clear Claimed Marks 0.020ms
[2026-01-15T00:35:34.064+0530][6.456s][info][gc,marking  ] GC(31) Concurrent Cleanup for Next Mark
[2026-01-15T00:35:34.064+0530][6.457s][info][gc,marking  ] GC(31) Concurrent Cleanup for Next Mark 0.120ms
[2026-01-15T00:35:34.064+0530][6.457s][info][gc          ] GC(31) Concurrent Undo Cycle 0.307ms
[2026-01-15T00:35:34.434+0530][6.827s][info][gc,start    ] GC(32) Pause Young (Concurrent Start) (G1 Humongous Allocation)
[2026-01-15T00:35:34.435+0530][6.827s][info][gc,task     ] GC(32) Using 8 workers of 8 for evacuation
[2026-01-15T00:35:34.436+0530][6.829s][info][gc,phases   ] GC(32)   Pre Evacuate Collection Set: 0.3ms
[2026-01-15T00:35:34.436+0530][6.829s][info][gc,phases   ] GC(32)   Merge Heap Roots: 0.2ms
[2026-01-15T00:35:34.436+0530][6.829s][info][gc,phases   ] GC(32)   Evacuate Collection Set: 0.2ms
[2026-01-15T00:35:34.436+0530][6.829s][info][gc,phases   ] GC(32)   Post Evacuate Collection Set: 0.8ms
[2026-01-15T00:35:34.436+0530][6.829s][info][gc,phases   ] GC(32)   Other: 0.2ms
[2026-01-15T00:35:34.436+0530][6.829s][info][gc,heap     ] GC(32) Eden regions: 0->0(137)
[2026-01-15T00:35:34.436+0530][6.829s][info][gc,heap     ] GC(32) Survivor regions: 0->0(18)
[2026-01-15T00:35:34.436+0530][6.829s][info][gc,heap     ] GC(32) Old regions: 1->1
[2026-01-15T00:35:34.436+0530][6.829s][info][gc,heap     ] GC(32) Humongous regions: 230->110
[2026-01-15T00:35:34.436+0530][6.829s][info][gc,metaspace] GC(32) Metaspace: 289K(512K)->289K(512K) NonClass: 280K(384K)->280K(384K) Class: 9K(128K)->9K(128K)
[2026-01-15T00:35:34.436+0530][6.829s][info][gc          ] GC(32) Pause Young (Concurrent Start) (G1 Humongous Allocation) 230M->110M(512M) 1.960ms
[2026-01-15T00:35:34.436+0530][6.829s][info][gc,cpu      ] GC(32) User=0.00s Sys=0.02s Real=0.00s
[2026-01-15T00:35:34.436+0530][6.829s][info][gc          ] GC(33) Concurrent Undo Cycle
[2026-01-15T00:35:34.436+0530][6.829s][info][gc,marking  ] GC(33) Concurrent Clear Claimed Marks
[2026-01-15T00:35:34.436+0530][6.829s][info][gc,marking  ] GC(33) Concurrent Clear Claimed Marks 0.013ms
[2026-01-15T00:35:34.436+0530][6.829s][info][gc,marking  ] GC(33) Concurrent Cleanup for Next Mark
[2026-01-15T00:35:34.437+0530][6.829s][info][gc,marking  ] GC(33) Concurrent Cleanup for Next Mark 0.117ms
[2026-01-15T00:35:34.437+0530][6.829s][info][gc          ] GC(33) Concurrent Undo Cycle 0.301ms
[2026-01-15T00:35:34.807+0530][7.200s][info][gc,start    ] GC(34) Pause Young (Concurrent Start) (G1 Humongous Allocation)
[2026-01-15T00:35:34.807+0530][7.200s][info][gc,task     ] GC(34) Using 8 workers of 8 for evacuation
[2026-01-15T00:35:34.807+0530][7.201s][info][gc,phases   ] GC(34)   Pre Evacuate Collection Set: 0.2ms
[2026-01-15T00:35:34.807+0530][7.201s][info][gc,phases   ] GC(34)   Merge Heap Roots: 0.0ms
[2026-01-15T00:35:34.807+0530][7.201s][info][gc,phases   ] GC(34)   Evacuate Collection Set: 0.1ms
[2026-01-15T00:35:34.807+0530][7.201s][info][gc,phases   ] GC(34)   Post Evacuate Collection Set: 0.2ms
[2026-01-15T00:35:34.807+0530][7.201s][info][gc,phases   ] GC(34)   Other: 0.1ms
[2026-01-15T00:35:34.807+0530][7.201s][info][gc,heap     ] GC(34) Eden regions: 0->0(137)
[2026-01-15T00:35:34.807+0530][7.201s][info][gc,heap     ] GC(34) Survivor regions: 0->0(18)
[2026-01-15T00:35:34.807+0530][7.201s][info][gc,heap     ] GC(34) Old regions: 1->1
[2026-01-15T00:35:34.807+0530][7.201s][info][gc,heap     ] GC(34) Humongous regions: 230->110
[2026-01-15T00:35:34.807+0530][7.201s][info][gc,metaspace] GC(34) Metaspace: 289K(512K)->289K(512K) NonClass: 280K(384K)->280K(384K) Class: 9K(128K)->9K(128K)
[2026-01-15T00:35:34.807+0530][7.201s][info][gc          ] GC(34) Pause Young (Concurrent Start) (G1 Humongous Allocation) 230M->110M(512M) 0.772ms
[2026-01-15T00:35:34.807+0530][7.201s][info][gc,cpu      ] GC(34) User=0.00s Sys=0.00s Real=0.00s
[2026-01-15T00:35:34.807+0530][7.201s][info][gc          ] GC(35) Concurrent Undo Cycle
[2026-01-15T00:35:34.808+0530][7.201s][info][gc,marking  ] GC(35) Concurrent Clear Claimed Marks
[2026-01-15T00:35:34.808+0530][7.201s][info][gc,marking  ] GC(35) Concurrent Clear Claimed Marks 0.017ms
[2026-01-15T00:35:34.808+0530][7.201s][info][gc,marking  ] GC(35) Concurrent Cleanup for Next Mark
[2026-01-15T00:35:34.808+0530][7.201s][info][gc,marking  ] GC(35) Concurrent Cleanup for Next Mark 0.081ms
[2026-01-15T00:35:34.808+0530][7.201s][info][gc          ] GC(35) Concurrent Undo Cycle 0.209ms
[2026-01-15T00:35:35.181+0530][7.574s][info][gc,start    ] GC(36) Pause Young (Concurrent Start) (G1 Humongous Allocation)
[2026-01-15T00:35:35.181+0530][7.574s][info][gc,task     ] GC(36) Using 8 workers of 8 for evacuation
[2026-01-15T00:35:35.182+0530][7.575s][info][gc,phases   ] GC(36)   Pre Evacuate Collection Set: 0.3ms
[2026-01-15T00:35:35.182+0530][7.575s][info][gc,phases   ] GC(36)   Merge Heap Roots: 0.1ms
[2026-01-15T00:35:35.182+0530][7.575s][info][gc,phases   ] GC(36)   Evacuate Collection Set: 0.2ms
[2026-01-15T00:35:35.182+0530][7.575s][info][gc,phases   ] GC(36)   Post Evacuate Collection Set: 0.4ms
[2026-01-15T00:35:35.182+0530][7.575s][info][gc,phases   ] GC(36)   Other: 0.1ms
[2026-01-15T00:35:35.182+0530][7.575s][info][gc,heap     ] GC(36) Eden regions: 0->0(137)
[2026-01-15T00:35:35.182+0530][7.575s][info][gc,heap     ] GC(36) Survivor regions: 0->0(18)
[2026-01-15T00:35:35.182+0530][7.575s][info][gc,heap     ] GC(36) Old regions: 1->1
[2026-01-15T00:35:35.182+0530][7.575s][info][gc,heap     ] GC(36) Humongous regions: 230->110
[2026-01-15T00:35:35.182+0530][7.575s][info][gc,metaspace] GC(36) Metaspace: 289K(512K)->289K(512K) NonClass: 280K(384K)->280K(384K) Class: 9K(128K)->9K(128K)
[2026-01-15T00:35:35.182+0530][7.575s][info][gc          ] GC(36) Pause Young (Concurrent Start) (G1 Humongous Allocation) 230M->110M(512M) 1.335ms
[2026-01-15T00:35:35.182+0530][7.575s][info][gc,cpu      ] GC(36) User=0.00s Sys=0.00s Real=0.00s
[2026-01-15T00:35:35.182+0530][7.575s][info][gc          ] GC(37) Concurrent Undo Cycle
[2026-01-15T00:35:35.182+0530][7.575s][info][gc,marking  ] GC(37) Concurrent Clear Claimed Marks
[2026-01-15T00:35:35.182+0530][7.575s][info][gc,marking  ] GC(37) Concurrent Clear Claimed Marks 0.010ms
[2026-01-15T00:35:35.182+0530][7.575s][info][gc,marking  ] GC(37) Concurrent Cleanup for Next Mark
[2026-01-15T00:35:35.182+0530][7.575s][info][gc,marking  ] GC(37) Concurrent Cleanup for Next Mark 0.066ms
[2026-01-15T00:35:35.182+0530][7.575s][info][gc          ] GC(37) Concurrent Undo Cycle 0.250ms
[2026-01-15T00:35:35.554+0530][7.948s][info][gc,start    ] GC(38) Pause Young (Concurrent Start) (G1 Humongous Allocation)
[2026-01-15T00:35:35.554+0530][7.948s][info][gc,task     ] GC(38) Using 8 workers of 8 for evacuation
[2026-01-15T00:35:35.557+0530][7.949s][info][gc,phases   ] GC(38)   Pre Evacuate Collection Set: 0.3ms
[2026-01-15T00:35:35.557+0530][7.949s][info][gc,phases   ] GC(38)   Merge Heap Roots: 0.2ms
[2026-01-15T00:35:35.557+0530][7.949s][info][gc,phases   ] GC(38)   Evacuate Collection Set: 0.4ms
[2026-01-15T00:35:35.557+0530][7.949s][info][gc,phases   ] GC(38)   Post Evacuate Collection Set: 0.4ms
[2026-01-15T00:35:35.557+0530][7.949s][info][gc,phases   ] GC(38)   Other: 0.2ms
[2026-01-15T00:35:35.557+0530][7.949s][info][gc,heap     ] GC(38) Eden regions: 0->0(137)
[2026-01-15T00:35:35.557+0530][7.949s][info][gc,heap     ] GC(38) Survivor regions: 0->0(18)
[2026-01-15T00:35:35.557+0530][7.949s][info][gc,heap     ] GC(38) Old regions: 1->1
[2026-01-15T00:35:35.557+0530][7.949s][info][gc,heap     ] GC(38) Humongous regions: 230->110
[2026-01-15T00:35:35.557+0530][7.949s][info][gc,metaspace] GC(38) Metaspace: 289K(512K)->289K(512K) NonClass: 280K(384K)->280K(384K) Class: 9K(128K)->9K(128K)
[2026-01-15T00:35:35.557+0530][7.949s][info][gc          ] GC(38) Pause Young (Concurrent Start) (G1 Humongous Allocation) 230M->110M(512M) 1.830ms
[2026-01-15T00:35:35.557+0530][7.950s][info][gc,cpu      ] GC(38) User=0.00s Sys=0.00s Real=0.00s
[2026-01-15T00:35:35.557+0530][7.950s][info][gc          ] GC(39) Concurrent Undo Cycle
[2026-01-15T00:35:35.557+0530][7.950s][info][gc,marking  ] GC(39) Concurrent Clear Claimed Marks
[2026-01-15T00:35:35.557+0530][7.950s][info][gc,marking  ] GC(39) Concurrent Clear Claimed Marks 0.026ms
[2026-01-15T00:35:35.557+0530][7.950s][info][gc,marking  ] GC(39) Concurrent Cleanup for Next Mark
[2026-01-15T00:35:35.557+0530][7.950s][info][gc,marking  ] GC(39) Concurrent Cleanup for Next Mark 0.105ms
[2026-01-15T00:35:35.557+0530][7.950s][info][gc          ] GC(39) Concurrent Undo Cycle 0.262ms
[2026-01-15T00:35:35.927+0530][8.320s][info][gc,start    ] GC(40) Pause Young (Concurrent Start) (G1 Humongous Allocation)
[2026-01-15T00:35:35.927+0530][8.321s][info][gc,task     ] GC(40) Using 8 workers of 8 for evacuation
[2026-01-15T00:35:35.929+0530][8.322s][info][gc,phases   ] GC(40)   Pre Evacuate Collection Set: 0.2ms
[2026-01-15T00:35:35.929+0530][8.322s][info][gc,phases   ] GC(40)   Merge Heap Roots: 0.2ms
[2026-01-15T00:35:35.929+0530][8.322s][info][gc,phases   ] GC(40)   Evacuate Collection Set: 0.2ms
[2026-01-15T00:35:35.929+0530][8.322s][info][gc,phases   ] GC(40)   Post Evacuate Collection Set: 0.7ms
[2026-01-15T00:35:35.929+0530][8.322s][info][gc,phases   ] GC(40)   Other: 0.1ms
[2026-01-15T00:35:35.929+0530][8.322s][info][gc,heap     ] GC(40) Eden regions: 0->0(137)
[2026-01-15T00:35:35.929+0530][8.322s][info][gc,heap     ] GC(40) Survivor regions: 0->0(18)
[2026-01-15T00:35:35.929+0530][8.322s][info][gc,heap     ] GC(40) Old regions: 1->1
[2026-01-15T00:35:35.929+0530][8.322s][info][gc,heap     ] GC(40) Humongous regions: 230->110
[2026-01-15T00:35:35.929+0530][8.322s][info][gc,metaspace] GC(40) Metaspace: 289K(512K)->289K(512K) NonClass: 280K(384K)->280K(384K) Class: 9K(128K)->9K(128K)
[2026-01-15T00:35:35.929+0530][8.322s][info][gc          ] GC(40) Pause Young (Concurrent Start) (G1 Humongous Allocation) 230M->110M(512M) 1.652ms
[2026-01-15T00:35:35.929+0530][8.322s][info][gc,cpu      ] GC(40) User=0.00s Sys=0.00s Real=0.00s
[2026-01-15T00:35:35.929+0530][8.322s][info][gc          ] GC(41) Concurrent Undo Cycle
[2026-01-15T00:35:35.929+0530][8.322s][info][gc,marking  ] GC(41) Concurrent Clear Claimed Marks
[2026-01-15T00:35:35.929+0530][8.322s][info][gc,marking  ] GC(41) Concurrent Clear Claimed Marks 0.170ms
[2026-01-15T00:35:35.929+0530][8.322s][info][gc,marking  ] GC(41) Concurrent Cleanup for Next Mark
[2026-01-15T00:35:35.929+0530][8.323s][info][gc,marking  ] GC(41) Concurrent Cleanup for Next Mark 0.222ms
[2026-01-15T00:35:35.929+0530][8.323s][info][gc          ] GC(41) Concurrent Undo Cycle 0.515ms
[2026-01-15T00:35:36.302+0530][8.695s][info][gc,start    ] GC(42) Pause Young (Concurrent Start) (G1 Humongous Allocation)
[2026-01-15T00:35:36.302+0530][8.695s][info][gc,task     ] GC(42) Using 8 workers of 8 for evacuation
[2026-01-15T00:35:36.304+0530][8.697s][info][gc,phases   ] GC(42)   Pre Evacuate Collection Set: 0.4ms
[2026-01-15T00:35:36.304+0530][8.697s][info][gc,phases   ] GC(42)   Merge Heap Roots: 0.1ms
[2026-01-15T00:35:36.304+0530][8.697s][info][gc,phases   ] GC(42)   Evacuate Collection Set: 0.4ms
[2026-01-15T00:35:36.304+0530][8.697s][info][gc,phases   ] GC(42)   Post Evacuate Collection Set: 1.0ms
[2026-01-15T00:35:36.304+0530][8.697s][info][gc,phases   ] GC(42)   Other: 0.2ms
[2026-01-15T00:35:36.304+0530][8.697s][info][gc,heap     ] GC(42) Eden regions: 0->0(137)
[2026-01-15T00:35:36.304+0530][8.697s][info][gc,heap     ] GC(42) Survivor regions: 0->0(18)
[2026-01-15T00:35:36.304+0530][8.697s][info][gc,heap     ] GC(42) Old regions: 1->1
[2026-01-15T00:35:36.304+0530][8.697s][info][gc,heap     ] GC(42) Humongous regions: 230->110
[2026-01-15T00:35:36.304+0530][8.697s][info][gc,metaspace] GC(42) Metaspace: 289K(512K)->289K(512K) NonClass: 280K(384K)->280K(384K) Class: 9K(128K)->9K(128K)
[2026-01-15T00:35:36.304+0530][8.697s][info][gc          ] GC(42) Pause Young (Concurrent Start) (G1 Humongous Allocation) 230M->110M(512M) 2.851ms
[2026-01-15T00:35:36.305+0530][8.697s][info][gc,cpu      ] GC(42) User=0.00s Sys=0.00s Real=0.00s
[2026-01-15T00:35:36.305+0530][8.697s][info][gc          ] GC(43) Concurrent Undo Cycle
[2026-01-15T00:35:36.305+0530][8.698s][info][gc,marking  ] GC(43) Concurrent Clear Claimed Marks
[2026-01-15T00:35:36.305+0530][8.698s][info][gc,marking  ] GC(43) Concurrent Clear Claimed Marks 0.308ms
[2026-01-15T00:35:36.305+0530][8.698s][info][gc,marking  ] GC(43) Concurrent Cleanup for Next Mark
[2026-01-15T00:35:36.305+0530][8.698s][info][gc,marking  ] GC(43) Concurrent Cleanup for Next Mark 0.233ms
[2026-01-15T00:35:36.306+0530][8.698s][info][gc          ] GC(43) Concurrent Undo Cycle 0.974ms
[2026-01-15T00:35:36.674+0530][9.067s][info][gc,start    ] GC(44) Pause Young (Concurrent Start) (G1 Humongous Allocation)
[2026-01-15T00:35:36.674+0530][9.067s][info][gc,task     ] GC(44) Using 8 workers of 8 for evacuation
[2026-01-15T00:35:36.675+0530][9.068s][info][gc,phases   ] GC(44)   Pre Evacuate Collection Set: 0.2ms
[2026-01-15T00:35:36.675+0530][9.068s][info][gc,phases   ] GC(44)   Merge Heap Roots: 0.1ms
[2026-01-15T00:35:36.675+0530][9.068s][info][gc,phases   ] GC(44)   Evacuate Collection Set: 0.2ms
[2026-01-15T00:35:36.675+0530][9.068s][info][gc,phases   ] GC(44)   Post Evacuate Collection Set: 0.4ms
[2026-01-15T00:35:36.675+0530][9.068s][info][gc,phases   ] GC(44)   Other: 0.1ms
[2026-01-15T00:35:36.675+0530][9.068s][info][gc,heap     ] GC(44) Eden regions: 0->0(137)
[2026-01-15T00:35:36.675+0530][9.068s][info][gc,heap     ] GC(44) Survivor regions: 0->0(18)
[2026-01-15T00:35:36.675+0530][9.068s][info][gc,heap     ] GC(44) Old regions: 1->1
[2026-01-15T00:35:36.675+0530][9.068s][info][gc,heap     ] GC(44) Humongous regions: 230->110
[2026-01-15T00:35:36.675+0530][9.068s][info][gc,metaspace] GC(44) Metaspace: 289K(512K)->289K(512K) NonClass: 280K(384K)->280K(384K) Class: 9K(128K)->9K(128K)
[2026-01-15T00:35:36.675+0530][9.068s][info][gc          ] GC(44) Pause Young (Concurrent Start) (G1 Humongous Allocation) 230M->110M(512M) 1.193ms
[2026-01-15T00:35:36.675+0530][9.068s][info][gc,cpu      ] GC(44) User=0.00s Sys=0.00s Real=0.00s
[2026-01-15T00:35:36.675+0530][9.068s][info][gc          ] GC(45) Concurrent Undo Cycle
[2026-01-15T00:35:36.675+0530][9.068s][info][gc,marking  ] GC(45) Concurrent Clear Claimed Marks
[2026-01-15T00:35:36.675+0530][9.068s][info][gc,marking  ] GC(45) Concurrent Clear Claimed Marks 0.022ms
[2026-01-15T00:35:36.675+0530][9.068s][info][gc,marking  ] GC(45) Concurrent Cleanup for Next Mark
[2026-01-15T00:35:36.675+0530][9.068s][info][gc,marking  ] GC(45) Concurrent Cleanup for Next Mark 0.070ms
[2026-01-15T00:35:36.675+0530][9.068s][info][gc          ] GC(45) Concurrent Undo Cycle 0.268ms
[2026-01-15T00:35:37.046+0530][9.439s][info][gc,start    ] GC(46) Pause Young (Concurrent Start) (G1 Humongous Allocation)
[2026-01-15T00:35:37.046+0530][9.439s][info][gc,task     ] GC(46) Using 8 workers of 8 for evacuation
[2026-01-15T00:35:37.047+0530][9.440s][info][gc,phases   ] GC(46)   Pre Evacuate Collection Set: 0.3ms
[2026-01-15T00:35:37.047+0530][9.440s][info][gc,phases   ] GC(46)   Merge Heap Roots: 0.0ms
[2026-01-15T00:35:37.047+0530][9.440s][info][gc,phases   ] GC(46)   Evacuate Collection Set: 0.1ms
[2026-01-15T00:35:37.047+0530][9.440s][info][gc,phases   ] GC(46)   Post Evacuate Collection Set: 0.4ms
[2026-01-15T00:35:37.047+0530][9.440s][info][gc,phases   ] GC(46)   Other: 0.1ms
[2026-01-15T00:35:37.047+0530][9.440s][info][gc,heap     ] GC(46) Eden regions: 0->0(137)
[2026-01-15T00:35:37.047+0530][9.440s][info][gc,heap     ] GC(46) Survivor regions: 0->0(18)
[2026-01-15T00:35:37.047+0530][9.440s][info][gc,heap     ] GC(46) Old regions: 1->1
[2026-01-15T00:35:37.047+0530][9.440s][info][gc,heap     ] GC(46) Humongous regions: 230->110
[2026-01-15T00:35:37.047+0530][9.440s][info][gc,metaspace] GC(46) Metaspace: 289K(512K)->289K(512K) NonClass: 280K(384K)->280K(384K) Class: 9K(128K)->9K(128K)
[2026-01-15T00:35:37.047+0530][9.440s][info][gc          ] GC(46) Pause Young (Concurrent Start) (G1 Humongous Allocation) 230M->110M(512M) 1.186ms
[2026-01-15T00:35:37.047+0530][9.440s][info][gc,cpu      ] GC(46) User=0.00s Sys=0.00s Real=0.00s
[2026-01-15T00:35:37.047+0530][9.440s][info][gc          ] GC(47) Concurrent Undo Cycle
[2026-01-15T00:35:37.047+0530][9.440s][info][gc,marking  ] GC(47) Concurrent Clear Claimed Marks
[2026-01-15T00:35:37.047+0530][9.440s][info][gc,marking  ] GC(47) Concurrent Clear Claimed Marks 0.013ms
[2026-01-15T00:35:37.047+0530][9.440s][info][gc,marking  ] GC(47) Concurrent Cleanup for Next Mark
[2026-01-15T00:35:37.047+0530][9.440s][info][gc,marking  ] GC(47) Concurrent Cleanup for Next Mark 0.121ms
[2026-01-15T00:35:37.047+0530][9.440s][info][gc          ] GC(47) Concurrent Undo Cycle 0.252ms
[2026-01-15T00:35:37.424+0530][9.818s][info][gc,start    ] GC(48) Pause Young (Concurrent Start) (G1 Humongous Allocation)
[2026-01-15T00:35:37.425+0530][9.818s][info][gc,task     ] GC(48) Using 8 workers of 8 for evacuation
[2026-01-15T00:35:37.427+0530][9.819s][info][gc,phases   ] GC(48)   Pre Evacuate Collection Set: 0.3ms
[2026-01-15T00:35:37.427+0530][9.819s][info][gc,phases   ] GC(48)   Merge Heap Roots: 0.1ms
[2026-01-15T00:35:37.427+0530][9.820s][info][gc,phases   ] GC(48)   Evacuate Collection Set: 0.4ms
[2026-01-15T00:35:37.427+0530][9.820s][info][gc,phases   ] GC(48)   Post Evacuate Collection Set: 0.6ms
[2026-01-15T00:35:37.427+0530][9.820s][info][gc,phases   ] GC(48)   Other: 0.2ms
[2026-01-15T00:35:37.427+0530][9.820s][info][gc,heap     ] GC(48) Eden regions: 0->0(137)
[2026-01-15T00:35:37.427+0530][9.820s][info][gc,heap     ] GC(48) Survivor regions: 0->0(18)
[2026-01-15T00:35:37.427+0530][9.820s][info][gc,heap     ] GC(48) Old regions: 1->1
[2026-01-15T00:35:37.427+0530][9.820s][info][gc,heap     ] GC(48) Humongous regions: 230->110
[2026-01-15T00:35:37.427+0530][9.820s][info][gc,metaspace] GC(48) Metaspace: 289K(512K)->289K(512K) NonClass: 280K(384K)->280K(384K) Class: 9K(128K)->9K(128K)
[2026-01-15T00:35:37.427+0530][9.820s][info][gc          ] GC(48) Pause Young (Concurrent Start) (G1 Humongous Allocation) 230M->110M(512M) 1.922ms
[2026-01-15T00:35:37.427+0530][9.820s][info][gc,cpu      ] GC(48) User=0.00s Sys=0.00s Real=0.00s
[2026-01-15T00:35:37.427+0530][9.820s][info][gc          ] GC(49) Concurrent Undo Cycle
[2026-01-15T00:35:37.427+0530][9.820s][info][gc,marking  ] GC(49) Concurrent Clear Claimed Marks
[2026-01-15T00:35:37.427+0530][9.820s][info][gc,marking  ] GC(49) Concurrent Clear Claimed Marks 0.056ms
[2026-01-15T00:35:37.427+0530][9.820s][info][gc,marking  ] GC(49) Concurrent Cleanup for Next Mark
[2026-01-15T00:35:37.428+0530][9.820s][info][gc,marking  ] GC(49) Concurrent Cleanup for Next Mark 0.148ms
[2026-01-15T00:35:37.428+0530][9.820s][info][gc          ] GC(49) Concurrent Undo Cycle 0.528ms
[2026-01-15T00:35:37.798+0530][10.192s][info][gc,start    ] GC(50) Pause Young (Concurrent Start) (G1 Humongous Allocation)
[2026-01-15T00:35:37.798+0530][10.192s][info][gc,task     ] GC(50) Using 8 workers of 8 for evacuation
[2026-01-15T00:35:37.800+0530][10.192s][info][gc,phases   ] GC(50)   Pre Evacuate Collection Set: 0.2ms
[2026-01-15T00:35:37.800+0530][10.192s][info][gc,phases   ] GC(50)   Merge Heap Roots: 0.0ms
[2026-01-15T00:35:37.800+0530][10.192s][info][gc,phases   ] GC(50)   Evacuate Collection Set: 0.1ms
[2026-01-15T00:35:37.800+0530][10.192s][info][gc,phases   ] GC(50)   Post Evacuate Collection Set: 0.2ms
[2026-01-15T00:35:37.800+0530][10.192s][info][gc,phases   ] GC(50)   Other: 0.1ms
[2026-01-15T00:35:37.800+0530][10.192s][info][gc,heap     ] GC(50) Eden regions: 0->0(137)
[2026-01-15T00:35:37.800+0530][10.192s][info][gc,heap     ] GC(50) Survivor regions: 0->0(18)
[2026-01-15T00:35:37.800+0530][10.193s][info][gc,heap     ] GC(50) Old regions: 1->1
[2026-01-15T00:35:37.800+0530][10.193s][info][gc,heap     ] GC(50) Humongous regions: 230->110
[2026-01-15T00:35:37.800+0530][10.193s][info][gc,metaspace] GC(50) Metaspace: 289K(512K)->289K(512K) NonClass: 280K(384K)->280K(384K) Class: 9K(128K)->9K(128K)
[2026-01-15T00:35:37.800+0530][10.193s][info][gc          ] GC(50) Pause Young (Concurrent Start) (G1 Humongous Allocation) 230M->110M(512M) 1.019ms
[2026-01-15T00:35:37.800+0530][10.193s][info][gc,cpu      ] GC(50) User=0.00s Sys=0.00s Real=0.00s
[2026-01-15T00:35:37.800+0530][10.193s][info][gc          ] GC(51) Concurrent Undo Cycle
[2026-01-15T00:35:37.800+0530][10.193s][info][gc,marking  ] GC(51) Concurrent Clear Claimed Marks
[2026-01-15T00:35:37.800+0530][10.193s][info][gc,marking  ] GC(51) Concurrent Clear Claimed Marks 0.021ms
[2026-01-15T00:35:37.800+0530][10.193s][info][gc,marking  ] GC(51) Concurrent Cleanup for Next Mark
[2026-01-15T00:35:37.800+0530][10.193s][info][gc,marking  ] GC(51) Concurrent Cleanup for Next Mark 0.127ms
[2026-01-15T00:35:37.800+0530][10.193s][info][gc          ] GC(51) Concurrent Undo Cycle 0.277ms
[2026-01-15T00:35:38.171+0530][10.564s][info][gc,start    ] GC(52) Pause Young (Concurrent Start) (G1 Humongous Allocation)
[2026-01-15T00:35:38.171+0530][10.564s][info][gc,task     ] GC(52) Using 8 workers of 8 for evacuation
[2026-01-15T00:35:38.173+0530][10.567s][info][gc,phases   ] GC(52)   Pre Evacuate Collection Set: 0.4ms
[2026-01-15T00:35:38.174+0530][10.567s][info][gc,phases   ] GC(52)   Merge Heap Roots: 0.1ms
[2026-01-15T00:35:38.174+0530][10.567s][info][gc,phases   ] GC(52)   Evacuate Collection Set: 0.5ms
[2026-01-15T00:35:38.174+0530][10.567s][info][gc,phases   ] GC(52)   Post Evacuate Collection Set: 0.9ms
[2026-01-15T00:35:38.174+0530][10.567s][info][gc,phases   ] GC(52)   Other: 0.5ms
[2026-01-15T00:35:38.174+0530][10.567s][info][gc,heap     ] GC(52) Eden regions: 0->0(137)
[2026-01-15T00:35:38.174+0530][10.567s][info][gc,heap     ] GC(52) Survivor regions: 0->0(18)
[2026-01-15T00:35:38.174+0530][10.567s][info][gc,heap     ] GC(52) Old regions: 1->1
[2026-01-15T00:35:38.174+0530][10.567s][info][gc,heap     ] GC(52) Humongous regions: 230->110
[2026-01-15T00:35:38.174+0530][10.567s][info][gc,metaspace] GC(52) Metaspace: 289K(512K)->289K(512K) NonClass: 280K(384K)->280K(384K) Class: 9K(128K)->9K(128K)
[2026-01-15T00:35:38.174+0530][10.567s][info][gc          ] GC(52) Pause Young (Concurrent Start) (G1 Humongous Allocation) 230M->110M(512M) 3.128ms
[2026-01-15T00:35:38.174+0530][10.567s][info][gc,cpu      ] GC(52) User=0.00s Sys=0.00s Real=0.00s
[2026-01-15T00:35:38.174+0530][10.567s][info][gc          ] GC(53) Concurrent Undo Cycle
[2026-01-15T00:35:38.175+0530][10.568s][info][gc,marking  ] GC(53) Concurrent Clear Claimed Marks
[2026-01-15T00:35:38.175+0530][10.568s][info][gc,marking  ] GC(53) Concurrent Clear Claimed Marks 0.034ms
[2026-01-15T00:35:38.175+0530][10.568s][info][gc,marking  ] GC(53) Concurrent Cleanup for Next Mark
[2026-01-15T00:35:38.175+0530][10.568s][info][gc,marking  ] GC(53) Concurrent Cleanup for Next Mark 0.188ms
[2026-01-15T00:35:38.175+0530][10.568s][info][gc          ] GC(53) Concurrent Undo Cycle 0.915ms
[2026-01-15T00:35:38.547+0530][10.940s][info][gc,start    ] GC(54) Pause Young (Concurrent Start) (G1 Humongous Allocation)
[2026-01-15T00:35:38.547+0530][10.940s][info][gc,task     ] GC(54) Using 8 workers of 8 for evacuation
[2026-01-15T00:35:38.548+0530][10.941s][info][gc,phases   ] GC(54)   Pre Evacuate Collection Set: 0.3ms
[2026-01-15T00:35:38.548+0530][10.941s][info][gc,phases   ] GC(54)   Merge Heap Roots: 0.1ms
[2026-01-15T00:35:38.548+0530][10.941s][info][gc,phases   ] GC(54)   Evacuate Collection Set: 0.3ms
[2026-01-15T00:35:38.548+0530][10.941s][info][gc,phases   ] GC(54)   Post Evacuate Collection Set: 0.6ms
[2026-01-15T00:35:38.548+0530][10.942s][info][gc,phases   ] GC(54)   Other: 0.2ms
[2026-01-15T00:35:38.548+0530][10.942s][info][gc,heap     ] GC(54) Eden regions: 0->0(137)
[2026-01-15T00:35:38.548+0530][10.942s][info][gc,heap     ] GC(54) Survivor regions: 0->0(18)
[2026-01-15T00:35:38.548+0530][10.942s][info][gc,heap     ] GC(54) Old regions: 1->1
[2026-01-15T00:35:38.549+0530][10.942s][info][gc,heap     ] GC(54) Humongous regions: 230->110
[2026-01-15T00:35:38.549+0530][10.942s][info][gc,metaspace] GC(54) Metaspace: 289K(512K)->289K(512K) NonClass: 280K(384K)->280K(384K) Class: 9K(128K)->9K(128K)
[2026-01-15T00:35:38.549+0530][10.942s][info][gc          ] GC(54) Pause Young (Concurrent Start) (G1 Humongous Allocation) 230M->110M(512M) 2.317ms
[2026-01-15T00:35:38.549+0530][10.942s][info][gc,cpu      ] GC(54) User=0.00s Sys=0.00s Real=0.00s
[2026-01-15T00:35:38.549+0530][10.942s][info][gc          ] GC(55) Concurrent Undo Cycle
[2026-01-15T00:35:38.549+0530][10.942s][info][gc,marking  ] GC(55) Concurrent Clear Claimed Marks
[2026-01-15T00:35:38.549+0530][10.942s][info][gc,marking  ] GC(55) Concurrent Clear Claimed Marks 0.030ms
[2026-01-15T00:35:38.549+0530][10.942s][info][gc,marking  ] GC(55) Concurrent Cleanup for Next Mark
[2026-01-15T00:35:38.549+0530][10.942s][info][gc,marking  ] GC(55) Concurrent Cleanup for Next Mark 0.192ms
[2026-01-15T00:35:38.549+0530][10.943s][info][gc          ] GC(55) Concurrent Undo Cycle 0.436ms
[2026-01-15T00:35:38.919+0530][11.312s][info][gc,start    ] GC(56) Pause Young (Concurrent Start) (G1 Humongous Allocation)
[2026-01-15T00:35:38.919+0530][11.312s][info][gc,task     ] GC(56) Using 8 workers of 8 for evacuation
[2026-01-15T00:35:38.920+0530][11.313s][info][gc,phases   ] GC(56)   Pre Evacuate Collection Set: 0.2ms
[2026-01-15T00:35:38.920+0530][11.313s][info][gc,phases   ] GC(56)   Merge Heap Roots: 0.1ms
[2026-01-15T00:35:38.920+0530][11.313s][info][gc,phases   ] GC(56)   Evacuate Collection Set: 0.2ms
[2026-01-15T00:35:38.920+0530][11.313s][info][gc,phases   ] GC(56)   Post Evacuate Collection Set: 0.2ms
[2026-01-15T00:35:38.920+0530][11.313s][info][gc,phases   ] GC(56)   Other: 0.2ms
[2026-01-15T00:35:38.920+0530][11.313s][info][gc,heap     ] GC(56) Eden regions: 0->0(137)
[2026-01-15T00:35:38.920+0530][11.313s][info][gc,heap     ] GC(56) Survivor regions: 0->0(18)
[2026-01-15T00:35:38.920+0530][11.313s][info][gc,heap     ] GC(56) Old regions: 1->1
[2026-01-15T00:35:38.920+0530][11.313s][info][gc,heap     ] GC(56) Humongous regions: 230->110
[2026-01-15T00:35:38.920+0530][11.313s][info][gc,metaspace] GC(56) Metaspace: 289K(512K)->289K(512K) NonClass: 280K(384K)->280K(384K) Class: 9K(128K)->9K(128K)
[2026-01-15T00:35:38.920+0530][11.313s][info][gc          ] GC(56) Pause Young (Concurrent Start) (G1 Humongous Allocation) 230M->110M(512M) 1.129ms
[2026-01-15T00:35:38.920+0530][11.313s][info][gc,cpu      ] GC(56) User=0.03s Sys=0.03s Real=0.00s
[2026-01-15T00:35:38.920+0530][11.313s][info][gc          ] GC(57) Concurrent Undo Cycle
[2026-01-15T00:35:38.921+0530][11.313s][info][gc,marking  ] GC(57) Concurrent Clear Claimed Marks
[2026-01-15T00:35:38.921+0530][11.313s][info][gc,marking  ] GC(57) Concurrent Clear Claimed Marks 0.010ms
[2026-01-15T00:35:38.921+0530][11.313s][info][gc,marking  ] GC(57) Concurrent Cleanup for Next Mark
[2026-01-15T00:35:38.921+0530][11.314s][info][gc,marking  ] GC(57) Concurrent Cleanup for Next Mark 0.106ms
[2026-01-15T00:35:38.921+0530][11.314s][info][gc          ] GC(57) Concurrent Undo Cycle 0.206ms
[2026-01-15T00:35:39.294+0530][11.687s][info][gc,start    ] GC(58) Pause Young (Concurrent Start) (G1 Humongous Allocation)
[2026-01-15T00:35:39.294+0530][11.687s][info][gc,task     ] GC(58) Using 8 workers of 8 for evacuation
[2026-01-15T00:35:39.296+0530][11.689s][info][gc,phases   ] GC(58)   Pre Evacuate Collection Set: 0.3ms
[2026-01-15T00:35:39.296+0530][11.689s][info][gc,phases   ] GC(58)   Merge Heap Roots: 0.1ms
[2026-01-15T00:35:39.296+0530][11.689s][info][gc,phases   ] GC(58)   Evacuate Collection Set: 0.4ms
[2026-01-15T00:35:39.296+0530][11.689s][info][gc,phases   ] GC(58)   Post Evacuate Collection Set: 0.8ms
[2026-01-15T00:35:39.296+0530][11.689s][info][gc,phases   ] GC(58)   Other: 0.2ms
[2026-01-15T00:35:39.296+0530][11.689s][info][gc,heap     ] GC(58) Eden regions: 0->0(137)
[2026-01-15T00:35:39.296+0530][11.689s][info][gc,heap     ] GC(58) Survivor regions: 0->0(18)
[2026-01-15T00:35:39.296+0530][11.689s][info][gc,heap     ] GC(58) Old regions: 1->1
[2026-01-15T00:35:39.296+0530][11.689s][info][gc,heap     ] GC(58) Humongous regions: 230->110
[2026-01-15T00:35:39.296+0530][11.689s][info][gc,metaspace] GC(58) Metaspace: 289K(512K)->289K(512K) NonClass: 280K(384K)->280K(384K) Class: 9K(128K)->9K(128K)
[2026-01-15T00:35:39.297+0530][11.689s][info][gc          ] GC(58) Pause Young (Concurrent Start) (G1 Humongous Allocation) 230M->110M(512M) 2.428ms
[2026-01-15T00:35:39.297+0530][11.689s][info][gc,cpu      ] GC(58) User=0.05s Sys=0.06s Real=0.00s
[2026-01-15T00:35:39.297+0530][11.689s][info][gc          ] GC(59) Concurrent Undo Cycle
[2026-01-15T00:35:39.297+0530][11.690s][info][gc,marking  ] GC(59) Concurrent Clear Claimed Marks
[2026-01-15T00:35:39.297+0530][11.690s][info][gc,marking  ] GC(59) Concurrent Clear Claimed Marks 0.041ms
[2026-01-15T00:35:39.297+0530][11.690s][info][gc,marking  ] GC(59) Concurrent Cleanup for Next Mark
[2026-01-15T00:35:39.297+0530][11.690s][info][gc,marking  ] GC(59) Concurrent Cleanup for Next Mark 0.142ms
[2026-01-15T00:35:39.297+0530][11.690s][info][gc          ] GC(59) Concurrent Undo Cycle 0.513ms
[2026-01-15T00:35:39.673+0530][12.066s][info][gc,start    ] GC(60) Pause Young (Concurrent Start) (G1 Humongous Allocation)
[2026-01-15T00:35:39.673+0530][12.066s][info][gc,task     ] GC(60) Using 8 workers of 8 for evacuation
[2026-01-15T00:35:39.674+0530][12.068s][info][gc,phases   ] GC(60)   Pre Evacuate Collection Set: 0.4ms
[2026-01-15T00:35:39.674+0530][12.068s][info][gc,phases   ] GC(60)   Merge Heap Roots: 0.1ms
[2026-01-15T00:35:39.674+0530][12.068s][info][gc,phases   ] GC(60)   Evacuate Collection Set: 0.3ms
[2026-01-15T00:35:39.674+0530][12.068s][info][gc,phases   ] GC(60)   Post Evacuate Collection Set: 0.5ms
[2026-01-15T00:35:39.674+0530][12.068s][info][gc,phases   ] GC(60)   Other: 0.2ms
[2026-01-15T00:35:39.674+0530][12.068s][info][gc,heap     ] GC(60) Eden regions: 0->0(137)
[2026-01-15T00:35:39.674+0530][12.068s][info][gc,heap     ] GC(60) Survivor regions: 0->0(18)
[2026-01-15T00:35:39.674+0530][12.068s][info][gc,heap     ] GC(60) Old regions: 1->1
[2026-01-15T00:35:39.674+0530][12.068s][info][gc,heap     ] GC(60) Humongous regions: 230->110
[2026-01-15T00:35:39.674+0530][12.068s][info][gc,metaspace] GC(60) Metaspace: 289K(512K)->289K(512K) NonClass: 280K(384K)->280K(384K) Class: 9K(128K)->9K(128K)
[2026-01-15T00:35:39.675+0530][12.068s][info][gc          ] GC(60) Pause Young (Concurrent Start) (G1 Humongous Allocation) 230M->110M(512M) 2.179ms
[2026-01-15T00:35:39.675+0530][12.068s][info][gc,cpu      ] GC(60) User=0.00s Sys=0.00s Real=0.00s
[2026-01-15T00:35:39.675+0530][12.068s][info][gc          ] GC(61) Concurrent Undo Cycle
[2026-01-15T00:35:39.675+0530][12.068s][info][gc,marking  ] GC(61) Concurrent Clear Claimed Marks
[2026-01-15T00:35:39.675+0530][12.069s][info][gc,marking  ] GC(61) Concurrent Clear Claimed Marks 0.052ms
[2026-01-15T00:35:39.675+0530][12.069s][info][gc,marking  ] GC(61) Concurrent Cleanup for Next Mark
[2026-01-15T00:35:39.675+0530][12.069s][info][gc,marking  ] GC(61) Concurrent Cleanup for Next Mark 0.291ms
[2026-01-15T00:35:39.677+0530][12.069s][info][gc          ] GC(61) Concurrent Undo Cycle 0.912ms
[2026-01-15T00:35:40.048+0530][12.441s][info][gc,start    ] GC(62) Pause Young (Concurrent Start) (G1 Humongous Allocation)
[2026-01-15T00:35:40.048+0530][12.441s][info][gc,task     ] GC(62) Using 8 workers of 8 for evacuation
[2026-01-15T00:35:40.048+0530][12.441s][info][gc,phases   ] GC(62)   Pre Evacuate Collection Set: 0.2ms
[2026-01-15T00:35:40.049+0530][12.441s][info][gc,phases   ] GC(62)   Merge Heap Roots: 0.0ms
[2026-01-15T00:35:40.049+0530][12.441s][info][gc,phases   ] GC(62)   Evacuate Collection Set: 0.1ms
[2026-01-15T00:35:40.049+0530][12.441s][info][gc,phases   ] GC(62)   Post Evacuate Collection Set: 0.2ms
[2026-01-15T00:35:40.049+0530][12.441s][info][gc,phases   ] GC(62)   Other: 0.1ms
[2026-01-15T00:35:40.049+0530][12.442s][info][gc,heap     ] GC(62) Eden regions: 0->0(137)
[2026-01-15T00:35:40.049+0530][12.442s][info][gc,heap     ] GC(62) Survivor regions: 0->0(18)
[2026-01-15T00:35:40.049+0530][12.442s][info][gc,heap     ] GC(62) Old regions: 1->1
[2026-01-15T00:35:40.049+0530][12.442s][info][gc,heap     ] GC(62) Humongous regions: 230->110
[2026-01-15T00:35:40.049+0530][12.442s][info][gc,metaspace] GC(62) Metaspace: 289K(512K)->289K(512K) NonClass: 280K(384K)->280K(384K) Class: 9K(128K)->9K(128K)
[2026-01-15T00:35:40.049+0530][12.442s][info][gc          ] GC(62) Pause Young (Concurrent Start) (G1 Humongous Allocation) 230M->110M(512M) 0.907ms
[2026-01-15T00:35:40.049+0530][12.442s][info][gc,cpu      ] GC(62) User=0.00s Sys=0.00s Real=0.00s
[2026-01-15T00:35:40.049+0530][12.442s][info][gc          ] GC(63) Concurrent Undo Cycle
[2026-01-15T00:35:40.049+0530][12.442s][info][gc,marking  ] GC(63) Concurrent Clear Claimed Marks
[2026-01-15T00:35:40.049+0530][12.442s][info][gc,marking  ] GC(63) Concurrent Clear Claimed Marks 0.014ms
[2026-01-15T00:35:40.049+0530][12.442s][info][gc,marking  ] GC(63) Concurrent Cleanup for Next Mark
[2026-01-15T00:35:40.049+0530][12.442s][info][gc,marking  ] GC(63) Concurrent Cleanup for Next Mark 0.064ms
[2026-01-15T00:35:40.049+0530][12.442s][info][gc          ] GC(63) Concurrent Undo Cycle 0.172ms
[2026-01-15T00:35:40.421+0530][12.815s][info][gc,start    ] GC(64) Pause Young (Concurrent Start) (G1 Humongous Allocation)
[2026-01-15T00:35:40.421+0530][12.815s][info][gc,task     ] GC(64) Using 8 workers of 8 for evacuation
[2026-01-15T00:35:40.424+0530][12.817s][info][gc,phases   ] GC(64)   Pre Evacuate Collection Set: 0.4ms
[2026-01-15T00:35:40.424+0530][12.817s][info][gc,phases   ] GC(64)   Merge Heap Roots: 0.1ms
[2026-01-15T00:35:40.424+0530][12.817s][info][gc,phases   ] GC(64)   Evacuate Collection Set: 0.5ms
[2026-01-15T00:35:40.424+0530][12.817s][info][gc,phases   ] GC(64)   Post Evacuate Collection Set: 0.7ms
[2026-01-15T00:35:40.424+0530][12.817s][info][gc,phases   ] GC(64)   Other: 0.2ms
[2026-01-15T00:35:40.424+0530][12.817s][info][gc,heap     ] GC(64) Eden regions: 0->0(137)
[2026-01-15T00:35:40.424+0530][12.817s][info][gc,heap     ] GC(64) Survivor regions: 0->0(18)
[2026-01-15T00:35:40.424+0530][12.817s][info][gc,heap     ] GC(64) Old regions: 1->1
[2026-01-15T00:35:40.424+0530][12.817s][info][gc,heap     ] GC(64) Humongous regions: 230->110
[2026-01-15T00:35:40.424+0530][12.817s][info][gc,metaspace] GC(64) Metaspace: 289K(512K)->289K(512K) NonClass: 280K(384K)->280K(384K) Class: 9K(128K)->9K(128K)
[2026-01-15T00:35:40.424+0530][12.817s][info][gc          ] GC(64) Pause Young (Concurrent Start) (G1 Humongous Allocation) 230M->110M(512M) 2.414ms
[2026-01-15T00:35:40.424+0530][12.817s][info][gc,cpu      ] GC(64) User=0.00s Sys=0.00s Real=0.00s
[2026-01-15T00:35:40.424+0530][12.817s][info][gc          ] GC(65) Concurrent Undo Cycle
[2026-01-15T00:35:40.425+0530][12.817s][info][gc,marking  ] GC(65) Concurrent Clear Claimed Marks
[2026-01-15T00:35:40.425+0530][12.817s][info][gc,marking  ] GC(65) Concurrent Clear Claimed Marks 0.031ms
[2026-01-15T00:35:40.425+0530][12.817s][info][gc,marking  ] GC(65) Concurrent Cleanup for Next Mark
[2026-01-15T00:35:40.425+0530][12.818s][info][gc,marking  ] GC(65) Concurrent Cleanup for Next Mark 0.132ms
[2026-01-15T00:35:40.425+0530][12.818s][info][gc          ] GC(65) Concurrent Undo Cycle 0.361ms
[2026-01-15T00:35:40.797+0530][13.190s][info][gc,start    ] GC(66) Pause Young (Concurrent Start) (G1 Humongous Allocation)
[2026-01-15T00:35:40.797+0530][13.190s][info][gc,task     ] GC(66) Using 8 workers of 8 for evacuation
[2026-01-15T00:35:40.798+0530][13.191s][info][gc,phases   ] GC(66)   Pre Evacuate Collection Set: 0.2ms
[2026-01-15T00:35:40.798+0530][13.191s][info][gc,phases   ] GC(66)   Merge Heap Roots: 0.1ms
[2026-01-15T00:35:40.798+0530][13.191s][info][gc,phases   ] GC(66)   Evacuate Collection Set: 0.2ms
[2026-01-15T00:35:40.798+0530][13.191s][info][gc,phases   ] GC(66)   Post Evacuate Collection Set: 0.3ms
[2026-01-15T00:35:40.798+0530][13.191s][info][gc,phases   ] GC(66)   Other: 0.1ms
[2026-01-15T00:35:40.798+0530][13.191s][info][gc,heap     ] GC(66) Eden regions: 0->0(137)
[2026-01-15T00:35:40.798+0530][13.191s][info][gc,heap     ] GC(66) Survivor regions: 0->0(18)
[2026-01-15T00:35:40.798+0530][13.191s][info][gc,heap     ] GC(66) Old regions: 1->1
[2026-01-15T00:35:40.798+0530][13.191s][info][gc,heap     ] GC(66) Humongous regions: 230->110
[2026-01-15T00:35:40.798+0530][13.191s][info][gc,metaspace] GC(66) Metaspace: 289K(512K)->289K(512K) NonClass: 280K(384K)->280K(384K) Class: 9K(128K)->9K(128K)
[2026-01-15T00:35:40.798+0530][13.191s][info][gc          ] GC(66) Pause Young (Concurrent Start) (G1 Humongous Allocation) 230M->110M(512M) 1.208ms
[2026-01-15T00:35:40.798+0530][13.191s][info][gc,cpu      ] GC(66) User=0.00s Sys=0.00s Real=0.00s
[2026-01-15T00:35:40.798+0530][13.191s][info][gc          ] GC(67) Concurrent Undo Cycle
[2026-01-15T00:35:40.798+0530][13.191s][info][gc,marking  ] GC(67) Concurrent Clear Claimed Marks
[2026-01-15T00:35:40.798+0530][13.191s][info][gc,marking  ] GC(67) Concurrent Clear Claimed Marks 0.014ms
[2026-01-15T00:35:40.798+0530][13.191s][info][gc,marking  ] GC(67) Concurrent Cleanup for Next Mark
[2026-01-15T00:35:40.798+0530][13.191s][info][gc,marking  ] GC(67) Concurrent Cleanup for Next Mark 0.051ms
[2026-01-15T00:35:40.798+0530][13.191s][info][gc          ] GC(67) Concurrent Undo Cycle 0.166ms
[2026-01-15T00:35:41.168+0530][13.561s][info][gc,start    ] GC(68) Pause Young (Concurrent Start) (G1 Humongous Allocation)
[2026-01-15T00:35:41.169+0530][13.562s][info][gc,task     ] GC(68) Using 8 workers of 8 for evacuation
[2026-01-15T00:35:41.170+0530][13.562s][info][gc,phases   ] GC(68)   Pre Evacuate Collection Set: 0.2ms
[2026-01-15T00:35:41.170+0530][13.562s][info][gc,phases   ] GC(68)   Merge Heap Roots: 0.0ms
[2026-01-15T00:35:41.170+0530][13.562s][info][gc,phases   ] GC(68)   Evacuate Collection Set: 0.1ms
[2026-01-15T00:35:41.170+0530][13.562s][info][gc,phases   ] GC(68)   Post Evacuate Collection Set: 0.4ms
[2026-01-15T00:35:41.170+0530][13.562s][info][gc,phases   ] GC(68)   Other: 0.1ms
[2026-01-15T00:35:41.170+0530][13.562s][info][gc,heap     ] GC(68) Eden regions: 0->0(137)
[2026-01-15T00:35:41.170+0530][13.562s][info][gc,heap     ] GC(68) Survivor regions: 0->0(18)
[2026-01-15T00:35:41.170+0530][13.562s][info][gc,heap     ] GC(68) Old regions: 1->1
[2026-01-15T00:35:41.170+0530][13.562s][info][gc,heap     ] GC(68) Humongous regions: 230->110
[2026-01-15T00:35:41.170+0530][13.562s][info][gc,metaspace] GC(68) Metaspace: 289K(512K)->289K(512K) NonClass: 280K(384K)->280K(384K) Class: 9K(128K)->9K(128K)
[2026-01-15T00:35:41.170+0530][13.563s][info][gc          ] GC(68) Pause Young (Concurrent Start) (G1 Humongous Allocation) 230M->110M(512M) 1.120ms
[2026-01-15T00:35:41.170+0530][13.563s][info][gc,cpu      ] GC(68) User=0.00s Sys=0.00s Real=0.00s
[2026-01-15T00:35:41.170+0530][13.563s][info][gc          ] GC(69) Concurrent Undo Cycle
[2026-01-15T00:35:41.170+0530][13.563s][info][gc,marking  ] GC(69) Concurrent Clear Claimed Marks
[2026-01-15T00:35:41.170+0530][13.563s][info][gc,marking  ] GC(69) Concurrent Clear Claimed Marks 0.036ms
[2026-01-15T00:35:41.170+0530][13.563s][info][gc,marking  ] GC(69) Concurrent Cleanup for Next Mark
[2026-01-15T00:35:41.170+0530][13.563s][info][gc,marking  ] GC(69) Concurrent Cleanup for Next Mark 0.131ms
[2026-01-15T00:35:41.170+0530][13.563s][info][gc          ] GC(69) Concurrent Undo Cycle 0.311ms
[2026-01-15T00:35:41.544+0530][13.937s][info][gc,start    ] GC(70) Pause Young (Concurrent Start) (G1 Humongous Allocation)
[2026-01-15T00:35:41.544+0530][13.938s][info][gc,task     ] GC(70) Using 8 workers of 8 for evacuation
[2026-01-15T00:35:41.545+0530][13.939s][info][gc,phases   ] GC(70)   Pre Evacuate Collection Set: 0.3ms
[2026-01-15T00:35:41.545+0530][13.939s][info][gc,phases   ] GC(70)   Merge Heap Roots: 0.1ms
[2026-01-15T00:35:41.546+0530][13.939s][info][gc,phases   ] GC(70)   Evacuate Collection Set: 0.2ms
[2026-01-15T00:35:41.546+0530][13.939s][info][gc,phases   ] GC(70)   Post Evacuate Collection Set: 0.5ms
[2026-01-15T00:35:41.546+0530][13.939s][info][gc,phases   ] GC(70)   Other: 0.1ms
[2026-01-15T00:35:41.546+0530][13.939s][info][gc,heap     ] GC(70) Eden regions: 0->0(137)
[2026-01-15T00:35:41.546+0530][13.939s][info][gc,heap     ] GC(70) Survivor regions: 0->0(18)
[2026-01-15T00:35:41.546+0530][13.939s][info][gc,heap     ] GC(70) Old regions: 1->1
[2026-01-15T00:35:41.546+0530][13.939s][info][gc,heap     ] GC(70) Humongous regions: 230->110
[2026-01-15T00:35:41.546+0530][13.939s][info][gc,metaspace] GC(70) Metaspace: 289K(512K)->289K(512K) NonClass: 280K(384K)->280K(384K) Class: 9K(128K)->9K(128K)
[2026-01-15T00:35:41.546+0530][13.939s][info][gc          ] GC(70) Pause Young (Concurrent Start) (G1 Humongous Allocation) 230M->110M(512M) 1.525ms
[2026-01-15T00:35:41.546+0530][13.939s][info][gc,cpu      ] GC(70) User=0.05s Sys=0.02s Real=0.00s
[2026-01-15T00:35:41.546+0530][13.939s][info][gc          ] GC(71) Concurrent Undo Cycle
[2026-01-15T00:35:41.546+0530][13.939s][info][gc,marking  ] GC(71) Concurrent Clear Claimed Marks
[2026-01-15T00:35:41.546+0530][13.939s][info][gc,marking  ] GC(71) Concurrent Clear Claimed Marks 0.037ms
[2026-01-15T00:35:41.546+0530][13.939s][info][gc,marking  ] GC(71) Concurrent Cleanup for Next Mark
[2026-01-15T00:35:41.546+0530][13.939s][info][gc,marking  ] GC(71) Concurrent Cleanup for Next Mark 0.214ms
[2026-01-15T00:35:41.546+0530][13.940s][info][gc          ] GC(71) Concurrent Undo Cycle 0.487ms
[2026-01-15T00:35:41.918+0530][14.311s][info][gc,start    ] GC(72) Pause Young (Concurrent Start) (G1 Humongous Allocation)
[2026-01-15T00:35:41.918+0530][14.311s][info][gc,task     ] GC(72) Using 8 workers of 8 for evacuation
[2026-01-15T00:35:41.920+0530][14.313s][info][gc,phases   ] GC(72)   Pre Evacuate Collection Set: 0.4ms
[2026-01-15T00:35:41.920+0530][14.313s][info][gc,phases   ] GC(72)   Merge Heap Roots: 0.2ms
[2026-01-15T00:35:41.920+0530][14.313s][info][gc,phases   ] GC(72)   Evacuate Collection Set: 0.4ms
[2026-01-15T00:35:41.920+0530][14.313s][info][gc,phases   ] GC(72)   Post Evacuate Collection Set: 0.6ms
[2026-01-15T00:35:41.920+0530][14.313s][info][gc,phases   ] GC(72)   Other: 0.2ms
[2026-01-15T00:35:41.920+0530][14.313s][info][gc,heap     ] GC(72) Eden regions: 0->0(137)
[2026-01-15T00:35:41.920+0530][14.313s][info][gc,heap     ] GC(72) Survivor regions: 0->0(18)
[2026-01-15T00:35:41.920+0530][14.313s][info][gc,heap     ] GC(72) Old regions: 1->1
[2026-01-15T00:35:41.920+0530][14.313s][info][gc,heap     ] GC(72) Humongous regions: 230->110
[2026-01-15T00:35:41.920+0530][14.313s][info][gc,metaspace] GC(72) Metaspace: 289K(512K)->289K(512K) NonClass: 280K(384K)->280K(384K) Class: 9K(128K)->9K(128K)
[2026-01-15T00:35:41.920+0530][14.313s][info][gc          ] GC(72) Pause Young (Concurrent Start) (G1 Humongous Allocation) 230M->110M(512M) 2.112ms
[2026-01-15T00:35:41.920+0530][14.313s][info][gc,cpu      ] GC(72) User=0.00s Sys=0.00s Real=0.00s
[2026-01-15T00:35:41.920+0530][14.313s][info][gc          ] GC(73) Concurrent Undo Cycle
[2026-01-15T00:35:41.920+0530][14.313s][info][gc,marking  ] GC(73) Concurrent Clear Claimed Marks
[2026-01-15T00:35:41.920+0530][14.313s][info][gc,marking  ] GC(73) Concurrent Clear Claimed Marks 0.013ms
[2026-01-15T00:35:41.920+0530][14.313s][info][gc,marking  ] GC(73) Concurrent Cleanup for Next Mark
[2026-01-15T00:35:41.920+0530][14.313s][info][gc,marking  ] GC(73) Concurrent Cleanup for Next Mark 0.147ms
[2026-01-15T00:35:41.920+0530][14.313s][info][gc          ] GC(73) Concurrent Undo Cycle 0.273ms
[2026-01-15T00:35:42.292+0530][14.685s][info][gc,start    ] GC(74) Pause Young (Concurrent Start) (G1 Humongous Allocation)
[2026-01-15T00:35:42.292+0530][14.685s][info][gc,task     ] GC(74) Using 8 workers of 8 for evacuation
[2026-01-15T00:35:42.294+0530][14.686s][info][gc,phases   ] GC(74)   Pre Evacuate Collection Set: 0.3ms
[2026-01-15T00:35:42.294+0530][14.686s][info][gc,phases   ] GC(74)   Merge Heap Roots: 0.2ms
[2026-01-15T00:35:42.294+0530][14.686s][info][gc,phases   ] GC(74)   Evacuate Collection Set: 0.1ms
[2026-01-15T00:35:42.294+0530][14.686s][info][gc,phases   ] GC(74)   Post Evacuate Collection Set: 0.7ms
[2026-01-15T00:35:42.294+0530][14.686s][info][gc,phases   ] GC(74)   Other: 0.1ms
[2026-01-15T00:35:42.294+0530][14.686s][info][gc,heap     ] GC(74) Eden regions: 0->0(137)
[2026-01-15T00:35:42.294+0530][14.686s][info][gc,heap     ] GC(74) Survivor regions: 0->0(18)
[2026-01-15T00:35:42.294+0530][14.686s][info][gc,heap     ] GC(74) Old regions: 1->1
[2026-01-15T00:35:42.294+0530][14.686s][info][gc,heap     ] GC(74) Humongous regions: 230->110
[2026-01-15T00:35:42.294+0530][14.686s][info][gc,metaspace] GC(74) Metaspace: 289K(512K)->289K(512K) NonClass: 280K(384K)->280K(384K) Class: 9K(128K)->9K(128K)
[2026-01-15T00:35:42.294+0530][14.686s][info][gc          ] GC(74) Pause Young (Concurrent Start) (G1 Humongous Allocation) 230M->110M(512M) 1.572ms
[2026-01-15T00:35:42.294+0530][14.686s][info][gc,cpu      ] GC(74) User=0.00s Sys=0.00s Real=0.00s
[2026-01-15T00:35:42.294+0530][14.687s][info][gc          ] GC(75) Concurrent Undo Cycle
[2026-01-15T00:35:42.294+0530][14.687s][info][gc,marking  ] GC(75) Concurrent Clear Claimed Marks
[2026-01-15T00:35:42.294+0530][14.687s][info][gc,marking  ] GC(75) Concurrent Clear Claimed Marks 0.020ms
[2026-01-15T00:35:42.294+0530][14.687s][info][gc,marking  ] GC(75) Concurrent Cleanup for Next Mark
[2026-01-15T00:35:42.294+0530][14.687s][info][gc,marking  ] GC(75) Concurrent Cleanup for Next Mark 0.177ms
[2026-01-15T00:35:42.294+0530][14.687s][info][gc          ] GC(75) Concurrent Undo Cycle 0.337ms
[2026-01-15T00:35:42.669+0530][15.062s][info][gc,start    ] GC(76) Pause Young (Concurrent Start) (G1 Humongous Allocation)
[2026-01-15T00:35:42.670+0530][15.062s][info][gc,task     ] GC(76) Using 8 workers of 8 for evacuation
[2026-01-15T00:35:42.671+0530][15.064s][info][gc,phases   ] GC(76)   Pre Evacuate Collection Set: 0.5ms
[2026-01-15T00:35:42.671+0530][15.064s][info][gc,phases   ] GC(76)   Merge Heap Roots: 0.1ms
[2026-01-15T00:35:42.671+0530][15.064s][info][gc,phases   ] GC(76)   Evacuate Collection Set: 0.3ms
[2026-01-15T00:35:42.671+0530][15.064s][info][gc,phases   ] GC(76)   Post Evacuate Collection Set: 0.7ms
[2026-01-15T00:35:42.671+0530][15.064s][info][gc,phases   ] GC(76)   Other: 0.2ms
[2026-01-15T00:35:42.671+0530][15.064s][info][gc,heap     ] GC(76) Eden regions: 0->0(137)
[2026-01-15T00:35:42.671+0530][15.064s][info][gc,heap     ] GC(76) Survivor regions: 0->0(18)
[2026-01-15T00:35:42.671+0530][15.064s][info][gc,heap     ] GC(76) Old regions: 1->1
[2026-01-15T00:35:42.671+0530][15.064s][info][gc,heap     ] GC(76) Humongous regions: 230->110
[2026-01-15T00:35:42.671+0530][15.064s][info][gc,metaspace] GC(76) Metaspace: 289K(512K)->289K(512K) NonClass: 280K(384K)->280K(384K) Class: 9K(128K)->9K(128K)
[2026-01-15T00:35:42.671+0530][15.064s][info][gc          ] GC(76) Pause Young (Concurrent Start) (G1 Humongous Allocation) 230M->110M(512M) 2.459ms
[2026-01-15T00:35:42.671+0530][15.064s][info][gc,cpu      ] GC(76) User=0.00s Sys=0.02s Real=0.00s
[2026-01-15T00:35:42.671+0530][15.064s][info][gc          ] GC(77) Concurrent Undo Cycle
[2026-01-15T00:35:42.672+0530][15.065s][info][gc,marking  ] GC(77) Concurrent Clear Claimed Marks
[2026-01-15T00:35:42.672+0530][15.065s][info][gc,marking  ] GC(77) Concurrent Clear Claimed Marks 0.026ms
[2026-01-15T00:35:42.672+0530][15.065s][info][gc,marking  ] GC(77) Concurrent Cleanup for Next Mark
[2026-01-15T00:35:42.672+0530][15.065s][info][gc,marking  ] GC(77) Concurrent Cleanup for Next Mark 0.099ms
[2026-01-15T00:35:42.672+0530][15.065s][info][gc          ] GC(77) Concurrent Undo Cycle 0.318ms
[2026-01-15T00:35:43.043+0530][15.435s][info][gc,start    ] GC(78) Pause Young (Concurrent Start) (G1 Humongous Allocation)
[2026-01-15T00:35:43.043+0530][15.436s][info][gc,task     ] GC(78) Using 8 workers of 8 for evacuation
[2026-01-15T00:35:43.046+0530][15.439s][info][gc,phases   ] GC(78)   Pre Evacuate Collection Set: 0.5ms
[2026-01-15T00:35:43.046+0530][15.439s][info][gc,phases   ] GC(78)   Merge Heap Roots: 0.3ms
[2026-01-15T00:35:43.046+0530][15.439s][info][gc,phases   ] GC(78)   Evacuate Collection Set: 0.6ms
[2026-01-15T00:35:43.046+0530][15.439s][info][gc,phases   ] GC(78)   Post Evacuate Collection Set: 1.4ms
[2026-01-15T00:35:43.046+0530][15.439s][info][gc,phases   ] GC(78)   Other: 0.4ms
[2026-01-15T00:35:43.046+0530][15.439s][info][gc,heap     ] GC(78) Eden regions: 0->0(137)
[2026-01-15T00:35:43.046+0530][15.439s][info][gc,heap     ] GC(78) Survivor regions: 0->0(18)
[2026-01-15T00:35:43.046+0530][15.439s][info][gc,heap     ] GC(78) Old regions: 1->1
[2026-01-15T00:35:43.046+0530][15.439s][info][gc,heap     ] GC(78) Humongous regions: 230->110
[2026-01-15T00:35:43.046+0530][15.439s][info][gc,metaspace] GC(78) Metaspace: 289K(512K)->289K(512K) NonClass: 280K(384K)->280K(384K) Class: 9K(128K)->9K(128K)
[2026-01-15T00:35:43.046+0530][15.440s][info][gc          ] GC(78) Pause Young (Concurrent Start) (G1 Humongous Allocation) 230M->110M(512M) 4.023ms
[2026-01-15T00:35:43.047+0530][15.440s][info][gc,cpu      ] GC(78) User=0.00s Sys=0.02s Real=0.00s
[2026-01-15T00:35:43.047+0530][15.440s][info][gc          ] GC(79) Concurrent Undo Cycle
[2026-01-15T00:35:43.047+0530][15.440s][info][gc,marking  ] GC(79) Concurrent Clear Claimed Marks
[2026-01-15T00:35:43.047+0530][15.440s][info][gc,marking  ] GC(79) Concurrent Clear Claimed Marks 0.034ms
[2026-01-15T00:35:43.047+0530][15.440s][info][gc,marking  ] GC(79) Concurrent Cleanup for Next Mark
[2026-01-15T00:35:43.047+0530][15.440s][info][gc,marking  ] GC(79) Concurrent Cleanup for Next Mark 0.164ms
[2026-01-15T00:35:43.047+0530][15.440s][info][gc          ] GC(79) Concurrent Undo Cycle 0.427ms
[2026-01-15T00:35:43.413+0530][15.806s][info][gc,start    ] GC(80) Pause Young (Concurrent Start) (G1 Humongous Allocation)
[2026-01-15T00:35:43.413+0530][15.806s][info][gc,task     ] GC(80) Using 8 workers of 8 for evacuation
[2026-01-15T00:35:43.415+0530][15.807s][info][gc,phases   ] GC(80)   Pre Evacuate Collection Set: 0.2ms
[2026-01-15T00:35:43.415+0530][15.807s][info][gc,phases   ] GC(80)   Merge Heap Roots: 0.0ms
[2026-01-15T00:35:43.415+0530][15.807s][info][gc,phases   ] GC(80)   Evacuate Collection Set: 0.2ms
[2026-01-15T00:35:43.415+0530][15.807s][info][gc,phases   ] GC(80)   Post Evacuate Collection Set: 0.2ms
[2026-01-15T00:35:43.415+0530][15.807s][info][gc,phases   ] GC(80)   Other: 0.1ms
[2026-01-15T00:35:43.415+0530][15.807s][info][gc,heap     ] GC(80) Eden regions: 0->0(137)
[2026-01-15T00:35:43.415+0530][15.807s][info][gc,heap     ] GC(80) Survivor regions: 0->0(18)
[2026-01-15T00:35:43.415+0530][15.807s][info][gc,heap     ] GC(80) Old regions: 1->1
[2026-01-15T00:35:43.415+0530][15.807s][info][gc,heap     ] GC(80) Humongous regions: 230->110
[2026-01-15T00:35:43.415+0530][15.807s][info][gc,metaspace] GC(80) Metaspace: 289K(512K)->289K(512K) NonClass: 280K(384K)->280K(384K) Class: 9K(128K)->9K(128K)
[2026-01-15T00:35:43.415+0530][15.807s][info][gc          ] GC(80) Pause Young (Concurrent Start) (G1 Humongous Allocation) 230M->110M(512M) 0.959ms
[2026-01-15T00:35:43.415+0530][15.807s][info][gc,cpu      ] GC(80) User=0.00s Sys=0.00s Real=0.00s
[2026-01-15T00:35:43.415+0530][15.807s][info][gc          ] GC(81) Concurrent Undo Cycle
[2026-01-15T00:35:43.415+0530][15.807s][info][gc,marking  ] GC(81) Concurrent Clear Claimed Marks
[2026-01-15T00:35:43.415+0530][15.807s][info][gc,marking  ] GC(81) Concurrent Clear Claimed Marks 0.017ms
[2026-01-15T00:35:43.415+0530][15.807s][info][gc,marking  ] GC(81) Concurrent Cleanup for Next Mark
[2026-01-15T00:35:43.415+0530][15.807s][info][gc,marking  ] GC(81) Concurrent Cleanup for Next Mark 0.057ms
[2026-01-15T00:35:43.415+0530][15.807s][info][gc          ] GC(81) Concurrent Undo Cycle 0.163ms
[2026-01-15T00:35:43.783+0530][16.177s][info][gc,start    ] GC(82) Pause Young (Concurrent Start) (G1 Humongous Allocation)
[2026-01-15T00:35:43.784+0530][16.177s][info][gc,task     ] GC(82) Using 8 workers of 8 for evacuation
[2026-01-15T00:35:43.786+0530][16.178s][info][gc,phases   ] GC(82)   Pre Evacuate Collection Set: 0.3ms
[2026-01-15T00:35:43.786+0530][16.178s][info][gc,phases   ] GC(82)   Merge Heap Roots: 0.2ms
[2026-01-15T00:35:43.786+0530][16.178s][info][gc,phases   ] GC(82)   Evacuate Collection Set: 0.2ms
[2026-01-15T00:35:43.786+0530][16.178s][info][gc,phases   ] GC(82)   Post Evacuate Collection Set: 0.5ms
[2026-01-15T00:35:43.786+0530][16.178s][info][gc,phases   ] GC(82)   Other: 0.2ms
[2026-01-15T00:35:43.786+0530][16.178s][info][gc,heap     ] GC(82) Eden regions: 1->0(24)
[2026-01-15T00:35:43.786+0530][16.178s][info][gc,heap     ] GC(82) Survivor regions: 0->1(18)
[2026-01-15T00:35:43.786+0530][16.178s][info][gc,heap     ] GC(82) Old regions: 1->1
[2026-01-15T00:35:43.786+0530][16.178s][info][gc,heap     ] GC(82) Humongous regions: 230->110
[2026-01-15T00:35:43.786+0530][16.178s][info][gc,metaspace] GC(82) Metaspace: 293K(512K)->293K(512K) NonClass: 284K(384K)->284K(384K) Class: 9K(128K)->9K(128K)
[2026-01-15T00:35:43.786+0530][16.179s][info][gc          ] GC(82) Pause Young (Concurrent Start) (G1 Humongous Allocation) 231M->110M(512M) 1.867ms
[2026-01-15T00:35:43.786+0530][16.179s][info][gc,cpu      ] GC(82) User=0.00s Sys=0.00s Real=0.00s
[2026-01-15T00:35:43.786+0530][16.179s][info][gc          ] GC(83) Concurrent Undo Cycle
[2026-01-15T00:35:43.786+0530][16.179s][info][gc,marking  ] GC(83) Concurrent Clear Claimed Marks
[2026-01-15T00:35:43.786+0530][16.179s][info][gc,marking  ] GC(83) Concurrent Clear Claimed Marks 0.034ms
[2026-01-15T00:35:43.786+0530][16.179s][info][gc,marking  ] GC(83) Concurrent Cleanup for Next Mark
[2026-01-15T00:35:43.786+0530][16.179s][info][gc,marking  ] GC(83) Concurrent Cleanup for Next Mark 0.122ms
[2026-01-15T00:35:43.786+0530][16.179s][info][gc          ] GC(83) Concurrent Undo Cycle 0.363ms
[2026-01-15T00:35:44.161+0530][16.554s][info][gc,start    ] GC(84) Pause Young (Concurrent Start) (G1 Humongous Allocation)
[2026-01-15T00:35:44.161+0530][16.554s][info][gc,task     ] GC(84) Using 8 workers of 8 for evacuation
[2026-01-15T00:35:44.163+0530][16.555s][info][gc,phases   ] GC(84)   Pre Evacuate Collection Set: 0.2ms
[2026-01-15T00:35:44.163+0530][16.555s][info][gc,phases   ] GC(84)   Merge Heap Roots: 0.2ms
[2026-01-15T00:35:44.163+0530][16.555s][info][gc,phases   ] GC(84)   Evacuate Collection Set: 0.3ms
[2026-01-15T00:35:44.163+0530][16.555s][info][gc,phases   ] GC(84)   Post Evacuate Collection Set: 0.4ms
[2026-01-15T00:35:44.163+0530][16.555s][info][gc,phases   ] GC(84)   Other: 0.2ms
[2026-01-15T00:35:44.163+0530][16.555s][info][gc,heap     ] GC(84) Eden regions: 0->0(24)
[2026-01-15T00:35:44.163+0530][16.555s][info][gc,heap     ] GC(84) Survivor regions: 1->1(4)
[2026-01-15T00:35:44.163+0530][16.555s][info][gc,heap     ] GC(84) Old regions: 1->1
[2026-01-15T00:35:44.163+0530][16.555s][info][gc,heap     ] GC(84) Humongous regions: 230->110
[2026-01-15T00:35:44.163+0530][16.555s][info][gc,metaspace] GC(84) Metaspace: 293K(512K)->293K(512K) NonClass: 284K(384K)->284K(384K) Class: 9K(128K)->9K(128K)
[2026-01-15T00:35:44.163+0530][16.555s][info][gc          ] GC(84) Pause Young (Concurrent Start) (G1 Humongous Allocation) 230M->110M(512M) 1.657ms
[2026-01-15T00:35:44.163+0530][16.555s][info][gc,cpu      ] GC(84) User=0.00s Sys=0.00s Real=0.00s
[2026-01-15T00:35:44.163+0530][16.555s][info][gc          ] GC(85) Concurrent Undo Cycle
[2026-01-15T00:35:44.163+0530][16.555s][info][gc,marking  ] GC(85) Concurrent Clear Claimed Marks
[2026-01-15T00:35:44.163+0530][16.555s][info][gc,marking  ] GC(85) Concurrent Clear Claimed Marks 0.013ms
[2026-01-15T00:35:44.163+0530][16.555s][info][gc,marking  ] GC(85) Concurrent Cleanup for Next Mark
[2026-01-15T00:35:44.163+0530][16.556s][info][gc,marking  ] GC(85) Concurrent Cleanup for Next Mark 0.194ms
[2026-01-15T00:35:44.163+0530][16.556s][info][gc          ] GC(85) Concurrent Undo Cycle 0.375ms
[2026-01-15T00:35:44.535+0530][16.928s][info][gc,start    ] GC(86) Pause Young (Concurrent Start) (G1 Humongous Allocation)
[2026-01-15T00:35:44.536+0530][16.929s][info][gc,task     ] GC(86) Using 8 workers of 8 for evacuation
[2026-01-15T00:35:44.537+0530][16.930s][info][gc,phases   ] GC(86)   Pre Evacuate Collection Set: 0.3ms
[2026-01-15T00:35:44.537+0530][16.930s][info][gc,phases   ] GC(86)   Merge Heap Roots: 0.2ms
[2026-01-15T00:35:44.537+0530][16.930s][info][gc,phases   ] GC(86)   Evacuate Collection Set: 0.2ms
[2026-01-15T00:35:44.537+0530][16.930s][info][gc,phases   ] GC(86)   Post Evacuate Collection Set: 0.5ms
[2026-01-15T00:35:44.537+0530][16.930s][info][gc,phases   ] GC(86)   Other: 0.2ms
[2026-01-15T00:35:44.537+0530][16.930s][info][gc,heap     ] GC(86) Eden regions: 0->0(24)
[2026-01-15T00:35:44.537+0530][16.930s][info][gc,heap     ] GC(86) Survivor regions: 1->1(4)
[2026-01-15T00:35:44.537+0530][16.930s][info][gc,heap     ] GC(86) Old regions: 1->1
[2026-01-15T00:35:44.537+0530][16.930s][info][gc,heap     ] GC(86) Humongous regions: 230->110
[2026-01-15T00:35:44.537+0530][16.930s][info][gc,metaspace] GC(86) Metaspace: 293K(512K)->293K(512K) NonClass: 284K(384K)->284K(384K) Class: 9K(128K)->9K(128K)
[2026-01-15T00:35:44.537+0530][16.930s][info][gc          ] GC(86) Pause Young (Concurrent Start) (G1 Humongous Allocation) 230M->110M(512M) 1.672ms
[2026-01-15T00:35:44.537+0530][16.930s][info][gc,cpu      ] GC(86) User=0.00s Sys=0.00s Real=0.00s
[2026-01-15T00:35:44.537+0530][16.930s][info][gc          ] GC(87) Concurrent Undo Cycle
[2026-01-15T00:35:44.537+0530][16.930s][info][gc,marking  ] GC(87) Concurrent Clear Claimed Marks
[2026-01-15T00:35:44.537+0530][16.930s][info][gc,marking  ] GC(87) Concurrent Clear Claimed Marks 0.010ms
[2026-01-15T00:35:44.537+0530][16.930s][info][gc,marking  ] GC(87) Concurrent Cleanup for Next Mark
[2026-01-15T00:35:44.537+0530][16.930s][info][gc,marking  ] GC(87) Concurrent Cleanup for Next Mark 0.071ms
[2026-01-15T00:35:44.537+0530][16.930s][info][gc          ] GC(87) Concurrent Undo Cycle 0.215ms
[2026-01-15T00:35:44.909+0530][17.302s][info][gc,start    ] GC(88) Pause Young (Concurrent Start) (G1 Humongous Allocation)
[2026-01-15T00:35:44.909+0530][17.302s][info][gc,task     ] GC(88) Using 8 workers of 8 for evacuation
[2026-01-15T00:35:44.911+0530][17.304s][info][gc,phases   ] GC(88)   Pre Evacuate Collection Set: 0.4ms
[2026-01-15T00:35:44.911+0530][17.304s][info][gc,phases   ] GC(88)   Merge Heap Roots: 0.1ms
[2026-01-15T00:35:44.911+0530][17.304s][info][gc,phases   ] GC(88)   Evacuate Collection Set: 0.4ms
[2026-01-15T00:35:44.911+0530][17.305s][info][gc,phases   ] GC(88)   Post Evacuate Collection Set: 0.8ms
[2026-01-15T00:35:44.912+0530][17.305s][info][gc,phases   ] GC(88)   Other: 0.3ms
[2026-01-15T00:35:44.912+0530][17.305s][info][gc,heap     ] GC(88) Eden regions: 0->0(24)
[2026-01-15T00:35:44.912+0530][17.305s][info][gc,heap     ] GC(88) Survivor regions: 1->1(4)
[2026-01-15T00:35:44.912+0530][17.305s][info][gc,heap     ] GC(88) Old regions: 1->1
[2026-01-15T00:35:44.912+0530][17.305s][info][gc,heap     ] GC(88) Humongous regions: 230->110
[2026-01-15T00:35:44.912+0530][17.305s][info][gc,metaspace] GC(88) Metaspace: 293K(512K)->293K(512K) NonClass: 284K(384K)->284K(384K) Class: 9K(128K)->9K(128K)
[2026-01-15T00:35:44.912+0530][17.305s][info][gc          ] GC(88) Pause Young (Concurrent Start) (G1 Humongous Allocation) 230M->110M(512M) 2.297ms
[2026-01-15T00:35:44.912+0530][17.305s][info][gc,cpu      ] GC(88) User=0.00s Sys=0.00s Real=0.00s
[2026-01-15T00:35:44.912+0530][17.305s][info][gc          ] GC(89) Concurrent Undo Cycle
[2026-01-15T00:35:44.912+0530][17.305s][info][gc,marking  ] GC(89) Concurrent Clear Claimed Marks
[2026-01-15T00:35:44.912+0530][17.305s][info][gc,marking  ] GC(89) Concurrent Clear Claimed Marks 0.016ms
[2026-01-15T00:35:44.912+0530][17.305s][info][gc,marking  ] GC(89) Concurrent Cleanup for Next Mark
[2026-01-15T00:35:44.912+0530][17.305s][info][gc,marking  ] GC(89) Concurrent Cleanup for Next Mark 0.169ms
[2026-01-15T00:35:44.912+0530][17.305s][info][gc          ] GC(89) Concurrent Undo Cycle 0.318ms
[2026-01-15T00:35:45.285+0530][17.678s][info][gc,start    ] GC(90) Pause Young (Concurrent Start) (G1 Humongous Allocation)
[2026-01-15T00:35:45.285+0530][17.678s][info][gc,task     ] GC(90) Using 8 workers of 8 for evacuation
[2026-01-15T00:35:45.285+0530][17.678s][info][gc,phases   ] GC(90)   Pre Evacuate Collection Set: 0.2ms
[2026-01-15T00:35:45.285+0530][17.679s][info][gc,phases   ] GC(90)   Merge Heap Roots: 0.0ms
[2026-01-15T00:35:45.285+0530][17.679s][info][gc,phases   ] GC(90)   Evacuate Collection Set: 0.1ms
[2026-01-15T00:35:45.285+0530][17.679s][info][gc,phases   ] GC(90)   Post Evacuate Collection Set: 0.3ms
[2026-01-15T00:35:45.285+0530][17.679s][info][gc,phases   ] GC(90)   Other: 0.1ms
[2026-01-15T00:35:45.285+0530][17.679s][info][gc,heap     ] GC(90) Eden regions: 0->0(24)
[2026-01-15T00:35:45.285+0530][17.679s][info][gc,heap     ] GC(90) Survivor regions: 1->1(4)
[2026-01-15T00:35:45.285+0530][17.679s][info][gc,heap     ] GC(90) Old regions: 1->1
[2026-01-15T00:35:45.285+0530][17.679s][info][gc,heap     ] GC(90) Humongous regions: 230->110
[2026-01-15T00:35:45.285+0530][17.679s][info][gc,metaspace] GC(90) Metaspace: 293K(512K)->293K(512K) NonClass: 284K(384K)->284K(384K) Class: 9K(128K)->9K(128K)
[2026-01-15T00:35:45.286+0530][17.679s][info][gc          ] GC(90) Pause Young (Concurrent Start) (G1 Humongous Allocation) 230M->110M(512M) 0.907ms
[2026-01-15T00:35:45.286+0530][17.679s][info][gc,cpu      ] GC(90) User=0.00s Sys=0.00s Real=0.00s
[2026-01-15T00:35:45.286+0530][17.679s][info][gc          ] GC(91) Concurrent Undo Cycle
[2026-01-15T00:35:45.286+0530][17.679s][info][gc,marking  ] GC(91) Concurrent Clear Claimed Marks
[2026-01-15T00:35:45.286+0530][17.679s][info][gc,marking  ] GC(91) Concurrent Clear Claimed Marks 0.019ms
[2026-01-15T00:35:45.286+0530][17.679s][info][gc,marking  ] GC(91) Concurrent Cleanup for Next Mark
[2026-01-15T00:35:45.286+0530][17.679s][info][gc,marking  ] GC(91) Concurrent Cleanup for Next Mark 0.067ms
[2026-01-15T00:35:45.286+0530][17.679s][info][gc          ] GC(91) Concurrent Undo Cycle 0.197ms
[2026-01-15T00:35:45.659+0530][18.052s][info][gc,start    ] GC(92) Pause Young (Concurrent Start) (G1 Humongous Allocation)
[2026-01-15T00:35:45.659+0530][18.053s][info][gc,task     ] GC(92) Using 8 workers of 8 for evacuation
[2026-01-15T00:35:45.661+0530][18.054s][info][gc,phases   ] GC(92)   Pre Evacuate Collection Set: 0.4ms
[2026-01-15T00:35:45.661+0530][18.054s][info][gc,phases   ] GC(92)   Merge Heap Roots: 0.2ms
[2026-01-15T00:35:45.661+0530][18.054s][info][gc,phases   ] GC(92)   Evacuate Collection Set: 0.3ms
[2026-01-15T00:35:45.661+0530][18.054s][info][gc,phases   ] GC(92)   Post Evacuate Collection Set: 0.6ms
[2026-01-15T00:35:45.661+0530][18.054s][info][gc,phases   ] GC(92)   Other: 0.2ms
[2026-01-15T00:35:45.661+0530][18.054s][info][gc,heap     ] GC(92) Eden regions: 0->0(24)
[2026-01-15T00:35:45.661+0530][18.054s][info][gc,heap     ] GC(92) Survivor regions: 1->1(4)
[2026-01-15T00:35:45.661+0530][18.054s][info][gc,heap     ] GC(92) Old regions: 1->1
[2026-01-15T00:35:45.661+0530][18.055s][info][gc,heap     ] GC(92) Humongous regions: 230->110
[2026-01-15T00:35:45.661+0530][18.055s][info][gc,metaspace] GC(92) Metaspace: 293K(512K)->293K(512K) NonClass: 284K(384K)->284K(384K) Class: 9K(128K)->9K(128K)
[2026-01-15T00:35:45.661+0530][18.055s][info][gc          ] GC(92) Pause Young (Concurrent Start) (G1 Humongous Allocation) 230M->110M(512M) 2.245ms
[2026-01-15T00:35:45.662+0530][18.055s][info][gc,cpu      ] GC(92) User=0.00s Sys=0.00s Real=0.00s
[2026-01-15T00:35:45.662+0530][18.055s][info][gc          ] GC(93) Concurrent Undo Cycle
[2026-01-15T00:35:45.662+0530][18.055s][info][gc,marking  ] GC(93) Concurrent Clear Claimed Marks
[2026-01-15T00:35:45.662+0530][18.055s][info][gc,marking  ] GC(93) Concurrent Clear Claimed Marks 0.038ms
[2026-01-15T00:35:45.662+0530][18.055s][info][gc,marking  ] GC(93) Concurrent Cleanup for Next Mark
[2026-01-15T00:35:45.662+0530][18.055s][info][gc,marking  ] GC(93) Concurrent Cleanup for Next Mark 0.108ms
[2026-01-15T00:35:45.662+0530][18.055s][info][gc          ] GC(93) Concurrent Undo Cycle 0.343ms
[2026-01-15T00:35:46.035+0530][18.427s][info][gc,start    ] GC(94) Pause Young (Concurrent Start) (G1 Humongous Allocation)
[2026-01-15T00:35:46.035+0530][18.427s][info][gc,task     ] GC(94) Using 8 workers of 8 for evacuation
[2026-01-15T00:35:46.037+0530][18.430s][info][gc,phases   ] GC(94)   Pre Evacuate Collection Set: 0.5ms
[2026-01-15T00:35:46.037+0530][18.430s][info][gc,phases   ] GC(94)   Merge Heap Roots: 0.1ms
[2026-01-15T00:35:46.037+0530][18.430s][info][gc,phases   ] GC(94)   Evacuate Collection Set: 0.5ms
[2026-01-15T00:35:46.037+0530][18.430s][info][gc,phases   ] GC(94)   Post Evacuate Collection Set: 1.1ms
[2026-01-15T00:35:46.038+0530][18.430s][info][gc,phases   ] GC(94)   Other: 0.3ms
[2026-01-15T00:35:46.038+0530][18.430s][info][gc,heap     ] GC(94) Eden regions: 0->0(24)
[2026-01-15T00:35:46.038+0530][18.430s][info][gc,heap     ] GC(94) Survivor regions: 1->1(4)
[2026-01-15T00:35:46.038+0530][18.430s][info][gc,heap     ] GC(94) Old regions: 1->1
[2026-01-15T00:35:46.038+0530][18.430s][info][gc,heap     ] GC(94) Humongous regions: 230->110
[2026-01-15T00:35:46.038+0530][18.430s][info][gc,metaspace] GC(94) Metaspace: 293K(512K)->293K(512K) NonClass: 284K(384K)->284K(384K) Class: 9K(128K)->9K(128K)
[2026-01-15T00:35:46.038+0530][18.430s][info][gc          ] GC(94) Pause Young (Concurrent Start) (G1 Humongous Allocation) 230M->110M(512M) 3.487ms
[2026-01-15T00:35:46.038+0530][18.431s][info][gc,cpu      ] GC(94) User=0.00s Sys=0.00s Real=0.00s
[2026-01-15T00:35:46.038+0530][18.431s][info][gc          ] GC(95) Concurrent Undo Cycle
[2026-01-15T00:35:46.038+0530][18.431s][info][gc,marking  ] GC(95) Concurrent Clear Claimed Marks
[2026-01-15T00:35:46.038+0530][18.431s][info][gc,marking  ] GC(95) Concurrent Clear Claimed Marks 0.056ms
[2026-01-15T00:35:46.038+0530][18.431s][info][gc,marking  ] GC(95) Concurrent Cleanup for Next Mark
[2026-01-15T00:35:46.039+0530][18.431s][info][gc,marking  ] GC(95) Concurrent Cleanup for Next Mark 0.219ms
[2026-01-15T00:35:46.039+0530][18.431s][info][gc          ] GC(95) Concurrent Undo Cycle 0.819ms
[2026-01-15T00:35:46.408+0530][18.801s][info][gc,start    ] GC(96) Pause Young (Concurrent Start) (G1 Humongous Allocation)
[2026-01-15T00:35:46.408+0530][18.801s][info][gc,task     ] GC(96) Using 8 workers of 8 for evacuation
[2026-01-15T00:35:46.410+0530][18.804s][info][gc,phases   ] GC(96)   Pre Evacuate Collection Set: 0.5ms
[2026-01-15T00:35:46.410+0530][18.804s][info][gc,phases   ] GC(96)   Merge Heap Roots: 0.3ms
[2026-01-15T00:35:46.410+0530][18.804s][info][gc,phases   ] GC(96)   Evacuate Collection Set: 0.5ms
[2026-01-15T00:35:46.410+0530][18.804s][info][gc,phases   ] GC(96)   Post Evacuate Collection Set: 1.1ms
[2026-01-15T00:35:46.410+0530][18.804s][info][gc,phases   ] GC(96)   Other: 0.5ms
[2026-01-15T00:35:46.410+0530][18.804s][info][gc,heap     ] GC(96) Eden regions: 0->0(24)
[2026-01-15T00:35:46.410+0530][18.804s][info][gc,heap     ] GC(96) Survivor regions: 1->1(4)
[2026-01-15T00:35:46.410+0530][18.804s][info][gc,heap     ] GC(96) Old regions: 1->1
[2026-01-15T00:35:46.410+0530][18.804s][info][gc,heap     ] GC(96) Humongous regions: 230->110
[2026-01-15T00:35:46.410+0530][18.804s][info][gc,metaspace] GC(96) Metaspace: 293K(512K)->293K(512K) NonClass: 284K(384K)->284K(384K) Class: 9K(128K)->9K(128K)
[2026-01-15T00:35:46.410+0530][18.804s][info][gc          ] GC(96) Pause Young (Concurrent Start) (G1 Humongous Allocation) 230M->110M(512M) 3.318ms
[2026-01-15T00:35:46.411+0530][18.804s][info][gc,cpu      ] GC(96) User=0.00s Sys=0.00s Real=0.00s
[2026-01-15T00:35:46.411+0530][18.804s][info][gc          ] GC(97) Concurrent Undo Cycle
[2026-01-15T00:35:46.411+0530][18.804s][info][gc,marking  ] GC(97) Concurrent Clear Claimed Marks
[2026-01-15T00:35:46.411+0530][18.804s][info][gc,marking  ] GC(97) Concurrent Clear Claimed Marks 0.042ms
[2026-01-15T00:35:46.411+0530][18.804s][info][gc,marking  ] GC(97) Concurrent Cleanup for Next Mark
[2026-01-15T00:35:46.411+0530][18.804s][info][gc,marking  ] GC(97) Concurrent Cleanup for Next Mark 0.283ms
[2026-01-15T00:35:46.411+0530][18.805s][info][gc          ] GC(97) Concurrent Undo Cycle 0.549ms
[2026-01-15T00:35:46.782+0530][19.175s][info][gc,start    ] GC(98) Pause Young (Concurrent Start) (G1 Humongous Allocation)
[2026-01-15T00:35:46.782+0530][19.175s][info][gc,task     ] GC(98) Using 8 workers of 8 for evacuation
[2026-01-15T00:35:46.783+0530][19.177s][info][gc,phases   ] GC(98)   Pre Evacuate Collection Set: 0.3ms
[2026-01-15T00:35:46.783+0530][19.177s][info][gc,phases   ] GC(98)   Merge Heap Roots: 0.1ms
[2026-01-15T00:35:46.783+0530][19.177s][info][gc,phases   ] GC(98)   Evacuate Collection Set: 0.3ms
[2026-01-15T00:35:46.783+0530][19.177s][info][gc,phases   ] GC(98)   Post Evacuate Collection Set: 0.5ms
[2026-01-15T00:35:46.783+0530][19.177s][info][gc,phases   ] GC(98)   Other: 0.2ms
[2026-01-15T00:35:46.784+0530][19.177s][info][gc,heap     ] GC(98) Eden regions: 0->0(24)
[2026-01-15T00:35:46.784+0530][19.177s][info][gc,heap     ] GC(98) Survivor regions: 1->1(4)
[2026-01-15T00:35:46.784+0530][19.177s][info][gc,heap     ] GC(98) Old regions: 1->1
[2026-01-15T00:35:46.784+0530][19.177s][info][gc,heap     ] GC(98) Humongous regions: 230->110
[2026-01-15T00:35:46.784+0530][19.177s][info][gc,metaspace] GC(98) Metaspace: 293K(512K)->293K(512K) NonClass: 284K(384K)->284K(384K) Class: 9K(128K)->9K(128K)
[2026-01-15T00:35:46.784+0530][19.177s][info][gc          ] GC(98) Pause Young (Concurrent Start) (G1 Humongous Allocation) 230M->110M(512M) 2.086ms
[2026-01-15T00:35:46.784+0530][19.177s][info][gc,cpu      ] GC(98) User=0.00s Sys=0.00s Real=0.00s
[2026-01-15T00:35:46.784+0530][19.177s][info][gc          ] GC(99) Concurrent Undo Cycle
[2026-01-15T00:35:46.784+0530][19.177s][info][gc,marking  ] GC(99) Concurrent Clear Claimed Marks
[2026-01-15T00:35:46.784+0530][19.177s][info][gc,marking  ] GC(99) Concurrent Clear Claimed Marks 0.036ms
[2026-01-15T00:35:46.784+0530][19.177s][info][gc,marking  ] GC(99) Concurrent Cleanup for Next Mark
[2026-01-15T00:35:46.784+0530][19.177s][info][gc,marking  ] GC(99) Concurrent Cleanup for Next Mark 0.128ms
[2026-01-15T00:35:46.784+0530][19.178s][info][gc          ] GC(99) Concurrent Undo Cycle 0.402ms
[2026-01-15T00:35:47.157+0530][19.549s][info][gc,start    ] GC(100) Pause Young (Concurrent Start) (G1 Humongous Allocation)
[2026-01-15T00:35:47.157+0530][19.550s][info][gc,task     ] GC(100) Using 8 workers of 8 for evacuation
[2026-01-15T00:35:47.159+0530][19.552s][info][gc,phases   ] GC(100)   Pre Evacuate Collection Set: 0.4ms
[2026-01-15T00:35:47.159+0530][19.552s][info][gc,phases   ] GC(100)   Merge Heap Roots: 0.1ms
[2026-01-15T00:35:47.159+0530][19.552s][info][gc,phases   ] GC(100)   Evacuate Collection Set: 0.4ms
[2026-01-15T00:35:47.159+0530][19.552s][info][gc,phases   ] GC(100)   Post Evacuate Collection Set: 0.8ms
[2026-01-15T00:35:47.159+0530][19.552s][info][gc,phases   ] GC(100)   Other: 0.2ms
[2026-01-15T00:35:47.159+0530][19.552s][info][gc,heap     ] GC(100) Eden regions: 0->0(24)
[2026-01-15T00:35:47.159+0530][19.552s][info][gc,heap     ] GC(100) Survivor regions: 1->1(4)
[2026-01-15T00:35:47.159+0530][19.552s][info][gc,heap     ] GC(100) Old regions: 1->1
[2026-01-15T00:35:47.159+0530][19.552s][info][gc,heap     ] GC(100) Humongous regions: 230->110
[2026-01-15T00:35:47.159+0530][19.552s][info][gc,metaspace] GC(100) Metaspace: 293K(512K)->293K(512K) NonClass: 284K(384K)->284K(384K) Class: 9K(128K)->9K(128K)
[2026-01-15T00:35:47.159+0530][19.552s][info][gc          ] GC(100) Pause Young (Concurrent Start) (G1 Humongous Allocation) 230M->110M(512M) 2.678ms
[2026-01-15T00:35:47.159+0530][19.552s][info][gc,cpu      ] GC(100) User=0.00s Sys=0.00s Real=0.00s
[2026-01-15T00:35:47.159+0530][19.552s][info][gc          ] GC(101) Concurrent Undo Cycle
[2026-01-15T00:35:47.160+0530][19.552s][info][gc,marking  ] GC(101) Concurrent Clear Claimed Marks
[2026-01-15T00:35:47.160+0530][19.552s][info][gc,marking  ] GC(101) Concurrent Clear Claimed Marks 0.044ms
[2026-01-15T00:35:47.160+0530][19.552s][info][gc,marking  ] GC(101) Concurrent Cleanup for Next Mark
[2026-01-15T00:35:47.160+0530][19.553s][info][gc,marking  ] GC(101) Concurrent Cleanup for Next Mark 0.165ms
[2026-01-15T00:35:47.160+0530][19.553s][info][gc          ] GC(101) Concurrent Undo Cycle 0.551ms
[2026-01-15T00:35:47.532+0530][19.924s][info][gc,start    ] GC(102) Pause Young (Concurrent Start) (G1 Humongous Allocation)
[2026-01-15T00:35:47.532+0530][19.925s][info][gc,task     ] GC(102) Using 8 workers of 8 for evacuation
[2026-01-15T00:35:47.533+0530][19.926s][info][gc,phases   ] GC(102)   Pre Evacuate Collection Set: 0.5ms
[2026-01-15T00:35:47.533+0530][19.926s][info][gc,phases   ] GC(102)   Merge Heap Roots: 0.1ms
[2026-01-15T00:35:47.533+0530][19.926s][info][gc,phases   ] GC(102)   Evacuate Collection Set: 0.3ms
[2026-01-15T00:35:47.534+0530][19.926s][info][gc,phases   ] GC(102)   Post Evacuate Collection Set: 0.4ms
[2026-01-15T00:35:47.534+0530][19.926s][info][gc,phases   ] GC(102)   Other: 0.2ms
[2026-01-15T00:35:47.534+0530][19.926s][info][gc,heap     ] GC(102) Eden regions: 0->0(24)
[2026-01-15T00:35:47.534+0530][19.926s][info][gc,heap     ] GC(102) Survivor regions: 1->1(4)
[2026-01-15T00:35:47.534+0530][19.926s][info][gc,heap     ] GC(102) Old regions: 1->1
[2026-01-15T00:35:47.534+0530][19.926s][info][gc,heap     ] GC(102) Humongous regions: 230->110
[2026-01-15T00:35:47.534+0530][19.927s][info][gc,metaspace] GC(102) Metaspace: 293K(512K)->293K(512K) NonClass: 284K(384K)->284K(384K) Class: 9K(128K)->9K(128K)
[2026-01-15T00:35:47.534+0530][19.927s][info][gc          ] GC(102) Pause Young (Concurrent Start) (G1 Humongous Allocation) 230M->110M(512M) 2.103ms
[2026-01-15T00:35:47.534+0530][19.927s][info][gc,cpu      ] GC(102) User=0.00s Sys=0.00s Real=0.00s
[2026-01-15T00:35:47.534+0530][19.927s][info][gc          ] GC(103) Concurrent Undo Cycle
[2026-01-15T00:35:47.534+0530][19.927s][info][gc,marking  ] GC(103) Concurrent Clear Claimed Marks
[2026-01-15T00:35:47.534+0530][19.927s][info][gc,marking  ] GC(103) Concurrent Clear Claimed Marks 0.036ms
[2026-01-15T00:35:47.534+0530][19.927s][info][gc,marking  ] GC(103) Concurrent Cleanup for Next Mark
[2026-01-15T00:35:47.534+0530][19.927s][info][gc,marking  ] GC(103) Concurrent Cleanup for Next Mark 0.094ms
[2026-01-15T00:35:47.534+0530][19.927s][info][gc          ] GC(103) Concurrent Undo Cycle 0.356ms
[2026-01-15T00:35:47.911+0530][20.304s][info][gc,start    ] GC(104) Pause Young (Concurrent Start) (G1 Humongous Allocation)
[2026-01-15T00:35:47.911+0530][20.304s][info][gc,task     ] GC(104) Using 8 workers of 8 for evacuation
[2026-01-15T00:35:47.913+0530][20.306s][info][gc,phases   ] GC(104)   Pre Evacuate Collection Set: 0.4ms
[2026-01-15T00:35:47.913+0530][20.306s][info][gc,phases   ] GC(104)   Merge Heap Roots: 0.2ms
[2026-01-15T00:35:47.913+0530][20.306s][info][gc,phases   ] GC(104)   Evacuate Collection Set: 0.4ms
[2026-01-15T00:35:47.913+0530][20.306s][info][gc,phases   ] GC(104)   Post Evacuate Collection Set: 0.6ms
[2026-01-15T00:35:47.913+0530][20.306s][info][gc,phases   ] GC(104)   Other: 0.3ms
[2026-01-15T00:35:47.913+0530][20.306s][info][gc,heap     ] GC(104) Eden regions: 0->0(24)
[2026-01-15T00:35:47.913+0530][20.306s][info][gc,heap     ] GC(104) Survivor regions: 1->1(4)
[2026-01-15T00:35:47.913+0530][20.306s][info][gc,heap     ] GC(104) Old regions: 1->1
[2026-01-15T00:35:47.913+0530][20.306s][info][gc,heap     ] GC(104) Humongous regions: 230->110
[2026-01-15T00:35:47.913+0530][20.306s][info][gc,metaspace] GC(104) Metaspace: 293K(512K)->293K(512K) NonClass: 284K(384K)->284K(384K) Class: 9K(128K)->9K(128K)
[2026-01-15T00:35:47.913+0530][20.306s][info][gc          ] GC(104) Pause Young (Concurrent Start) (G1 Humongous Allocation) 230M->110M(512M) 2.606ms
[2026-01-15T00:35:47.913+0530][20.306s][info][gc,cpu      ] GC(104) User=0.00s Sys=0.00s Real=0.00s
[2026-01-15T00:35:47.914+0530][20.307s][info][gc          ] GC(105) Concurrent Undo Cycle
[2026-01-15T00:35:47.914+0530][20.307s][info][gc,marking  ] GC(105) Concurrent Clear Claimed Marks
[2026-01-15T00:35:47.914+0530][20.307s][info][gc,marking  ] GC(105) Concurrent Clear Claimed Marks 0.066ms
[2026-01-15T00:35:47.914+0530][20.307s][info][gc,marking  ] GC(105) Concurrent Cleanup for Next Mark
[2026-01-15T00:35:47.914+0530][20.307s][info][gc,marking  ] GC(105) Concurrent Cleanup for Next Mark 0.259ms
[2026-01-15T00:35:47.915+0530][20.307s][info][gc          ] GC(105) Concurrent Undo Cycle 0.871ms
[2026-01-15T00:35:48.272+0530][20.665s][info][gc,start    ] GC(106) Pause Young (Concurrent Start) (G1 Humongous Allocation)
[2026-01-15T00:35:48.272+0530][20.665s][info][gc,task     ] GC(106) Using 8 workers of 8 for evacuation
[2026-01-15T00:35:48.274+0530][20.667s][info][gc,phases   ] GC(106)   Pre Evacuate Collection Set: 0.4ms
[2026-01-15T00:35:48.274+0530][20.667s][info][gc,phases   ] GC(106)   Merge Heap Roots: 0.2ms
[2026-01-15T00:35:48.274+0530][20.667s][info][gc,phases   ] GC(106)   Evacuate Collection Set: 0.4ms
[2026-01-15T00:35:48.274+0530][20.667s][info][gc,phases   ] GC(106)   Post Evacuate Collection Set: 0.8ms
[2026-01-15T00:35:48.274+0530][20.667s][info][gc,phases   ] GC(106)   Other: 0.3ms
[2026-01-15T00:35:48.274+0530][20.667s][info][gc,heap     ] GC(106) Eden regions: 0->0(24)
[2026-01-15T00:35:48.274+0530][20.667s][info][gc,heap     ] GC(106) Survivor regions: 1->1(4)
[2026-01-15T00:35:48.274+0530][20.667s][info][gc,heap     ] GC(106) Old regions: 1->1
[2026-01-15T00:35:48.274+0530][20.667s][info][gc,heap     ] GC(106) Humongous regions: 230->110
[2026-01-15T00:35:48.274+0530][20.668s][info][gc,metaspace] GC(106) Metaspace: 293K(512K)->293K(512K) NonClass: 284K(384K)->284K(384K) Class: 9K(128K)->9K(128K)
[2026-01-15T00:35:48.274+0530][20.668s][info][gc          ] GC(106) Pause Young (Concurrent Start) (G1 Humongous Allocation) 230M->110M(512M) 2.739ms
[2026-01-15T00:35:48.274+0530][20.668s][info][gc,cpu      ] GC(106) User=0.00s Sys=0.00s Real=0.00s
[2026-01-15T00:35:48.274+0530][20.668s][info][gc          ] GC(107) Concurrent Undo Cycle
[2026-01-15T00:35:48.274+0530][20.668s][info][gc,marking  ] GC(107) Concurrent Clear Claimed Marks
[2026-01-15T00:35:48.274+0530][20.668s][info][gc,marking  ] GC(107) Concurrent Clear Claimed Marks 0.032ms
[2026-01-15T00:35:48.274+0530][20.668s][info][gc,marking  ] GC(107) Concurrent Cleanup for Next Mark
[2026-01-15T00:35:48.274+0530][20.668s][info][gc,marking  ] GC(107) Concurrent Cleanup for Next Mark 0.133ms
[2026-01-15T00:35:48.274+0530][20.668s][info][gc          ] GC(107) Concurrent Undo Cycle 0.415ms
[2026-01-15T00:35:48.624+0530][21.017s][info][gc,start    ] GC(108) Pause Young (Concurrent Start) (G1 Humongous Allocation)
[2026-01-15T00:35:48.624+0530][21.017s][info][gc,task     ] GC(108) Using 8 workers of 8 for evacuation
[2026-01-15T00:35:48.624+0530][21.019s][info][gc,phases   ] GC(108)   Pre Evacuate Collection Set: 0.4ms
[2026-01-15T00:35:48.624+0530][21.019s][info][gc,phases   ] GC(108)   Merge Heap Roots: 0.2ms
[2026-01-15T00:35:48.624+0530][21.019s][info][gc,phases   ] GC(108)   Evacuate Collection Set: 0.3ms
[2026-01-15T00:35:48.624+0530][21.019s][info][gc,phases   ] GC(108)   Post Evacuate Collection Set: 0.6ms
[2026-01-15T00:35:48.624+0530][21.019s][info][gc,phases   ] GC(108)   Other: 0.2ms
[2026-01-15T00:35:48.624+0530][21.019s][info][gc,heap     ] GC(108) Eden regions: 0->0(24)
[2026-01-15T00:35:48.624+0530][21.019s][info][gc,heap     ] GC(108) Survivor regions: 1->1(4)
[2026-01-15T00:35:48.624+0530][21.019s][info][gc,heap     ] GC(108) Old regions: 1->1
[2026-01-15T00:35:48.624+0530][21.019s][info][gc,heap     ] GC(108) Humongous regions: 230->110
[2026-01-15T00:35:48.624+0530][21.019s][info][gc,metaspace] GC(108) Metaspace: 293K(512K)->293K(512K) NonClass: 284K(384K)->284K(384K) Class: 9K(128K)->9K(128K)
[2026-01-15T00:35:48.624+0530][21.019s][info][gc          ] GC(108) Pause Young (Concurrent Start) (G1 Humongous Allocation) 230M->110M(512M) 2.295ms
[2026-01-15T00:35:48.624+0530][21.019s][info][gc,cpu      ] GC(108) User=0.00s Sys=0.00s Real=0.00s
[2026-01-15T00:35:48.624+0530][21.019s][info][gc          ] GC(109) Concurrent Undo Cycle
[2026-01-15T00:35:48.624+0530][21.020s][info][gc,marking  ] GC(109) Concurrent Clear Claimed Marks
[2026-01-15T00:35:48.624+0530][21.020s][info][gc,marking  ] GC(109) Concurrent Clear Claimed Marks 0.026ms
[2026-01-15T00:35:48.624+0530][21.020s][info][gc,marking  ] GC(109) Concurrent Cleanup for Next Mark
[2026-01-15T00:35:48.624+0530][21.020s][info][gc,marking  ] GC(109) Concurrent Cleanup for Next Mark 0.100ms
[2026-01-15T00:35:48.624+0530][21.020s][info][gc          ] GC(109) Concurrent Undo Cycle 0.318ms
[2026-01-15T00:35:48.988+0530][21.382s][info][gc,start    ] GC(110) Pause Young (Concurrent Start) (G1 Humongous Allocation)
[2026-01-15T00:35:48.988+0530][21.382s][info][gc,task     ] GC(110) Using 8 workers of 8 for evacuation
[2026-01-15T00:35:48.988+0530][21.384s][info][gc,phases   ] GC(110)   Pre Evacuate Collection Set: 0.3ms
[2026-01-15T00:35:48.988+0530][21.384s][info][gc,phases   ] GC(110)   Merge Heap Roots: 0.1ms
[2026-01-15T00:35:48.988+0530][21.384s][info][gc,phases   ] GC(110)   Evacuate Collection Set: 0.4ms
[2026-01-15T00:35:48.988+0530][21.384s][info][gc,phases   ] GC(110)   Post Evacuate Collection Set: 0.6ms
[2026-01-15T00:35:48.988+0530][21.384s][info][gc,phases   ] GC(110)   Other: 0.2ms
[2026-01-15T00:35:48.988+0530][21.384s][info][gc,heap     ] GC(110) Eden regions: 0->0(24)
[2026-01-15T00:35:48.988+0530][21.384s][info][gc,heap     ] GC(110) Survivor regions: 1->1(4)
[2026-01-15T00:35:48.988+0530][21.384s][info][gc,heap     ] GC(110) Old regions: 1->1
[2026-01-15T00:35:48.988+0530][21.384s][info][gc,heap     ] GC(110) Humongous regions: 230->110
[2026-01-15T00:35:48.988+0530][21.384s][info][gc,metaspace] GC(110) Metaspace: 293K(512K)->293K(512K) NonClass: 284K(384K)->284K(384K) Class: 9K(128K)->9K(128K)
[2026-01-15T00:35:48.988+0530][21.384s][info][gc          ] GC(110) Pause Young (Concurrent Start) (G1 Humongous Allocation) 230M->110M(512M) 2.161ms
[2026-01-15T00:35:48.988+0530][21.384s][info][gc,cpu      ] GC(110) User=0.00s Sys=0.00s Real=0.00s
[2026-01-15T00:35:48.988+0530][21.384s][info][gc          ] GC(111) Concurrent Undo Cycle
[2026-01-15T00:35:48.988+0530][21.384s][info][gc,marking  ] GC(111) Concurrent Clear Claimed Marks
[2026-01-15T00:35:48.988+0530][21.384s][info][gc,marking  ] GC(111) Concurrent Clear Claimed Marks 0.039ms
[2026-01-15T00:35:48.988+0530][21.384s][info][gc,marking  ] GC(111) Concurrent Cleanup for Next Mark
[2026-01-15T00:35:48.988+0530][21.385s][info][gc,marking  ] GC(111) Concurrent Cleanup for Next Mark 0.265ms
[2026-01-15T00:35:48.988+0530][21.385s][info][gc          ] GC(111) Concurrent Undo Cycle 0.591ms
[2026-01-15T00:35:49.359+0530][21.753s][info][gc,start    ] GC(112) Pause Young (Concurrent Start) (G1 Humongous Allocation)
[2026-01-15T00:35:49.359+0530][21.753s][info][gc,task     ] GC(112) Using 8 workers of 8 for evacuation
[2026-01-15T00:35:49.364+0530][21.756s][info][gc,phases   ] GC(112)   Pre Evacuate Collection Set: 0.5ms
[2026-01-15T00:35:49.364+0530][21.756s][info][gc,phases   ] GC(112)   Merge Heap Roots: 0.2ms
[2026-01-15T00:35:49.364+0530][21.756s][info][gc,phases   ] GC(112)   Evacuate Collection Set: 0.6ms
[2026-01-15T00:35:49.364+0530][21.756s][info][gc,phases   ] GC(112)   Post Evacuate Collection Set: 1.1ms
[2026-01-15T00:35:49.364+0530][21.756s][info][gc,phases   ] GC(112)   Other: 0.4ms
[2026-01-15T00:35:49.364+0530][21.756s][info][gc,heap     ] GC(112) Eden regions: 0->0(25)
[2026-01-15T00:35:49.364+0530][21.757s][info][gc,heap     ] GC(112) Survivor regions: 1->0(4)
[2026-01-15T00:35:49.364+0530][21.757s][info][gc,heap     ] GC(112) Old regions: 1->1
[2026-01-15T00:35:49.364+0530][21.757s][info][gc,heap     ] GC(112) Humongous regions: 230->110
[2026-01-15T00:35:49.364+0530][21.757s][info][gc,metaspace] GC(112) Metaspace: 293K(512K)->293K(512K) NonClass: 284K(384K)->284K(384K) Class: 9K(128K)->9K(128K)
[2026-01-15T00:35:49.364+0530][21.757s][info][gc          ] GC(112) Pause Young (Concurrent Start) (G1 Humongous Allocation) 230M->110M(512M) 3.495ms
[2026-01-15T00:35:49.364+0530][21.757s][info][gc,cpu      ] GC(112) User=0.00s Sys=0.00s Real=0.01s
[2026-01-15T00:35:49.364+0530][21.757s][info][gc          ] GC(113) Concurrent Undo Cycle
[2026-01-15T00:35:49.364+0530][21.757s][info][gc,marking  ] GC(113) Concurrent Clear Claimed Marks
[2026-01-15T00:35:49.365+0530][21.757s][info][gc,marking  ] GC(113) Concurrent Clear Claimed Marks 0.110ms
[2026-01-15T00:35:49.365+0530][21.757s][info][gc,marking  ] GC(113) Concurrent Cleanup for Next Mark
[2026-01-15T00:35:49.365+0530][21.758s][info][gc,marking  ] GC(113) Concurrent Cleanup for Next Mark 0.172ms
[2026-01-15T00:35:49.365+0530][21.758s][info][gc          ] GC(113) Concurrent Undo Cycle 0.839ms
[2026-01-15T00:35:49.730+0530][22.123s][info][gc,start    ] GC(114) Pause Young (Concurrent Start) (G1 Humongous Allocation)
[2026-01-15T00:35:49.730+0530][22.123s][info][gc,task     ] GC(114) Using 8 workers of 8 for evacuation
[2026-01-15T00:35:49.730+0530][22.125s][info][gc,phases   ] GC(114)   Pre Evacuate Collection Set: 0.4ms
[2026-01-15T00:35:49.730+0530][22.125s][info][gc,phases   ] GC(114)   Merge Heap Roots: 0.2ms
[2026-01-15T00:35:49.730+0530][22.125s][info][gc,phases   ] GC(114)   Evacuate Collection Set: 0.4ms
[2026-01-15T00:35:49.730+0530][22.125s][info][gc,phases   ] GC(114)   Post Evacuate Collection Set: 0.7ms
[2026-01-15T00:35:49.730+0530][22.125s][info][gc,phases   ] GC(114)   Other: 0.2ms
[2026-01-15T00:35:49.730+0530][22.125s][info][gc,heap     ] GC(114) Eden regions: 0->0(25)
[2026-01-15T00:35:49.730+0530][22.125s][info][gc,heap     ] GC(114) Survivor regions: 0->0(4)
[2026-01-15T00:35:49.730+0530][22.125s][info][gc,heap     ] GC(114) Old regions: 1->1
[2026-01-15T00:35:49.730+0530][22.126s][info][gc,heap     ] GC(114) Humongous regions: 230->110
[2026-01-15T00:35:49.730+0530][22.126s][info][gc,metaspace] GC(114) Metaspace: 293K(512K)->293K(512K) NonClass: 284K(384K)->284K(384K) Class: 9K(128K)->9K(128K)
[2026-01-15T00:35:49.730+0530][22.126s][info][gc          ] GC(114) Pause Young (Concurrent Start) (G1 Humongous Allocation) 230M->110M(512M) 2.601ms
[2026-01-15T00:35:49.730+0530][22.126s][info][gc,cpu      ] GC(114) User=0.00s Sys=0.03s Real=0.00s
[2026-01-15T00:35:49.730+0530][22.126s][info][gc          ] GC(115) Concurrent Undo Cycle
[2026-01-15T00:35:49.730+0530][22.126s][info][gc,marking  ] GC(115) Concurrent Clear Claimed Marks
[2026-01-15T00:35:49.730+0530][22.126s][info][gc,marking  ] GC(115) Concurrent Clear Claimed Marks 0.044ms
[2026-01-15T00:35:49.730+0530][22.126s][info][gc,marking  ] GC(115) Concurrent Cleanup for Next Mark
[2026-01-15T00:35:49.730+0530][22.126s][info][gc,marking  ] GC(115) Concurrent Cleanup for Next Mark 0.226ms
[2026-01-15T00:35:49.730+0530][22.126s][info][gc          ] GC(115) Concurrent Undo Cycle 0.540ms
[2026-01-15T00:35:50.108+0530][22.502s][info][gc,start    ] GC(116) Pause Young (Concurrent Start) (G1 Humongous Allocation)
[2026-01-15T00:35:50.108+0530][22.502s][info][gc,task     ] GC(116) Using 8 workers of 8 for evacuation
[2026-01-15T00:35:50.111+0530][22.504s][info][gc,phases   ] GC(116)   Pre Evacuate Collection Set: 0.4ms
[2026-01-15T00:35:50.111+0530][22.504s][info][gc,phases   ] GC(116)   Merge Heap Roots: 0.2ms
[2026-01-15T00:35:50.111+0530][22.504s][info][gc,phases   ] GC(116)   Evacuate Collection Set: 0.6ms
[2026-01-15T00:35:50.111+0530][22.504s][info][gc,phases   ] GC(116)   Post Evacuate Collection Set: 0.7ms
[2026-01-15T00:35:50.111+0530][22.504s][info][gc,phases   ] GC(116)   Other: 0.2ms
[2026-01-15T00:35:50.111+0530][22.504s][info][gc,heap     ] GC(116) Eden regions: 0->0(25)
[2026-01-15T00:35:50.111+0530][22.504s][info][gc,heap     ] GC(116) Survivor regions: 0->0(4)
[2026-01-15T00:35:50.111+0530][22.504s][info][gc,heap     ] GC(116) Old regions: 1->1
[2026-01-15T00:35:50.111+0530][22.504s][info][gc,heap     ] GC(116) Humongous regions: 230->110
[2026-01-15T00:35:50.111+0530][22.504s][info][gc,metaspace] GC(116) Metaspace: 293K(512K)->293K(512K) NonClass: 284K(384K)->284K(384K) Class: 9K(128K)->9K(128K)
[2026-01-15T00:35:50.111+0530][22.504s][info][gc          ] GC(116) Pause Young (Concurrent Start) (G1 Humongous Allocation) 230M->110M(512M) 2.556ms
[2026-01-15T00:35:50.111+0530][22.504s][info][gc,cpu      ] GC(116) User=0.00s Sys=0.00s Real=0.00s
[2026-01-15T00:35:50.111+0530][22.504s][info][gc          ] GC(117) Concurrent Undo Cycle
[2026-01-15T00:35:50.112+0530][22.504s][info][gc,marking  ] GC(117) Concurrent Clear Claimed Marks
[2026-01-15T00:35:50.112+0530][22.504s][info][gc,marking  ] GC(117) Concurrent Clear Claimed Marks 0.050ms
[2026-01-15T00:35:50.112+0530][22.504s][info][gc,marking  ] GC(117) Concurrent Cleanup for Next Mark
[2026-01-15T00:35:50.112+0530][22.505s][info][gc,marking  ] GC(117) Concurrent Cleanup for Next Mark 0.199ms
[2026-01-15T00:35:50.112+0530][22.505s][info][gc          ] GC(117) Concurrent Undo Cycle 0.470ms
[2026-01-15T00:35:50.479+0530][22.872s][info][gc,start    ] GC(118) Pause Young (Concurrent Start) (G1 Humongous Allocation)
[2026-01-15T00:35:50.479+0530][22.872s][info][gc,task     ] GC(118) Using 8 workers of 8 for evacuation
[2026-01-15T00:35:50.479+0530][22.874s][info][gc,phases   ] GC(118)   Pre Evacuate Collection Set: 0.4ms
[2026-01-15T00:35:50.479+0530][22.874s][info][gc,phases   ] GC(118)   Merge Heap Roots: 0.1ms
[2026-01-15T00:35:50.479+0530][22.874s][info][gc,phases   ] GC(118)   Evacuate Collection Set: 0.3ms
[2026-01-15T00:35:50.479+0530][22.875s][info][gc,phases   ] GC(118)   Post Evacuate Collection Set: 0.8ms
[2026-01-15T00:35:50.479+0530][22.875s][info][gc,phases   ] GC(118)   Other: 0.3ms
[2026-01-15T00:35:50.479+0530][22.875s][info][gc,heap     ] GC(118) Eden regions: 0->0(25)
[2026-01-15T00:35:50.479+0530][22.875s][info][gc,heap     ] GC(118) Survivor regions: 0->0(4)
[2026-01-15T00:35:50.479+0530][22.875s][info][gc,heap     ] GC(118) Old regions: 1->1
[2026-01-15T00:35:50.479+0530][22.875s][info][gc,heap     ] GC(118) Humongous regions: 230->110
[2026-01-15T00:35:50.479+0530][22.875s][info][gc,metaspace] GC(118) Metaspace: 293K(512K)->293K(512K) NonClass: 284K(384K)->284K(384K) Class: 9K(128K)->9K(128K)
[2026-01-15T00:35:50.479+0530][22.875s][info][gc          ] GC(118) Pause Young (Concurrent Start) (G1 Humongous Allocation) 230M->110M(512M) 2.610ms
[2026-01-15T00:35:50.479+0530][22.875s][info][gc,cpu      ] GC(118) User=0.00s Sys=0.00s Real=0.00s
[2026-01-15T00:35:50.479+0530][22.875s][info][gc          ] GC(119) Concurrent Undo Cycle
[2026-01-15T00:35:50.479+0530][22.875s][info][gc,marking  ] GC(119) Concurrent Clear Claimed Marks
[2026-01-15T00:35:50.479+0530][22.875s][info][gc,marking  ] GC(119) Concurrent Clear Claimed Marks 0.037ms
[2026-01-15T00:35:50.479+0530][22.875s][info][gc,marking  ] GC(119) Concurrent Cleanup for Next Mark
[2026-01-15T00:35:50.479+0530][22.875s][info][gc,marking  ] GC(119) Concurrent Cleanup for Next Mark 0.122ms
[2026-01-15T00:35:50.479+0530][22.875s][info][gc          ] GC(119) Concurrent Undo Cycle 0.375ms
[2026-01-15T00:35:50.847+0530][23.241s][info][gc,start    ] GC(120) Pause Young (Concurrent Start) (G1 Humongous Allocation)
[2026-01-15T00:35:50.848+0530][23.241s][info][gc,task     ] GC(120) Using 8 workers of 8 for evacuation
[2026-01-15T00:35:50.848+0530][23.242s][info][gc,phases   ] GC(120)   Pre Evacuate Collection Set: 0.3ms
[2026-01-15T00:35:50.848+0530][23.242s][info][gc,phases   ] GC(120)   Merge Heap Roots: 0.1ms
[2026-01-15T00:35:50.848+0530][23.242s][info][gc,phases   ] GC(120)   Evacuate Collection Set: 0.2ms
[2026-01-15T00:35:50.848+0530][23.242s][info][gc,phases   ] GC(120)   Post Evacuate Collection Set: 0.5ms
[2026-01-15T00:35:50.848+0530][23.243s][info][gc,phases   ] GC(120)   Other: 0.2ms
[2026-01-15T00:35:50.848+0530][23.243s][info][gc,heap     ] GC(120) Eden regions: 0->0(25)
[2026-01-15T00:35:50.848+0530][23.243s][info][gc,heap     ] GC(120) Survivor regions: 0->0(4)
[2026-01-15T00:35:50.848+0530][23.243s][info][gc,heap     ] GC(120) Old regions: 1->1
[2026-01-15T00:35:50.848+0530][23.243s][info][gc,heap     ] GC(120) Humongous regions: 230->110
[2026-01-15T00:35:50.848+0530][23.243s][info][gc,metaspace] GC(120) Metaspace: 293K(512K)->293K(512K) NonClass: 284K(384K)->284K(384K) Class: 9K(128K)->9K(128K)
[2026-01-15T00:35:50.848+0530][23.243s][info][gc          ] GC(120) Pause Young (Concurrent Start) (G1 Humongous Allocation) 230M->110M(512M) 2.013ms
[2026-01-15T00:35:50.848+0530][23.243s][info][gc,cpu      ] GC(120) User=0.00s Sys=0.00s Real=0.00s
[2026-01-15T00:35:50.848+0530][23.243s][info][gc          ] GC(121) Concurrent Undo Cycle
[2026-01-15T00:35:50.848+0530][23.243s][info][gc,marking  ] GC(121) Concurrent Clear Claimed Marks
[2026-01-15T00:35:50.848+0530][23.243s][info][gc,marking  ] GC(121) Concurrent Clear Claimed Marks 0.042ms
[2026-01-15T00:35:50.848+0530][23.243s][info][gc,marking  ] GC(121) Concurrent Cleanup for Next Mark
[2026-01-15T00:35:50.848+0530][23.243s][info][gc,marking  ] GC(121) Concurrent Cleanup for Next Mark 0.133ms
[2026-01-15T00:35:50.848+0530][23.243s][info][gc          ] GC(121) Concurrent Undo Cycle 0.394ms
[2026-01-15T00:35:51.204+0530][23.597s][info][gc,start    ] GC(122) Pause Young (Concurrent Start) (G1 Humongous Allocation)
[2026-01-15T00:35:51.204+0530][23.597s][info][gc,task     ] GC(122) Using 8 workers of 8 for evacuation
[2026-01-15T00:35:51.204+0530][23.599s][info][gc,phases   ] GC(122)   Pre Evacuate Collection Set: 0.4ms
[2026-01-15T00:35:51.204+0530][23.599s][info][gc,phases   ] GC(122)   Merge Heap Roots: 0.1ms
[2026-01-15T00:35:51.204+0530][23.599s][info][gc,phases   ] GC(122)   Evacuate Collection Set: 0.3ms
[2026-01-15T00:35:51.204+0530][23.599s][info][gc,phases   ] GC(122)   Post Evacuate Collection Set: 0.6ms
[2026-01-15T00:35:51.204+0530][23.599s][info][gc,phases   ] GC(122)   Other: 0.2ms
[2026-01-15T00:35:51.204+0530][23.599s][info][gc,heap     ] GC(122) Eden regions: 0->0(25)
[2026-01-15T00:35:51.204+0530][23.599s][info][gc,heap     ] GC(122) Survivor regions: 0->0(4)
[2026-01-15T00:35:51.204+0530][23.599s][info][gc,heap     ] GC(122) Old regions: 1->1
[2026-01-15T00:35:51.204+0530][23.599s][info][gc,heap     ] GC(122) Humongous regions: 230->110
[2026-01-15T00:35:51.204+0530][23.599s][info][gc,metaspace] GC(122) Metaspace: 293K(512K)->293K(512K) NonClass: 284K(384K)->284K(384K) Class: 9K(128K)->9K(128K)
[2026-01-15T00:35:51.204+0530][23.599s][info][gc          ] GC(122) Pause Young (Concurrent Start) (G1 Humongous Allocation) 230M->110M(512M) 2.002ms
[2026-01-15T00:35:51.204+0530][23.599s][info][gc,cpu      ] GC(122) User=0.00s Sys=0.00s Real=0.00s
[2026-01-15T00:35:51.204+0530][23.599s][info][gc          ] GC(123) Concurrent Undo Cycle
[2026-01-15T00:35:51.204+0530][23.600s][info][gc,marking  ] GC(123) Concurrent Clear Claimed Marks
[2026-01-15T00:35:51.204+0530][23.600s][info][gc,marking  ] GC(123) Concurrent Clear Claimed Marks 0.045ms
[2026-01-15T00:35:51.204+0530][23.600s][info][gc,marking  ] GC(123) Concurrent Cleanup for Next Mark
[2026-01-15T00:35:51.204+0530][23.600s][info][gc,marking  ] GC(123) Concurrent Cleanup for Next Mark 0.191ms
[2026-01-15T00:35:51.204+0530][23.600s][info][gc          ] GC(123) Concurrent Undo Cycle 0.498ms
[2026-01-15T00:35:51.584+0530][23.978s][info][gc,start    ] GC(124) Pause Young (Concurrent Start) (G1 Humongous Allocation)
[2026-01-15T00:35:51.584+0530][23.978s][info][gc,task     ] GC(124) Using 8 workers of 8 for evacuation
[2026-01-15T00:35:51.588+0530][23.981s][info][gc,phases   ] GC(124)   Pre Evacuate Collection Set: 0.6ms
[2026-01-15T00:35:51.588+0530][23.981s][info][gc,phases   ] GC(124)   Merge Heap Roots: 0.2ms
[2026-01-15T00:35:51.588+0530][23.981s][info][gc,phases   ] GC(124)   Evacuate Collection Set: 0.6ms
[2026-01-15T00:35:51.588+0530][23.981s][info][gc,phases   ] GC(124)   Post Evacuate Collection Set: 1.2ms
[2026-01-15T00:35:51.588+0530][23.981s][info][gc,phases   ] GC(124)   Other: 0.3ms
[2026-01-15T00:35:51.588+0530][23.982s][info][gc,heap     ] GC(124) Eden regions: 0->0(25)
[2026-01-15T00:35:51.588+0530][23.982s][info][gc,heap     ] GC(124) Survivor regions: 0->0(4)
[2026-01-15T00:35:51.588+0530][23.982s][info][gc,heap     ] GC(124) Old regions: 1->1
[2026-01-15T00:35:51.588+0530][23.982s][info][gc,heap     ] GC(124) Humongous regions: 230->110
[2026-01-15T00:35:51.588+0530][23.982s][info][gc,metaspace] GC(124) Metaspace: 293K(512K)->293K(512K) NonClass: 284K(384K)->284K(384K) Class: 9K(128K)->9K(128K)
[2026-01-15T00:35:51.588+0530][23.982s][info][gc          ] GC(124) Pause Young (Concurrent Start) (G1 Humongous Allocation) 230M->110M(512M) 3.653ms
[2026-01-15T00:35:51.588+0530][23.982s][info][gc,cpu      ] GC(124) User=0.00s Sys=0.00s Real=0.00s
[2026-01-15T00:35:51.588+0530][23.982s][info][gc          ] GC(125) Concurrent Undo Cycle
[2026-01-15T00:35:51.588+0530][23.982s][info][gc,marking  ] GC(125) Concurrent Clear Claimed Marks
[2026-01-15T00:35:51.588+0530][23.982s][info][gc,marking  ] GC(125) Concurrent Clear Claimed Marks 0.043ms
[2026-01-15T00:35:51.588+0530][23.982s][info][gc,marking  ] GC(125) Concurrent Cleanup for Next Mark
[2026-01-15T00:35:51.588+0530][23.982s][info][gc,marking  ] GC(125) Concurrent Cleanup for Next Mark 0.179ms
[2026-01-15T00:35:51.588+0530][23.982s][info][gc          ] GC(125) Concurrent Undo Cycle 0.524ms
[2026-01-15T00:35:51.954+0530][24.348s][info][gc,start    ] GC(126) Pause Young (Concurrent Start) (G1 Humongous Allocation)
[2026-01-15T00:35:51.954+0530][24.348s][info][gc,task     ] GC(126) Using 8 workers of 8 for evacuation
[2026-01-15T00:35:51.954+0530][24.351s][info][gc,phases   ] GC(126)   Pre Evacuate Collection Set: 0.5ms
[2026-01-15T00:35:51.954+0530][24.351s][info][gc,phases   ] GC(126)   Merge Heap Roots: 0.2ms
[2026-01-15T00:35:51.954+0530][24.351s][info][gc,phases   ] GC(126)   Evacuate Collection Set: 0.4ms
[2026-01-15T00:35:51.954+0530][24.351s][info][gc,phases   ] GC(126)   Post Evacuate Collection Set: 0.9ms
[2026-01-15T00:35:51.954+0530][24.351s][info][gc,phases   ] GC(126)   Other: 0.3ms
[2026-01-15T00:35:51.954+0530][24.351s][info][gc,heap     ] GC(126) Eden regions: 0->0(25)
[2026-01-15T00:35:51.954+0530][24.351s][info][gc,heap     ] GC(126) Survivor regions: 0->0(4)
[2026-01-15T00:35:51.954+0530][24.351s][info][gc,heap     ] GC(126) Old regions: 1->1
[2026-01-15T00:35:51.954+0530][24.351s][info][gc,heap     ] GC(126) Humongous regions: 230->110
[2026-01-15T00:35:51.954+0530][24.351s][info][gc,metaspace] GC(126) Metaspace: 293K(512K)->293K(512K) NonClass: 284K(384K)->284K(384K) Class: 9K(128K)->9K(128K)
[2026-01-15T00:35:51.954+0530][24.351s][info][gc          ] GC(126) Pause Young (Concurrent Start) (G1 Humongous Allocation) 230M->110M(512M) 3.044ms
[2026-01-15T00:35:51.954+0530][24.351s][info][gc,cpu      ] GC(126) User=0.00s Sys=0.00s Real=0.00s
[2026-01-15T00:35:51.954+0530][24.351s][info][gc          ] GC(127) Concurrent Undo Cycle
[2026-01-15T00:35:51.954+0530][24.352s][info][gc,marking  ] GC(127) Concurrent Clear Claimed Marks
[2026-01-15T00:35:51.954+0530][24.352s][info][gc,marking  ] GC(127) Concurrent Clear Claimed Marks 0.046ms
[2026-01-15T00:35:51.954+0530][24.352s][info][gc,marking  ] GC(127) Concurrent Cleanup for Next Mark
[2026-01-15T00:35:51.954+0530][24.352s][info][gc,marking  ] GC(127) Concurrent Cleanup for Next Mark 0.165ms
[2026-01-15T00:35:51.954+0530][24.352s][info][gc          ] GC(127) Concurrent Undo Cycle 0.576ms
[2026-01-15T00:35:52.328+0530][24.722s][info][gc,start    ] GC(128) Pause Young (Concurrent Start) (G1 Humongous Allocation)
[2026-01-15T00:35:52.328+0530][24.723s][info][gc,task     ] GC(128) Using 8 workers of 8 for evacuation
[2026-01-15T00:35:52.328+0530][24.725s][info][gc,phases   ] GC(128)   Pre Evacuate Collection Set: 0.4ms
[2026-01-15T00:35:52.328+0530][24.725s][info][gc,phases   ] GC(128)   Merge Heap Roots: 0.3ms
[2026-01-15T00:35:52.328+0530][24.725s][info][gc,phases   ] GC(128)   Evacuate Collection Set: 0.3ms
[2026-01-15T00:35:52.328+0530][24.725s][info][gc,phases   ] GC(128)   Post Evacuate Collection Set: 0.9ms
[2026-01-15T00:35:52.328+0530][24.725s][info][gc,phases   ] GC(128)   Other: 0.2ms
[2026-01-15T00:35:52.328+0530][24.725s][info][gc,heap     ] GC(128) Eden regions: 0->0(25)
[2026-01-15T00:35:52.328+0530][24.725s][info][gc,heap     ] GC(128) Survivor regions: 0->0(4)
[2026-01-15T00:35:52.328+0530][24.725s][info][gc,heap     ] GC(128) Old regions: 1->1
[2026-01-15T00:35:52.328+0530][24.725s][info][gc,heap     ] GC(128) Humongous regions: 230->110
[2026-01-15T00:35:52.328+0530][24.725s][info][gc,metaspace] GC(128) Metaspace: 293K(512K)->293K(512K) NonClass: 284K(384K)->284K(384K) Class: 9K(128K)->9K(128K)
[2026-01-15T00:35:52.328+0530][24.725s][info][gc          ] GC(128) Pause Young (Concurrent Start) (G1 Humongous Allocation) 230M->110M(512M) 2.635ms
[2026-01-15T00:35:52.328+0530][24.725s][info][gc,cpu      ] GC(128) User=0.00s Sys=0.00s Real=0.00s
[2026-01-15T00:35:52.328+0530][24.725s][info][gc          ] GC(129) Concurrent Undo Cycle
[2026-01-15T00:35:52.328+0530][24.725s][info][gc,marking  ] GC(129) Concurrent Clear Claimed Marks
[2026-01-15T00:35:52.328+0530][24.725s][info][gc,marking  ] GC(129) Concurrent Clear Claimed Marks 0.031ms
[2026-01-15T00:35:52.328+0530][24.725s][info][gc,marking  ] GC(129) Concurrent Cleanup for Next Mark
[2026-01-15T00:35:52.328+0530][24.726s][info][gc,marking  ] GC(129) Concurrent Cleanup for Next Mark 0.227ms
[2026-01-15T00:35:52.328+0530][24.726s][info][gc          ] GC(129) Concurrent Undo Cycle 0.495ms
[2026-01-15T00:35:52.711+0530][25.105s][info][gc,start    ] GC(130) Pause Young (Concurrent Start) (G1 Humongous Allocation)
[2026-01-15T00:35:52.711+0530][25.106s][info][gc,task     ] GC(130) Using 8 workers of 8 for evacuation
[2026-01-15T00:35:52.714+0530][25.108s][info][gc,phases   ] GC(130)   Pre Evacuate Collection Set: 0.6ms
[2026-01-15T00:35:52.714+0530][25.108s][info][gc,phases   ] GC(130)   Merge Heap Roots: 0.1ms
[2026-01-15T00:35:52.714+0530][25.108s][info][gc,phases   ] GC(130)   Evacuate Collection Set: 0.4ms
[2026-01-15T00:35:52.714+0530][25.108s][info][gc,phases   ] GC(130)   Post Evacuate Collection Set: 1.0ms
[2026-01-15T00:35:52.714+0530][25.108s][info][gc,phases   ] GC(130)   Other: 0.3ms
[2026-01-15T00:35:52.714+0530][25.108s][info][gc,heap     ] GC(130) Eden regions: 0->0(25)
[2026-01-15T00:35:52.714+0530][25.108s][info][gc,heap     ] GC(130) Survivor regions: 0->0(4)
[2026-01-15T00:35:52.714+0530][25.108s][info][gc,heap     ] GC(130) Old regions: 1->1
[2026-01-15T00:35:52.714+0530][25.108s][info][gc,heap     ] GC(130) Humongous regions: 230->110
[2026-01-15T00:35:52.714+0530][25.109s][info][gc,metaspace] GC(130) Metaspace: 293K(512K)->293K(512K) NonClass: 284K(384K)->284K(384K) Class: 9K(128K)->9K(128K)
[2026-01-15T00:35:52.714+0530][25.109s][info][gc          ] GC(130) Pause Young (Concurrent Start) (G1 Humongous Allocation) 230M->110M(512M) 3.722ms
[2026-01-15T00:35:52.714+0530][25.109s][info][gc,cpu      ] GC(130) User=0.00s Sys=0.00s Real=0.00s
[2026-01-15T00:35:52.714+0530][25.109s][info][gc          ] GC(131) Concurrent Undo Cycle
[2026-01-15T00:35:52.717+0530][25.109s][info][gc,marking  ] GC(131) Concurrent Clear Claimed Marks
[2026-01-15T00:35:52.717+0530][25.109s][info][gc,marking  ] GC(131) Concurrent Clear Claimed Marks 0.043ms
[2026-01-15T00:35:52.717+0530][25.109s][info][gc,marking  ] GC(131) Concurrent Cleanup for Next Mark
[2026-01-15T00:35:52.717+0530][25.110s][info][gc,marking  ] GC(131) Concurrent Cleanup for Next Mark 0.271ms
[2026-01-15T00:35:52.717+0530][25.110s][info][gc          ] GC(131) Concurrent Undo Cycle 0.847ms
[2026-01-15T00:35:53.089+0530][25.483s][info][gc,start    ] GC(132) Pause Young (Concurrent Start) (G1 Humongous Allocation)
[2026-01-15T00:35:53.089+0530][25.483s][info][gc,task     ] GC(132) Using 8 workers of 8 for evacuation
[2026-01-15T00:35:53.089+0530][25.485s][info][gc,phases   ] GC(132)   Pre Evacuate Collection Set: 0.4ms
[2026-01-15T00:35:53.089+0530][25.485s][info][gc,phases   ] GC(132)   Merge Heap Roots: 0.1ms
[2026-01-15T00:35:53.089+0530][25.485s][info][gc,phases   ] GC(132)   Evacuate Collection Set: 0.3ms
[2026-01-15T00:35:53.089+0530][25.485s][info][gc,phases   ] GC(132)   Post Evacuate Collection Set: 0.8ms
[2026-01-15T00:35:53.089+0530][25.485s][info][gc,phases   ] GC(132)   Other: 0.2ms
[2026-01-15T00:35:53.089+0530][25.485s][info][gc,heap     ] GC(132) Eden regions: 0->0(25)
[2026-01-15T00:35:53.089+0530][25.485s][info][gc,heap     ] GC(132) Survivor regions: 0->0(4)
[2026-01-15T00:35:53.089+0530][25.485s][info][gc,heap     ] GC(132) Old regions: 1->1
[2026-01-15T00:35:53.089+0530][25.485s][info][gc,heap     ] GC(132) Humongous regions: 230->110
[2026-01-15T00:35:53.089+0530][25.485s][info][gc,metaspace] GC(132) Metaspace: 293K(512K)->293K(512K) NonClass: 284K(384K)->284K(384K) Class: 9K(128K)->9K(128K)
[2026-01-15T00:35:53.089+0530][25.485s][info][gc          ] GC(132) Pause Young (Concurrent Start) (G1 Humongous Allocation) 230M->110M(512M) 2.644ms
[2026-01-15T00:35:53.089+0530][25.485s][info][gc,cpu      ] GC(132) User=0.02s Sys=0.02s Real=0.00s
[2026-01-15T00:35:53.089+0530][25.485s][info][gc          ] GC(133) Concurrent Undo Cycle
[2026-01-15T00:35:53.089+0530][25.486s][info][gc,marking  ] GC(133) Concurrent Clear Claimed Marks
[2026-01-15T00:35:53.089+0530][25.486s][info][gc,marking  ] GC(133) Concurrent Clear Claimed Marks 0.028ms
[2026-01-15T00:35:53.089+0530][25.486s][info][gc,marking  ] GC(133) Concurrent Cleanup for Next Mark
[2026-01-15T00:35:53.089+0530][25.486s][info][gc,marking  ] GC(133) Concurrent Cleanup for Next Mark 0.225ms
[2026-01-15T00:35:53.089+0530][25.486s][info][gc          ] GC(133) Concurrent Undo Cycle 0.485ms
[2026-01-15T00:35:53.459+0530][25.851s][info][gc,start    ] GC(134) Pause Young (Concurrent Start) (G1 Humongous Allocation)
[2026-01-15T00:35:53.459+0530][25.851s][info][gc,task     ] GC(134) Using 8 workers of 8 for evacuation
[2026-01-15T00:35:53.461+0530][25.854s][info][gc,phases   ] GC(134)   Pre Evacuate Collection Set: 0.4ms
[2026-01-15T00:35:53.461+0530][25.854s][info][gc,phases   ] GC(134)   Merge Heap Roots: 0.1ms
[2026-01-15T00:35:53.461+0530][25.854s][info][gc,phases   ] GC(134)   Evacuate Collection Set: 0.6ms
[2026-01-15T00:35:53.461+0530][25.854s][info][gc,phases   ] GC(134)   Post Evacuate Collection Set: 0.7ms
[2026-01-15T00:35:53.461+0530][25.854s][info][gc,phases   ] GC(134)   Other: 0.3ms
[2026-01-15T00:35:53.461+0530][25.854s][info][gc,heap     ] GC(134) Eden regions: 0->0(25)
[2026-01-15T00:35:53.461+0530][25.854s][info][gc,heap     ] GC(134) Survivor regions: 0->0(4)
[2026-01-15T00:35:53.461+0530][25.854s][info][gc,heap     ] GC(134) Old regions: 1->1
[2026-01-15T00:35:53.461+0530][25.854s][info][gc,heap     ] GC(134) Humongous regions: 230->110
[2026-01-15T00:35:53.461+0530][25.854s][info][gc,metaspace] GC(134) Metaspace: 293K(512K)->293K(512K) NonClass: 284K(384K)->284K(384K) Class: 9K(128K)->9K(128K)
[2026-01-15T00:35:53.461+0530][25.854s][info][gc          ] GC(134) Pause Young (Concurrent Start) (G1 Humongous Allocation) 230M->110M(512M) 2.915ms
[2026-01-15T00:35:53.461+0530][25.854s][info][gc,cpu      ] GC(134) User=0.00s Sys=0.00s Real=0.00s
[2026-01-15T00:35:53.462+0530][25.854s][info][gc          ] GC(135) Concurrent Undo Cycle
[2026-01-15T00:35:53.462+0530][25.854s][info][gc,marking  ] GC(135) Concurrent Clear Claimed Marks
[2026-01-15T00:35:53.462+0530][25.854s][info][gc,marking  ] GC(135) Concurrent Clear Claimed Marks 0.032ms
[2026-01-15T00:35:53.462+0530][25.854s][info][gc,marking  ] GC(135) Concurrent Cleanup for Next Mark
[2026-01-15T00:35:53.462+0530][25.855s][info][gc,marking  ] GC(135) Concurrent Cleanup for Next Mark 0.184ms
[2026-01-15T00:35:53.462+0530][25.855s][info][gc          ] GC(135) Concurrent Undo Cycle 0.431ms
[2026-01-15T00:35:53.824+0530][26.218s][info][gc,start    ] GC(136) Pause Young (Concurrent Start) (G1 Humongous Allocation)
[2026-01-15T00:35:53.824+0530][26.218s][info][gc,task     ] GC(136) Using 8 workers of 8 for evacuation
[2026-01-15T00:35:53.824+0530][26.221s][info][gc,phases   ] GC(136)   Pre Evacuate Collection Set: 0.5ms
[2026-01-15T00:35:53.824+0530][26.221s][info][gc,phases   ] GC(136)   Merge Heap Roots: 0.4ms
[2026-01-15T00:35:53.824+0530][26.221s][info][gc,phases   ] GC(136)   Evacuate Collection Set: 0.5ms
[2026-01-15T00:35:53.824+0530][26.221s][info][gc,phases   ] GC(136)   Post Evacuate Collection Set: 1.1ms
[2026-01-15T00:35:53.824+0530][26.221s][info][gc,phases   ] GC(136)   Other: 0.3ms
[2026-01-15T00:35:53.824+0530][26.221s][info][gc,heap     ] GC(136) Eden regions: 0->0(25)
[2026-01-15T00:35:53.824+0530][26.221s][info][gc,heap     ] GC(136) Survivor regions: 0->0(4)
[2026-01-15T00:35:53.824+0530][26.221s][info][gc,heap     ] GC(136) Old regions: 1->1
[2026-01-15T00:35:53.824+0530][26.221s][info][gc,heap     ] GC(136) Humongous regions: 230->110
[2026-01-15T00:35:53.824+0530][26.221s][info][gc,metaspace] GC(136) Metaspace: 293K(512K)->293K(512K) NonClass: 284K(384K)->284K(384K) Class: 9K(128K)->9K(128K)
[2026-01-15T00:35:53.824+0530][26.221s][info][gc          ] GC(136) Pause Young (Concurrent Start) (G1 Humongous Allocation) 230M->110M(512M) 3.265ms
[2026-01-15T00:35:53.824+0530][26.221s][info][gc,cpu      ] GC(136) User=0.00s Sys=0.02s Real=0.00s
[2026-01-15T00:35:53.824+0530][26.221s][info][gc          ] GC(137) Concurrent Undo Cycle
[2026-01-15T00:35:53.824+0530][26.221s][info][gc,marking  ] GC(137) Concurrent Clear Claimed Marks
[2026-01-15T00:35:53.824+0530][26.221s][info][gc,marking  ] GC(137) Concurrent Clear Claimed Marks 0.027ms
[2026-01-15T00:35:53.824+0530][26.221s][info][gc,marking  ] GC(137) Concurrent Cleanup for Next Mark
[2026-01-15T00:35:53.824+0530][26.222s][info][gc,marking  ] GC(137) Concurrent Cleanup for Next Mark 0.102ms
[2026-01-15T00:35:53.824+0530][26.222s][info][gc          ] GC(137) Concurrent Undo Cycle 0.307ms
[2026-01-15T00:35:54.176+0530][26.570s][info][gc,start    ] GC(138) Pause Young (Concurrent Start) (G1 Humongous Allocation)
[2026-01-15T00:35:54.176+0530][26.570s][info][gc,task     ] GC(138) Using 8 workers of 8 for evacuation
[2026-01-15T00:35:54.179+0530][26.572s][info][gc,phases   ] GC(138)   Pre Evacuate Collection Set: 0.4ms
[2026-01-15T00:35:54.179+0530][26.572s][info][gc,phases   ] GC(138)   Merge Heap Roots: 0.2ms
[2026-01-15T00:35:54.179+0530][26.572s][info][gc,phases   ] GC(138)   Evacuate Collection Set: 0.3ms
[2026-01-15T00:35:54.179+0530][26.572s][info][gc,phases   ] GC(138)   Post Evacuate Collection Set: 0.9ms
[2026-01-15T00:35:54.179+0530][26.572s][info][gc,phases   ] GC(138)   Other: 0.4ms
[2026-01-15T00:35:54.179+0530][26.572s][info][gc,heap     ] GC(138) Eden regions: 0->0(25)
[2026-01-15T00:35:54.179+0530][26.572s][info][gc,heap     ] GC(138) Survivor regions: 0->0(4)
[2026-01-15T00:35:54.179+0530][26.572s][info][gc,heap     ] GC(138) Old regions: 1->1
[2026-01-15T00:35:54.179+0530][26.573s][info][gc,heap     ] GC(138) Humongous regions: 230->110
[2026-01-15T00:35:54.179+0530][26.573s][info][gc,metaspace] GC(138) Metaspace: 293K(512K)->293K(512K) NonClass: 284K(384K)->284K(384K) Class: 9K(128K)->9K(128K)
[2026-01-15T00:35:54.179+0530][26.573s][info][gc          ] GC(138) Pause Young (Concurrent Start) (G1 Humongous Allocation) 230M->110M(512M) 2.908ms
[2026-01-15T00:35:54.179+0530][26.573s][info][gc,cpu      ] GC(138) User=0.00s Sys=0.00s Real=0.00s
[2026-01-15T00:35:54.179+0530][26.573s][info][gc          ] GC(139) Concurrent Undo Cycle
[2026-01-15T00:35:54.179+0530][26.573s][info][gc,marking  ] GC(139) Concurrent Clear Claimed Marks
[2026-01-15T00:35:54.179+0530][26.573s][info][gc,marking  ] GC(139) Concurrent Clear Claimed Marks 0.026ms
[2026-01-15T00:35:54.179+0530][26.573s][info][gc,marking  ] GC(139) Concurrent Cleanup for Next Mark
[2026-01-15T00:35:54.179+0530][26.573s][info][gc,marking  ] GC(139) Concurrent Cleanup for Next Mark 0.222ms
[2026-01-15T00:35:54.179+0530][26.573s][info][gc          ] GC(139) Concurrent Undo Cycle 0.473ms
[2026-01-15T00:35:54.540+0530][26.933s][info][gc,start    ] GC(140) Pause Young (Concurrent Start) (G1 Humongous Allocation)
[2026-01-15T00:35:54.540+0530][26.934s][info][gc,task     ] GC(140) Using 8 workers of 8 for evacuation
[2026-01-15T00:35:54.540+0530][26.936s][info][gc,phases   ] GC(140)   Pre Evacuate Collection Set: 0.5ms
[2026-01-15T00:35:54.540+0530][26.936s][info][gc,phases   ] GC(140)   Merge Heap Roots: 0.2ms
[2026-01-15T00:35:54.540+0530][26.936s][info][gc,phases   ] GC(140)   Evacuate Collection Set: 0.3ms
[2026-01-15T00:35:54.540+0530][26.936s][info][gc,phases   ] GC(140)   Post Evacuate Collection Set: 0.9ms
[2026-01-15T00:35:54.540+0530][26.936s][info][gc,phases   ] GC(140)   Other: 0.3ms
[2026-01-15T00:35:54.540+0530][26.936s][info][gc,heap     ] GC(140) Eden regions: 0->0(25)
[2026-01-15T00:35:54.540+0530][26.936s][info][gc,heap     ] GC(140) Survivor regions: 0->0(4)
[2026-01-15T00:35:54.540+0530][26.936s][info][gc,heap     ] GC(140) Old regions: 1->1
[2026-01-15T00:35:54.540+0530][26.936s][info][gc,heap     ] GC(140) Humongous regions: 230->110
[2026-01-15T00:35:54.540+0530][26.936s][info][gc,metaspace] GC(140) Metaspace: 293K(512K)->293K(512K) NonClass: 284K(384K)->284K(384K) Class: 9K(128K)->9K(128K)
[2026-01-15T00:35:54.540+0530][26.936s][info][gc          ] GC(140) Pause Young (Concurrent Start) (G1 Humongous Allocation) 230M->110M(512M) 2.790ms
[2026-01-15T00:35:54.540+0530][26.936s][info][gc,cpu      ] GC(140) User=0.00s Sys=0.00s Real=0.00s
[2026-01-15T00:35:54.540+0530][26.936s][info][gc          ] GC(141) Concurrent Undo Cycle
[2026-01-15T00:35:54.544+0530][26.936s][info][gc,marking  ] GC(141) Concurrent Clear Claimed Marks
[2026-01-15T00:35:54.544+0530][26.936s][info][gc,marking  ] GC(141) Concurrent Clear Claimed Marks 0.035ms
[2026-01-15T00:35:54.544+0530][26.936s][info][gc,marking  ] GC(141) Concurrent Cleanup for Next Mark
[2026-01-15T00:35:54.544+0530][26.937s][info][gc,marking  ] GC(141) Concurrent Cleanup for Next Mark 0.215ms
[2026-01-15T00:35:54.544+0530][26.937s][info][gc          ] GC(141) Concurrent Undo Cycle 0.490ms
[2026-01-15T00:35:54.911+0530][27.305s][info][gc,start    ] GC(142) Pause Young (Concurrent Start) (G1 Humongous Allocation)
[2026-01-15T00:35:54.911+0530][27.305s][info][gc,task     ] GC(142) Using 8 workers of 8 for evacuation
[2026-01-15T00:35:54.914+0530][27.307s][info][gc,phases   ] GC(142)   Pre Evacuate Collection Set: 0.4ms
[2026-01-15T00:35:54.914+0530][27.307s][info][gc,phases   ] GC(142)   Merge Heap Roots: 0.2ms
[2026-01-15T00:35:54.914+0530][27.307s][info][gc,phases   ] GC(142)   Evacuate Collection Set: 0.4ms
[2026-01-15T00:35:54.914+0530][27.307s][info][gc,phases   ] GC(142)   Post Evacuate Collection Set: 0.9ms
[2026-01-15T00:35:54.914+0530][27.307s][info][gc,phases   ] GC(142)   Other: 0.3ms
[2026-01-15T00:35:54.914+0530][27.308s][info][gc,heap     ] GC(142) Eden regions: 0->0(25)
[2026-01-15T00:35:54.914+0530][27.308s][info][gc,heap     ] GC(142) Survivor regions: 0->0(4)
[2026-01-15T00:35:54.914+0530][27.308s][info][gc,heap     ] GC(142) Old regions: 1->1
[2026-01-15T00:35:54.914+0530][27.308s][info][gc,heap     ] GC(142) Humongous regions: 230->110
[2026-01-15T00:35:54.914+0530][27.308s][info][gc,metaspace] GC(142) Metaspace: 293K(512K)->293K(512K) NonClass: 284K(384K)->284K(384K) Class: 9K(128K)->9K(128K)
[2026-01-15T00:35:54.914+0530][27.308s][info][gc          ] GC(142) Pause Young (Concurrent Start) (G1 Humongous Allocation) 230M->110M(512M) 3.650ms
[2026-01-15T00:35:54.914+0530][27.308s][info][gc          ] GC(143) Concurrent Undo Cycle
[2026-01-15T00:35:54.914+0530][27.308s][info][gc,cpu      ] GC(142) User=0.00s Sys=0.00s Real=0.00s
[2026-01-15T00:35:54.914+0530][27.309s][info][gc,marking  ] GC(143) Concurrent Clear Claimed Marks
[2026-01-15T00:35:54.914+0530][27.309s][info][gc,marking  ] GC(143) Concurrent Clear Claimed Marks 0.028ms
[2026-01-15T00:35:54.914+0530][27.309s][info][gc,marking  ] GC(143) Concurrent Cleanup for Next Mark
[2026-01-15T00:35:54.916+0530][27.309s][info][gc,marking  ] GC(143) Concurrent Cleanup for Next Mark 0.350ms
[2026-01-15T00:35:54.916+0530][27.309s][info][gc          ] GC(143) Concurrent Undo Cycle 0.808ms
[2026-01-15T00:35:55.284+0530][27.678s][info][gc,start    ] GC(144) Pause Young (Concurrent Start) (G1 Humongous Allocation)
[2026-01-15T00:35:55.284+0530][27.678s][info][gc,task     ] GC(144) Using 8 workers of 8 for evacuation
[2026-01-15T00:35:55.286+0530][27.680s][info][gc,phases   ] GC(144)   Pre Evacuate Collection Set: 0.4ms
[2026-01-15T00:35:55.286+0530][27.680s][info][gc,phases   ] GC(144)   Merge Heap Roots: 0.2ms
[2026-01-15T00:35:55.286+0530][27.680s][info][gc,phases   ] GC(144)   Evacuate Collection Set: 0.3ms
[2026-01-15T00:35:55.286+0530][27.680s][info][gc,phases   ] GC(144)   Post Evacuate Collection Set: 0.7ms
[2026-01-15T00:35:55.286+0530][27.680s][info][gc,phases   ] GC(144)   Other: 0.2ms
[2026-01-15T00:35:55.286+0530][27.680s][info][gc,heap     ] GC(144) Eden regions: 0->0(25)
[2026-01-15T00:35:55.286+0530][27.680s][info][gc,heap     ] GC(144) Survivor regions: 0->0(4)
[2026-01-15T00:35:55.286+0530][27.680s][info][gc,heap     ] GC(144) Old regions: 1->1
[2026-01-15T00:35:55.286+0530][27.680s][info][gc,heap     ] GC(144) Humongous regions: 230->110
[2026-01-15T00:35:55.286+0530][27.680s][info][gc,metaspace] GC(144) Metaspace: 293K(512K)->293K(512K) NonClass: 284K(384K)->284K(384K) Class: 9K(128K)->9K(128K)
[2026-01-15T00:35:55.286+0530][27.680s][info][gc          ] GC(144) Pause Young (Concurrent Start) (G1 Humongous Allocation) 230M->110M(512M) 2.205ms
[2026-01-15T00:35:55.286+0530][27.680s][info][gc,cpu      ] GC(144) User=0.00s Sys=0.00s Real=0.00s
[2026-01-15T00:35:55.286+0530][27.680s][info][gc          ] GC(145) Concurrent Undo Cycle
[2026-01-15T00:35:55.286+0530][27.681s][info][gc,marking  ] GC(145) Concurrent Clear Claimed Marks
[2026-01-15T00:35:55.286+0530][27.681s][info][gc,marking  ] GC(145) Concurrent Clear Claimed Marks 0.027ms
[2026-01-15T00:35:55.286+0530][27.681s][info][gc,marking  ] GC(145) Concurrent Cleanup for Next Mark
[2026-01-15T00:35:55.286+0530][27.681s][info][gc,marking  ] GC(145) Concurrent Cleanup for Next Mark 0.227ms
[2026-01-15T00:35:55.288+0530][27.681s][info][gc          ] GC(145) Concurrent Undo Cycle 0.536ms
[2026-01-15T00:35:55.656+0530][28.049s][info][gc,start    ] GC(146) Pause Young (Concurrent Start) (G1 Humongous Allocation)
[2026-01-15T00:35:55.656+0530][28.049s][info][gc,task     ] GC(146) Using 8 workers of 8 for evacuation
[2026-01-15T00:35:55.656+0530][28.051s][info][gc,phases   ] GC(146)   Pre Evacuate Collection Set: 0.3ms
[2026-01-15T00:35:55.656+0530][28.051s][info][gc,phases   ] GC(146)   Merge Heap Roots: 0.2ms
[2026-01-15T00:35:55.656+0530][28.051s][info][gc,phases   ] GC(146)   Evacuate Collection Set: 0.4ms
[2026-01-15T00:35:55.656+0530][28.051s][info][gc,phases   ] GC(146)   Post Evacuate Collection Set: 0.7ms
[2026-01-15T00:35:55.656+0530][28.051s][info][gc,phases   ] GC(146)   Other: 0.4ms
[2026-01-15T00:35:55.656+0530][28.051s][info][gc,heap     ] GC(146) Eden regions: 0->0(25)
[2026-01-15T00:35:55.656+0530][28.052s][info][gc,heap     ] GC(146) Survivor regions: 0->0(4)
[2026-01-15T00:35:55.656+0530][28.052s][info][gc,heap     ] GC(146) Old regions: 1->1
[2026-01-15T00:35:55.656+0530][28.052s][info][gc,heap     ] GC(146) Humongous regions: 230->110
[2026-01-15T00:35:55.656+0530][28.052s][info][gc,metaspace] GC(146) Metaspace: 293K(512K)->293K(512K) NonClass: 284K(384K)->284K(384K) Class: 9K(128K)->9K(128K)
[2026-01-15T00:35:55.656+0530][28.052s][info][gc          ] GC(146) Pause Young (Concurrent Start) (G1 Humongous Allocation) 230M->110M(512M) 2.662ms
[2026-01-15T00:35:55.656+0530][28.052s][info][gc,cpu      ] GC(146) User=0.00s Sys=0.00s Real=0.00s
[2026-01-15T00:35:55.656+0530][28.052s][info][gc          ] GC(147) Concurrent Undo Cycle
[2026-01-15T00:35:55.656+0530][28.052s][info][gc,marking  ] GC(147) Concurrent Clear Claimed Marks
[2026-01-15T00:35:55.656+0530][28.052s][info][gc,marking  ] GC(147) Concurrent Clear Claimed Marks 0.039ms
[2026-01-15T00:35:55.656+0530][28.052s][info][gc,marking  ] GC(147) Concurrent Cleanup for Next Mark
[2026-01-15T00:35:55.656+0530][28.052s][info][gc,marking  ] GC(147) Concurrent Cleanup for Next Mark 0.154ms
[2026-01-15T00:35:55.656+0530][28.052s][info][gc          ] GC(147) Concurrent Undo Cycle 0.484ms
[2026-01-15T00:35:56.030+0530][28.422s][info][gc,start    ] GC(148) Pause Young (Concurrent Start) (G1 Humongous Allocation)
[2026-01-15T00:35:56.030+0530][28.422s][info][gc,task     ] GC(148) Using 8 workers of 8 for evacuation
[2026-01-15T00:35:56.031+0530][28.424s][info][gc,phases   ] GC(148)   Pre Evacuate Collection Set: 0.3ms
[2026-01-15T00:35:56.031+0530][28.424s][info][gc,phases   ] GC(148)   Merge Heap Roots: 0.2ms
[2026-01-15T00:35:56.031+0530][28.424s][info][gc,phases   ] GC(148)   Evacuate Collection Set: 0.3ms
[2026-01-15T00:35:56.031+0530][28.424s][info][gc,phases   ] GC(148)   Post Evacuate Collection Set: 0.4ms
[2026-01-15T00:35:56.031+0530][28.424s][info][gc,phases   ] GC(148)   Other: 0.2ms
[2026-01-15T00:35:56.031+0530][28.424s][info][gc,heap     ] GC(148) Eden regions: 0->0(25)
[2026-01-15T00:35:56.031+0530][28.424s][info][gc,heap     ] GC(148) Survivor regions: 0->0(4)
[2026-01-15T00:35:56.031+0530][28.424s][info][gc,heap     ] GC(148) Old regions: 1->1
[2026-01-15T00:35:56.031+0530][28.424s][info][gc,heap     ] GC(148) Humongous regions: 230->110
[2026-01-15T00:35:56.031+0530][28.424s][info][gc,metaspace] GC(148) Metaspace: 293K(512K)->293K(512K) NonClass: 284K(384K)->284K(384K) Class: 9K(128K)->9K(128K)
[2026-01-15T00:35:56.031+0530][28.424s][info][gc          ] GC(148) Pause Young (Concurrent Start) (G1 Humongous Allocation) 230M->110M(512M) 1.836ms
[2026-01-15T00:35:56.031+0530][28.424s][info][gc,cpu      ] GC(148) User=0.00s Sys=0.00s Real=0.00s
[2026-01-15T00:35:56.031+0530][28.424s][info][gc          ] GC(149) Concurrent Undo Cycle
[2026-01-15T00:35:56.031+0530][28.424s][info][gc,marking  ] GC(149) Concurrent Clear Claimed Marks
[2026-01-15T00:35:56.031+0530][28.424s][info][gc,marking  ] GC(149) Concurrent Clear Claimed Marks 0.043ms
[2026-01-15T00:35:56.031+0530][28.424s][info][gc,marking  ] GC(149) Concurrent Cleanup for Next Mark
[2026-01-15T00:35:56.032+0530][28.424s][info][gc,marking  ] GC(149) Concurrent Cleanup for Next Mark 0.154ms
[2026-01-15T00:35:56.032+0530][28.424s][info][gc          ] GC(149) Concurrent Undo Cycle 0.428ms
[2026-01-15T00:35:56.384+0530][28.777s][info][gc,start    ] GC(150) Pause Young (Concurrent Start) (G1 Humongous Allocation)
[2026-01-15T00:35:56.384+0530][28.777s][info][gc,task     ] GC(150) Using 8 workers of 8 for evacuation
[2026-01-15T00:35:56.384+0530][28.778s][info][gc,phases   ] GC(150)   Pre Evacuate Collection Set: 0.4ms
[2026-01-15T00:35:56.384+0530][28.778s][info][gc,phases   ] GC(150)   Merge Heap Roots: 0.1ms
[2026-01-15T00:35:56.384+0530][28.778s][info][gc,phases   ] GC(150)   Evacuate Collection Set: 0.3ms
[2026-01-15T00:35:56.384+0530][28.779s][info][gc,phases   ] GC(150)   Post Evacuate Collection Set: 0.4ms
[2026-01-15T00:35:56.384+0530][28.779s][info][gc,phases   ] GC(150)   Other: 0.2ms
[2026-01-15T00:35:56.384+0530][28.779s][info][gc,heap     ] GC(150) Eden regions: 0->0(25)
[2026-01-15T00:35:56.384+0530][28.779s][info][gc,heap     ] GC(150) Survivor regions: 0->0(4)
[2026-01-15T00:35:56.384+0530][28.779s][info][gc,heap     ] GC(150) Old regions: 1->1
[2026-01-15T00:35:56.384+0530][28.779s][info][gc,heap     ] GC(150) Humongous regions: 230->110
[2026-01-15T00:35:56.384+0530][28.779s][info][gc,metaspace] GC(150) Metaspace: 293K(512K)->293K(512K) NonClass: 284K(384K)->284K(384K) Class: 9K(128K)->9K(128K)
[2026-01-15T00:35:56.384+0530][28.779s][info][gc          ] GC(150) Pause Young (Concurrent Start) (G1 Humongous Allocation) 230M->110M(512M) 2.045ms
[2026-01-15T00:35:56.384+0530][28.779s][info][gc,cpu      ] GC(150) User=0.00s Sys=0.00s Real=0.00s
[2026-01-15T00:35:56.384+0530][28.779s][info][gc          ] GC(151) Concurrent Undo Cycle
[2026-01-15T00:35:56.384+0530][28.779s][info][gc,marking  ] GC(151) Concurrent Clear Claimed Marks
[2026-01-15T00:35:56.384+0530][28.779s][info][gc,marking  ] GC(151) Concurrent Clear Claimed Marks 0.027ms
[2026-01-15T00:35:56.384+0530][28.779s][info][gc,marking  ] GC(151) Concurrent Cleanup for Next Mark
[2026-01-15T00:35:56.384+0530][28.779s][info][gc,marking  ] GC(151) Concurrent Cleanup for Next Mark 0.141ms
[2026-01-15T00:35:56.384+0530][28.779s][info][gc          ] GC(151) Concurrent Undo Cycle 0.348ms
[2026-01-15T00:35:56.755+0530][29.148s][info][gc,start    ] GC(152) Pause Young (Concurrent Start) (G1 Humongous Allocation)
[2026-01-15T00:35:56.755+0530][29.149s][info][gc,task     ] GC(152) Using 8 workers of 8 for evacuation
[2026-01-15T00:35:56.755+0530][29.150s][info][gc,phases   ] GC(152)   Pre Evacuate Collection Set: 0.3ms
[2026-01-15T00:35:56.755+0530][29.150s][info][gc,phases   ] GC(152)   Merge Heap Roots: 0.1ms
[2026-01-15T00:35:56.755+0530][29.150s][info][gc,phases   ] GC(152)   Evacuate Collection Set: 0.2ms
[2026-01-15T00:35:56.755+0530][29.150s][info][gc,phases   ] GC(152)   Post Evacuate Collection Set: 0.8ms
[2026-01-15T00:35:56.755+0530][29.150s][info][gc,phases   ] GC(152)   Other: 0.2ms
[2026-01-15T00:35:56.755+0530][29.150s][info][gc,heap     ] GC(152) Eden regions: 0->0(25)
[2026-01-15T00:35:56.755+0530][29.150s][info][gc,heap     ] GC(152) Survivor regions: 0->0(4)
[2026-01-15T00:35:56.755+0530][29.150s][info][gc,heap     ] GC(152) Old regions: 1->1
[2026-01-15T00:35:56.755+0530][29.150s][info][gc,heap     ] GC(152) Humongous regions: 230->110
[2026-01-15T00:35:56.755+0530][29.150s][info][gc,metaspace] GC(152) Metaspace: 293K(512K)->293K(512K) NonClass: 284K(384K)->284K(384K) Class: 9K(128K)->9K(128K)
[2026-01-15T00:35:56.755+0530][29.150s][info][gc          ] GC(152) Pause Young (Concurrent Start) (G1 Humongous Allocation) 230M->110M(512M) 2.424ms
[2026-01-15T00:35:56.755+0530][29.151s][info][gc,cpu      ] GC(152) User=0.00s Sys=0.00s Real=0.00s
[2026-01-15T00:35:56.755+0530][29.151s][info][gc          ] GC(153) Concurrent Undo Cycle
[2026-01-15T00:35:56.755+0530][29.151s][info][gc,marking  ] GC(153) Concurrent Clear Claimed Marks
[2026-01-15T00:35:56.755+0530][29.151s][info][gc,marking  ] GC(153) Concurrent Clear Claimed Marks 0.031ms
[2026-01-15T00:35:56.755+0530][29.151s][info][gc,marking  ] GC(153) Concurrent Cleanup for Next Mark
[2026-01-15T00:35:56.755+0530][29.151s][info][gc,marking  ] GC(153) Concurrent Cleanup for Next Mark 0.182ms
[2026-01-15T00:35:56.755+0530][29.151s][info][gc          ] GC(153) Concurrent Undo Cycle 0.426ms
[2026-01-15T00:35:57.123+0530][29.516s][info][gc,start    ] GC(154) Pause Young (Concurrent Start) (G1 Humongous Allocation)
[2026-01-15T00:35:57.123+0530][29.516s][info][gc,task     ] GC(154) Using 8 workers of 8 for evacuation
[2026-01-15T00:35:57.124+0530][29.518s][info][gc,phases   ] GC(154)   Pre Evacuate Collection Set: 0.3ms
[2026-01-15T00:35:57.124+0530][29.518s][info][gc,phases   ] GC(154)   Merge Heap Roots: 0.1ms
[2026-01-15T00:35:57.124+0530][29.518s][info][gc,phases   ] GC(154)   Evacuate Collection Set: 0.2ms
[2026-01-15T00:35:57.124+0530][29.518s][info][gc,phases   ] GC(154)   Post Evacuate Collection Set: 0.7ms
[2026-01-15T00:35:57.124+0530][29.518s][info][gc,phases   ] GC(154)   Other: 0.3ms
[2026-01-15T00:35:57.124+0530][29.518s][info][gc,heap     ] GC(154) Eden regions: 0->0(25)
[2026-01-15T00:35:57.124+0530][29.518s][info][gc,heap     ] GC(154) Survivor regions: 0->0(4)
[2026-01-15T00:35:57.124+0530][29.518s][info][gc,heap     ] GC(154) Old regions: 1->1
[2026-01-15T00:35:57.124+0530][29.518s][info][gc,heap     ] GC(154) Humongous regions: 230->110
[2026-01-15T00:35:57.124+0530][29.518s][info][gc,metaspace] GC(154) Metaspace: 293K(512K)->293K(512K) NonClass: 284K(384K)->284K(384K) Class: 9K(128K)->9K(128K)
[2026-01-15T00:35:57.124+0530][29.518s][info][gc          ] GC(154) Pause Young (Concurrent Start) (G1 Humongous Allocation) 230M->110M(512M) 2.207ms
[2026-01-15T00:35:57.124+0530][29.518s][info][gc,cpu      ] GC(154) User=0.00s Sys=0.00s Real=0.00s
[2026-01-15T00:35:57.124+0530][29.518s][info][gc          ] GC(155) Concurrent Undo Cycle
[2026-01-15T00:35:57.124+0530][29.519s][info][gc,marking  ] GC(155) Concurrent Clear Claimed Marks
[2026-01-15T00:35:57.124+0530][29.519s][info][gc,marking  ] GC(155) Concurrent Clear Claimed Marks 0.048ms
[2026-01-15T00:35:57.124+0530][29.519s][info][gc,marking  ] GC(155) Concurrent Cleanup for Next Mark
[2026-01-15T00:35:57.124+0530][29.519s][info][gc,marking  ] GC(155) Concurrent Cleanup for Next Mark 0.160ms
[2026-01-15T00:35:57.124+0530][29.519s][info][gc          ] GC(155) Concurrent Undo Cycle 0.488ms
[2026-01-15T00:35:57.487+0530][29.881s][info][gc,start    ] GC(156) Pause Young (Concurrent Start) (G1 Humongous Allocation)
[2026-01-15T00:35:57.487+0530][29.881s][info][gc,task     ] GC(156) Using 8 workers of 8 for evacuation
[2026-01-15T00:35:57.487+0530][29.882s][info][gc,phases   ] GC(156)   Pre Evacuate Collection Set: 0.3ms
[2026-01-15T00:35:57.487+0530][29.882s][info][gc,phases   ] GC(156)   Merge Heap Roots: 0.2ms
[2026-01-15T00:35:57.487+0530][29.882s][info][gc,phases   ] GC(156)   Evacuate Collection Set: 0.2ms
[2026-01-15T00:35:57.487+0530][29.882s][info][gc,phases   ] GC(156)   Post Evacuate Collection Set: 0.6ms
[2026-01-15T00:35:57.487+0530][29.882s][info][gc,phases   ] GC(156)   Other: 0.3ms
[2026-01-15T00:35:57.487+0530][29.882s][info][gc,heap     ] GC(156) Eden regions: 0->0(25)
[2026-01-15T00:35:57.487+0530][29.882s][info][gc,heap     ] GC(156) Survivor regions: 0->0(4)
[2026-01-15T00:35:57.487+0530][29.882s][info][gc,heap     ] GC(156) Old regions: 1->1
[2026-01-15T00:35:57.487+0530][29.882s][info][gc,heap     ] GC(156) Humongous regions: 230->110
[2026-01-15T00:35:57.487+0530][29.882s][info][gc,metaspace] GC(156) Metaspace: 293K(512K)->293K(512K) NonClass: 284K(384K)->284K(384K) Class: 9K(128K)->9K(128K)
[2026-01-15T00:35:57.487+0530][29.883s][info][gc          ] GC(156) Pause Young (Concurrent Start) (G1 Humongous Allocation) 230M->110M(512M) 1.966ms
[2026-01-15T00:35:57.487+0530][29.883s][info][gc,cpu      ] GC(156) User=0.00s Sys=0.00s Real=0.00s
[2026-01-15T00:35:57.487+0530][29.883s][info][gc          ] GC(157) Concurrent Undo Cycle
[2026-01-15T00:35:57.487+0530][29.883s][info][gc,marking  ] GC(157) Concurrent Clear Claimed Marks
[2026-01-15T00:35:57.487+0530][29.883s][info][gc,marking  ] GC(157) Concurrent Clear Claimed Marks 0.039ms
[2026-01-15T00:35:57.487+0530][29.883s][info][gc,marking  ] GC(157) Concurrent Cleanup for Next Mark
[2026-01-15T00:35:57.487+0530][29.883s][info][gc,marking  ] GC(157) Concurrent Cleanup for Next Mark 0.135ms
[2026-01-15T00:35:57.487+0530][29.883s][info][gc          ] GC(157) Concurrent Undo Cycle 0.307ms
[2026-01-15T00:35:57.854+0530][30.247s][info][gc,start    ] GC(158) Pause Young (Concurrent Start) (G1 Humongous Allocation)
[2026-01-15T00:35:57.854+0530][30.247s][info][gc,task     ] GC(158) Using 8 workers of 8 for evacuation
[2026-01-15T00:35:57.855+0530][30.249s][info][gc,phases   ] GC(158)   Pre Evacuate Collection Set: 0.5ms
[2026-01-15T00:35:57.855+0530][30.249s][info][gc,phases   ] GC(158)   Merge Heap Roots: 0.1ms
[2026-01-15T00:35:57.855+0530][30.249s][info][gc,phases   ] GC(158)   Evacuate Collection Set: 0.3ms
[2026-01-15T00:35:57.855+0530][30.249s][info][gc,phases   ] GC(158)   Post Evacuate Collection Set: 0.5ms
[2026-01-15T00:35:57.855+0530][30.249s][info][gc,phases   ] GC(158)   Other: 0.2ms
[2026-01-15T00:35:57.855+0530][30.249s][info][gc,heap     ] GC(158) Eden regions: 0->0(25)
[2026-01-15T00:35:57.855+0530][30.249s][info][gc,heap     ] GC(158) Survivor regions: 0->0(4)
[2026-01-15T00:35:57.855+0530][30.249s][info][gc,heap     ] GC(158) Old regions: 1->1
[2026-01-15T00:35:57.855+0530][30.249s][info][gc,heap     ] GC(158) Humongous regions: 230->110
[2026-01-15T00:35:57.855+0530][30.249s][info][gc,metaspace] GC(158) Metaspace: 293K(512K)->293K(512K) NonClass: 284K(384K)->284K(384K) Class: 9K(128K)->9K(128K)
[2026-01-15T00:35:57.855+0530][30.249s][info][gc          ] GC(158) Pause Young (Concurrent Start) (G1 Humongous Allocation) 230M->110M(512M) 2.640ms
[2026-01-15T00:35:57.855+0530][30.249s][info][gc,cpu      ] GC(158) User=0.00s Sys=0.00s Real=0.00s
[2026-01-15T00:35:57.855+0530][30.249s][info][gc          ] GC(159) Concurrent Undo Cycle
[2026-01-15T00:35:57.857+0530][30.250s][info][gc,marking  ] GC(159) Concurrent Clear Claimed Marks
[2026-01-15T00:35:57.857+0530][30.250s][info][gc,marking  ] GC(159) Concurrent Clear Claimed Marks 0.061ms
[2026-01-15T00:35:57.857+0530][30.250s][info][gc,marking  ] GC(159) Concurrent Cleanup for Next Mark
[2026-01-15T00:35:57.857+0530][30.250s][info][gc,marking  ] GC(159) Concurrent Cleanup for Next Mark 0.260ms
[2026-01-15T00:35:57.857+0530][30.250s][info][gc          ] GC(159) Concurrent Undo Cycle 1.012ms
[2026-01-15T00:35:58.211+0530][30.605s][info][gc,start    ] GC(160) Pause Young (Concurrent Start) (G1 Humongous Allocation)
[2026-01-15T00:35:58.211+0530][30.605s][info][gc,task     ] GC(160) Using 8 workers of 8 for evacuation
[2026-01-15T00:35:58.214+0530][30.607s][info][gc,phases   ] GC(160)   Pre Evacuate Collection Set: 0.5ms
[2026-01-15T00:35:58.214+0530][30.607s][info][gc,phases   ] GC(160)   Merge Heap Roots: 0.2ms
[2026-01-15T00:35:58.214+0530][30.607s][info][gc,phases   ] GC(160)   Evacuate Collection Set: 0.5ms
[2026-01-15T00:35:58.214+0530][30.607s][info][gc,phases   ] GC(160)   Post Evacuate Collection Set: 0.6ms
[2026-01-15T00:35:58.214+0530][30.607s][info][gc,phases   ] GC(160)   Other: 0.4ms
[2026-01-15T00:35:58.214+0530][30.607s][info][gc,heap     ] GC(160) Eden regions: 0->0(25)
[2026-01-15T00:35:58.214+0530][30.607s][info][gc,heap     ] GC(160) Survivor regions: 0->0(4)
[2026-01-15T00:35:58.214+0530][30.607s][info][gc,heap     ] GC(160) Old regions: 1->1
[2026-01-15T00:35:58.214+0530][30.607s][info][gc,heap     ] GC(160) Humongous regions: 230->110
[2026-01-15T00:35:58.214+0530][30.607s][info][gc,metaspace] GC(160) Metaspace: 293K(512K)->293K(512K) NonClass: 284K(384K)->284K(384K) Class: 9K(128K)->9K(128K)
[2026-01-15T00:35:58.214+0530][30.608s][info][gc          ] GC(160) Pause Young (Concurrent Start) (G1 Humongous Allocation) 230M->110M(512M) 2.812ms
[2026-01-15T00:35:58.214+0530][30.608s][info][gc,cpu      ] GC(160) User=0.00s Sys=0.00s Real=0.00s
[2026-01-15T00:35:58.214+0530][30.608s][info][gc          ] GC(161) Concurrent Undo Cycle
[2026-01-15T00:35:58.214+0530][30.608s][info][gc,marking  ] GC(161) Concurrent Clear Claimed Marks
[2026-01-15T00:35:58.214+0530][30.608s][info][gc,marking  ] GC(161) Concurrent Clear Claimed Marks 0.026ms
[2026-01-15T00:35:58.214+0530][30.608s][info][gc,marking  ] GC(161) Concurrent Cleanup for Next Mark
[2026-01-15T00:35:58.214+0530][30.608s][info][gc,marking  ] GC(161) Concurrent Cleanup for Next Mark 0.095ms
[2026-01-15T00:35:58.214+0530][30.608s][info][gc          ] GC(161) Concurrent Undo Cycle 0.304ms
[2026-01-15T00:35:58.581+0530][30.974s][info][gc,start    ] GC(162) Pause Young (Concurrent Start) (G1 Humongous Allocation)
[2026-01-15T00:35:58.581+0530][30.974s][info][gc,task     ] GC(162) Using 8 workers of 8 for evacuation
[2026-01-15T00:35:58.582+0530][30.975s][info][gc,phases   ] GC(162)   Pre Evacuate Collection Set: 0.2ms
[2026-01-15T00:35:58.583+0530][30.975s][info][gc,phases   ] GC(162)   Merge Heap Roots: 0.1ms
[2026-01-15T00:35:58.583+0530][30.975s][info][gc,phases   ] GC(162)   Evacuate Collection Set: 0.2ms
[2026-01-15T00:35:58.583+0530][30.975s][info][gc,phases   ] GC(162)   Post Evacuate Collection Set: 0.7ms
[2026-01-15T00:35:58.583+0530][30.975s][info][gc,phases   ] GC(162)   Other: 0.1ms
[2026-01-15T00:35:58.583+0530][30.975s][info][gc,heap     ] GC(162) Eden regions: 0->0(25)
[2026-01-15T00:35:58.583+0530][30.975s][info][gc,heap     ] GC(162) Survivor regions: 0->0(4)
[2026-01-15T00:35:58.583+0530][30.975s][info][gc,heap     ] GC(162) Old regions: 1->1
[2026-01-15T00:35:58.583+0530][30.975s][info][gc,heap     ] GC(162) Humongous regions: 230->110
[2026-01-15T00:35:58.583+0530][30.976s][info][gc,metaspace] GC(162) Metaspace: 293K(512K)->293K(512K) NonClass: 284K(384K)->284K(384K) Class: 9K(128K)->9K(128K)
[2026-01-15T00:35:58.583+0530][30.976s][info][gc          ] GC(162) Pause Young (Concurrent Start) (G1 Humongous Allocation) 230M->110M(512M) 2.016ms
[2026-01-15T00:35:58.583+0530][30.976s][info][gc          ] GC(163) Concurrent Undo Cycle
[2026-01-15T00:35:58.583+0530][30.976s][info][gc,cpu      ] GC(162) User=0.00s Sys=0.00s Real=0.00s
[2026-01-15T00:35:58.583+0530][30.976s][info][gc,marking  ] GC(163) Concurrent Clear Claimed Marks
[2026-01-15T00:35:58.583+0530][30.976s][info][gc,marking  ] GC(163) Concurrent Clear Claimed Marks 0.060ms
[2026-01-15T00:35:58.583+0530][30.976s][info][gc,marking  ] GC(163) Concurrent Cleanup for Next Mark
[2026-01-15T00:35:58.583+0530][30.977s][info][gc,marking  ] GC(163) Concurrent Cleanup for Next Mark 0.315ms
[2026-01-15T00:35:58.584+0530][30.977s][info][gc          ] GC(163) Concurrent Undo Cycle 0.938ms
[2026-01-15T00:35:58.936+0530][31.329s][info][gc,start    ] GC(164) Pause Young (Concurrent Start) (G1 Humongous Allocation)
[2026-01-15T00:35:58.936+0530][31.329s][info][gc,task     ] GC(164) Using 8 workers of 8 for evacuation
[2026-01-15T00:35:58.938+0530][31.331s][info][gc,phases   ] GC(164)   Pre Evacuate Collection Set: 0.4ms
[2026-01-15T00:35:58.939+0530][31.331s][info][gc,phases   ] GC(164)   Merge Heap Roots: 0.2ms
[2026-01-15T00:35:58.939+0530][31.331s][info][gc,phases   ] GC(164)   Evacuate Collection Set: 0.5ms
[2026-01-15T00:35:58.939+0530][31.331s][info][gc,phases   ] GC(164)   Post Evacuate Collection Set: 0.7ms
[2026-01-15T00:35:58.939+0530][31.331s][info][gc,phases   ] GC(164)   Other: 0.3ms
[2026-01-15T00:35:58.939+0530][31.331s][info][gc,heap     ] GC(164) Eden regions: 0->0(25)
[2026-01-15T00:35:58.939+0530][31.331s][info][gc,heap     ] GC(164) Survivor regions: 0->0(4)
[2026-01-15T00:35:58.939+0530][31.331s][info][gc,heap     ] GC(164) Old regions: 1->1
[2026-01-15T00:35:58.939+0530][31.331s][info][gc,heap     ] GC(164) Humongous regions: 230->110
[2026-01-15T00:35:58.939+0530][31.331s][info][gc,metaspace] GC(164) Metaspace: 293K(512K)->293K(512K) NonClass: 284K(384K)->284K(384K) Class: 9K(128K)->9K(128K)
[2026-01-15T00:35:58.939+0530][31.331s][info][gc          ] GC(164) Pause Young (Concurrent Start) (G1 Humongous Allocation) 230M->110M(512M) 2.544ms
[2026-01-15T00:35:58.939+0530][31.331s][info][gc,cpu      ] GC(164) User=0.00s Sys=0.00s Real=0.00s
[2026-01-15T00:35:58.939+0530][31.331s][info][gc          ] GC(165) Concurrent Undo Cycle
[2026-01-15T00:35:58.939+0530][31.332s][info][gc,marking  ] GC(165) Concurrent Clear Claimed Marks
[2026-01-15T00:35:58.939+0530][31.332s][info][gc,marking  ] GC(165) Concurrent Clear Claimed Marks 0.027ms
[2026-01-15T00:35:58.939+0530][31.332s][info][gc,marking  ] GC(165) Concurrent Cleanup for Next Mark
[2026-01-15T00:35:58.939+0530][31.332s][info][gc,marking  ] GC(165) Concurrent Cleanup for Next Mark 0.199ms
[2026-01-15T00:35:58.939+0530][31.332s][info][gc          ] GC(165) Concurrent Undo Cycle 0.474ms
[2026-01-15T00:35:59.307+0530][31.700s][info][gc,start    ] GC(166) Pause Young (Concurrent Start) (G1 Humongous Allocation)
[2026-01-15T00:35:59.308+0530][31.700s][info][gc,task     ] GC(166) Using 8 workers of 8 for evacuation
[2026-01-15T00:35:59.308+0530][31.702s][info][gc,phases   ] GC(166)   Pre Evacuate Collection Set: 0.4ms
[2026-01-15T00:35:59.308+0530][31.702s][info][gc,phases   ] GC(166)   Merge Heap Roots: 0.1ms
[2026-01-15T00:35:59.308+0530][31.702s][info][gc,phases   ] GC(166)   Evacuate Collection Set: 0.3ms
[2026-01-15T00:35:59.308+0530][31.702s][info][gc,phases   ] GC(166)   Post Evacuate Collection Set: 0.5ms
[2026-01-15T00:35:59.308+0530][31.702s][info][gc,phases   ] GC(166)   Other: 0.2ms
[2026-01-15T00:35:59.308+0530][31.702s][info][gc,heap     ] GC(166) Eden regions: 0->0(25)
[2026-01-15T00:35:59.308+0530][31.702s][info][gc,heap     ] GC(166) Survivor regions: 0->0(4)
[2026-01-15T00:35:59.308+0530][31.702s][info][gc,heap     ] GC(166) Old regions: 1->1
[2026-01-15T00:35:59.308+0530][31.702s][info][gc,heap     ] GC(166) Humongous regions: 230->110
[2026-01-15T00:35:59.308+0530][31.702s][info][gc,metaspace] GC(166) Metaspace: 293K(512K)->293K(512K) NonClass: 284K(384K)->284K(384K) Class: 9K(128K)->9K(128K)
[2026-01-15T00:35:59.308+0530][31.702s][info][gc          ] GC(166) Pause Young (Concurrent Start) (G1 Humongous Allocation) 230M->110M(512M) 2.138ms
[2026-01-15T00:35:59.308+0530][31.702s][info][gc,cpu      ] GC(166) User=0.00s Sys=0.00s Real=0.00s
[2026-01-15T00:35:59.308+0530][31.702s][info][gc          ] GC(167) Concurrent Undo Cycle
[2026-01-15T00:35:59.308+0530][31.703s][info][gc,marking  ] GC(167) Concurrent Clear Claimed Marks
[2026-01-15T00:35:59.308+0530][31.703s][info][gc,marking  ] GC(167) Concurrent Clear Claimed Marks 0.042ms
[2026-01-15T00:35:59.308+0530][31.703s][info][gc,marking  ] GC(167) Concurrent Cleanup for Next Mark
[2026-01-15T00:35:59.308+0530][31.703s][info][gc,marking  ] GC(167) Concurrent Cleanup for Next Mark 0.156ms
[2026-01-15T00:35:59.308+0530][31.703s][info][gc          ] GC(167) Concurrent Undo Cycle 0.539ms
[2026-01-15T00:35:59.674+0530][32.067s][info][gc,start    ] GC(168) Pause Young (Concurrent Start) (G1 Humongous Allocation)
[2026-01-15T00:35:59.674+0530][32.067s][info][gc,task     ] GC(168) Using 8 workers of 8 for evacuation
[2026-01-15T00:35:59.674+0530][32.069s][info][gc,phases   ] GC(168)   Pre Evacuate Collection Set: 0.4ms
[2026-01-15T00:35:59.674+0530][32.069s][info][gc,phases   ] GC(168)   Merge Heap Roots: 0.1ms
[2026-01-15T00:35:59.674+0530][32.069s][info][gc,phases   ] GC(168)   Evacuate Collection Set: 0.3ms
[2026-01-15T00:35:59.674+0530][32.069s][info][gc,phases   ] GC(168)   Post Evacuate Collection Set: 0.5ms
[2026-01-15T00:35:59.674+0530][32.069s][info][gc,phases   ] GC(168)   Other: 0.2ms
[2026-01-15T00:35:59.674+0530][32.069s][info][gc,heap     ] GC(168) Eden regions: 0->0(25)
[2026-01-15T00:35:59.674+0530][32.069s][info][gc,heap     ] GC(168) Survivor regions: 0->0(4)
[2026-01-15T00:35:59.674+0530][32.069s][info][gc,heap     ] GC(168) Old regions: 1->1
[2026-01-15T00:35:59.674+0530][32.069s][info][gc,heap     ] GC(168) Humongous regions: 230->110
[2026-01-15T00:35:59.674+0530][32.069s][info][gc,metaspace] GC(168) Metaspace: 293K(512K)->293K(512K) NonClass: 284K(384K)->284K(384K) Class: 9K(128K)->9K(128K)
[2026-01-15T00:35:59.674+0530][32.069s][info][gc          ] GC(168) Pause Young (Concurrent Start) (G1 Humongous Allocation) 230M->110M(512M) 2.173ms
[2026-01-15T00:35:59.674+0530][32.069s][info][gc,cpu      ] GC(168) User=0.00s Sys=0.00s Real=0.00s
[2026-01-15T00:35:59.674+0530][32.069s][info][gc          ] GC(169) Concurrent Undo Cycle
[2026-01-15T00:35:59.674+0530][32.069s][info][gc,marking  ] GC(169) Concurrent Clear Claimed Marks
[2026-01-15T00:35:59.674+0530][32.069s][info][gc,marking  ] GC(169) Concurrent Clear Claimed Marks 0.027ms
[2026-01-15T00:35:59.674+0530][32.069s][info][gc,marking  ] GC(169) Concurrent Cleanup for Next Mark
[2026-01-15T00:35:59.674+0530][32.070s][info][gc,marking  ] GC(169) Concurrent Cleanup for Next Mark 0.250ms
[2026-01-15T00:35:59.674+0530][32.070s][info][gc          ] GC(169) Concurrent Undo Cycle 0.521ms
[2026-01-15T00:36:00.051+0530][32.446s][info][gc,start    ] GC(170) Pause Young (Concurrent Start) (G1 Humongous Allocation)
[2026-01-15T00:36:00.053+0530][32.446s][info][gc,task     ] GC(170) Using 8 workers of 8 for evacuation
[2026-01-15T00:36:00.056+0530][32.448s][info][gc,phases   ] GC(170)   Pre Evacuate Collection Set: 0.5ms
[2026-01-15T00:36:00.056+0530][32.449s][info][gc,phases   ] GC(170)   Merge Heap Roots: 0.2ms
[2026-01-15T00:36:00.056+0530][32.449s][info][gc,phases   ] GC(170)   Evacuate Collection Set: 0.5ms
[2026-01-15T00:36:00.056+0530][32.449s][info][gc,phases   ] GC(170)   Post Evacuate Collection Set: 0.9ms
[2026-01-15T00:36:00.056+0530][32.449s][info][gc,phases   ] GC(170)   Other: 0.4ms
[2026-01-15T00:36:00.056+0530][32.449s][info][gc,heap     ] GC(170) Eden regions: 0->0(25)
[2026-01-15T00:36:00.056+0530][32.449s][info][gc,heap     ] GC(170) Survivor regions: 0->0(4)
[2026-01-15T00:36:00.056+0530][32.449s][info][gc,heap     ] GC(170) Old regions: 1->1
[2026-01-15T00:36:00.056+0530][32.449s][info][gc,heap     ] GC(170) Humongous regions: 230->110
[2026-01-15T00:36:00.056+0530][32.449s][info][gc,metaspace] GC(170) Metaspace: 293K(512K)->293K(512K) NonClass: 284K(384K)->284K(384K) Class: 9K(128K)->9K(128K)
[2026-01-15T00:36:00.056+0530][32.449s][info][gc          ] GC(170) Pause Young (Concurrent Start) (G1 Humongous Allocation) 230M->110M(512M) 3.367ms
[2026-01-15T00:36:00.056+0530][32.449s][info][gc,cpu      ] GC(170) User=0.00s Sys=0.00s Real=0.00s
[2026-01-15T00:36:00.056+0530][32.449s][info][gc          ] GC(171) Concurrent Undo Cycle
[2026-01-15T00:36:00.056+0530][32.449s][info][gc,marking  ] GC(171) Concurrent Clear Claimed Marks
[2026-01-15T00:36:00.056+0530][32.449s][info][gc,marking  ] GC(171) Concurrent Clear Claimed Marks 0.031ms
[2026-01-15T00:36:00.056+0530][32.449s][info][gc,marking  ] GC(171) Concurrent Cleanup for Next Mark
[2026-01-15T00:36:00.056+0530][32.449s][info][gc,marking  ] GC(171) Concurrent Cleanup for Next Mark 0.122ms
[2026-01-15T00:36:00.056+0530][32.449s][info][gc          ] GC(171) Concurrent Undo Cycle 0.338ms
[2026-01-15T00:36:00.416+0530][32.810s][info][gc,start    ] GC(172) Pause Young (Concurrent Start) (G1 Humongous Allocation)
[2026-01-15T00:36:00.416+0530][32.810s][info][gc,task     ] GC(172) Using 8 workers of 8 for evacuation
[2026-01-15T00:36:00.418+0530][32.812s][info][gc,phases   ] GC(172)   Pre Evacuate Collection Set: 0.5ms
[2026-01-15T00:36:00.418+0530][32.812s][info][gc,phases   ] GC(172)   Merge Heap Roots: 0.1ms
[2026-01-15T00:36:00.418+0530][32.812s][info][gc,phases   ] GC(172)   Evacuate Collection Set: 0.3ms
[2026-01-15T00:36:00.418+0530][32.812s][info][gc,phases   ] GC(172)   Post Evacuate Collection Set: 0.8ms
[2026-01-15T00:36:00.418+0530][32.812s][info][gc,phases   ] GC(172)   Other: 0.3ms
[2026-01-15T00:36:00.418+0530][32.812s][info][gc,heap     ] GC(172) Eden regions: 0->0(25)
[2026-01-15T00:36:00.418+0530][32.812s][info][gc,heap     ] GC(172) Survivor regions: 0->0(4)
[2026-01-15T00:36:00.418+0530][32.812s][info][gc,heap     ] GC(172) Old regions: 1->1
[2026-01-15T00:36:00.418+0530][32.812s][info][gc,heap     ] GC(172) Humongous regions: 230->110
[2026-01-15T00:36:00.418+0530][32.812s][info][gc,metaspace] GC(172) Metaspace: 293K(512K)->293K(512K) NonClass: 284K(384K)->284K(384K) Class: 9K(128K)->9K(128K)
[2026-01-15T00:36:00.418+0530][32.812s][info][gc          ] GC(172) Pause Young (Concurrent Start) (G1 Humongous Allocation) 230M->110M(512M) 2.709ms
[2026-01-15T00:36:00.418+0530][32.812s][info][gc,cpu      ] GC(172) User=0.00s Sys=0.00s Real=0.00s
[2026-01-15T00:36:00.418+0530][32.812s][info][gc          ] GC(173) Concurrent Undo Cycle
[2026-01-15T00:36:00.418+0530][32.813s][info][gc,marking  ] GC(173) Concurrent Clear Claimed Marks
[2026-01-15T00:36:00.418+0530][32.813s][info][gc,marking  ] GC(173) Concurrent Clear Claimed Marks 0.071ms
[2026-01-15T00:36:00.418+0530][32.813s][info][gc,marking  ] GC(173) Concurrent Cleanup for Next Mark
[2026-01-15T00:36:00.418+0530][32.813s][info][gc,marking  ] GC(173) Concurrent Cleanup for Next Mark 0.264ms
[2026-01-15T00:36:00.418+0530][32.813s][info][gc          ] GC(173) Concurrent Undo Cycle 0.678ms
[2026-01-15T00:36:00.791+0530][33.185s][info][gc,start    ] GC(174) Pause Young (Concurrent Start) (G1 Humongous Allocation)
[2026-01-15T00:36:00.791+0530][33.185s][info][gc,task     ] GC(174) Using 8 workers of 8 for evacuation
[2026-01-15T00:36:00.796+0530][33.189s][info][gc,phases   ] GC(174)   Pre Evacuate Collection Set: 0.6ms
[2026-01-15T00:36:00.796+0530][33.189s][info][gc,phases   ] GC(174)   Merge Heap Roots: 0.1ms
[2026-01-15T00:36:00.796+0530][33.189s][info][gc,phases   ] GC(174)   Evacuate Collection Set: 2.3ms
[2026-01-15T00:36:00.796+0530][33.189s][info][gc,phases   ] GC(174)   Post Evacuate Collection Set: 0.7ms
[2026-01-15T00:36:00.796+0530][33.189s][info][gc,phases   ] GC(174)   Other: 0.5ms
[2026-01-15T00:36:00.796+0530][33.189s][info][gc,heap     ] GC(174) Eden regions: 3->0(24)
[2026-01-15T00:36:00.796+0530][33.189s][info][gc,heap     ] GC(174) Survivor regions: 0->1(4)
[2026-01-15T00:36:00.796+0530][33.189s][info][gc,heap     ] GC(174) Old regions: 1->1
[2026-01-15T00:36:00.796+0530][33.189s][info][gc,heap     ] GC(174) Humongous regions: 230->110
[2026-01-15T00:36:00.796+0530][33.189s][info][gc,metaspace] GC(174) Metaspace: 760K(896K)->760K(896K) NonClass: 710K(768K)->710K(768K) Class: 50K(128K)->50K(128K)
[2026-01-15T00:36:00.796+0530][33.189s][info][gc          ] GC(174) Pause Young (Concurrent Start) (G1 Humongous Allocation) 233M->111M(512M) 4.831ms
[2026-01-15T00:36:00.796+0530][33.189s][info][gc,cpu      ] GC(174) User=0.06s Sys=0.02s Real=0.01s
[2026-01-15T00:36:00.796+0530][33.189s][info][gc          ] GC(175) Concurrent Undo Cycle
[2026-01-15T00:36:00.796+0530][33.190s][info][gc,marking  ] GC(175) Concurrent Clear Claimed Marks
[2026-01-15T00:36:00.796+0530][33.190s][info][gc,marking  ] GC(175) Concurrent Clear Claimed Marks 0.029ms
[2026-01-15T00:36:00.796+0530][33.190s][info][gc,marking  ] GC(175) Concurrent Cleanup for Next Mark
[2026-01-15T00:36:00.796+0530][33.190s][info][gc,marking  ] GC(175) Concurrent Cleanup for Next Mark 0.121ms
[2026-01-15T00:36:00.796+0530][33.190s][info][gc          ] GC(175) Concurrent Undo Cycle 0.368ms
[2026-01-15T00:36:01.167+0530][33.560s][info][gc,start    ] GC(176) Pause Young (Concurrent Start) (G1 Humongous Allocation)
[2026-01-15T00:36:01.167+0530][33.560s][info][gc,task     ] GC(176) Using 8 workers of 8 for evacuation
[2026-01-15T00:36:01.167+0530][33.564s][info][gc,phases   ] GC(176)   Pre Evacuate Collection Set: 0.7ms
[2026-01-15T00:36:01.167+0530][33.564s][info][gc,phases   ] GC(176)   Merge Heap Roots: 0.2ms
[2026-01-15T00:36:01.167+0530][33.564s][info][gc,phases   ] GC(176)   Evacuate Collection Set: 1.3ms
[2026-01-15T00:36:01.167+0530][33.564s][info][gc,phases   ] GC(176)   Post Evacuate Collection Set: 1.0ms
[2026-01-15T00:36:01.167+0530][33.564s][info][gc,phases   ] GC(176)   Other: 0.3ms
[2026-01-15T00:36:01.167+0530][33.564s][info][gc,heap     ] GC(176) Eden regions: 0->0(24)
[2026-01-15T00:36:01.167+0530][33.564s][info][gc,heap     ] GC(176) Survivor regions: 1->1(4)
[2026-01-15T00:36:01.167+0530][33.564s][info][gc,heap     ] GC(176) Old regions: 1->1
[2026-01-15T00:36:01.167+0530][33.564s][info][gc,heap     ] GC(176) Humongous regions: 230->110
[2026-01-15T00:36:01.167+0530][33.564s][info][gc,metaspace] GC(176) Metaspace: 760K(896K)->760K(896K) NonClass: 710K(768K)->710K(768K) Class: 50K(128K)->50K(128K)
[2026-01-15T00:36:01.167+0530][33.564s][info][gc          ] GC(176) Pause Young (Concurrent Start) (G1 Humongous Allocation) 231M->111M(512M) 4.154ms
[2026-01-15T00:36:01.167+0530][33.564s][info][gc,cpu      ] GC(176) User=0.02s Sys=0.00s Real=0.00s
[2026-01-15T00:36:01.167+0530][33.564s][info][gc          ] GC(177) Concurrent Undo Cycle
[2026-01-15T00:36:01.172+0530][33.565s][info][gc,marking  ] GC(177) Concurrent Clear Claimed Marks
[2026-01-15T00:36:01.172+0530][33.565s][info][gc,marking  ] GC(177) Concurrent Clear Claimed Marks 0.038ms
[2026-01-15T00:36:01.172+0530][33.565s][info][gc,marking  ] GC(177) Concurrent Cleanup for Next Mark
[2026-01-15T00:36:01.172+0530][33.565s][info][gc,marking  ] GC(177) Concurrent Cleanup for Next Mark 0.130ms
[2026-01-15T00:36:01.172+0530][33.565s][info][gc          ] GC(177) Concurrent Undo Cycle 0.384ms
[2026-01-15T00:36:01.524+0530][33.917s][info][gc,start    ] GC(178) Pause Young (Concurrent Start) (G1 Humongous Allocation)
[2026-01-15T00:36:01.524+0530][33.917s][info][gc,task     ] GC(178) Using 8 workers of 8 for evacuation
[2026-01-15T00:36:01.527+0530][33.920s][info][gc,phases   ] GC(178)   Pre Evacuate Collection Set: 0.4ms
[2026-01-15T00:36:01.528+0530][33.921s][info][gc,phases   ] GC(178)   Merge Heap Roots: 0.1ms
[2026-01-15T00:36:01.528+0530][33.921s][info][gc,phases   ] GC(178)   Evacuate Collection Set: 1.2ms
[2026-01-15T00:36:01.528+0530][33.921s][info][gc,phases   ] GC(178)   Post Evacuate Collection Set: 0.8ms
[2026-01-15T00:36:01.528+0530][33.921s][info][gc,phases   ] GC(178)   Other: 0.3ms
[2026-01-15T00:36:01.528+0530][33.921s][info][gc,heap     ] GC(178) Eden regions: 0->0(24)
[2026-01-15T00:36:01.528+0530][33.921s][info][gc,heap     ] GC(178) Survivor regions: 1->1(4)
[2026-01-15T00:36:01.528+0530][33.921s][info][gc,heap     ] GC(178) Old regions: 1->1
[2026-01-15T00:36:01.528+0530][33.921s][info][gc,heap     ] GC(178) Humongous regions: 230->110
[2026-01-15T00:36:01.528+0530][33.921s][info][gc,metaspace] GC(178) Metaspace: 760K(896K)->760K(896K) NonClass: 710K(768K)->710K(768K) Class: 50K(128K)->50K(128K)
[2026-01-15T00:36:01.528+0530][33.921s][info][gc          ] GC(178) Pause Young (Concurrent Start) (G1 Humongous Allocation) 231M->111M(512M) 3.831ms
[2026-01-15T00:36:01.529+0530][33.921s][info][gc,cpu      ] GC(178) User=0.00s Sys=0.00s Real=0.01s
[2026-01-15T00:36:01.529+0530][33.921s][info][gc          ] GC(179) Concurrent Undo Cycle
[2026-01-15T00:36:01.529+0530][33.921s][info][gc,marking  ] GC(179) Concurrent Clear Claimed Marks
[2026-01-15T00:36:01.529+0530][33.921s][info][gc,marking  ] GC(179) Concurrent Clear Claimed Marks 0.032ms
[2026-01-15T00:36:01.529+0530][33.921s][info][gc,marking  ] GC(179) Concurrent Cleanup for Next Mark
[2026-01-15T00:36:01.529+0530][33.922s][info][gc,marking  ] GC(179) Concurrent Cleanup for Next Mark 0.234ms
[2026-01-15T00:36:01.529+0530][33.922s][info][gc          ] GC(179) Concurrent Undo Cycle 0.695ms
[2026-01-15T00:36:01.893+0530][34.286s][info][gc,start    ] GC(180) Pause Young (Concurrent Start) (G1 Humongous Allocation)
[2026-01-15T00:36:01.894+0530][34.287s][info][gc,task     ] GC(180) Using 8 workers of 8 for evacuation
[2026-01-15T00:36:01.895+0530][34.288s][info][gc,phases   ] GC(180)   Pre Evacuate Collection Set: 0.2ms
[2026-01-15T00:36:01.895+0530][34.289s][info][gc,phases   ] GC(180)   Merge Heap Roots: 0.1ms
[2026-01-15T00:36:01.895+0530][34.289s][info][gc,phases   ] GC(180)   Evacuate Collection Set: 0.6ms
[2026-01-15T00:36:01.895+0530][34.289s][info][gc,phases   ] GC(180)   Post Evacuate Collection Set: 0.8ms
[2026-01-15T00:36:01.895+0530][34.289s][info][gc,phases   ] GC(180)   Other: 0.2ms
[2026-01-15T00:36:01.895+0530][34.289s][info][gc,heap     ] GC(180) Eden regions: 0->0(24)
[2026-01-15T00:36:01.895+0530][34.289s][info][gc,heap     ] GC(180) Survivor regions: 1->1(4)
[2026-01-15T00:36:01.895+0530][34.289s][info][gc,heap     ] GC(180) Old regions: 1->1
[2026-01-15T00:36:01.895+0530][34.289s][info][gc,heap     ] GC(180) Humongous regions: 230->110
[2026-01-15T00:36:01.895+0530][34.289s][info][gc,metaspace] GC(180) Metaspace: 760K(896K)->760K(896K) NonClass: 710K(768K)->710K(768K) Class: 50K(128K)->50K(128K)
[2026-01-15T00:36:01.895+0530][34.289s][info][gc          ] GC(180) Pause Young (Concurrent Start) (G1 Humongous Allocation) 231M->111M(512M) 2.366ms
[2026-01-15T00:36:01.895+0530][34.289s][info][gc,cpu      ] GC(180) User=0.00s Sys=0.00s Real=0.00s
[2026-01-15T00:36:01.895+0530][34.289s][info][gc          ] GC(181) Concurrent Undo Cycle
[2026-01-15T00:36:01.895+0530][34.289s][info][gc,marking  ] GC(181) Concurrent Clear Claimed Marks
[2026-01-15T00:36:01.895+0530][34.289s][info][gc,marking  ] GC(181) Concurrent Clear Claimed Marks 0.038ms
[2026-01-15T00:36:01.895+0530][34.289s][info][gc,marking  ] GC(181) Concurrent Cleanup for Next Mark
[2026-01-15T00:36:01.895+0530][34.289s][info][gc,marking  ] GC(181) Concurrent Cleanup for Next Mark 0.112ms
[2026-01-15T00:36:01.895+0530][34.289s][info][gc          ] GC(181) Concurrent Undo Cycle 0.365ms
[2026-01-15T00:36:02.274+0530][34.667s][info][gc,start    ] GC(182) Pause Young (Concurrent Start) (G1 Humongous Allocation)
[2026-01-15T00:36:02.274+0530][34.667s][info][gc,task     ] GC(182) Using 8 workers of 8 for evacuation
[2026-01-15T00:36:02.274+0530][34.670s][info][gc,phases   ] GC(182)   Pre Evacuate Collection Set: 0.5ms
[2026-01-15T00:36:02.274+0530][34.670s][info][gc,phases   ] GC(182)   Merge Heap Roots: 0.1ms
[2026-01-15T00:36:02.274+0530][34.670s][info][gc,phases   ] GC(182)   Evacuate Collection Set: 1.4ms
[2026-01-15T00:36:02.274+0530][34.670s][info][gc,phases   ] GC(182)   Post Evacuate Collection Set: 0.6ms
[2026-01-15T00:36:02.274+0530][34.670s][info][gc,phases   ] GC(182)   Other: 0.2ms
[2026-01-15T00:36:02.274+0530][34.670s][info][gc,heap     ] GC(182) Eden regions: 0->0(24)
[2026-01-15T00:36:02.274+0530][34.670s][info][gc,heap     ] GC(182) Survivor regions: 1->1(4)
[2026-01-15T00:36:02.274+0530][34.670s][info][gc,heap     ] GC(182) Old regions: 1->1
[2026-01-15T00:36:02.274+0530][34.670s][info][gc,heap     ] GC(182) Humongous regions: 230->110
[2026-01-15T00:36:02.274+0530][34.670s][info][gc,metaspace] GC(182) Metaspace: 760K(896K)->760K(896K) NonClass: 710K(768K)->710K(768K) Class: 50K(128K)->50K(128K)
[2026-01-15T00:36:02.274+0530][34.670s][info][gc          ] GC(182) Pause Young (Concurrent Start) (G1 Humongous Allocation) 231M->111M(512M) 3.457ms
[2026-01-15T00:36:02.274+0530][34.670s][info][gc,cpu      ] GC(182) User=0.00s Sys=0.00s Real=0.00s
[2026-01-15T00:36:02.274+0530][34.670s][info][gc          ] GC(183) Concurrent Undo Cycle
[2026-01-15T00:36:02.274+0530][34.670s][info][gc,marking  ] GC(183) Concurrent Clear Claimed Marks
[2026-01-15T00:36:02.274+0530][34.671s][info][gc,marking  ] GC(183) Concurrent Clear Claimed Marks 0.034ms
[2026-01-15T00:36:02.274+0530][34.671s][info][gc,marking  ] GC(183) Concurrent Cleanup for Next Mark
[2026-01-15T00:36:02.274+0530][34.671s][info][gc,marking  ] GC(183) Concurrent Cleanup for Next Mark 0.116ms
[2026-01-15T00:36:02.274+0530][34.671s][info][gc          ] GC(183) Concurrent Undo Cycle 0.428ms
[2026-01-15T00:36:02.644+0530][35.037s][info][gc,start    ] GC(184) Pause Young (Concurrent Start) (G1 Humongous Allocation)
[2026-01-15T00:36:02.644+0530][35.037s][info][gc,task     ] GC(184) Using 8 workers of 8 for evacuation
[2026-01-15T00:36:02.648+0530][35.040s][info][gc,phases   ] GC(184)   Pre Evacuate Collection Set: 0.5ms
[2026-01-15T00:36:02.648+0530][35.040s][info][gc,phases   ] GC(184)   Merge Heap Roots: 0.1ms
[2026-01-15T00:36:02.648+0530][35.040s][info][gc,phases   ] GC(184)   Evacuate Collection Set: 1.4ms
[2026-01-15T00:36:02.648+0530][35.040s][info][gc,phases   ] GC(184)   Post Evacuate Collection Set: 0.8ms
[2026-01-15T00:36:02.648+0530][35.041s][info][gc,phases   ] GC(184)   Other: 0.3ms
[2026-01-15T00:36:02.648+0530][35.041s][info][gc,heap     ] GC(184) Eden regions: 0->0(24)
[2026-01-15T00:36:02.648+0530][35.041s][info][gc,heap     ] GC(184) Survivor regions: 1->1(4)
[2026-01-15T00:36:02.648+0530][35.041s][info][gc,heap     ] GC(184) Old regions: 1->1
[2026-01-15T00:36:02.648+0530][35.041s][info][gc,heap     ] GC(184) Humongous regions: 230->110
[2026-01-15T00:36:02.648+0530][35.041s][info][gc,metaspace] GC(184) Metaspace: 760K(896K)->760K(896K) NonClass: 710K(768K)->710K(768K) Class: 50K(128K)->50K(128K)
[2026-01-15T00:36:02.648+0530][35.041s][info][gc          ] GC(184) Pause Young (Concurrent Start) (G1 Humongous Allocation) 231M->111M(512M) 4.374ms
[2026-01-15T00:36:02.648+0530][35.041s][info][gc,cpu      ] GC(184) User=0.00s Sys=0.00s Real=0.00s
[2026-01-15T00:36:02.648+0530][35.041s][info][gc          ] GC(185) Concurrent Undo Cycle
[2026-01-15T00:36:02.648+0530][35.041s][info][gc,marking  ] GC(185) Concurrent Clear Claimed Marks
[2026-01-15T00:36:02.648+0530][35.041s][info][gc,marking  ] GC(185) Concurrent Clear Claimed Marks 0.037ms
[2026-01-15T00:36:02.648+0530][35.042s][info][gc,marking  ] GC(185) Concurrent Cleanup for Next Mark
[2026-01-15T00:36:02.648+0530][35.042s][info][gc,marking  ] GC(185) Concurrent Cleanup for Next Mark 0.124ms
[2026-01-15T00:36:02.648+0530][35.042s][info][gc          ] GC(185) Concurrent Undo Cycle 0.425ms
[2026-01-15T00:36:03.018+0530][35.411s][info][gc,start    ] GC(186) Pause Young (Concurrent Start) (G1 Humongous Allocation)
[2026-01-15T00:36:03.018+0530][35.411s][info][gc,task     ] GC(186) Using 8 workers of 8 for evacuation
[2026-01-15T00:36:03.021+0530][35.415s][info][gc,phases   ] GC(186)   Pre Evacuate Collection Set: 0.4ms
[2026-01-15T00:36:03.021+0530][35.415s][info][gc,phases   ] GC(186)   Merge Heap Roots: 0.1ms
[2026-01-15T00:36:03.021+0530][35.415s][info][gc,phases   ] GC(186)   Evacuate Collection Set: 2.3ms
[2026-01-15T00:36:03.021+0530][35.415s][info][gc,phases   ] GC(186)   Post Evacuate Collection Set: 1.1ms
[2026-01-15T00:36:03.021+0530][35.415s][info][gc,phases   ] GC(186)   Other: 0.2ms
[2026-01-15T00:36:03.021+0530][35.415s][info][gc,heap     ] GC(186) Eden regions: 0->0(24)
[2026-01-15T00:36:03.021+0530][35.415s][info][gc,heap     ] GC(186) Survivor regions: 1->1(4)
[2026-01-15T00:36:03.021+0530][35.415s][info][gc,heap     ] GC(186) Old regions: 1->1
[2026-01-15T00:36:03.021+0530][35.415s][info][gc,heap     ] GC(186) Humongous regions: 230->110
[2026-01-15T00:36:03.021+0530][35.415s][info][gc,metaspace] GC(186) Metaspace: 760K(896K)->760K(896K) NonClass: 710K(768K)->710K(768K) Class: 50K(128K)->50K(128K)
[2026-01-15T00:36:03.021+0530][35.415s][info][gc          ] GC(186) Pause Young (Concurrent Start) (G1 Humongous Allocation) 231M->111M(512M) 4.716ms
[2026-01-15T00:36:03.021+0530][35.415s][info][gc,cpu      ] GC(186) User=0.00s Sys=0.00s Real=0.00s
[2026-01-15T00:36:03.021+0530][35.415s][info][gc          ] GC(187) Concurrent Undo Cycle
[2026-01-15T00:36:03.021+0530][35.416s][info][gc,marking  ] GC(187) Concurrent Clear Claimed Marks
[2026-01-15T00:36:03.021+0530][35.416s][info][gc,marking  ] GC(187) Concurrent Clear Claimed Marks 0.027ms
[2026-01-15T00:36:03.021+0530][35.416s][info][gc,marking  ] GC(187) Concurrent Cleanup for Next Mark
[2026-01-15T00:36:03.021+0530][35.416s][info][gc,marking  ] GC(187) Concurrent Cleanup for Next Mark 0.101ms
[2026-01-15T00:36:03.021+0530][35.416s][info][gc          ] GC(187) Concurrent Undo Cycle 0.310ms
[2026-01-15T00:36:03.391+0530][35.784s][info][gc,start    ] GC(188) Pause Young (Concurrent Start) (G1 Humongous Allocation)
[2026-01-15T00:36:03.391+0530][35.784s][info][gc,task     ] GC(188) Using 8 workers of 8 for evacuation
[2026-01-15T00:36:03.394+0530][35.787s][info][gc,phases   ] GC(188)   Pre Evacuate Collection Set: 0.3ms
[2026-01-15T00:36:03.394+0530][35.787s][info][gc,phases   ] GC(188)   Merge Heap Roots: 0.1ms
[2026-01-15T00:36:03.394+0530][35.787s][info][gc,phases   ] GC(188)   Evacuate Collection Set: 1.1ms
[2026-01-15T00:36:03.394+0530][35.787s][info][gc,phases   ] GC(188)   Post Evacuate Collection Set: 0.6ms
[2026-01-15T00:36:03.394+0530][35.787s][info][gc,phases   ] GC(188)   Other: 0.2ms
[2026-01-15T00:36:03.394+0530][35.787s][info][gc,heap     ] GC(188) Eden regions: 0->0(29)
[2026-01-15T00:36:03.394+0530][35.787s][info][gc,heap     ] GC(188) Survivor regions: 1->1(4)
[2026-01-15T00:36:03.394+0530][35.787s][info][gc,heap     ] GC(188) Old regions: 1->1
[2026-01-15T00:36:03.394+0530][35.787s][info][gc,heap     ] GC(188) Humongous regions: 230->110
[2026-01-15T00:36:03.394+0530][35.787s][info][gc,metaspace] GC(188) Metaspace: 760K(896K)->760K(896K) NonClass: 710K(768K)->710K(768K) Class: 50K(128K)->50K(128K)
[2026-01-15T00:36:03.394+0530][35.787s][info][gc          ] GC(188) Pause Young (Concurrent Start) (G1 Humongous Allocation) 231M->111M(512M) 3.227ms
[2026-01-15T00:36:03.394+0530][35.787s][info][gc,cpu      ] GC(188) User=0.00s Sys=0.00s Real=0.00s
[2026-01-15T00:36:03.394+0530][35.787s][info][gc          ] GC(189) Concurrent Undo Cycle
[2026-01-15T00:36:03.394+0530][35.788s][info][gc,marking  ] GC(189) Concurrent Clear Claimed Marks
[2026-01-15T00:36:03.394+0530][35.788s][info][gc,marking  ] GC(189) Concurrent Clear Claimed Marks 0.044ms
[2026-01-15T00:36:03.394+0530][35.788s][info][gc,marking  ] GC(189) Concurrent Cleanup for Next Mark
[2026-01-15T00:36:03.394+0530][35.788s][info][gc,marking  ] GC(189) Concurrent Cleanup for Next Mark 0.121ms
[2026-01-15T00:36:03.394+0530][35.788s][info][gc          ] GC(189) Concurrent Undo Cycle 0.463ms
[2026-01-15T00:36:03.761+0530][36.155s][info][gc,start    ] GC(190) Pause Young (Concurrent Start) (G1 Humongous Allocation)
[2026-01-15T00:36:03.761+0530][36.155s][info][gc,task     ] GC(190) Using 8 workers of 8 for evacuation
[2026-01-15T00:36:03.764+0530][36.158s][info][gc,phases   ] GC(190)   Pre Evacuate Collection Set: 0.5ms
[2026-01-15T00:36:03.764+0530][36.158s][info][gc,phases   ] GC(190)   Merge Heap Roots: 0.2ms
[2026-01-15T00:36:03.764+0530][36.158s][info][gc,phases   ] GC(190)   Evacuate Collection Set: 1.2ms
[2026-01-15T00:36:03.764+0530][36.158s][info][gc,phases   ] GC(190)   Post Evacuate Collection Set: 1.1ms
[2026-01-15T00:36:03.764+0530][36.158s][info][gc,phases   ] GC(190)   Other: 0.3ms
[2026-01-15T00:36:03.764+0530][36.158s][info][gc,heap     ] GC(190) Eden regions: 0->0(36)
[2026-01-15T00:36:03.764+0530][36.158s][info][gc,heap     ] GC(190) Survivor regions: 1->1(4)
[2026-01-15T00:36:03.764+0530][36.158s][info][gc,heap     ] GC(190) Old regions: 1->1
[2026-01-15T00:36:03.764+0530][36.158s][info][gc,heap     ] GC(190) Humongous regions: 230->110
[2026-01-15T00:36:03.764+0530][36.158s][info][gc,metaspace] GC(190) Metaspace: 760K(896K)->760K(896K) NonClass: 710K(768K)->710K(768K) Class: 50K(128K)->50K(128K)
[2026-01-15T00:36:03.766+0530][36.159s][info][gc          ] GC(190) Pause Young (Concurrent Start) (G1 Humongous Allocation) 231M->111M(512M) 3.809ms
[2026-01-15T00:36:03.766+0530][36.159s][info][gc,cpu      ] GC(190) User=0.09s Sys=0.02s Real=0.01s
[2026-01-15T00:36:03.766+0530][36.159s][info][gc          ] GC(191) Concurrent Undo Cycle
[2026-01-15T00:36:03.766+0530][36.159s][info][gc,marking  ] GC(191) Concurrent Clear Claimed Marks
[2026-01-15T00:36:03.766+0530][36.159s][info][gc,marking  ] GC(191) Concurrent Clear Claimed Marks 0.053ms
[2026-01-15T00:36:03.766+0530][36.159s][info][gc,marking  ] GC(191) Concurrent Cleanup for Next Mark
[2026-01-15T00:36:03.766+0530][36.159s][info][gc,marking  ] GC(191) Concurrent Cleanup for Next Mark 0.193ms
[2026-01-15T00:36:03.766+0530][36.159s][info][gc          ] GC(191) Concurrent Undo Cycle 0.569ms
[2026-01-15T00:36:04.120+0530][36.513s][info][gc,start    ] GC(192) Pause Young (Concurrent Start) (G1 Humongous Allocation)
[2026-01-15T00:36:04.120+0530][36.513s][info][gc,task     ] GC(192) Using 8 workers of 8 for evacuation
[2026-01-15T00:36:04.123+0530][36.516s][info][gc,phases   ] GC(192)   Pre Evacuate Collection Set: 0.4ms
[2026-01-15T00:36:04.124+0530][36.517s][info][gc,phases   ] GC(192)   Merge Heap Roots: 0.2ms
[2026-01-15T00:36:04.124+0530][36.517s][info][gc,phases   ] GC(192)   Evacuate Collection Set: 1.3ms
[2026-01-15T00:36:04.124+0530][36.517s][info][gc,phases   ] GC(192)   Post Evacuate Collection Set: 0.7ms
[2026-01-15T00:36:04.124+0530][36.517s][info][gc,phases   ] GC(192)   Other: 0.4ms
[2026-01-15T00:36:04.124+0530][36.517s][info][gc,heap     ] GC(192) Eden regions: 0->0(44)
[2026-01-15T00:36:04.124+0530][36.517s][info][gc,heap     ] GC(192) Survivor regions: 1->1(5)
[2026-01-15T00:36:04.124+0530][36.517s][info][gc,heap     ] GC(192) Old regions: 1->1
[2026-01-15T00:36:04.124+0530][36.517s][info][gc,heap     ] GC(192) Humongous regions: 230->110
[2026-01-15T00:36:04.124+0530][36.517s][info][gc,metaspace] GC(192) Metaspace: 760K(896K)->760K(896K) NonClass: 710K(768K)->710K(768K) Class: 50K(128K)->50K(128K)
[2026-01-15T00:36:04.124+0530][36.517s][info][gc          ] GC(192) Pause Young (Concurrent Start) (G1 Humongous Allocation) 231M->111M(512M) 3.910ms
[2026-01-15T00:36:04.125+0530][36.517s][info][gc,cpu      ] GC(192) User=0.02s Sys=0.00s Real=0.01s
[2026-01-15T00:36:04.125+0530][36.517s][info][gc          ] GC(193) Concurrent Undo Cycle
[2026-01-15T00:36:04.125+0530][36.517s][info][gc,marking  ] GC(193) Concurrent Clear Claimed Marks
[2026-01-15T00:36:04.125+0530][36.517s][info][gc,marking  ] GC(193) Concurrent Clear Claimed Marks 0.075ms
[2026-01-15T00:36:04.125+0530][36.517s][info][gc,marking  ] GC(193) Concurrent Cleanup for Next Mark
[2026-01-15T00:36:04.125+0530][36.518s][info][gc,marking  ] GC(193) Concurrent Cleanup for Next Mark 0.189ms
[2026-01-15T00:36:04.125+0530][36.518s][info][gc          ] GC(193) Concurrent Undo Cycle 0.613ms
[2026-01-15T00:36:04.488+0530][36.882s][info][gc,start    ] GC(194) Pause Young (Concurrent Start) (G1 Humongous Allocation)
[2026-01-15T00:36:04.488+0530][36.882s][info][gc,task     ] GC(194) Using 8 workers of 8 for evacuation
[2026-01-15T00:36:04.492+0530][36.885s][info][gc,phases   ] GC(194)   Pre Evacuate Collection Set: 0.4ms
[2026-01-15T00:36:04.492+0530][36.885s][info][gc,phases   ] GC(194)   Merge Heap Roots: 0.1ms
[2026-01-15T00:36:04.492+0530][36.885s][info][gc,phases   ] GC(194)   Evacuate Collection Set: 1.7ms
[2026-01-15T00:36:04.492+0530][36.885s][info][gc,phases   ] GC(194)   Post Evacuate Collection Set: 0.6ms
[2026-01-15T00:36:04.492+0530][36.885s][info][gc,phases   ] GC(194)   Other: 0.2ms
[2026-01-15T00:36:04.492+0530][36.885s][info][gc,heap     ] GC(194) Eden regions: 0->0(54)
[2026-01-15T00:36:04.492+0530][36.885s][info][gc,heap     ] GC(194) Survivor regions: 1->1(6)
[2026-01-15T00:36:04.492+0530][36.885s][info][gc,heap     ] GC(194) Old regions: 1->1
[2026-01-15T00:36:04.492+0530][36.885s][info][gc,heap     ] GC(194) Humongous regions: 230->110
[2026-01-15T00:36:04.492+0530][36.885s][info][gc,metaspace] GC(194) Metaspace: 760K(896K)->760K(896K) NonClass: 710K(768K)->710K(768K) Class: 50K(128K)->50K(128K)
[2026-01-15T00:36:04.492+0530][36.885s][info][gc          ] GC(194) Pause Young (Concurrent Start) (G1 Humongous Allocation) 231M->111M(512M) 3.476ms
[2026-01-15T00:36:04.492+0530][36.885s][info][gc,cpu      ] GC(194) User=0.00s Sys=0.00s Real=0.00s
[2026-01-15T00:36:04.492+0530][36.885s][info][gc          ] GC(195) Concurrent Undo Cycle
[2026-01-15T00:36:04.492+0530][36.886s][info][gc,marking  ] GC(195) Concurrent Clear Claimed Marks
[2026-01-15T00:36:04.492+0530][36.886s][info][gc,marking  ] GC(195) Concurrent Clear Claimed Marks 0.047ms
[2026-01-15T00:36:04.492+0530][36.886s][info][gc,marking  ] GC(195) Concurrent Cleanup for Next Mark
[2026-01-15T00:36:04.492+0530][36.886s][info][gc,marking  ] GC(195) Concurrent Cleanup for Next Mark 0.170ms
[2026-01-15T00:36:04.492+0530][36.886s][info][gc          ] GC(195) Concurrent Undo Cycle 0.500ms
[2026-01-15T00:36:04.870+0530][37.263s][info][gc,start    ] GC(196) Pause Young (Concurrent Start) (G1 Humongous Allocation)
[2026-01-15T00:36:04.870+0530][37.263s][info][gc,task     ] GC(196) Using 8 workers of 8 for evacuation
[2026-01-15T00:36:04.870+0530][37.265s][info][gc,phases   ] GC(196)   Pre Evacuate Collection Set: 0.3ms
[2026-01-15T00:36:04.870+0530][37.265s][info][gc,phases   ] GC(196)   Merge Heap Roots: 0.1ms
[2026-01-15T00:36:04.870+0530][37.265s][info][gc,phases   ] GC(196)   Evacuate Collection Set: 0.8ms
[2026-01-15T00:36:04.870+0530][37.265s][info][gc,phases   ] GC(196)   Post Evacuate Collection Set: 0.4ms
[2026-01-15T00:36:04.870+0530][37.265s][info][gc,phases   ] GC(196)   Other: 0.2ms
[2026-01-15T00:36:04.870+0530][37.265s][info][gc,heap     ] GC(196) Eden regions: 0->0(66)
[2026-01-15T00:36:04.870+0530][37.265s][info][gc,heap     ] GC(196) Survivor regions: 1->1(7)
[2026-01-15T00:36:04.873+0530][37.265s][info][gc,heap     ] GC(196) Old regions: 1->1
[2026-01-15T00:36:04.873+0530][37.265s][info][gc,heap     ] GC(196) Humongous regions: 230->110
[2026-01-15T00:36:04.873+0530][37.265s][info][gc,metaspace] GC(196) Metaspace: 760K(896K)->760K(896K) NonClass: 710K(768K)->710K(768K) Class: 50K(128K)->50K(128K)
[2026-01-15T00:36:04.873+0530][37.265s][info][gc          ] GC(196) Pause Young (Concurrent Start) (G1 Humongous Allocation) 231M->111M(512M) 2.378ms
[2026-01-15T00:36:04.873+0530][37.265s][info][gc,cpu      ] GC(196) User=0.00s Sys=0.00s Real=0.00s
[2026-01-15T00:36:04.873+0530][37.265s][info][gc          ] GC(197) Concurrent Undo Cycle
[2026-01-15T00:36:04.873+0530][37.265s][info][gc,marking  ] GC(197) Concurrent Clear Claimed Marks
[2026-01-15T00:36:04.873+0530][37.265s][info][gc,marking  ] GC(197) Concurrent Clear Claimed Marks 0.041ms
[2026-01-15T00:36:04.873+0530][37.265s][info][gc,marking  ] GC(197) Concurrent Cleanup for Next Mark
[2026-01-15T00:36:04.873+0530][37.266s][info][gc,marking  ] GC(197) Concurrent Cleanup for Next Mark 0.138ms
[2026-01-15T00:36:04.873+0530][37.266s][info][gc          ] GC(197) Concurrent Undo Cycle 0.455ms
[2026-01-15T00:36:05.232+0530][37.625s][info][gc,start    ] GC(198) Pause Young (Concurrent Start) (G1 Humongous Allocation)
[2026-01-15T00:36:05.232+0530][37.625s][info][gc,task     ] GC(198) Using 8 workers of 8 for evacuation
[2026-01-15T00:36:05.234+0530][37.629s][info][gc,phases   ] GC(198)   Pre Evacuate Collection Set: 0.3ms
[2026-01-15T00:36:05.234+0530][37.629s][info][gc,phases   ] GC(198)   Merge Heap Roots: 0.1ms
[2026-01-15T00:36:05.234+0530][37.629s][info][gc,phases   ] GC(198)   Evacuate Collection Set: 2.0ms
[2026-01-15T00:36:05.234+0530][37.629s][info][gc,phases   ] GC(198)   Post Evacuate Collection Set: 0.7ms
[2026-01-15T00:36:05.234+0530][37.629s][info][gc,phases   ] GC(198)   Other: 0.2ms
[2026-01-15T00:36:05.234+0530][37.629s][info][gc,heap     ] GC(198) Eden regions: 0->0(79)
[2026-01-15T00:36:05.234+0530][37.629s][info][gc,heap     ] GC(198) Survivor regions: 1->1(9)
[2026-01-15T00:36:05.234+0530][37.629s][info][gc,heap     ] GC(198) Old regions: 1->1
[2026-01-15T00:36:05.234+0530][37.629s][info][gc,heap     ] GC(198) Humongous regions: 230->110
[2026-01-15T00:36:05.234+0530][37.629s][info][gc,metaspace] GC(198) Metaspace: 760K(896K)->760K(896K) NonClass: 710K(768K)->710K(768K) Class: 50K(128K)->50K(128K)
[2026-01-15T00:36:05.234+0530][37.629s][info][gc          ] GC(198) Pause Young (Concurrent Start) (G1 Humongous Allocation) 231M->111M(512M) 4.069ms
[2026-01-15T00:36:05.234+0530][37.629s][info][gc,cpu      ] GC(198) User=0.00s Sys=0.02s Real=0.00s
[2026-01-15T00:36:05.234+0530][37.629s][info][gc          ] GC(199) Concurrent Undo Cycle
[2026-01-15T00:36:05.237+0530][37.629s][info][gc,marking  ] GC(199) Concurrent Clear Claimed Marks
[2026-01-15T00:36:05.237+0530][37.629s][info][gc,marking  ] GC(199) Concurrent Clear Claimed Marks 0.040ms
[2026-01-15T00:36:05.237+0530][37.630s][info][gc,marking  ] GC(199) Concurrent Cleanup for Next Mark
[2026-01-15T00:36:05.237+0530][37.630s][info][gc,marking  ] GC(199) Concurrent Cleanup for Next Mark 0.135ms
[2026-01-15T00:36:05.237+0530][37.630s][info][gc          ] GC(199) Concurrent Undo Cycle 0.420ms
[2026-01-15T00:36:05.604+0530][37.997s][info][gc,start    ] GC(200) Pause Young (Concurrent Start) (G1 Humongous Allocation)
[2026-01-15T00:36:05.604+0530][37.997s][info][gc,task     ] GC(200) Using 8 workers of 8 for evacuation
[2026-01-15T00:36:05.604+0530][38.000s][info][gc,phases   ] GC(200)   Pre Evacuate Collection Set: 0.4ms
[2026-01-15T00:36:05.604+0530][38.000s][info][gc,phases   ] GC(200)   Merge Heap Roots: 0.1ms
[2026-01-15T00:36:05.604+0530][38.000s][info][gc,phases   ] GC(200)   Evacuate Collection Set: 1.2ms
[2026-01-15T00:36:05.604+0530][38.000s][info][gc,phases   ] GC(200)   Post Evacuate Collection Set: 1.0ms
[2026-01-15T00:36:05.604+0530][38.000s][info][gc,phases   ] GC(200)   Other: 0.2ms
[2026-01-15T00:36:05.604+0530][38.000s][info][gc,heap     ] GC(200) Eden regions: 0->0(94)
[2026-01-15T00:36:05.604+0530][38.000s][info][gc,heap     ] GC(200) Survivor regions: 1->1(10)
[2026-01-15T00:36:05.604+0530][38.000s][info][gc,heap     ] GC(200) Old regions: 1->1
[2026-01-15T00:36:05.604+0530][38.000s][info][gc,heap     ] GC(200) Humongous regions: 230->110
[2026-01-15T00:36:05.604+0530][38.001s][info][gc,metaspace] GC(200) Metaspace: 760K(896K)->760K(896K) NonClass: 710K(768K)->710K(768K) Class: 50K(128K)->50K(128K)
[2026-01-15T00:36:05.604+0530][38.001s][info][gc          ] GC(200) Pause Young (Concurrent Start) (G1 Humongous Allocation) 231M->111M(512M) 3.471ms
[2026-01-15T00:36:05.604+0530][38.001s][info][gc,cpu      ] GC(200) User=0.00s Sys=0.00s Real=0.00s
[2026-01-15T00:36:05.604+0530][38.001s][info][gc          ] GC(201) Concurrent Undo Cycle
[2026-01-15T00:36:05.604+0530][38.001s][info][gc,marking  ] GC(201) Concurrent Clear Claimed Marks
[2026-01-15T00:36:05.604+0530][38.001s][info][gc,marking  ] GC(201) Concurrent Clear Claimed Marks 0.033ms
[2026-01-15T00:36:05.604+0530][38.001s][info][gc,marking  ] GC(201) Concurrent Cleanup for Next Mark
[2026-01-15T00:36:05.604+0530][38.001s][info][gc,marking  ] GC(201) Concurrent Cleanup for Next Mark 0.115ms
[2026-01-15T00:36:05.604+0530][38.001s][info][gc          ] GC(201) Concurrent Undo Cycle 0.368ms
[2026-01-15T00:36:05.978+0530][38.372s][info][gc,start    ] GC(202) Pause Young (Concurrent Start) (G1 Humongous Allocation)
[2026-01-15T00:36:05.978+0530][38.372s][info][gc,task     ] GC(202) Using 8 workers of 8 for evacuation
[2026-01-15T00:36:05.984+0530][38.377s][info][gc,phases   ] GC(202)   Pre Evacuate Collection Set: 0.9ms
[2026-01-15T00:36:05.984+0530][38.378s][info][gc,phases   ] GC(202)   Merge Heap Roots: 0.2ms
[2026-01-15T00:36:05.984+0530][38.378s][info][gc,phases   ] GC(202)   Evacuate Collection Set: 1.5ms
[2026-01-15T00:36:05.984+0530][38.378s][info][gc,phases   ] GC(202)   Post Evacuate Collection Set: 1.4ms
[2026-01-15T00:36:05.984+0530][38.378s][info][gc,phases   ] GC(202)   Other: 0.4ms
[2026-01-15T00:36:05.984+0530][38.378s][info][gc,heap     ] GC(202) Eden regions: 0->0(108)
[2026-01-15T00:36:05.984+0530][38.378s][info][gc,heap     ] GC(202) Survivor regions: 1->1(12)
[2026-01-15T00:36:05.984+0530][38.378s][info][gc,heap     ] GC(202) Old regions: 1->1
[2026-01-15T00:36:05.984+0530][38.378s][info][gc,heap     ] GC(202) Humongous regions: 230->110
[2026-01-15T00:36:05.984+0530][38.378s][info][gc,metaspace] GC(202) Metaspace: 760K(896K)->760K(896K) NonClass: 710K(768K)->710K(768K) Class: 50K(128K)->50K(128K)
[2026-01-15T00:36:05.984+0530][38.378s][info][gc          ] GC(202) Pause Young (Concurrent Start) (G1 Humongous Allocation) 231M->111M(512M) 5.953ms
[2026-01-15T00:36:05.984+0530][38.378s][info][gc,cpu      ] GC(202) User=0.00s Sys=0.00s Real=0.01s
[2026-01-15T00:36:05.984+0530][38.378s][info][gc          ] GC(203) Concurrent Undo Cycle
[2026-01-15T00:36:05.984+0530][38.378s][info][gc,marking  ] GC(203) Concurrent Clear Claimed Marks
[2026-01-15T00:36:05.984+0530][38.378s][info][gc,marking  ] GC(203) Concurrent Clear Claimed Marks 0.029ms
[2026-01-15T00:36:05.984+0530][38.378s][info][gc,marking  ] GC(203) Concurrent Cleanup for Next Mark
[2026-01-15T00:36:05.984+0530][38.378s][info][gc,marking  ] GC(203) Concurrent Cleanup for Next Mark 0.119ms
[2026-01-15T00:36:05.984+0530][38.378s][info][gc          ] GC(203) Concurrent Undo Cycle 0.331ms
[2026-01-15T00:36:06.345+0530][38.739s][info][gc,start    ] GC(204) Pause Young (Concurrent Start) (G1 Humongous Allocation)
[2026-01-15T00:36:06.345+0530][38.739s][info][gc,task     ] GC(204) Using 8 workers of 8 for evacuation
[2026-01-15T00:36:06.345+0530][38.742s][info][gc,phases   ] GC(204)   Pre Evacuate Collection Set: 0.4ms
[2026-01-15T00:36:06.345+0530][38.742s][info][gc,phases   ] GC(204)   Merge Heap Roots: 0.2ms
[2026-01-15T00:36:06.345+0530][38.742s][info][gc,phases   ] GC(204)   Evacuate Collection Set: 1.5ms
[2026-01-15T00:36:06.345+0530][38.742s][info][gc,phases   ] GC(204)   Post Evacuate Collection Set: 0.5ms
[2026-01-15T00:36:06.345+0530][38.742s][info][gc,phases   ] GC(204)   Other: 0.3ms
[2026-01-15T00:36:06.345+0530][38.742s][info][gc,heap     ] GC(204) Eden regions: 0->0(127)
[2026-01-15T00:36:06.345+0530][38.742s][info][gc,heap     ] GC(204) Survivor regions: 1->0(14)
[2026-01-15T00:36:06.345+0530][38.742s][info][gc,heap     ] GC(204) Old regions: 1->2
[2026-01-15T00:36:06.345+0530][38.742s][info][gc,heap     ] GC(204) Humongous regions: 230->110
[2026-01-15T00:36:06.345+0530][38.742s][info][gc,metaspace] GC(204) Metaspace: 761K(896K)->761K(896K) NonClass: 711K(768K)->711K(768K) Class: 50K(128K)->50K(128K)
[2026-01-15T00:36:06.345+0530][38.742s][info][gc          ] GC(204) Pause Young (Concurrent Start) (G1 Humongous Allocation) 231M->111M(512M) 3.734ms
[2026-01-15T00:36:06.345+0530][38.742s][info][gc,cpu      ] GC(204) User=0.00s Sys=0.00s Real=0.00s
[2026-01-15T00:36:06.345+0530][38.742s][info][gc          ] GC(205) Concurrent Undo Cycle
[2026-01-15T00:36:06.345+0530][38.742s][info][gc,marking  ] GC(205) Concurrent Clear Claimed Marks
[2026-01-15T00:36:06.345+0530][38.743s][info][gc,marking  ] GC(205) Concurrent Clear Claimed Marks 0.040ms
[2026-01-15T00:36:06.345+0530][38.743s][info][gc,marking  ] GC(205) Concurrent Cleanup for Next Mark
[2026-01-15T00:36:06.345+0530][38.743s][info][gc,marking  ] GC(205) Concurrent Cleanup for Next Mark 0.196ms
[2026-01-15T00:36:06.345+0530][38.743s][info][gc          ] GC(205) Concurrent Undo Cycle 0.479ms
[2026-01-15T00:36:06.698+0530][39.091s][info][gc,start    ] GC(206) Pause Young (Concurrent Start) (G1 Humongous Allocation)
[2026-01-15T00:36:06.699+0530][39.091s][info][gc,task     ] GC(206) Using 8 workers of 8 for evacuation
[2026-01-15T00:36:06.701+0530][39.093s][info][gc,phases   ] GC(206)   Pre Evacuate Collection Set: 0.5ms
[2026-01-15T00:36:06.701+0530][39.093s][info][gc,phases   ] GC(206)   Merge Heap Roots: 0.1ms
[2026-01-15T00:36:06.701+0530][39.093s][info][gc,phases   ] GC(206)   Evacuate Collection Set: 0.3ms
[2026-01-15T00:36:06.701+0530][39.093s][info][gc,phases   ] GC(206)   Post Evacuate Collection Set: 0.5ms
[2026-01-15T00:36:06.701+0530][39.093s][info][gc,phases   ] GC(206)   Other: 0.2ms
[2026-01-15T00:36:06.701+0530][39.093s][info][gc,heap     ] GC(206) Eden regions: 0->0(127)
[2026-01-15T00:36:06.701+0530][39.093s][info][gc,heap     ] GC(206) Survivor regions: 0->0(16)
[2026-01-15T00:36:06.701+0530][39.093s][info][gc,heap     ] GC(206) Old regions: 2->2
[2026-01-15T00:36:06.701+0530][39.094s][info][gc,heap     ] GC(206) Humongous regions: 228->108
[2026-01-15T00:36:06.701+0530][39.094s][info][gc,metaspace] GC(206) Metaspace: 761K(896K)->761K(896K) NonClass: 711K(768K)->711K(768K) Class: 50K(128K)->50K(128K)
[2026-01-15T00:36:06.701+0530][39.094s][info][gc          ] GC(206) Pause Young (Concurrent Start) (G1 Humongous Allocation) 229M->109M(512M) 2.363ms
[2026-01-15T00:36:06.701+0530][39.094s][info][gc,cpu      ] GC(206) User=0.00s Sys=0.00s Real=0.00s
[2026-01-15T00:36:06.701+0530][39.094s][info][gc          ] GC(207) Concurrent Undo Cycle
[2026-01-15T00:36:06.701+0530][39.094s][info][gc,marking  ] GC(207) Concurrent Clear Claimed Marks
[2026-01-15T00:36:06.701+0530][39.094s][info][gc,marking  ] GC(207) Concurrent Clear Claimed Marks 0.041ms
[2026-01-15T00:36:06.701+0530][39.094s][info][gc,marking  ] GC(207) Concurrent Cleanup for Next Mark
[2026-01-15T00:36:06.702+0530][39.095s][info][gc,marking  ] GC(207) Concurrent Cleanup for Next Mark 0.376ms
[2026-01-15T00:36:06.702+0530][39.095s][info][gc          ] GC(207) Concurrent Undo Cycle 0.819ms
[2026-01-15T00:36:07.058+0530][39.452s][info][gc,start    ] GC(208) Pause Young (Concurrent Start) (G1 Humongous Allocation)
[2026-01-15T00:36:07.058+0530][39.453s][info][gc,task     ] GC(208) Using 8 workers of 8 for evacuation
[2026-01-15T00:36:07.058+0530][39.455s][info][gc,phases   ] GC(208)   Pre Evacuate Collection Set: 0.4ms
[2026-01-15T00:36:07.058+0530][39.455s][info][gc,phases   ] GC(208)   Merge Heap Roots: 0.3ms
[2026-01-15T00:36:07.058+0530][39.455s][info][gc,phases   ] GC(208)   Evacuate Collection Set: 0.4ms
[2026-01-15T00:36:07.058+0530][39.455s][info][gc,phases   ] GC(208)   Post Evacuate Collection Set: 0.9ms
[2026-01-15T00:36:07.058+0530][39.455s][info][gc,phases   ] GC(208)   Other: 0.3ms
[2026-01-15T00:36:07.058+0530][39.455s][info][gc,heap     ] GC(208) Eden regions: 0->0(128)
[2026-01-15T00:36:07.058+0530][39.455s][info][gc,heap     ] GC(208) Survivor regions: 0->0(16)
[2026-01-15T00:36:07.058+0530][39.455s][info][gc,heap     ] GC(208) Old regions: 2->2
[2026-01-15T00:36:07.058+0530][39.455s][info][gc,heap     ] GC(208) Humongous regions: 228->108
[2026-01-15T00:36:07.058+0530][39.455s][info][gc,metaspace] GC(208) Metaspace: 761K(896K)->761K(896K) NonClass: 711K(768K)->711K(768K) Class: 50K(128K)->50K(128K)
[2026-01-15T00:36:07.058+0530][39.455s][info][gc          ] GC(208) Pause Young (Concurrent Start) (G1 Humongous Allocation) 229M->109M(512M) 3.163ms
[2026-01-15T00:36:07.058+0530][39.455s][info][gc,cpu      ] GC(208) User=0.00s Sys=0.00s Real=0.00s
[2026-01-15T00:36:07.058+0530][39.455s][info][gc          ] GC(209) Concurrent Undo Cycle
[2026-01-15T00:36:07.058+0530][39.456s][info][gc,marking  ] GC(209) Concurrent Clear Claimed Marks
[2026-01-15T00:36:07.058+0530][39.456s][info][gc,marking  ] GC(209) Concurrent Clear Claimed Marks 0.046ms
[2026-01-15T00:36:07.058+0530][39.456s][info][gc,marking  ] GC(209) Concurrent Cleanup for Next Mark
[2026-01-15T00:36:07.058+0530][39.456s][info][gc,marking  ] GC(209) Concurrent Cleanup for Next Mark 0.184ms
[2026-01-15T00:36:07.058+0530][39.456s][info][gc          ] GC(209) Concurrent Undo Cycle 0.442ms
[2026-01-15T00:36:07.433+0530][39.826s][info][gc,start    ] GC(210) Pause Young (Concurrent Start) (G1 Humongous Allocation)
[2026-01-15T00:36:07.440+0530][39.834s][info][gc,task     ] GC(210) Using 8 workers of 8 for evacuation
[2026-01-15T00:36:07.443+0530][39.836s][info][gc,phases   ] GC(210)   Pre Evacuate Collection Set: 0.6ms
[2026-01-15T00:36:07.443+0530][39.837s][info][gc,phases   ] GC(210)   Merge Heap Roots: 0.2ms
[2026-01-15T00:36:07.444+0530][39.837s][info][gc,phases   ] GC(210)   Evacuate Collection Set: 0.5ms
[2026-01-15T00:36:07.444+0530][39.837s][info][gc,phases   ] GC(210)   Post Evacuate Collection Set: 0.9ms
[2026-01-15T00:36:07.444+0530][39.837s][info][gc,phases   ] GC(210)   Other: 0.5ms
[2026-01-15T00:36:07.444+0530][39.837s][info][gc,heap     ] GC(210) Eden regions: 0->0(128)
[2026-01-15T00:36:07.444+0530][39.837s][info][gc,heap     ] GC(210) Survivor regions: 0->0(16)
[2026-01-15T00:36:07.444+0530][39.837s][info][gc,heap     ] GC(210) Old regions: 2->2
[2026-01-15T00:36:07.444+0530][39.837s][info][gc,heap     ] GC(210) Humongous regions: 228->108
[2026-01-15T00:36:07.444+0530][39.837s][info][gc,metaspace] GC(210) Metaspace: 761K(896K)->761K(896K) NonClass: 711K(768K)->711K(768K) Class: 50K(128K)->50K(128K)
[2026-01-15T00:36:07.444+0530][39.837s][info][gc          ] GC(210) Pause Young (Concurrent Start) (G1 Humongous Allocation) 229M->109M(512M) 11.082ms
[2026-01-15T00:36:07.444+0530][39.837s][info][gc,cpu      ] GC(210) User=0.00s Sys=0.00s Real=0.01s
[2026-01-15T00:36:07.444+0530][39.837s][info][gc          ] GC(211) Concurrent Undo Cycle
[2026-01-15T00:36:07.444+0530][39.837s][info][gc,marking  ] GC(211) Concurrent Clear Claimed Marks
[2026-01-15T00:36:07.444+0530][39.837s][info][gc,marking  ] GC(211) Concurrent Clear Claimed Marks 0.039ms
[2026-01-15T00:36:07.444+0530][39.837s][info][gc,marking  ] GC(211) Concurrent Cleanup for Next Mark
[2026-01-15T00:36:07.444+0530][39.838s][info][gc,marking  ] GC(211) Concurrent Cleanup for Next Mark 0.188ms
[2026-01-15T00:36:07.444+0530][39.838s][info][gc          ] GC(211) Concurrent Undo Cycle 0.410ms
[2026-01-15T00:36:07.804+0530][40.197s][info][gc,start    ] GC(212) Pause Young (Concurrent Start) (G1 Humongous Allocation)
[2026-01-15T00:36:07.804+0530][40.197s][info][gc,task     ] GC(212) Using 8 workers of 8 for evacuation
[2026-01-15T00:36:07.806+0530][40.198s][info][gc,phases   ] GC(212)   Pre Evacuate Collection Set: 0.2ms
[2026-01-15T00:36:07.806+0530][40.199s][info][gc,phases   ] GC(212)   Merge Heap Roots: 0.1ms
[2026-01-15T00:36:07.806+0530][40.199s][info][gc,phases   ] GC(212)   Evacuate Collection Set: 0.3ms
[2026-01-15T00:36:07.806+0530][40.199s][info][gc,phases   ] GC(212)   Post Evacuate Collection Set: 0.6ms
[2026-01-15T00:36:07.806+0530][40.199s][info][gc,phases   ] GC(212)   Other: 0.2ms
[2026-01-15T00:36:07.806+0530][40.199s][info][gc,heap     ] GC(212) Eden regions: 0->0(128)
[2026-01-15T00:36:07.806+0530][40.199s][info][gc,heap     ] GC(212) Survivor regions: 0->0(16)
[2026-01-15T00:36:07.806+0530][40.199s][info][gc,heap     ] GC(212) Old regions: 2->2
[2026-01-15T00:36:07.806+0530][40.199s][info][gc,heap     ] GC(212) Humongous regions: 228->108
[2026-01-15T00:36:07.806+0530][40.199s][info][gc,metaspace] GC(212) Metaspace: 761K(896K)->761K(896K) NonClass: 711K(768K)->711K(768K) Class: 50K(128K)->50K(128K)
[2026-01-15T00:36:07.806+0530][40.199s][info][gc          ] GC(212) Pause Young (Concurrent Start) (G1 Humongous Allocation) 229M->109M(512M) 2.152ms
[2026-01-15T00:36:07.806+0530][40.199s][info][gc,cpu      ] GC(212) User=0.00s Sys=0.00s Real=0.00s
[2026-01-15T00:36:07.806+0530][40.199s][info][gc          ] GC(213) Concurrent Undo Cycle
[2026-01-15T00:36:07.806+0530][40.199s][info][gc,marking  ] GC(213) Concurrent Clear Claimed Marks
[2026-01-15T00:36:07.806+0530][40.199s][info][gc,marking  ] GC(213) Concurrent Clear Claimed Marks 0.032ms
[2026-01-15T00:36:07.806+0530][40.199s][info][gc,marking  ] GC(213) Concurrent Cleanup for Next Mark
[2026-01-15T00:36:07.806+0530][40.200s][info][gc,marking  ] GC(213) Concurrent Cleanup for Next Mark 0.157ms
[2026-01-15T00:36:07.806+0530][40.200s][info][gc          ] GC(213) Concurrent Undo Cycle 0.425ms
[2026-01-15T00:36:08.157+0530][40.550s][info][gc,start    ] GC(214) Pause Young (Concurrent Start) (G1 Humongous Allocation)
[2026-01-15T00:36:08.157+0530][40.550s][info][gc,task     ] GC(214) Using 8 workers of 8 for evacuation
[2026-01-15T00:36:08.158+0530][40.553s][info][gc,phases   ] GC(214)   Pre Evacuate Collection Set: 0.4ms
[2026-01-15T00:36:08.158+0530][40.553s][info][gc,phases   ] GC(214)   Merge Heap Roots: 0.3ms
[2026-01-15T00:36:08.158+0530][40.553s][info][gc,phases   ] GC(214)   Evacuate Collection Set: 0.4ms
[2026-01-15T00:36:08.158+0530][40.553s][info][gc,phases   ] GC(214)   Post Evacuate Collection Set: 0.8ms
[2026-01-15T00:36:08.158+0530][40.553s][info][gc,phases   ] GC(214)   Other: 0.4ms
[2026-01-15T00:36:08.158+0530][40.553s][info][gc,heap     ] GC(214) Eden regions: 0->0(128)
[2026-01-15T00:36:08.158+0530][40.553s][info][gc,heap     ] GC(214) Survivor regions: 0->0(16)
[2026-01-15T00:36:08.158+0530][40.553s][info][gc,heap     ] GC(214) Old regions: 2->2
[2026-01-15T00:36:08.158+0530][40.553s][info][gc,heap     ] GC(214) Humongous regions: 228->108
[2026-01-15T00:36:08.158+0530][40.553s][info][gc,metaspace] GC(214) Metaspace: 761K(896K)->761K(896K) NonClass: 711K(768K)->711K(768K) Class: 50K(128K)->50K(128K)
[2026-01-15T00:36:08.158+0530][40.553s][info][gc          ] GC(214) Pause Young (Concurrent Start) (G1 Humongous Allocation) 229M->109M(512M) 2.796ms
[2026-01-15T00:36:08.158+0530][40.553s][info][gc,cpu      ] GC(214) User=0.00s Sys=0.00s Real=0.00s
[2026-01-15T00:36:08.158+0530][40.553s][info][gc          ] GC(215) Concurrent Undo Cycle
[2026-01-15T00:36:08.158+0530][40.553s][info][gc,marking  ] GC(215) Concurrent Clear Claimed Marks
[2026-01-15T00:36:08.158+0530][40.553s][info][gc,marking  ] GC(215) Concurrent Clear Claimed Marks 0.030ms
[2026-01-15T00:36:08.158+0530][40.553s][info][gc,marking  ] GC(215) Concurrent Cleanup for Next Mark
[2026-01-15T00:36:08.158+0530][40.554s][info][gc,marking  ] GC(215) Concurrent Cleanup for Next Mark 0.124ms
[2026-01-15T00:36:08.158+0530][40.554s][info][gc          ] GC(215) Concurrent Undo Cycle 0.365ms
[2026-01-15T00:36:08.524+0530][40.916s][info][gc,start    ] GC(216) Pause Young (Concurrent Start) (G1 Humongous Allocation)
[2026-01-15T00:36:08.524+0530][40.917s][info][gc,task     ] GC(216) Using 8 workers of 8 for evacuation
[2026-01-15T00:36:08.524+0530][40.919s][info][gc,phases   ] GC(216)   Pre Evacuate Collection Set: 0.4ms
[2026-01-15T00:36:08.524+0530][40.919s][info][gc,phases   ] GC(216)   Merge Heap Roots: 0.1ms
[2026-01-15T00:36:08.524+0530][40.919s][info][gc,phases   ] GC(216)   Evacuate Collection Set: 0.3ms
[2026-01-15T00:36:08.524+0530][40.919s][info][gc,phases   ] GC(216)   Post Evacuate Collection Set: 0.4ms
[2026-01-15T00:36:08.524+0530][40.919s][info][gc,phases   ] GC(216)   Other: 0.5ms
[2026-01-15T00:36:08.524+0530][40.919s][info][gc,heap     ] GC(216) Eden regions: 0->0(128)
[2026-01-15T00:36:08.524+0530][40.919s][info][gc,heap     ] GC(216) Survivor regions: 0->0(16)
[2026-01-15T00:36:08.524+0530][40.919s][info][gc,heap     ] GC(216) Old regions: 2->2
[2026-01-15T00:36:08.524+0530][40.919s][info][gc,heap     ] GC(216) Humongous regions: 228->108
[2026-01-15T00:36:08.524+0530][40.919s][info][gc,metaspace] GC(216) Metaspace: 761K(896K)->761K(896K) NonClass: 711K(768K)->711K(768K) Class: 50K(128K)->50K(128K)
[2026-01-15T00:36:08.524+0530][40.919s][info][gc          ] GC(216) Pause Young (Concurrent Start) (G1 Humongous Allocation) 229M->109M(512M) 2.536ms
[2026-01-15T00:36:08.524+0530][40.919s][info][gc,cpu      ] GC(216) User=0.00s Sys=0.00s Real=0.00s
[2026-01-15T00:36:08.524+0530][40.919s][info][gc          ] GC(217) Concurrent Undo Cycle
[2026-01-15T00:36:08.524+0530][40.919s][info][gc,marking  ] GC(217) Concurrent Clear Claimed Marks
[2026-01-15T00:36:08.524+0530][40.919s][info][gc,marking  ] GC(217) Concurrent Clear Claimed Marks 0.025ms
[2026-01-15T00:36:08.524+0530][40.919s][info][gc,marking  ] GC(217) Concurrent Cleanup for Next Mark
[2026-01-15T00:36:08.524+0530][40.919s][info][gc,marking  ] GC(217) Concurrent Cleanup for Next Mark 0.140ms
[2026-01-15T00:36:08.524+0530][40.919s][info][gc          ] GC(217) Concurrent Undo Cycle 0.353ms
[2026-01-15T00:36:08.886+0530][41.280s][info][gc,start    ] GC(218) Pause Young (Concurrent Start) (G1 Humongous Allocation)
[2026-01-15T00:36:08.886+0530][41.280s][info][gc,task     ] GC(218) Using 8 workers of 8 for evacuation
[2026-01-15T00:36:08.889+0530][41.281s][info][gc,phases   ] GC(218)   Pre Evacuate Collection Set: 0.3ms
[2026-01-15T00:36:08.889+0530][41.282s][info][gc,phases   ] GC(218)   Merge Heap Roots: 0.1ms
[2026-01-15T00:36:08.889+0530][41.282s][info][gc,phases   ] GC(218)   Evacuate Collection Set: 0.2ms
[2026-01-15T00:36:08.889+0530][41.282s][info][gc,phases   ] GC(218)   Post Evacuate Collection Set: 0.5ms
[2026-01-15T00:36:08.889+0530][41.282s][info][gc,phases   ] GC(218)   Other: 0.2ms
[2026-01-15T00:36:08.889+0530][41.282s][info][gc,heap     ] GC(218) Eden regions: 0->0(128)
[2026-01-15T00:36:08.889+0530][41.282s][info][gc,heap     ] GC(218) Survivor regions: 0->0(16)
[2026-01-15T00:36:08.889+0530][41.282s][info][gc,heap     ] GC(218) Old regions: 2->2
[2026-01-15T00:36:08.889+0530][41.282s][info][gc,heap     ] GC(218) Humongous regions: 228->108
[2026-01-15T00:36:08.889+0530][41.282s][info][gc,metaspace] GC(218) Metaspace: 761K(896K)->761K(896K) NonClass: 711K(768K)->711K(768K) Class: 50K(128K)->50K(128K)
[2026-01-15T00:36:08.889+0530][41.282s][info][gc          ] GC(218) Pause Young (Concurrent Start) (G1 Humongous Allocation) 229M->109M(512M) 1.855ms
[2026-01-15T00:36:08.889+0530][41.282s][info][gc,cpu      ] GC(218) User=0.00s Sys=0.00s Real=0.00s
[2026-01-15T00:36:08.889+0530][41.282s][info][gc          ] GC(219) Concurrent Undo Cycle
[2026-01-15T00:36:08.889+0530][41.282s][info][gc,marking  ] GC(219) Concurrent Clear Claimed Marks
[2026-01-15T00:36:08.889+0530][41.283s][info][gc,marking  ] GC(219) Concurrent Clear Claimed Marks 0.059ms
[2026-01-15T00:36:08.889+0530][41.283s][info][gc,marking  ] GC(219) Concurrent Cleanup for Next Mark
[2026-01-15T00:36:08.889+0530][41.283s][info][gc,marking  ] GC(219) Concurrent Cleanup for Next Mark 0.284ms
[2026-01-15T00:36:08.889+0530][41.283s][info][gc          ] GC(219) Concurrent Undo Cycle 0.804ms
[2026-01-15T00:36:09.240+0530][41.634s][info][gc,start    ] GC(220) Pause Young (Concurrent Start) (G1 Humongous Allocation)
[2026-01-15T00:36:09.240+0530][41.634s][info][gc,task     ] GC(220) Using 8 workers of 8 for evacuation
[2026-01-15T00:36:09.240+0530][41.636s][info][gc,phases   ] GC(220)   Pre Evacuate Collection Set: 0.4ms
[2026-01-15T00:36:09.240+0530][41.636s][info][gc,phases   ] GC(220)   Merge Heap Roots: 0.1ms
[2026-01-15T00:36:09.240+0530][41.636s][info][gc,phases   ] GC(220)   Evacuate Collection Set: 0.4ms
[2026-01-15T00:36:09.240+0530][41.636s][info][gc,phases   ] GC(220)   Post Evacuate Collection Set: 0.7ms
[2026-01-15T00:36:09.240+0530][41.636s][info][gc,phases   ] GC(220)   Other: 0.2ms
[2026-01-15T00:36:09.240+0530][41.636s][info][gc,heap     ] GC(220) Eden regions: 0->0(128)
[2026-01-15T00:36:09.240+0530][41.636s][info][gc,heap     ] GC(220) Survivor regions: 0->0(16)
[2026-01-15T00:36:09.240+0530][41.636s][info][gc,heap     ] GC(220) Old regions: 2->2
[2026-01-15T00:36:09.240+0530][41.636s][info][gc,heap     ] GC(220) Humongous regions: 228->108
[2026-01-15T00:36:09.240+0530][41.636s][info][gc,metaspace] GC(220) Metaspace: 761K(896K)->761K(896K) NonClass: 711K(768K)->711K(768K) Class: 50K(128K)->50K(128K)
[2026-01-15T00:36:09.240+0530][41.636s][info][gc          ] GC(220) Pause Young (Concurrent Start) (G1 Humongous Allocation) 229M->109M(512M) 2.366ms
[2026-01-15T00:36:09.240+0530][41.636s][info][gc,cpu      ] GC(220) User=0.00s Sys=0.00s Real=0.00s
[2026-01-15T00:36:09.240+0530][41.636s][info][gc          ] GC(221) Concurrent Undo Cycle
[2026-01-15T00:36:09.240+0530][41.636s][info][gc,marking  ] GC(221) Concurrent Clear Claimed Marks
[2026-01-15T00:36:09.240+0530][41.636s][info][gc,marking  ] GC(221) Concurrent Clear Claimed Marks 0.028ms
[2026-01-15T00:36:09.240+0530][41.636s][info][gc,marking  ] GC(221) Concurrent Cleanup for Next Mark
[2026-01-15T00:36:09.240+0530][41.636s][info][gc,marking  ] GC(221) Concurrent Cleanup for Next Mark 0.109ms
[2026-01-15T00:36:09.240+0530][41.637s][info][gc          ] GC(221) Concurrent Undo Cycle 0.319ms
[2026-01-15T00:36:09.609+0530][42.002s][info][gc,start    ] GC(222) Pause Young (Concurrent Start) (G1 Humongous Allocation)
[2026-01-15T00:36:09.609+0530][42.002s][info][gc,task     ] GC(222) Using 8 workers of 8 for evacuation
[2026-01-15T00:36:09.609+0530][42.004s][info][gc,phases   ] GC(222)   Pre Evacuate Collection Set: 0.5ms
[2026-01-15T00:36:09.609+0530][42.005s][info][gc,phases   ] GC(222)   Merge Heap Roots: 0.2ms
[2026-01-15T00:36:09.609+0530][42.005s][info][gc,phases   ] GC(222)   Evacuate Collection Set: 0.3ms
[2026-01-15T00:36:09.609+0530][42.005s][info][gc,phases   ] GC(222)   Post Evacuate Collection Set: 1.0ms
[2026-01-15T00:36:09.609+0530][42.005s][info][gc,phases   ] GC(222)   Other: 0.3ms
[2026-01-15T00:36:09.609+0530][42.005s][info][gc,heap     ] GC(222) Eden regions: 0->0(128)
[2026-01-15T00:36:09.609+0530][42.005s][info][gc,heap     ] GC(222) Survivor regions: 0->0(16)
[2026-01-15T00:36:09.609+0530][42.005s][info][gc,heap     ] GC(222) Old regions: 2->2
[2026-01-15T00:36:09.609+0530][42.005s][info][gc,heap     ] GC(222) Humongous regions: 228->108
[2026-01-15T00:36:09.609+0530][42.005s][info][gc,metaspace] GC(222) Metaspace: 761K(896K)->761K(896K) NonClass: 711K(768K)->711K(768K) Class: 50K(128K)->50K(128K)
[2026-01-15T00:36:09.609+0530][42.005s][info][gc          ] GC(222) Pause Young (Concurrent Start) (G1 Humongous Allocation) 229M->109M(512M) 2.843ms
[2026-01-15T00:36:09.609+0530][42.005s][info][gc,cpu      ] GC(222) User=0.00s Sys=0.00s Real=0.00s
[2026-01-15T00:36:09.609+0530][42.005s][info][gc          ] GC(223) Concurrent Undo Cycle
[2026-01-15T00:36:09.609+0530][42.005s][info][gc,marking  ] GC(223) Concurrent Clear Claimed Marks
[2026-01-15T00:36:09.609+0530][42.005s][info][gc,marking  ] GC(223) Concurrent Clear Claimed Marks 0.026ms
[2026-01-15T00:36:09.609+0530][42.005s][info][gc,marking  ] GC(223) Concurrent Cleanup for Next Mark
[2026-01-15T00:36:09.609+0530][42.005s][info][gc,marking  ] GC(223) Concurrent Cleanup for Next Mark 0.127ms
[2026-01-15T00:36:09.609+0530][42.005s][info][gc          ] GC(223) Concurrent Undo Cycle 0.440ms
[2026-01-15T00:36:09.974+0530][42.368s][info][gc,start    ] GC(224) Pause Young (Concurrent Start) (G1 Humongous Allocation)
[2026-01-15T00:36:09.974+0530][42.368s][info][gc,task     ] GC(224) Using 8 workers of 8 for evacuation
[2026-01-15T00:36:09.974+0530][42.370s][info][gc,phases   ] GC(224)   Pre Evacuate Collection Set: 0.3ms
[2026-01-15T00:36:09.974+0530][42.370s][info][gc,phases   ] GC(224)   Merge Heap Roots: 0.1ms
[2026-01-15T00:36:09.974+0530][42.370s][info][gc,phases   ] GC(224)   Evacuate Collection Set: 0.4ms
[2026-01-15T00:36:09.974+0530][42.370s][info][gc,phases   ] GC(224)   Post Evacuate Collection Set: 0.5ms
[2026-01-15T00:36:09.974+0530][42.370s][info][gc,phases   ] GC(224)   Other: 0.2ms
[2026-01-15T00:36:09.974+0530][42.370s][info][gc,heap     ] GC(224) Eden regions: 0->0(128)
[2026-01-15T00:36:09.974+0530][42.370s][info][gc,heap     ] GC(224) Survivor regions: 0->0(16)
[2026-01-15T00:36:09.974+0530][42.370s][info][gc,heap     ] GC(224) Old regions: 2->2
[2026-01-15T00:36:09.974+0530][42.370s][info][gc,heap     ] GC(224) Humongous regions: 228->108
[2026-01-15T00:36:09.974+0530][42.370s][info][gc,metaspace] GC(224) Metaspace: 761K(896K)->761K(896K) NonClass: 711K(768K)->711K(768K) Class: 50K(128K)->50K(128K)
[2026-01-15T00:36:09.974+0530][42.370s][info][gc          ] GC(224) Pause Young (Concurrent Start) (G1 Humongous Allocation) 229M->109M(512M) 2.040ms
[2026-01-15T00:36:09.974+0530][42.370s][info][gc,cpu      ] GC(224) User=0.00s Sys=0.00s Real=0.00s
[2026-01-15T00:36:09.974+0530][42.370s][info][gc          ] GC(225) Concurrent Undo Cycle
[2026-01-15T00:36:09.974+0530][42.370s][info][gc,marking  ] GC(225) Concurrent Clear Claimed Marks
[2026-01-15T00:36:09.974+0530][42.370s][info][gc,marking  ] GC(225) Concurrent Clear Claimed Marks 0.027ms
[2026-01-15T00:36:09.974+0530][42.370s][info][gc,marking  ] GC(225) Concurrent Cleanup for Next Mark
[2026-01-15T00:36:09.974+0530][42.370s][info][gc,marking  ] GC(225) Concurrent Cleanup for Next Mark 0.179ms
[2026-01-15T00:36:09.974+0530][42.370s][info][gc          ] GC(225) Concurrent Undo Cycle 0.437ms
[2026-01-15T00:36:10.339+0530][42.733s][info][gc,start    ] GC(226) Pause Young (Concurrent Start) (G1 Humongous Allocation)
[2026-01-15T00:36:10.339+0530][42.733s][info][gc,task     ] GC(226) Using 8 workers of 8 for evacuation
[2026-01-15T00:36:10.341+0530][42.736s][info][gc,phases   ] GC(226)   Pre Evacuate Collection Set: 0.5ms
[2026-01-15T00:36:10.341+0530][42.736s][info][gc,phases   ] GC(226)   Merge Heap Roots: 0.2ms
[2026-01-15T00:36:10.341+0530][42.736s][info][gc,phases   ] GC(226)   Evacuate Collection Set: 0.4ms
[2026-01-15T00:36:10.341+0530][42.736s][info][gc,phases   ] GC(226)   Post Evacuate Collection Set: 1.2ms
[2026-01-15T00:36:10.341+0530][42.736s][info][gc,phases   ] GC(226)   Other: 0.4ms
[2026-01-15T00:36:10.341+0530][42.736s][info][gc,heap     ] GC(226) Eden regions: 0->0(128)
[2026-01-15T00:36:10.341+0530][42.736s][info][gc,heap     ] GC(226) Survivor regions: 0->0(16)
[2026-01-15T00:36:10.341+0530][42.736s][info][gc,heap     ] GC(226) Old regions: 2->2
[2026-01-15T00:36:10.341+0530][42.736s][info][gc,heap     ] GC(226) Humongous regions: 228->108
[2026-01-15T00:36:10.341+0530][42.736s][info][gc,metaspace] GC(226) Metaspace: 761K(896K)->761K(896K) NonClass: 711K(768K)->711K(768K) Class: 50K(128K)->50K(128K)
[2026-01-15T00:36:10.341+0530][42.736s][info][gc          ] GC(226) Pause Young (Concurrent Start) (G1 Humongous Allocation) 229M->109M(512M) 3.504ms
[2026-01-15T00:36:10.341+0530][42.736s][info][gc,cpu      ] GC(226) User=0.00s Sys=0.02s Real=0.00s
[2026-01-15T00:36:10.341+0530][42.736s][info][gc          ] GC(227) Concurrent Undo Cycle
[2026-01-15T00:36:10.341+0530][42.736s][info][gc,marking  ] GC(227) Concurrent Clear Claimed Marks
[2026-01-15T00:36:10.344+0530][42.737s][info][gc,marking  ] GC(227) Concurrent Clear Claimed Marks 0.066ms
[2026-01-15T00:36:10.344+0530][42.737s][info][gc,marking  ] GC(227) Concurrent Cleanup for Next Mark
[2026-01-15T00:36:10.344+0530][42.737s][info][gc,marking  ] GC(227) Concurrent Cleanup for Next Mark 0.216ms
[2026-01-15T00:36:10.344+0530][42.737s][info][gc          ] GC(227) Concurrent Undo Cycle 0.562ms
[2026-01-15T00:36:10.704+0530][43.097s][info][gc,start    ] GC(228) Pause Young (Concurrent Start) (G1 Humongous Allocation)
[2026-01-15T00:36:10.704+0530][43.098s][info][gc,task     ] GC(228) Using 8 workers of 8 for evacuation
[2026-01-15T00:36:10.705+0530][43.100s][info][gc,phases   ] GC(228)   Pre Evacuate Collection Set: 0.5ms
[2026-01-15T00:36:10.705+0530][43.100s][info][gc,phases   ] GC(228)   Merge Heap Roots: 0.1ms
[2026-01-15T00:36:10.705+0530][43.100s][info][gc,phases   ] GC(228)   Evacuate Collection Set: 0.4ms
[2026-01-15T00:36:10.705+0530][43.100s][info][gc,phases   ] GC(228)   Post Evacuate Collection Set: 0.8ms
[2026-01-15T00:36:10.705+0530][43.100s][info][gc,phases   ] GC(228)   Other: 0.3ms
[2026-01-15T00:36:10.705+0530][43.100s][info][gc,heap     ] GC(228) Eden regions: 0->0(128)
[2026-01-15T00:36:10.705+0530][43.100s][info][gc,heap     ] GC(228) Survivor regions: 0->0(16)
[2026-01-15T00:36:10.705+0530][43.100s][info][gc,heap     ] GC(228) Old regions: 2->2
[2026-01-15T00:36:10.705+0530][43.100s][info][gc,heap     ] GC(228) Humongous regions: 228->108
[2026-01-15T00:36:10.705+0530][43.100s][info][gc,metaspace] GC(228) Metaspace: 761K(896K)->761K(896K) NonClass: 711K(768K)->711K(768K) Class: 50K(128K)->50K(128K)
[2026-01-15T00:36:10.705+0530][43.100s][info][gc          ] GC(228) Pause Young (Concurrent Start) (G1 Humongous Allocation) 229M->109M(512M) 2.785ms
[2026-01-15T00:36:10.705+0530][43.100s][info][gc,cpu      ] GC(228) User=0.00s Sys=0.00s Real=0.00s
[2026-01-15T00:36:10.705+0530][43.100s][info][gc          ] GC(229) Concurrent Undo Cycle
[2026-01-15T00:36:10.705+0530][43.100s][info][gc,marking  ] GC(229) Concurrent Clear Claimed Marks
[2026-01-15T00:36:10.705+0530][43.100s][info][gc,marking  ] GC(229) Concurrent Clear Claimed Marks 0.027ms
[2026-01-15T00:36:10.705+0530][43.100s][info][gc,marking  ] GC(229) Concurrent Cleanup for Next Mark
[2026-01-15T00:36:10.705+0530][43.101s][info][gc,marking  ] GC(229) Concurrent Cleanup for Next Mark 0.105ms
[2026-01-15T00:36:10.705+0530][43.101s][info][gc          ] GC(229) Concurrent Undo Cycle 0.321ms
[2026-01-15T00:36:11.064+0530][43.458s][info][gc,start    ] GC(230) Pause Young (Concurrent Start) (G1 Humongous Allocation)
[2026-01-15T00:36:11.064+0530][43.458s][info][gc,task     ] GC(230) Using 8 workers of 8 for evacuation
[2026-01-15T00:36:11.066+0530][43.461s][info][gc,phases   ] GC(230)   Pre Evacuate Collection Set: 0.5ms
[2026-01-15T00:36:11.066+0530][43.461s][info][gc,phases   ] GC(230)   Merge Heap Roots: 0.2ms
[2026-01-15T00:36:11.066+0530][43.461s][info][gc,phases   ] GC(230)   Evacuate Collection Set: 0.4ms
[2026-01-15T00:36:11.066+0530][43.461s][info][gc,phases   ] GC(230)   Post Evacuate Collection Set: 1.1ms
[2026-01-15T00:36:11.066+0530][43.461s][info][gc,phases   ] GC(230)   Other: 0.3ms
[2026-01-15T00:36:11.066+0530][43.461s][info][gc,heap     ] GC(230) Eden regions: 0->0(128)
[2026-01-15T00:36:11.066+0530][43.461s][info][gc,heap     ] GC(230) Survivor regions: 0->0(16)
[2026-01-15T00:36:11.066+0530][43.461s][info][gc,heap     ] GC(230) Old regions: 2->2
[2026-01-15T00:36:11.066+0530][43.461s][info][gc,heap     ] GC(230) Humongous regions: 228->108
[2026-01-15T00:36:11.066+0530][43.461s][info][gc,metaspace] GC(230) Metaspace: 761K(896K)->761K(896K) NonClass: 711K(768K)->711K(768K) Class: 50K(128K)->50K(128K)
[2026-01-15T00:36:11.066+0530][43.461s][info][gc          ] GC(230) Pause Young (Concurrent Start) (G1 Humongous Allocation) 229M->109M(512M) 3.423ms
[2026-01-15T00:36:11.066+0530][43.461s][info][gc,cpu      ] GC(230) User=0.00s Sys=0.00s Real=0.00s
[2026-01-15T00:36:11.066+0530][43.461s][info][gc          ] GC(231) Concurrent Undo Cycle
[2026-01-15T00:36:11.069+0530][43.461s][info][gc,marking  ] GC(231) Concurrent Clear Claimed Marks
[2026-01-15T00:36:11.069+0530][43.461s][info][gc,marking  ] GC(231) Concurrent Clear Claimed Marks 0.045ms
[2026-01-15T00:36:11.069+0530][43.461s][info][gc,marking  ] GC(231) Concurrent Cleanup for Next Mark
[2026-01-15T00:36:11.069+0530][43.462s][info][gc,marking  ] GC(231) Concurrent Cleanup for Next Mark 0.222ms
[2026-01-15T00:36:11.069+0530][43.462s][info][gc          ] GC(231) Concurrent Undo Cycle 0.566ms
[2026-01-15T00:36:11.444+0530][43.837s][info][gc,start    ] GC(232) Pause Young (Concurrent Start) (G1 Humongous Allocation)
[2026-01-15T00:36:11.444+0530][43.837s][info][gc,task     ] GC(232) Using 8 workers of 8 for evacuation
[2026-01-15T00:36:11.444+0530][43.839s][info][gc,phases   ] GC(232)   Pre Evacuate Collection Set: 0.5ms
[2026-01-15T00:36:11.444+0530][43.839s][info][gc,phases   ] GC(232)   Merge Heap Roots: 0.1ms
[2026-01-15T00:36:11.444+0530][43.839s][info][gc,phases   ] GC(232)   Evacuate Collection Set: 0.2ms
[2026-01-15T00:36:11.447+0530][43.839s][info][gc,phases   ] GC(232)   Post Evacuate Collection Set: 0.4ms
[2026-01-15T00:36:11.447+0530][43.839s][info][gc,phases   ] GC(232)   Other: 0.3ms
[2026-01-15T00:36:11.447+0530][43.839s][info][gc,heap     ] GC(232) Eden regions: 0->0(128)
[2026-01-15T00:36:11.447+0530][43.839s][info][gc,heap     ] GC(232) Survivor regions: 0->0(16)
[2026-01-15T00:36:11.447+0530][43.839s][info][gc,heap     ] GC(232) Old regions: 2->2
[2026-01-15T00:36:11.447+0530][43.839s][info][gc,heap     ] GC(232) Humongous regions: 228->108
[2026-01-15T00:36:11.447+0530][43.839s][info][gc,metaspace] GC(232) Metaspace: 761K(896K)->761K(896K) NonClass: 711K(768K)->711K(768K) Class: 50K(128K)->50K(128K)
[2026-01-15T00:36:11.447+0530][43.839s][info][gc          ] GC(232) Pause Young (Concurrent Start) (G1 Humongous Allocation) 229M->109M(512M) 2.133ms
[2026-01-15T00:36:11.447+0530][43.840s][info][gc,cpu      ] GC(232) User=0.00s Sys=0.00s Real=0.00s
[2026-01-15T00:36:11.447+0530][43.840s][info][gc          ] GC(233) Concurrent Undo Cycle
[2026-01-15T00:36:11.447+0530][43.840s][info][gc,marking  ] GC(233) Concurrent Clear Claimed Marks
[2026-01-15T00:36:11.447+0530][43.840s][info][gc,marking  ] GC(233) Concurrent Clear Claimed Marks 0.031ms
[2026-01-15T00:36:11.447+0530][43.840s][info][gc,marking  ] GC(233) Concurrent Cleanup for Next Mark
[2026-01-15T00:36:11.447+0530][43.840s][info][gc,marking  ] GC(233) Concurrent Cleanup for Next Mark 0.203ms
[2026-01-15T00:36:11.447+0530][43.840s][info][gc          ] GC(233) Concurrent Undo Cycle 0.500ms
[2026-01-15T00:36:11.801+0530][44.194s][info][gc,start    ] GC(234) Pause Young (Concurrent Start) (G1 Humongous Allocation)
[2026-01-15T00:36:11.801+0530][44.194s][info][gc,task     ] GC(234) Using 8 workers of 8 for evacuation
[2026-01-15T00:36:11.801+0530][44.196s][info][gc,phases   ] GC(234)   Pre Evacuate Collection Set: 0.8ms
[2026-01-15T00:36:11.801+0530][44.197s][info][gc,phases   ] GC(234)   Merge Heap Roots: 0.2ms
[2026-01-15T00:36:11.804+0530][44.197s][info][gc,phases   ] GC(234)   Evacuate Collection Set: 0.4ms
[2026-01-15T00:36:11.804+0530][44.197s][info][gc,phases   ] GC(234)   Post Evacuate Collection Set: 0.5ms
[2026-01-15T00:36:11.804+0530][44.197s][info][gc,phases   ] GC(234)   Other: 0.3ms
[2026-01-15T00:36:11.804+0530][44.197s][info][gc,heap     ] GC(234) Eden regions: 0->0(128)
[2026-01-15T00:36:11.804+0530][44.197s][info][gc,heap     ] GC(234) Survivor regions: 0->0(16)
[2026-01-15T00:36:11.804+0530][44.197s][info][gc,heap     ] GC(234) Old regions: 2->2
[2026-01-15T00:36:11.804+0530][44.197s][info][gc,heap     ] GC(234) Humongous regions: 228->108
[2026-01-15T00:36:11.804+0530][44.197s][info][gc,metaspace] GC(234) Metaspace: 761K(896K)->761K(896K) NonClass: 711K(768K)->711K(768K) Class: 50K(128K)->50K(128K)
[2026-01-15T00:36:11.804+0530][44.197s][info][gc          ] GC(234) Pause Young (Concurrent Start) (G1 Humongous Allocation) 229M->109M(512M) 2.878ms
[2026-01-15T00:36:11.804+0530][44.197s][info][gc,cpu      ] GC(234) User=0.00s Sys=0.00s Real=0.00s
[2026-01-15T00:36:11.804+0530][44.197s][info][gc          ] GC(235) Concurrent Undo Cycle
[2026-01-15T00:36:11.804+0530][44.197s][info][gc,marking  ] GC(235) Concurrent Clear Claimed Marks
[2026-01-15T00:36:11.804+0530][44.197s][info][gc,marking  ] GC(235) Concurrent Clear Claimed Marks 0.043ms
[2026-01-15T00:36:11.804+0530][44.197s][info][gc,marking  ] GC(235) Concurrent Cleanup for Next Mark
[2026-01-15T00:36:11.804+0530][44.197s][info][gc,marking  ] GC(235) Concurrent Cleanup for Next Mark 0.164ms
[2026-01-15T00:36:11.804+0530][44.198s][info][gc          ] GC(235) Concurrent Undo Cycle 0.481ms
[2026-01-15T00:36:12.169+0530][44.562s][info][gc,start    ] GC(236) Pause Young (Concurrent Start) (G1 Humongous Allocation)
[2026-01-15T00:36:12.169+0530][44.562s][info][gc,task     ] GC(236) Using 8 workers of 8 for evacuation
[2026-01-15T00:36:12.169+0530][44.564s][info][gc,phases   ] GC(236)   Pre Evacuate Collection Set: 0.3ms
[2026-01-15T00:36:12.169+0530][44.564s][info][gc,phases   ] GC(236)   Merge Heap Roots: 0.1ms
[2026-01-15T00:36:12.169+0530][44.564s][info][gc,phases   ] GC(236)   Evacuate Collection Set: 0.5ms
[2026-01-15T00:36:12.169+0530][44.564s][info][gc,phases   ] GC(236)   Post Evacuate Collection Set: 0.7ms
[2026-01-15T00:36:12.169+0530][44.564s][info][gc,phases   ] GC(236)   Other: 0.1ms
[2026-01-15T00:36:12.169+0530][44.564s][info][gc,heap     ] GC(236) Eden regions: 0->0(128)
[2026-01-15T00:36:12.169+0530][44.564s][info][gc,heap     ] GC(236) Survivor regions: 0->0(16)
[2026-01-15T00:36:12.169+0530][44.564s][info][gc,heap     ] GC(236) Old regions: 2->2
[2026-01-15T00:36:12.169+0530][44.564s][info][gc,heap     ] GC(236) Humongous regions: 228->108
[2026-01-15T00:36:12.169+0530][44.564s][info][gc,metaspace] GC(236) Metaspace: 761K(896K)->761K(896K) NonClass: 711K(768K)->711K(768K) Class: 50K(128K)->50K(128K)
[2026-01-15T00:36:12.169+0530][44.565s][info][gc          ] GC(236) Pause Young (Concurrent Start) (G1 Humongous Allocation) 229M->109M(512M) 2.235ms
[2026-01-15T00:36:12.169+0530][44.565s][info][gc,cpu      ] GC(236) User=0.00s Sys=0.03s Real=0.00s
[2026-01-15T00:36:12.169+0530][44.565s][info][gc          ] GC(237) Concurrent Undo Cycle
[2026-01-15T00:36:12.169+0530][44.565s][info][gc,marking  ] GC(237) Concurrent Clear Claimed Marks
[2026-01-15T00:36:12.169+0530][44.565s][info][gc,marking  ] GC(237) Concurrent Clear Claimed Marks 0.056ms
[2026-01-15T00:36:12.169+0530][44.565s][info][gc,marking  ] GC(237) Concurrent Cleanup for Next Mark
[2026-01-15T00:36:12.169+0530][44.565s][info][gc,marking  ] GC(237) Concurrent Cleanup for Next Mark 0.173ms
[2026-01-15T00:36:12.169+0530][44.565s][info][gc          ] GC(237) Concurrent Undo Cycle 0.706ms
[2026-01-15T00:36:12.534+0530][44.927s][info][gc,start    ] GC(238) Pause Young (Concurrent Start) (G1 Humongous Allocation)
[2026-01-15T00:36:12.534+0530][44.927s][info][gc,task     ] GC(238) Using 8 workers of 8 for evacuation
[2026-01-15T00:36:12.534+0530][44.929s][info][gc,phases   ] GC(238)   Pre Evacuate Collection Set: 0.5ms
[2026-01-15T00:36:12.534+0530][44.929s][info][gc,phases   ] GC(238)   Merge Heap Roots: 0.2ms
[2026-01-15T00:36:12.534+0530][44.929s][info][gc,phases   ] GC(238)   Evacuate Collection Set: 0.5ms
[2026-01-15T00:36:12.534+0530][44.929s][info][gc,phases   ] GC(238)   Post Evacuate Collection Set: 1.0ms
[2026-01-15T00:36:12.534+0530][44.929s][info][gc,phases   ] GC(238)   Other: 0.3ms
[2026-01-15T00:36:12.534+0530][44.929s][info][gc,heap     ] GC(238) Eden regions: 0->0(128)
[2026-01-15T00:36:12.534+0530][44.929s][info][gc,heap     ] GC(238) Survivor regions: 0->0(16)
[2026-01-15T00:36:12.534+0530][44.929s][info][gc,heap     ] GC(238) Old regions: 2->2
[2026-01-15T00:36:12.534+0530][44.929s][info][gc,heap     ] GC(238) Humongous regions: 228->108
[2026-01-15T00:36:12.534+0530][44.929s][info][gc,metaspace] GC(238) Metaspace: 761K(896K)->761K(896K) NonClass: 711K(768K)->711K(768K) Class: 50K(128K)->50K(128K)
[2026-01-15T00:36:12.534+0530][44.929s][info][gc          ] GC(238) Pause Young (Concurrent Start) (G1 Humongous Allocation) 229M->109M(512M) 2.939ms
[2026-01-15T00:36:12.534+0530][44.930s][info][gc,cpu      ] GC(238) User=0.00s Sys=0.00s Real=0.00s
[2026-01-15T00:36:12.534+0530][44.930s][info][gc          ] GC(239) Concurrent Undo Cycle
[2026-01-15T00:36:12.534+0530][44.930s][info][gc,marking  ] GC(239) Concurrent Clear Claimed Marks
[2026-01-15T00:36:12.534+0530][44.930s][info][gc,marking  ] GC(239) Concurrent Clear Claimed Marks 0.027ms
[2026-01-15T00:36:12.534+0530][44.930s][info][gc,marking  ] GC(239) Concurrent Cleanup for Next Mark
[2026-01-15T00:36:12.534+0530][44.930s][info][gc,marking  ] GC(239) Concurrent Cleanup for Next Mark 0.121ms
[2026-01-15T00:36:12.534+0530][44.930s][info][gc          ] GC(239) Concurrent Undo Cycle 0.420ms
[2026-01-15T00:36:12.902+0530][45.296s][info][gc,start    ] GC(240) Pause Young (Concurrent Start) (G1 Humongous Allocation)
[2026-01-15T00:36:12.902+0530][45.296s][info][gc,task     ] GC(240) Using 8 workers of 8 for evacuation
[2026-01-15T00:36:12.904+0530][45.298s][info][gc,phases   ] GC(240)   Pre Evacuate Collection Set: 0.6ms
[2026-01-15T00:36:12.904+0530][45.298s][info][gc,phases   ] GC(240)   Merge Heap Roots: 0.2ms
[2026-01-15T00:36:12.904+0530][45.298s][info][gc,phases   ] GC(240)   Evacuate Collection Set: 0.4ms
[2026-01-15T00:36:12.904+0530][45.298s][info][gc,phases   ] GC(240)   Post Evacuate Collection Set: 0.5ms
[2026-01-15T00:36:12.904+0530][45.298s][info][gc,phases   ] GC(240)   Other: 0.3ms
[2026-01-15T00:36:12.904+0530][45.298s][info][gc,heap     ] GC(240) Eden regions: 0->0(128)
[2026-01-15T00:36:12.904+0530][45.298s][info][gc,heap     ] GC(240) Survivor regions: 0->0(16)
[2026-01-15T00:36:12.904+0530][45.298s][info][gc,heap     ] GC(240) Old regions: 2->2
[2026-01-15T00:36:12.904+0530][45.298s][info][gc,heap     ] GC(240) Humongous regions: 228->108
[2026-01-15T00:36:12.906+0530][45.298s][info][gc,metaspace] GC(240) Metaspace: 761K(896K)->761K(896K) NonClass: 711K(768K)->711K(768K) Class: 50K(128K)->50K(128K)
[2026-01-15T00:36:12.906+0530][45.298s][info][gc          ] GC(240) Pause Young (Concurrent Start) (G1 Humongous Allocation) 229M->109M(512M) 2.687ms
[2026-01-15T00:36:12.906+0530][45.298s][info][gc,cpu      ] GC(240) User=0.00s Sys=0.00s Real=0.00s
[2026-01-15T00:36:12.906+0530][45.298s][info][gc          ] GC(241) Concurrent Undo Cycle
[2026-01-15T00:36:12.906+0530][45.299s][info][gc,marking  ] GC(241) Concurrent Clear Claimed Marks
[2026-01-15T00:36:12.906+0530][45.299s][info][gc,marking  ] GC(241) Concurrent Clear Claimed Marks 0.060ms
[2026-01-15T00:36:12.906+0530][45.299s][info][gc,marking  ] GC(241) Concurrent Cleanup for Next Mark
[2026-01-15T00:36:12.906+0530][45.299s][info][gc,marking  ] GC(241) Concurrent Cleanup for Next Mark 0.129ms
[2026-01-15T00:36:12.906+0530][45.299s][info][gc          ] GC(241) Concurrent Undo Cycle 0.582ms
[2026-01-15T00:36:13.278+0530][45.671s][info][gc,start    ] GC(242) Pause Young (Concurrent Start) (G1 Humongous Allocation)
[2026-01-15T00:36:13.279+0530][45.672s][info][gc,task     ] GC(242) Using 8 workers of 8 for evacuation
[2026-01-15T00:36:13.281+0530][45.674s][info][gc,phases   ] GC(242)   Pre Evacuate Collection Set: 0.8ms
[2026-01-15T00:36:13.281+0530][45.674s][info][gc,phases   ] GC(242)   Merge Heap Roots: 0.2ms
[2026-01-15T00:36:13.281+0530][45.675s][info][gc,phases   ] GC(242)   Evacuate Collection Set: 0.4ms
[2026-01-15T00:36:13.281+0530][45.675s][info][gc,phases   ] GC(242)   Post Evacuate Collection Set: 0.8ms
[2026-01-15T00:36:13.281+0530][45.675s][info][gc,phases   ] GC(242)   Other: 0.3ms
[2026-01-15T00:36:13.281+0530][45.675s][info][gc,heap     ] GC(242) Eden regions: 0->0(128)
[2026-01-15T00:36:13.281+0530][45.675s][info][gc,heap     ] GC(242) Survivor regions: 0->0(16)
[2026-01-15T00:36:13.281+0530][45.675s][info][gc,heap     ] GC(242) Old regions: 2->2
[2026-01-15T00:36:13.281+0530][45.675s][info][gc,heap     ] GC(242) Humongous regions: 228->108
[2026-01-15T00:36:13.281+0530][45.675s][info][gc,metaspace] GC(242) Metaspace: 761K(896K)->761K(896K) NonClass: 711K(768K)->711K(768K) Class: 50K(128K)->50K(128K)
[2026-01-15T00:36:13.282+0530][45.675s][info][gc          ] GC(242) Pause Young (Concurrent Start) (G1 Humongous Allocation) 229M->109M(512M) 3.665ms
[2026-01-15T00:36:13.282+0530][45.675s][info][gc,cpu      ] GC(242) User=0.00s Sys=0.02s Real=0.00s
[2026-01-15T00:36:13.282+0530][45.675s][info][gc          ] GC(243) Concurrent Undo Cycle
[2026-01-15T00:36:13.282+0530][45.675s][info][gc,marking  ] GC(243) Concurrent Clear Claimed Marks
[2026-01-15T00:36:13.282+0530][45.676s][info][gc,marking  ] GC(243) Concurrent Clear Claimed Marks 0.040ms
[2026-01-15T00:36:13.282+0530][45.676s][info][gc,marking  ] GC(243) Concurrent Cleanup for Next Mark
[2026-01-15T00:36:13.282+0530][45.676s][info][gc,marking  ] GC(243) Concurrent Cleanup for Next Mark 0.221ms
[2026-01-15T00:36:13.282+0530][45.676s][info][gc          ] GC(243) Concurrent Undo Cycle 0.665ms
[2026-01-15T00:36:13.648+0530][46.041s][info][gc,start    ] GC(244) Pause Young (Concurrent Start) (G1 Humongous Allocation)
[2026-01-15T00:36:13.648+0530][46.042s][info][gc,task     ] GC(244) Using 8 workers of 8 for evacuation
[2026-01-15T00:36:13.648+0530][46.044s][info][gc,phases   ] GC(244)   Pre Evacuate Collection Set: 0.5ms
[2026-01-15T00:36:13.648+0530][46.044s][info][gc,phases   ] GC(244)   Merge Heap Roots: 0.1ms
[2026-01-15T00:36:13.648+0530][46.044s][info][gc,phases   ] GC(244)   Evacuate Collection Set: 0.4ms
[2026-01-15T00:36:13.648+0530][46.044s][info][gc,phases   ] GC(244)   Post Evacuate Collection Set: 1.0ms
[2026-01-15T00:36:13.648+0530][46.044s][info][gc,phases   ] GC(244)   Other: 0.2ms
[2026-01-15T00:36:13.648+0530][46.044s][info][gc,heap     ] GC(244) Eden regions: 0->0(128)
[2026-01-15T00:36:13.648+0530][46.044s][info][gc,heap     ] GC(244) Survivor regions: 0->0(16)
[2026-01-15T00:36:13.648+0530][46.044s][info][gc,heap     ] GC(244) Old regions: 2->2
[2026-01-15T00:36:13.648+0530][46.044s][info][gc,heap     ] GC(244) Humongous regions: 228->108
[2026-01-15T00:36:13.648+0530][46.044s][info][gc,metaspace] GC(244) Metaspace: 761K(896K)->761K(896K) NonClass: 711K(768K)->711K(768K) Class: 50K(128K)->50K(128K)
[2026-01-15T00:36:13.648+0530][46.044s][info][gc          ] GC(244) Pause Young (Concurrent Start) (G1 Humongous Allocation) 229M->109M(512M) 2.651ms
[2026-01-15T00:36:13.648+0530][46.044s][info][gc,cpu      ] GC(244) User=0.00s Sys=0.00s Real=0.00s
[2026-01-15T00:36:13.648+0530][46.044s][info][gc          ] GC(245) Concurrent Undo Cycle
[2026-01-15T00:36:13.648+0530][46.044s][info][gc,marking  ] GC(245) Concurrent Clear Claimed Marks
[2026-01-15T00:36:13.648+0530][46.044s][info][gc,marking  ] GC(245) Concurrent Clear Claimed Marks 0.039ms
[2026-01-15T00:36:13.648+0530][46.044s][info][gc,marking  ] GC(245) Concurrent Cleanup for Next Mark
[2026-01-15T00:36:13.648+0530][46.045s][info][gc,marking  ] GC(245) Concurrent Cleanup for Next Mark 0.162ms
[2026-01-15T00:36:13.648+0530][46.045s][info][gc          ] GC(245) Concurrent Undo Cycle 0.507ms
[2026-01-15T00:36:14.018+0530][46.412s][info][gc,start    ] GC(246) Pause Young (Concurrent Start) (G1 Humongous Allocation)
[2026-01-15T00:36:14.018+0530][46.412s][info][gc,task     ] GC(246) Using 8 workers of 8 for evacuation
[2026-01-15T00:36:14.018+0530][46.414s][info][gc,phases   ] GC(246)   Pre Evacuate Collection Set: 0.3ms
[2026-01-15T00:36:14.018+0530][46.414s][info][gc,phases   ] GC(246)   Merge Heap Roots: 0.1ms
[2026-01-15T00:36:14.018+0530][46.414s][info][gc,phases   ] GC(246)   Evacuate Collection Set: 0.6ms
[2026-01-15T00:36:14.018+0530][46.414s][info][gc,phases   ] GC(246)   Post Evacuate Collection Set: 0.8ms
[2026-01-15T00:36:14.018+0530][46.414s][info][gc,phases   ] GC(246)   Other: 0.2ms
[2026-01-15T00:36:14.018+0530][46.414s][info][gc,heap     ] GC(246) Eden regions: 0->0(128)
[2026-01-15T00:36:14.018+0530][46.414s][info][gc,heap     ] GC(246) Survivor regions: 0->0(16)
[2026-01-15T00:36:14.018+0530][46.415s][info][gc,heap     ] GC(246) Old regions: 2->2
[2026-01-15T00:36:14.018+0530][46.415s][info][gc,heap     ] GC(246) Humongous regions: 228->108
[2026-01-15T00:36:14.018+0530][46.415s][info][gc,metaspace] GC(246) Metaspace: 761K(896K)->761K(896K) NonClass: 711K(768K)->711K(768K) Class: 50K(128K)->50K(128K)
[2026-01-15T00:36:14.018+0530][46.415s][info][gc          ] GC(246) Pause Young (Concurrent Start) (G1 Humongous Allocation) 229M->109M(512M) 3.011ms
[2026-01-15T00:36:14.018+0530][46.415s][info][gc,cpu      ] GC(246) User=0.00s Sys=0.00s Real=0.00s
[2026-01-15T00:36:14.018+0530][46.415s][info][gc          ] GC(247) Concurrent Undo Cycle
[2026-01-15T00:36:14.018+0530][46.415s][info][gc,marking  ] GC(247) Concurrent Clear Claimed Marks
[2026-01-15T00:36:14.018+0530][46.415s][info][gc,marking  ] GC(247) Concurrent Clear Claimed Marks 0.049ms
[2026-01-15T00:36:14.018+0530][46.415s][info][gc,marking  ] GC(247) Concurrent Cleanup for Next Mark
[2026-01-15T00:36:14.018+0530][46.415s][info][gc,marking  ] GC(247) Concurrent Cleanup for Next Mark 0.169ms
[2026-01-15T00:36:14.018+0530][46.415s][info][gc          ] GC(247) Concurrent Undo Cycle 0.453ms
[2026-01-15T00:36:14.379+0530][46.771s][info][gc,start    ] GC(248) Pause Young (Concurrent Start) (G1 Humongous Allocation)
[2026-01-15T00:36:14.379+0530][46.772s][info][gc,task     ] GC(248) Using 8 workers of 8 for evacuation
[2026-01-15T00:36:14.379+0530][46.773s][info][gc,phases   ] GC(248)   Pre Evacuate Collection Set: 0.4ms
[2026-01-15T00:36:14.379+0530][46.774s][info][gc,phases   ] GC(248)   Merge Heap Roots: 0.1ms
[2026-01-15T00:36:14.379+0530][46.774s][info][gc,phases   ] GC(248)   Evacuate Collection Set: 0.4ms
[2026-01-15T00:36:14.379+0530][46.774s][info][gc,phases   ] GC(248)   Post Evacuate Collection Set: 0.6ms
[2026-01-15T00:36:14.379+0530][46.774s][info][gc,phases   ] GC(248)   Other: 0.3ms
[2026-01-15T00:36:14.379+0530][46.774s][info][gc,heap     ] GC(248) Eden regions: 0->0(128)
[2026-01-15T00:36:14.379+0530][46.774s][info][gc,heap     ] GC(248) Survivor regions: 0->0(16)
[2026-01-15T00:36:14.379+0530][46.774s][info][gc,heap     ] GC(248) Old regions: 2->2
[2026-01-15T00:36:14.379+0530][46.774s][info][gc,heap     ] GC(248) Humongous regions: 228->108
[2026-01-15T00:36:14.379+0530][46.774s][info][gc,metaspace] GC(248) Metaspace: 761K(896K)->761K(896K) NonClass: 711K(768K)->711K(768K) Class: 50K(128K)->50K(128K)
[2026-01-15T00:36:14.379+0530][46.774s][info][gc          ] GC(248) Pause Young (Concurrent Start) (G1 Humongous Allocation) 229M->109M(512M) 2.561ms
[2026-01-15T00:36:14.379+0530][46.774s][info][gc,cpu      ] GC(248) User=0.00s Sys=0.00s Real=0.00s
[2026-01-15T00:36:14.379+0530][46.774s][info][gc          ] GC(249) Concurrent Undo Cycle
[2026-01-15T00:36:14.379+0530][46.774s][info][gc,marking  ] GC(249) Concurrent Clear Claimed Marks
[2026-01-15T00:36:14.379+0530][46.774s][info][gc,marking  ] GC(249) Concurrent Clear Claimed Marks 0.030ms
[2026-01-15T00:36:14.379+0530][46.774s][info][gc,marking  ] GC(249) Concurrent Cleanup for Next Mark
[2026-01-15T00:36:14.379+0530][46.774s][info][gc,marking  ] GC(249) Concurrent Cleanup for Next Mark 0.157ms
[2026-01-15T00:36:14.379+0530][46.775s][info][gc          ] GC(249) Concurrent Undo Cycle 0.471ms
[2026-01-15T00:36:14.747+0530][47.140s][info][gc,start    ] GC(250) Pause Young (Concurrent Start) (G1 Humongous Allocation)
[2026-01-15T00:36:14.748+0530][47.141s][info][gc,task     ] GC(250) Using 8 workers of 8 for evacuation
[2026-01-15T00:36:14.748+0530][47.143s][info][gc,phases   ] GC(250)   Pre Evacuate Collection Set: 0.4ms
[2026-01-15T00:36:14.748+0530][47.143s][info][gc,phases   ] GC(250)   Merge Heap Roots: 0.2ms
[2026-01-15T00:36:14.748+0530][47.143s][info][gc,phases   ] GC(250)   Evacuate Collection Set: 0.5ms
[2026-01-15T00:36:14.748+0530][47.143s][info][gc,phases   ] GC(250)   Post Evacuate Collection Set: 0.7ms
[2026-01-15T00:36:14.748+0530][47.143s][info][gc,phases   ] GC(250)   Other: 0.3ms
[2026-01-15T00:36:14.748+0530][47.143s][info][gc,heap     ] GC(250) Eden regions: 0->0(128)
[2026-01-15T00:36:14.748+0530][47.143s][info][gc,heap     ] GC(250) Survivor regions: 0->0(16)
[2026-01-15T00:36:14.748+0530][47.143s][info][gc,heap     ] GC(250) Old regions: 2->2
[2026-01-15T00:36:14.748+0530][47.143s][info][gc,heap     ] GC(250) Humongous regions: 228->108
[2026-01-15T00:36:14.748+0530][47.143s][info][gc,metaspace] GC(250) Metaspace: 761K(896K)->761K(896K) NonClass: 711K(768K)->711K(768K) Class: 50K(128K)->50K(128K)
[2026-01-15T00:36:14.748+0530][47.143s][info][gc          ] GC(250) Pause Young (Concurrent Start) (G1 Humongous Allocation) 229M->109M(512M) 2.638ms
[2026-01-15T00:36:14.751+0530][47.143s][info][gc,cpu      ] GC(250) User=0.02s Sys=0.00s Real=0.00s
[2026-01-15T00:36:14.751+0530][47.143s][info][gc          ] GC(251) Concurrent Undo Cycle
[2026-01-15T00:36:14.751+0530][47.143s][info][gc,marking  ] GC(251) Concurrent Clear Claimed Marks
[2026-01-15T00:36:14.751+0530][47.143s][info][gc,marking  ] GC(251) Concurrent Clear Claimed Marks 0.038ms
[2026-01-15T00:36:14.751+0530][47.143s][info][gc,marking  ] GC(251) Concurrent Cleanup for Next Mark
[2026-01-15T00:36:14.751+0530][47.143s][info][gc,marking  ] GC(251) Concurrent Cleanup for Next Mark 0.135ms
[2026-01-15T00:36:14.751+0530][47.144s][info][gc          ] GC(251) Concurrent Undo Cycle 0.370ms
[2026-01-15T00:36:15.116+0530][47.509s][info][gc,start    ] GC(252) Pause Young (Concurrent Start) (G1 Humongous Allocation)
[2026-01-15T00:36:15.116+0530][47.509s][info][gc,task     ] GC(252) Using 8 workers of 8 for evacuation
[2026-01-15T00:36:15.118+0530][47.511s][info][gc,phases   ] GC(252)   Pre Evacuate Collection Set: 0.3ms
[2026-01-15T00:36:15.118+0530][47.511s][info][gc,phases   ] GC(252)   Merge Heap Roots: 0.1ms
[2026-01-15T00:36:15.118+0530][47.511s][info][gc,phases   ] GC(252)   Evacuate Collection Set: 0.3ms
[2026-01-15T00:36:15.118+0530][47.511s][info][gc,phases   ] GC(252)   Post Evacuate Collection Set: 0.7ms
[2026-01-15T00:36:15.118+0530][47.511s][info][gc,phases   ] GC(252)   Other: 0.2ms
[2026-01-15T00:36:15.118+0530][47.511s][info][gc,heap     ] GC(252) Eden regions: 0->0(128)
[2026-01-15T00:36:15.118+0530][47.511s][info][gc,heap     ] GC(252) Survivor regions: 0->0(16)
[2026-01-15T00:36:15.118+0530][47.511s][info][gc,heap     ] GC(252) Old regions: 2->2
[2026-01-15T00:36:15.118+0530][47.511s][info][gc,heap     ] GC(252) Humongous regions: 228->108
[2026-01-15T00:36:15.118+0530][47.511s][info][gc,metaspace] GC(252) Metaspace: 761K(896K)->761K(896K) NonClass: 711K(768K)->711K(768K) Class: 50K(128K)->50K(128K)
[2026-01-15T00:36:15.118+0530][47.511s][info][gc          ] GC(252) Pause Young (Concurrent Start) (G1 Humongous Allocation) 229M->109M(512M) 2.202ms
[2026-01-15T00:36:15.118+0530][47.511s][info][gc,cpu      ] GC(252) User=0.00s Sys=0.00s Real=0.00s
[2026-01-15T00:36:15.118+0530][47.511s][info][gc          ] GC(253) Concurrent Undo Cycle
[2026-01-15T00:36:15.118+0530][47.511s][info][gc,marking  ] GC(253) Concurrent Clear Claimed Marks
[2026-01-15T00:36:15.118+0530][47.512s][info][gc,marking  ] GC(253) Concurrent Clear Claimed Marks 0.036ms
[2026-01-15T00:36:15.118+0530][47.512s][info][gc,marking  ] GC(253) Concurrent Cleanup for Next Mark
[2026-01-15T00:36:15.118+0530][47.512s][info][gc,marking  ] GC(253) Concurrent Cleanup for Next Mark 0.188ms
[2026-01-15T00:36:15.118+0530][47.512s][info][gc          ] GC(253) Concurrent Undo Cycle 0.467ms
[2026-01-15T00:36:15.482+0530][47.875s][info][gc,start    ] GC(254) Pause Young (Concurrent Start) (G1 Humongous Allocation)
[2026-01-15T00:36:15.482+0530][47.875s][info][gc,task     ] GC(254) Using 8 workers of 8 for evacuation
[2026-01-15T00:36:15.484+0530][47.878s][info][gc,phases   ] GC(254)   Pre Evacuate Collection Set: 0.3ms
[2026-01-15T00:36:15.484+0530][47.878s][info][gc,phases   ] GC(254)   Merge Heap Roots: 0.2ms
[2026-01-15T00:36:15.484+0530][47.878s][info][gc,phases   ] GC(254)   Evacuate Collection Set: 0.4ms
[2026-01-15T00:36:15.484+0530][47.878s][info][gc,phases   ] GC(254)   Post Evacuate Collection Set: 0.9ms
[2026-01-15T00:36:15.484+0530][47.878s][info][gc,phases   ] GC(254)   Other: 0.4ms
[2026-01-15T00:36:15.484+0530][47.878s][info][gc,heap     ] GC(254) Eden regions: 0->0(128)
[2026-01-15T00:36:15.484+0530][47.878s][info][gc,heap     ] GC(254) Survivor regions: 0->0(16)
[2026-01-15T00:36:15.484+0530][47.878s][info][gc,heap     ] GC(254) Old regions: 2->2
[2026-01-15T00:36:15.484+0530][47.878s][info][gc,heap     ] GC(254) Humongous regions: 228->108
[2026-01-15T00:36:15.484+0530][47.878s][info][gc,metaspace] GC(254) Metaspace: 761K(896K)->761K(896K) NonClass: 711K(768K)->711K(768K) Class: 50K(128K)->50K(128K)
[2026-01-15T00:36:15.484+0530][47.878s][info][gc          ] GC(254) Pause Young (Concurrent Start) (G1 Humongous Allocation) 229M->109M(512M) 2.856ms
[2026-01-15T00:36:15.484+0530][47.878s][info][gc,cpu      ] GC(254) User=0.00s Sys=0.02s Real=0.00s
[2026-01-15T00:36:15.484+0530][47.878s][info][gc          ] GC(255) Concurrent Undo Cycle
[2026-01-15T00:36:15.484+0530][47.878s][info][gc,marking  ] GC(255) Concurrent Clear Claimed Marks
[2026-01-15T00:36:15.484+0530][47.878s][info][gc,marking  ] GC(255) Concurrent Clear Claimed Marks 0.029ms
[2026-01-15T00:36:15.484+0530][47.878s][info][gc,marking  ] GC(255) Concurrent Cleanup for Next Mark
[2026-01-15T00:36:15.486+0530][47.879s][info][gc,marking  ] GC(255) Concurrent Cleanup for Next Mark 0.231ms
[2026-01-15T00:36:15.486+0530][47.879s][info][gc          ] GC(255) Concurrent Undo Cycle 0.531ms
[2026-01-15T00:36:15.857+0530][48.250s][info][gc,start    ] GC(256) Pause Young (Concurrent Start) (G1 Humongous Allocation)
[2026-01-15T00:36:15.858+0530][48.250s][info][gc,task     ] GC(256) Using 8 workers of 8 for evacuation
[2026-01-15T00:36:15.858+0530][48.251s][info][gc,phases   ] GC(256)   Pre Evacuate Collection Set: 0.3ms
[2026-01-15T00:36:15.858+0530][48.251s][info][gc,phases   ] GC(256)   Merge Heap Roots: 0.1ms
[2026-01-15T00:36:15.858+0530][48.251s][info][gc,phases   ] GC(256)   Evacuate Collection Set: 0.4ms
[2026-01-15T00:36:15.858+0530][48.251s][info][gc,phases   ] GC(256)   Post Evacuate Collection Set: 0.3ms
[2026-01-15T00:36:15.858+0530][48.252s][info][gc,phases   ] GC(256)   Other: 0.2ms
[2026-01-15T00:36:15.858+0530][48.252s][info][gc,heap     ] GC(256) Eden regions: 0->0(128)
[2026-01-15T00:36:15.858+0530][48.252s][info][gc,heap     ] GC(256) Survivor regions: 0->0(16)
[2026-01-15T00:36:15.858+0530][48.252s][info][gc,heap     ] GC(256) Old regions: 2->2
[2026-01-15T00:36:15.858+0530][48.252s][info][gc,heap     ] GC(256) Humongous regions: 228->108
[2026-01-15T00:36:15.858+0530][48.252s][info][gc,metaspace] GC(256) Metaspace: 761K(896K)->761K(896K) NonClass: 711K(768K)->711K(768K) Class: 50K(128K)->50K(128K)
[2026-01-15T00:36:15.858+0530][48.252s][info][gc          ] GC(256) Pause Young (Concurrent Start) (G1 Humongous Allocation) 229M->109M(512M) 1.696ms
[2026-01-15T00:36:15.858+0530][48.252s][info][gc,cpu      ] GC(256) User=0.02s Sys=0.00s Real=0.00s
[2026-01-15T00:36:15.858+0530][48.252s][info][gc          ] GC(257) Concurrent Undo Cycle
[2026-01-15T00:36:15.858+0530][48.252s][info][gc,marking  ] GC(257) Concurrent Clear Claimed Marks
[2026-01-15T00:36:15.858+0530][48.252s][info][gc,marking  ] GC(257) Concurrent Clear Claimed Marks 0.041ms
[2026-01-15T00:36:15.858+0530][48.252s][info][gc,marking  ] GC(257) Concurrent Cleanup for Next Mark
[2026-01-15T00:36:15.860+0530][48.252s][info][gc,marking  ] GC(257) Concurrent Cleanup for Next Mark 0.423ms
[2026-01-15T00:36:15.860+0530][48.252s][info][gc          ] GC(257) Concurrent Undo Cycle 0.671ms
[2026-01-15T00:36:16.214+0530][48.607s][info][gc,start    ] GC(258) Pause Young (Concurrent Start) (G1 Humongous Allocation)
[2026-01-15T00:36:16.214+0530][48.608s][info][gc,task     ] GC(258) Using 8 workers of 8 for evacuation
[2026-01-15T00:36:16.214+0530][48.610s][info][gc,phases   ] GC(258)   Pre Evacuate Collection Set: 0.5ms
[2026-01-15T00:36:16.214+0530][48.610s][info][gc,phases   ] GC(258)   Merge Heap Roots: 0.2ms
[2026-01-15T00:36:16.214+0530][48.610s][info][gc,phases   ] GC(258)   Evacuate Collection Set: 0.4ms
[2026-01-15T00:36:16.214+0530][48.610s][info][gc,phases   ] GC(258)   Post Evacuate Collection Set: 0.6ms
[2026-01-15T00:36:16.214+0530][48.610s][info][gc,phases   ] GC(258)   Other: 0.3ms
[2026-01-15T00:36:16.214+0530][48.610s][info][gc,heap     ] GC(258) Eden regions: 0->0(128)
[2026-01-15T00:36:16.214+0530][48.610s][info][gc,heap     ] GC(258) Survivor regions: 0->0(16)
[2026-01-15T00:36:16.214+0530][48.610s][info][gc,heap     ] GC(258) Old regions: 2->2
[2026-01-15T00:36:16.214+0530][48.610s][info][gc,heap     ] GC(258) Humongous regions: 228->108
[2026-01-15T00:36:16.214+0530][48.610s][info][gc,metaspace] GC(258) Metaspace: 761K(896K)->761K(896K) NonClass: 711K(768K)->711K(768K) Class: 50K(128K)->50K(128K)
[2026-01-15T00:36:16.214+0530][48.610s][info][gc          ] GC(258) Pause Young (Concurrent Start) (G1 Humongous Allocation) 229M->109M(512M) 2.658ms
[2026-01-15T00:36:16.214+0530][48.610s][info][gc,cpu      ] GC(258) User=0.00s Sys=0.00s Real=0.00s
[2026-01-15T00:36:16.214+0530][48.610s][info][gc          ] GC(259) Concurrent Undo Cycle
[2026-01-15T00:36:16.214+0530][48.610s][info][gc,marking  ] GC(259) Concurrent Clear Claimed Marks
[2026-01-15T00:36:16.214+0530][48.610s][info][gc,marking  ] GC(259) Concurrent Clear Claimed Marks 0.045ms
[2026-01-15T00:36:16.214+0530][48.610s][info][gc,marking  ] GC(259) Concurrent Cleanup for Next Mark
[2026-01-15T00:36:16.214+0530][48.611s][info][gc,marking  ] GC(259) Concurrent Cleanup for Next Mark 0.156ms
[2026-01-15T00:36:16.214+0530][48.611s][info][gc          ] GC(259) Concurrent Undo Cycle 0.491ms
[2026-01-15T00:36:16.580+0530][48.973s][info][gc,start    ] GC(260) Pause Young (Concurrent Start) (G1 Humongous Allocation)
[2026-01-15T00:36:16.580+0530][48.973s][info][gc,task     ] GC(260) Using 8 workers of 8 for evacuation
[2026-01-15T00:36:16.581+0530][48.974s][info][gc,phases   ] GC(260)   Pre Evacuate Collection Set: 0.2ms
[2026-01-15T00:36:16.581+0530][48.974s][info][gc,phases   ] GC(260)   Merge Heap Roots: 0.1ms
[2026-01-15T00:36:16.581+0530][48.974s][info][gc,phases   ] GC(260)   Evacuate Collection Set: 0.2ms
[2026-01-15T00:36:16.581+0530][48.974s][info][gc,phases   ] GC(260)   Post Evacuate Collection Set: 0.5ms
[2026-01-15T00:36:16.581+0530][48.974s][info][gc,phases   ] GC(260)   Other: 0.1ms
[2026-01-15T00:36:16.581+0530][48.974s][info][gc,heap     ] GC(260) Eden regions: 0->0(128)
[2026-01-15T00:36:16.581+0530][48.974s][info][gc,heap     ] GC(260) Survivor regions: 0->0(16)
[2026-01-15T00:36:16.581+0530][48.974s][info][gc,heap     ] GC(260) Old regions: 2->2
[2026-01-15T00:36:16.581+0530][48.974s][info][gc,heap     ] GC(260) Humongous regions: 228->108
[2026-01-15T00:36:16.581+0530][48.974s][info][gc,metaspace] GC(260) Metaspace: 761K(896K)->761K(896K) NonClass: 711K(768K)->711K(768K) Class: 50K(128K)->50K(128K)
[2026-01-15T00:36:16.581+0530][48.974s][info][gc          ] GC(260) Pause Young (Concurrent Start) (G1 Humongous Allocation) 229M->109M(512M) 1.662ms
[2026-01-15T00:36:16.581+0530][48.974s][info][gc,cpu      ] GC(260) User=0.00s Sys=0.00s Real=0.00s
[2026-01-15T00:36:16.581+0530][48.974s][info][gc          ] GC(261) Concurrent Undo Cycle
[2026-01-15T00:36:16.581+0530][48.975s][info][gc,marking  ] GC(261) Concurrent Clear Claimed Marks
[2026-01-15T00:36:16.581+0530][48.975s][info][gc,marking  ] GC(261) Concurrent Clear Claimed Marks 0.047ms
[2026-01-15T00:36:16.581+0530][48.975s][info][gc,marking  ] GC(261) Concurrent Cleanup for Next Mark
[2026-01-15T00:36:16.582+0530][48.975s][info][gc,marking  ] GC(261) Concurrent Cleanup for Next Mark 0.371ms
[2026-01-15T00:36:16.582+0530][48.975s][info][gc          ] GC(261) Concurrent Undo Cycle 0.604ms
[2026-01-15T00:36:16.941+0530][49.335s][info][gc,start    ] GC(262) Pause Young (Concurrent Start) (G1 Humongous Allocation)
[2026-01-15T00:36:16.941+0530][49.335s][info][gc,task     ] GC(262) Using 8 workers of 8 for evacuation
[2026-01-15T00:36:16.941+0530][49.336s][info][gc,phases   ] GC(262)   Pre Evacuate Collection Set: 0.2ms
[2026-01-15T00:36:16.941+0530][49.336s][info][gc,phases   ] GC(262)   Merge Heap Roots: 0.1ms
[2026-01-15T00:36:16.941+0530][49.336s][info][gc,phases   ] GC(262)   Evacuate Collection Set: 0.5ms
[2026-01-15T00:36:16.941+0530][49.336s][info][gc,phases   ] GC(262)   Post Evacuate Collection Set: 0.5ms
[2026-01-15T00:36:16.941+0530][49.336s][info][gc,phases   ] GC(262)   Other: 0.1ms
[2026-01-15T00:36:16.941+0530][49.336s][info][gc,heap     ] GC(262) Eden regions: 0->0(128)
[2026-01-15T00:36:16.941+0530][49.336s][info][gc,heap     ] GC(262) Survivor regions: 0->0(16)
[2026-01-15T00:36:16.941+0530][49.336s][info][gc,heap     ] GC(262) Old regions: 2->2
[2026-01-15T00:36:16.941+0530][49.336s][info][gc,heap     ] GC(262) Humongous regions: 228->108
[2026-01-15T00:36:16.941+0530][49.336s][info][gc,metaspace] GC(262) Metaspace: 761K(896K)->761K(896K) NonClass: 711K(768K)->711K(768K) Class: 50K(128K)->50K(128K)
[2026-01-15T00:36:16.941+0530][49.336s][info][gc          ] GC(262) Pause Young (Concurrent Start) (G1 Humongous Allocation) 229M->109M(512M) 1.704ms
[2026-01-15T00:36:16.941+0530][49.336s][info][gc,cpu      ] GC(262) User=0.00s Sys=0.00s Real=0.00s
[2026-01-15T00:36:16.941+0530][49.336s][info][gc          ] GC(263) Concurrent Undo Cycle
[2026-01-15T00:36:16.941+0530][49.336s][info][gc,marking  ] GC(263) Concurrent Clear Claimed Marks
[2026-01-15T00:36:16.941+0530][49.336s][info][gc,marking  ] GC(263) Concurrent Clear Claimed Marks 0.034ms
[2026-01-15T00:36:16.941+0530][49.337s][info][gc,marking  ] GC(263) Concurrent Cleanup for Next Mark
[2026-01-15T00:36:16.944+0530][49.337s][info][gc,marking  ] GC(263) Concurrent Cleanup for Next Mark 0.319ms
[2026-01-15T00:36:16.944+0530][49.337s][info][gc          ] GC(263) Concurrent Undo Cycle 0.567ms
[2026-01-15T00:36:17.306+0530][49.700s][info][gc,start    ] GC(264) Pause Young (Concurrent Start) (G1 Humongous Allocation)
[2026-01-15T00:36:17.306+0530][49.700s][info][gc,task     ] GC(264) Using 8 workers of 8 for evacuation
[2026-01-15T00:36:17.308+0530][49.702s][info][gc,phases   ] GC(264)   Pre Evacuate Collection Set: 0.3ms
[2026-01-15T00:36:17.308+0530][49.702s][info][gc,phases   ] GC(264)   Merge Heap Roots: 0.1ms
[2026-01-15T00:36:17.308+0530][49.702s][info][gc,phases   ] GC(264)   Evacuate Collection Set: 0.4ms
[2026-01-15T00:36:17.308+0530][49.702s][info][gc,phases   ] GC(264)   Post Evacuate Collection Set: 0.9ms
[2026-01-15T00:36:17.308+0530][49.702s][info][gc,phases   ] GC(264)   Other: 0.2ms
[2026-01-15T00:36:17.308+0530][49.702s][info][gc,heap     ] GC(264) Eden regions: 0->0(128)
[2026-01-15T00:36:17.308+0530][49.702s][info][gc,heap     ] GC(264) Survivor regions: 0->0(16)
[2026-01-15T00:36:17.308+0530][49.702s][info][gc,heap     ] GC(264) Old regions: 2->2
[2026-01-15T00:36:17.308+0530][49.702s][info][gc,heap     ] GC(264) Humongous regions: 228->108
[2026-01-15T00:36:17.308+0530][49.702s][info][gc,metaspace] GC(264) Metaspace: 761K(896K)->761K(896K) NonClass: 711K(768K)->711K(768K) Class: 50K(128K)->50K(128K)
[2026-01-15T00:36:17.308+0530][49.702s][info][gc          ] GC(264) Pause Young (Concurrent Start) (G1 Humongous Allocation) 229M->109M(512M) 2.497ms
[2026-01-15T00:36:17.308+0530][49.702s][info][gc,cpu      ] GC(264) User=0.00s Sys=0.00s Real=0.00s
[2026-01-15T00:36:17.308+0530][49.702s][info][gc          ] GC(265) Concurrent Undo Cycle
[2026-01-15T00:36:17.308+0530][49.702s][info][gc,marking  ] GC(265) Concurrent Clear Claimed Marks
[2026-01-15T00:36:17.308+0530][49.702s][info][gc,marking  ] GC(265) Concurrent Clear Claimed Marks 0.026ms
[2026-01-15T00:36:17.308+0530][49.702s][info][gc,marking  ] GC(265) Concurrent Cleanup for Next Mark
[2026-01-15T00:36:17.308+0530][49.703s][info][gc,marking  ] GC(265) Concurrent Cleanup for Next Mark 0.125ms
[2026-01-15T00:36:17.308+0530][49.703s][info][gc          ] GC(265) Concurrent Undo Cycle 0.410ms
[2026-01-15T00:36:17.677+0530][50.070s][info][gc,start    ] GC(266) Pause Young (Concurrent Start) (G1 Humongous Allocation)
[2026-01-15T00:36:17.677+0530][50.070s][info][gc,task     ] GC(266) Using 8 workers of 8 for evacuation
[2026-01-15T00:36:17.678+0530][50.072s][info][gc,phases   ] GC(266)   Pre Evacuate Collection Set: 0.4ms
[2026-01-15T00:36:17.678+0530][50.072s][info][gc,phases   ] GC(266)   Merge Heap Roots: 0.1ms
[2026-01-15T00:36:17.678+0530][50.072s][info][gc,phases   ] GC(266)   Evacuate Collection Set: 0.4ms
[2026-01-15T00:36:17.678+0530][50.072s][info][gc,phases   ] GC(266)   Post Evacuate Collection Set: 0.6ms
[2026-01-15T00:36:17.678+0530][50.072s][info][gc,phases   ] GC(266)   Other: 0.3ms
[2026-01-15T00:36:17.678+0530][50.072s][info][gc,heap     ] GC(266) Eden regions: 0->0(128)
[2026-01-15T00:36:17.678+0530][50.072s][info][gc,heap     ] GC(266) Survivor regions: 0->0(16)
[2026-01-15T00:36:17.678+0530][50.072s][info][gc,heap     ] GC(266) Old regions: 2->2
[2026-01-15T00:36:17.678+0530][50.072s][info][gc,heap     ] GC(266) Humongous regions: 228->108
[2026-01-15T00:36:17.678+0530][50.072s][info][gc,metaspace] GC(266) Metaspace: 761K(896K)->761K(896K) NonClass: 711K(768K)->711K(768K) Class: 50K(128K)->50K(128K)
[2026-01-15T00:36:17.678+0530][50.073s][info][gc          ] GC(266) Pause Young (Concurrent Start) (G1 Humongous Allocation) 229M->109M(512M) 2.725ms
[2026-01-15T00:36:17.678+0530][50.073s][info][gc,cpu      ] GC(266) User=0.00s Sys=0.00s Real=0.00s
[2026-01-15T00:36:17.678+0530][50.073s][info][gc          ] GC(267) Concurrent Undo Cycle
[2026-01-15T00:36:17.678+0530][50.073s][info][gc,marking  ] GC(267) Concurrent Clear Claimed Marks
[2026-01-15T00:36:17.678+0530][50.073s][info][gc,marking  ] GC(267) Concurrent Clear Claimed Marks 0.051ms
[2026-01-15T00:36:17.678+0530][50.073s][info][gc,marking  ] GC(267) Concurrent Cleanup for Next Mark
[2026-01-15T00:36:17.678+0530][50.073s][info][gc,marking  ] GC(267) Concurrent Cleanup for Next Mark 0.224ms
[2026-01-15T00:36:17.678+0530][50.073s][info][gc          ] GC(267) Concurrent Undo Cycle 0.732ms
[2026-01-15T00:36:18.038+0530][50.432s][info][gc,start    ] GC(268) Pause Young (Concurrent Start) (G1 Humongous Allocation)
[2026-01-15T00:36:18.038+0530][50.432s][info][gc,task     ] GC(268) Using 8 workers of 8 for evacuation
[2026-01-15T00:36:18.038+0530][50.435s][info][gc,phases   ] GC(268)   Pre Evacuate Collection Set: 0.5ms
[2026-01-15T00:36:18.038+0530][50.435s][info][gc,phases   ] GC(268)   Merge Heap Roots: 0.2ms
[2026-01-15T00:36:18.038+0530][50.435s][info][gc,phases   ] GC(268)   Evacuate Collection Set: 0.4ms
[2026-01-15T00:36:18.038+0530][50.435s][info][gc,phases   ] GC(268)   Post Evacuate Collection Set: 1.1ms
[2026-01-15T00:36:18.038+0530][50.435s][info][gc,phases   ] GC(268)   Other: 0.3ms
[2026-01-15T00:36:18.038+0530][50.435s][info][gc,heap     ] GC(268) Eden regions: 0->0(128)
[2026-01-15T00:36:18.038+0530][50.435s][info][gc,heap     ] GC(268) Survivor regions: 0->0(16)
[2026-01-15T00:36:18.038+0530][50.435s][info][gc,heap     ] GC(268) Old regions: 2->2
[2026-01-15T00:36:18.038+0530][50.435s][info][gc,heap     ] GC(268) Humongous regions: 228->108
[2026-01-15T00:36:18.038+0530][50.435s][info][gc,metaspace] GC(268) Metaspace: 761K(896K)->761K(896K) NonClass: 711K(768K)->711K(768K) Class: 50K(128K)->50K(128K)
[2026-01-15T00:36:18.038+0530][50.435s][info][gc          ] GC(268) Pause Young (Concurrent Start) (G1 Humongous Allocation) 229M->109M(512M) 3.044ms
[2026-01-15T00:36:18.038+0530][50.435s][info][gc,cpu      ] GC(268) User=0.00s Sys=0.00s Real=0.00s
[2026-01-15T00:36:18.038+0530][50.435s][info][gc          ] GC(269) Concurrent Undo Cycle
[2026-01-15T00:36:18.038+0530][50.435s][info][gc,marking  ] GC(269) Concurrent Clear Claimed Marks
[2026-01-15T00:36:18.038+0530][50.435s][info][gc,marking  ] GC(269) Concurrent Clear Claimed Marks 0.026ms
[2026-01-15T00:36:18.038+0530][50.435s][info][gc,marking  ] GC(269) Concurrent Cleanup for Next Mark
[2026-01-15T00:36:18.038+0530][50.435s][info][gc,marking  ] GC(269) Concurrent Cleanup for Next Mark 0.102ms
[2026-01-15T00:36:18.038+0530][50.435s][info][gc          ] GC(269) Concurrent Undo Cycle 0.305ms
[2026-01-15T00:36:18.410+0530][50.803s][info][gc,start    ] GC(270) Pause Young (Concurrent Start) (G1 Humongous Allocation)
[2026-01-15T00:36:18.410+0530][50.803s][info][gc,task     ] GC(270) Using 8 workers of 8 for evacuation
[2026-01-15T00:36:18.410+0530][50.805s][info][gc,phases   ] GC(270)   Pre Evacuate Collection Set: 0.2ms
[2026-01-15T00:36:18.410+0530][50.805s][info][gc,phases   ] GC(270)   Merge Heap Roots: 0.1ms
[2026-01-15T00:36:18.410+0530][50.805s][info][gc,phases   ] GC(270)   Evacuate Collection Set: 0.5ms
[2026-01-15T00:36:18.410+0530][50.805s][info][gc,phases   ] GC(270)   Post Evacuate Collection Set: 0.8ms
[2026-01-15T00:36:18.410+0530][50.805s][info][gc,phases   ] GC(270)   Other: 0.2ms
[2026-01-15T00:36:18.410+0530][50.805s][info][gc,heap     ] GC(270) Eden regions: 0->0(128)
[2026-01-15T00:36:18.410+0530][50.805s][info][gc,heap     ] GC(270) Survivor regions: 0->0(16)
[2026-01-15T00:36:18.410+0530][50.805s][info][gc,heap     ] GC(270) Old regions: 2->2
[2026-01-15T00:36:18.410+0530][50.805s][info][gc,heap     ] GC(270) Humongous regions: 228->108
[2026-01-15T00:36:18.410+0530][50.805s][info][gc,metaspace] GC(270) Metaspace: 761K(896K)->761K(896K) NonClass: 711K(768K)->711K(768K) Class: 50K(128K)->50K(128K)
[2026-01-15T00:36:18.410+0530][50.805s][info][gc          ] GC(270) Pause Young (Concurrent Start) (G1 Humongous Allocation) 229M->109M(512M) 2.459ms
[2026-01-15T00:36:18.410+0530][50.805s][info][gc,cpu      ] GC(270) User=0.00s Sys=0.00s Real=0.00s
[2026-01-15T00:36:18.410+0530][50.805s][info][gc          ] GC(271) Concurrent Undo Cycle
[2026-01-15T00:36:18.410+0530][50.806s][info][gc,marking  ] GC(271) Concurrent Clear Claimed Marks
[2026-01-15T00:36:18.410+0530][50.806s][info][gc,marking  ] GC(271) Concurrent Clear Claimed Marks 0.031ms
[2026-01-15T00:36:18.410+0530][50.806s][info][gc,marking  ] GC(271) Concurrent Cleanup for Next Mark
[2026-01-15T00:36:18.410+0530][50.806s][info][gc,marking  ] GC(271) Concurrent Cleanup for Next Mark 0.263ms
[2026-01-15T00:36:18.410+0530][50.806s][info][gc          ] GC(271) Concurrent Undo Cycle 0.682ms
[2026-01-15T00:36:18.764+0530][51.157s][info][gc,start    ] GC(272) Pause Young (Concurrent Start) (G1 Humongous Allocation)
[2026-01-15T00:36:18.764+0530][51.157s][info][gc,task     ] GC(272) Using 8 workers of 8 for evacuation
[2026-01-15T00:36:18.764+0530][51.160s][info][gc,phases   ] GC(272)   Pre Evacuate Collection Set: 0.5ms
[2026-01-15T00:36:18.764+0530][51.160s][info][gc,phases   ] GC(272)   Merge Heap Roots: 0.1ms
[2026-01-15T00:36:18.764+0530][51.160s][info][gc,phases   ] GC(272)   Evacuate Collection Set: 0.7ms
[2026-01-15T00:36:18.764+0530][51.160s][info][gc,phases   ] GC(272)   Post Evacuate Collection Set: 1.2ms
[2026-01-15T00:36:18.764+0530][51.160s][info][gc,phases   ] GC(272)   Other: 0.3ms
[2026-01-15T00:36:18.764+0530][51.160s][info][gc,heap     ] GC(272) Eden regions: 0->0(128)
[2026-01-15T00:36:18.764+0530][51.160s][info][gc,heap     ] GC(272) Survivor regions: 0->0(16)
[2026-01-15T00:36:18.764+0530][51.160s][info][gc,heap     ] GC(272) Old regions: 2->2
[2026-01-15T00:36:18.764+0530][51.160s][info][gc,heap     ] GC(272) Humongous regions: 228->108
[2026-01-15T00:36:18.764+0530][51.160s][info][gc,metaspace] GC(272) Metaspace: 761K(896K)->761K(896K) NonClass: 711K(768K)->711K(768K) Class: 50K(128K)->50K(128K)
[2026-01-15T00:36:18.764+0530][51.161s][info][gc          ] GC(272) Pause Young (Concurrent Start) (G1 Humongous Allocation) 229M->109M(512M) 3.578ms
[2026-01-15T00:36:18.764+0530][51.161s][info][gc,cpu      ] GC(272) User=0.00s Sys=0.00s Real=0.00s
[2026-01-15T00:36:18.764+0530][51.161s][info][gc          ] GC(273) Concurrent Undo Cycle
[2026-01-15T00:36:18.768+0530][51.161s][info][gc,marking  ] GC(273) Concurrent Clear Claimed Marks
[2026-01-15T00:36:18.768+0530][51.161s][info][gc,marking  ] GC(273) Concurrent Clear Claimed Marks 0.040ms
[2026-01-15T00:36:18.768+0530][51.161s][info][gc,marking  ] GC(273) Concurrent Cleanup for Next Mark
[2026-01-15T00:36:18.768+0530][51.161s][info][gc,marking  ] GC(273) Concurrent Cleanup for Next Mark 0.153ms
[2026-01-15T00:36:18.768+0530][51.161s][info][gc          ] GC(273) Concurrent Undo Cycle 0.440ms
[2026-01-15T00:36:19.116+0530][51.510s][info][gc,start    ] GC(274) Pause Young (Concurrent Start) (G1 Humongous Allocation)
[2026-01-15T00:36:19.116+0530][51.510s][info][gc,task     ] GC(274) Using 8 workers of 8 for evacuation
[2026-01-15T00:36:19.118+0530][51.512s][info][gc,phases   ] GC(274)   Pre Evacuate Collection Set: 0.6ms
[2026-01-15T00:36:19.118+0530][51.513s][info][gc,phases   ] GC(274)   Merge Heap Roots: 0.1ms
[2026-01-15T00:36:19.118+0530][51.513s][info][gc,phases   ] GC(274)   Evacuate Collection Set: 0.3ms
[2026-01-15T00:36:19.118+0530][51.513s][info][gc,phases   ] GC(274)   Post Evacuate Collection Set: 0.8ms
[2026-01-15T00:36:19.118+0530][51.513s][info][gc,phases   ] GC(274)   Other: 0.3ms
[2026-01-15T00:36:19.118+0530][51.513s][info][gc,heap     ] GC(274) Eden regions: 0->0(128)
[2026-01-15T00:36:19.118+0530][51.513s][info][gc,heap     ] GC(274) Survivor regions: 0->0(16)
[2026-01-15T00:36:19.118+0530][51.513s][info][gc,heap     ] GC(274) Old regions: 2->2
[2026-01-15T00:36:19.118+0530][51.513s][info][gc,heap     ] GC(274) Humongous regions: 228->108
[2026-01-15T00:36:19.118+0530][51.513s][info][gc,metaspace] GC(274) Metaspace: 761K(896K)->761K(896K) NonClass: 711K(768K)->711K(768K) Class: 50K(128K)->50K(128K)
[2026-01-15T00:36:19.118+0530][51.513s][info][gc          ] GC(274) Pause Young (Concurrent Start) (G1 Humongous Allocation) 229M->109M(512M) 3.100ms
[2026-01-15T00:36:19.118+0530][51.513s][info][gc,cpu      ] GC(274) User=0.00s Sys=0.00s Real=0.00s
[2026-01-15T00:36:19.118+0530][51.513s][info][gc          ] GC(275) Concurrent Undo Cycle
[2026-01-15T00:36:19.118+0530][51.513s][info][gc,marking  ] GC(275) Concurrent Clear Claimed Marks
[2026-01-15T00:36:19.118+0530][51.513s][info][gc,marking  ] GC(275) Concurrent Clear Claimed Marks 0.035ms
[2026-01-15T00:36:19.118+0530][51.513s][info][gc,marking  ] GC(275) Concurrent Cleanup for Next Mark
[2026-01-15T00:36:19.121+0530][51.514s][info][gc,marking  ] GC(275) Concurrent Cleanup for Next Mark 0.361ms
[2026-01-15T00:36:19.121+0530][51.514s][info][gc          ] GC(275) Concurrent Undo Cycle 0.754ms
[2026-01-15T00:36:19.484+0530][51.877s][info][gc,start    ] GC(276) Pause Young (Concurrent Start) (G1 Humongous Allocation)
[2026-01-15T00:36:19.484+0530][51.877s][info][gc,task     ] GC(276) Using 8 workers of 8 for evacuation
[2026-01-15T00:36:19.486+0530][51.879s][info][gc,phases   ] GC(276)   Pre Evacuate Collection Set: 0.3ms
[2026-01-15T00:36:19.486+0530][51.879s][info][gc,phases   ] GC(276)   Merge Heap Roots: 0.1ms
[2026-01-15T00:36:19.486+0530][51.879s][info][gc,phases   ] GC(276)   Evacuate Collection Set: 0.3ms
[2026-01-15T00:36:19.486+0530][51.879s][info][gc,phases   ] GC(276)   Post Evacuate Collection Set: 0.5ms
[2026-01-15T00:36:19.486+0530][51.879s][info][gc,phases   ] GC(276)   Other: 0.2ms
[2026-01-15T00:36:19.486+0530][51.879s][info][gc,heap     ] GC(276) Eden regions: 0->0(128)
[2026-01-15T00:36:19.486+0530][51.879s][info][gc,heap     ] GC(276) Survivor regions: 0->0(16)
[2026-01-15T00:36:19.486+0530][51.879s][info][gc,heap     ] GC(276) Old regions: 2->2
[2026-01-15T00:36:19.486+0530][51.879s][info][gc,heap     ] GC(276) Humongous regions: 228->108
[2026-01-15T00:36:19.486+0530][51.879s][info][gc,metaspace] GC(276) Metaspace: 761K(896K)->761K(896K) NonClass: 711K(768K)->711K(768K) Class: 50K(128K)->50K(128K)
[2026-01-15T00:36:19.487+0530][51.879s][info][gc          ] GC(276) Pause Young (Concurrent Start) (G1 Humongous Allocation) 229M->109M(512M) 2.051ms
[2026-01-15T00:36:19.487+0530][51.879s][info][gc          ] GC(277) Concurrent Undo Cycle
[2026-01-15T00:36:19.487+0530][51.879s][info][gc,cpu      ] GC(276) User=0.00s Sys=0.00s Real=0.00s
[2026-01-15T00:36:19.487+0530][51.879s][info][gc,marking  ] GC(277) Concurrent Clear Claimed Marks
[2026-01-15T00:36:19.487+0530][51.879s][info][gc,marking  ] GC(277) Concurrent Clear Claimed Marks 0.057ms
[2026-01-15T00:36:19.487+0530][51.880s][info][gc,marking  ] GC(277) Concurrent Cleanup for Next Mark
[2026-01-15T00:36:19.487+0530][51.880s][info][gc,marking  ] GC(277) Concurrent Cleanup for Next Mark 0.186ms
[2026-01-15T00:36:19.487+0530][51.880s][info][gc          ] GC(277) Concurrent Undo Cycle 0.588ms
[2026-01-15T00:36:19.844+0530][52.237s][info][gc,start    ] GC(278) Pause Young (Concurrent Start) (G1 Humongous Allocation)
[2026-01-15T00:36:19.845+0530][52.237s][info][gc,task     ] GC(278) Using 8 workers of 8 for evacuation
[2026-01-15T00:36:19.846+0530][52.239s][info][gc,phases   ] GC(278)   Pre Evacuate Collection Set: 0.4ms
[2026-01-15T00:36:19.846+0530][52.239s][info][gc,phases   ] GC(278)   Merge Heap Roots: 0.1ms
[2026-01-15T00:36:19.846+0530][52.239s][info][gc,phases   ] GC(278)   Evacuate Collection Set: 0.2ms
[2026-01-15T00:36:19.846+0530][52.239s][info][gc,phases   ] GC(278)   Post Evacuate Collection Set: 0.4ms
[2026-01-15T00:36:19.846+0530][52.239s][info][gc,phases   ] GC(278)   Other: 0.2ms
[2026-01-15T00:36:19.846+0530][52.239s][info][gc,heap     ] GC(278) Eden regions: 0->0(128)
[2026-01-15T00:36:19.846+0530][52.239s][info][gc,heap     ] GC(278) Survivor regions: 0->0(16)
[2026-01-15T00:36:19.846+0530][52.239s][info][gc,heap     ] GC(278) Old regions: 2->2
[2026-01-15T00:36:19.846+0530][52.239s][info][gc,heap     ] GC(278) Humongous regions: 228->108
[2026-01-15T00:36:19.846+0530][52.239s][info][gc,metaspace] GC(278) Metaspace: 761K(896K)->761K(896K) NonClass: 711K(768K)->711K(768K) Class: 50K(128K)->50K(128K)
[2026-01-15T00:36:19.846+0530][52.239s][info][gc          ] GC(278) Pause Young (Concurrent Start) (G1 Humongous Allocation) 229M->109M(512M) 2.511ms
[2026-01-15T00:36:19.846+0530][52.239s][info][gc          ] GC(279) Concurrent Undo Cycle
[2026-01-15T00:36:19.846+0530][52.239s][info][gc,cpu      ] GC(278) User=0.00s Sys=0.00s Real=0.00s
[2026-01-15T00:36:19.846+0530][52.240s][info][gc,marking  ] GC(279) Concurrent Clear Claimed Marks
[2026-01-15T00:36:19.846+0530][52.240s][info][gc,marking  ] GC(279) Concurrent Clear Claimed Marks 0.054ms
[2026-01-15T00:36:19.846+0530][52.240s][info][gc,marking  ] GC(279) Concurrent Cleanup for Next Mark
[2026-01-15T00:36:19.846+0530][52.240s][info][gc,marking  ] GC(279) Concurrent Cleanup for Next Mark 0.344ms
[2026-01-15T00:36:19.846+0530][52.240s][info][gc          ] GC(279) Concurrent Undo Cycle 0.817ms
[2026-01-15T00:36:20.213+0530][52.606s][info][gc,start    ] GC(280) Pause Young (Concurrent Start) (G1 Humongous Allocation)
[2026-01-15T00:36:20.214+0530][52.607s][info][gc,task     ] GC(280) Using 8 workers of 8 for evacuation
[2026-01-15T00:36:20.216+0530][52.609s][info][gc,phases   ] GC(280)   Pre Evacuate Collection Set: 0.6ms
[2026-01-15T00:36:20.216+0530][52.609s][info][gc,phases   ] GC(280)   Merge Heap Roots: 0.3ms
[2026-01-15T00:36:20.216+0530][52.609s][info][gc,phases   ] GC(280)   Evacuate Collection Set: 0.4ms
[2026-01-15T00:36:20.216+0530][52.609s][info][gc,phases   ] GC(280)   Post Evacuate Collection Set: 0.4ms
[2026-01-15T00:36:20.216+0530][52.609s][info][gc,phases   ] GC(280)   Other: 0.3ms
[2026-01-15T00:36:20.216+0530][52.609s][info][gc,heap     ] GC(280) Eden regions: 0->0(128)
[2026-01-15T00:36:20.216+0530][52.609s][info][gc,heap     ] GC(280) Survivor regions: 0->0(16)
[2026-01-15T00:36:20.216+0530][52.609s][info][gc,heap     ] GC(280) Old regions: 2->2
[2026-01-15T00:36:20.216+0530][52.609s][info][gc,heap     ] GC(280) Humongous regions: 228->108
[2026-01-15T00:36:20.216+0530][52.609s][info][gc,metaspace] GC(280) Metaspace: 761K(896K)->761K(896K) NonClass: 711K(768K)->711K(768K) Class: 50K(128K)->50K(128K)
[2026-01-15T00:36:20.216+0530][52.609s][info][gc          ] GC(280) Pause Young (Concurrent Start) (G1 Humongous Allocation) 229M->109M(512M) 2.377ms
[2026-01-15T00:36:20.216+0530][52.609s][info][gc,cpu      ] GC(280) User=0.00s Sys=0.00s Real=0.00s
[2026-01-15T00:36:20.216+0530][52.609s][info][gc          ] GC(281) Concurrent Undo Cycle
[2026-01-15T00:36:20.216+0530][52.609s][info][gc,marking  ] GC(281) Concurrent Clear Claimed Marks
[2026-01-15T00:36:20.216+0530][52.609s][info][gc,marking  ] GC(281) Concurrent Clear Claimed Marks 0.068ms
[2026-01-15T00:36:20.216+0530][52.609s][info][gc,marking  ] GC(281) Concurrent Cleanup for Next Mark
[2026-01-15T00:36:20.216+0530][52.609s][info][gc,marking  ] GC(281) Concurrent Cleanup for Next Mark 0.101ms
[2026-01-15T00:36:20.216+0530][52.609s][info][gc          ] GC(281) Concurrent Undo Cycle 0.397ms
[2026-01-15T00:36:20.563+0530][52.956s][info][gc,start    ] GC(282) Pause Young (Concurrent Start) (G1 Humongous Allocation)
[2026-01-15T00:36:20.563+0530][52.956s][info][gc,task     ] GC(282) Using 8 workers of 8 for evacuation
[2026-01-15T00:36:20.564+0530][52.957s][info][gc,phases   ] GC(282)   Pre Evacuate Collection Set: 0.2ms
[2026-01-15T00:36:20.564+0530][52.957s][info][gc,phases   ] GC(282)   Merge Heap Roots: 0.0ms
[2026-01-15T00:36:20.564+0530][52.957s][info][gc,phases   ] GC(282)   Evacuate Collection Set: 0.2ms
[2026-01-15T00:36:20.564+0530][52.957s][info][gc,phases   ] GC(282)   Post Evacuate Collection Set: 0.5ms
[2026-01-15T00:36:20.564+0530][52.957s][info][gc,phases   ] GC(282)   Other: 0.1ms
[2026-01-15T00:36:20.564+0530][52.957s][info][gc,heap     ] GC(282) Eden regions: 0->0(128)
[2026-01-15T00:36:20.564+0530][52.957s][info][gc,heap     ] GC(282) Survivor regions: 0->0(16)
[2026-01-15T00:36:20.564+0530][52.958s][info][gc,heap     ] GC(282) Old regions: 2->2
[2026-01-15T00:36:20.564+0530][52.958s][info][gc,heap     ] GC(282) Humongous regions: 228->108
[2026-01-15T00:36:20.564+0530][52.958s][info][gc,metaspace] GC(282) Metaspace: 761K(896K)->761K(896K) NonClass: 711K(768K)->711K(768K) Class: 50K(128K)->50K(128K)
[2026-01-15T00:36:20.564+0530][52.958s][info][gc          ] GC(282) Pause Young (Concurrent Start) (G1 Humongous Allocation) 229M->109M(512M) 1.790ms
[2026-01-15T00:36:20.564+0530][52.958s][info][gc,cpu      ] GC(282) User=0.00s Sys=0.00s Real=0.00s
[2026-01-15T00:36:20.564+0530][52.958s][info][gc          ] GC(283) Concurrent Undo Cycle
[2026-01-15T00:36:20.564+0530][52.958s][info][gc,marking  ] GC(283) Concurrent Clear Claimed Marks
[2026-01-15T00:36:20.564+0530][52.958s][info][gc,marking  ] GC(283) Concurrent Clear Claimed Marks 0.039ms
[2026-01-15T00:36:20.564+0530][52.958s][info][gc,marking  ] GC(283) Concurrent Cleanup for Next Mark
[2026-01-15T00:36:20.564+0530][52.958s][info][gc,marking  ] GC(283) Concurrent Cleanup for Next Mark 0.143ms
[2026-01-15T00:36:20.564+0530][52.958s][info][gc          ] GC(283) Concurrent Undo Cycle 0.465ms
[2026-01-15T00:36:20.933+0530][53.326s][info][gc,start    ] GC(284) Pause Young (Concurrent Start) (G1 Humongous Allocation)
[2026-01-15T00:36:20.933+0530][53.326s][info][gc,task     ] GC(284) Using 8 workers of 8 for evacuation
[2026-01-15T00:36:20.934+0530][53.328s][info][gc,phases   ] GC(284)   Pre Evacuate Collection Set: 0.3ms
[2026-01-15T00:36:20.934+0530][53.328s][info][gc,phases   ] GC(284)   Merge Heap Roots: 0.2ms
[2026-01-15T00:36:20.934+0530][53.328s][info][gc,phases   ] GC(284)   Evacuate Collection Set: 0.3ms
[2026-01-15T00:36:20.934+0530][53.328s][info][gc,phases   ] GC(284)   Post Evacuate Collection Set: 0.6ms
[2026-01-15T00:36:20.934+0530][53.328s][info][gc,phases   ] GC(284)   Other: 0.1ms
[2026-01-15T00:36:20.934+0530][53.328s][info][gc,heap     ] GC(284) Eden regions: 0->0(128)
[2026-01-15T00:36:20.934+0530][53.328s][info][gc,heap     ] GC(284) Survivor regions: 0->0(16)
[2026-01-15T00:36:20.934+0530][53.328s][info][gc,heap     ] GC(284) Old regions: 2->2
[2026-01-15T00:36:20.934+0530][53.328s][info][gc,heap     ] GC(284) Humongous regions: 228->108
[2026-01-15T00:36:20.934+0530][53.328s][info][gc,metaspace] GC(284) Metaspace: 761K(896K)->761K(896K) NonClass: 711K(768K)->711K(768K) Class: 50K(128K)->50K(128K)
[2026-01-15T00:36:20.934+0530][53.328s][info][gc          ] GC(284) Pause Young (Concurrent Start) (G1 Humongous Allocation) 229M->109M(512M) 2.042ms
[2026-01-15T00:36:20.934+0530][53.328s][info][gc,cpu      ] GC(284) User=0.00s Sys=0.00s Real=0.00s
[2026-01-15T00:36:20.934+0530][53.328s][info][gc          ] GC(285) Concurrent Undo Cycle
[2026-01-15T00:36:20.934+0530][53.328s][info][gc,marking  ] GC(285) Concurrent Clear Claimed Marks
[2026-01-15T00:36:20.934+0530][53.328s][info][gc,marking  ] GC(285) Concurrent Clear Claimed Marks 0.032ms
[2026-01-15T00:36:20.934+0530][53.328s][info][gc,marking  ] GC(285) Concurrent Cleanup for Next Mark
[2026-01-15T00:36:20.934+0530][53.328s][info][gc,marking  ] GC(285) Concurrent Cleanup for Next Mark 0.106ms
[2026-01-15T00:36:20.934+0530][53.328s][info][gc          ] GC(285) Concurrent Undo Cycle 0.339ms
[2026-01-15T00:36:21.304+0530][53.698s][info][gc,start    ] GC(286) Pause Young (Concurrent Start) (G1 Humongous Allocation)
[2026-01-15T00:36:21.304+0530][53.698s][info][gc,task     ] GC(286) Using 8 workers of 8 for evacuation
[2026-01-15T00:36:21.306+0530][53.700s][info][gc,phases   ] GC(286)   Pre Evacuate Collection Set: 0.5ms
[2026-01-15T00:36:21.306+0530][53.700s][info][gc,phases   ] GC(286)   Merge Heap Roots: 0.2ms
[2026-01-15T00:36:21.306+0530][53.700s][info][gc,phases   ] GC(286)   Evacuate Collection Set: 0.6ms
[2026-01-15T00:36:21.306+0530][53.700s][info][gc,phases   ] GC(286)   Post Evacuate Collection Set: 0.8ms
[2026-01-15T00:36:21.306+0530][53.700s][info][gc,phases   ] GC(286)   Other: 0.3ms
[2026-01-15T00:36:21.306+0530][53.700s][info][gc,heap     ] GC(286) Eden regions: 0->0(128)
[2026-01-15T00:36:21.306+0530][53.700s][info][gc,heap     ] GC(286) Survivor regions: 0->0(16)
[2026-01-15T00:36:21.306+0530][53.700s][info][gc,heap     ] GC(286) Old regions: 2->2
[2026-01-15T00:36:21.306+0530][53.700s][info][gc,heap     ] GC(286) Humongous regions: 228->108
[2026-01-15T00:36:21.306+0530][53.700s][info][gc,metaspace] GC(286) Metaspace: 761K(896K)->761K(896K) NonClass: 711K(768K)->711K(768K) Class: 50K(128K)->50K(128K)
[2026-01-15T00:36:21.306+0530][53.701s][info][gc          ] GC(286) Pause Young (Concurrent Start) (G1 Humongous Allocation) 229M->109M(512M) 2.921ms
[2026-01-15T00:36:21.306+0530][53.701s][info][gc,cpu      ] GC(286) User=0.00s Sys=0.00s Real=0.00s
[2026-01-15T00:36:21.306+0530][53.701s][info][gc          ] GC(287) Concurrent Undo Cycle
[2026-01-15T00:36:21.306+0530][53.701s][info][gc,marking  ] GC(287) Concurrent Clear Claimed Marks
[2026-01-15T00:36:21.306+0530][53.701s][info][gc,marking  ] GC(287) Concurrent Clear Claimed Marks 0.032ms
[2026-01-15T00:36:21.306+0530][53.701s][info][gc,marking  ] GC(287) Concurrent Cleanup for Next Mark
[2026-01-15T00:36:21.309+0530][53.701s][info][gc,marking  ] GC(287) Concurrent Cleanup for Next Mark 0.156ms
[2026-01-15T00:36:21.309+0530][53.701s][info][gc          ] GC(287) Concurrent Undo Cycle 0.478ms
[2026-01-15T00:36:21.678+0530][54.070s][info][gc,start    ] GC(288) Pause Young (Concurrent Start) (G1 Humongous Allocation)
[2026-01-15T00:36:21.678+0530][54.071s][info][gc,task     ] GC(288) Using 8 workers of 8 for evacuation
[2026-01-15T00:36:21.678+0530][54.073s][info][gc,phases   ] GC(288)   Pre Evacuate Collection Set: 0.4ms
[2026-01-15T00:36:21.678+0530][54.073s][info][gc,phases   ] GC(288)   Merge Heap Roots: 0.2ms
[2026-01-15T00:36:21.678+0530][54.073s][info][gc,phases   ] GC(288)   Evacuate Collection Set: 0.6ms
[2026-01-15T00:36:21.678+0530][54.073s][info][gc,phases   ] GC(288)   Post Evacuate Collection Set: 0.7ms
[2026-01-15T00:36:21.678+0530][54.073s][info][gc,phases   ] GC(288)   Other: 0.3ms
[2026-01-15T00:36:21.678+0530][54.073s][info][gc,heap     ] GC(288) Eden regions: 0->0(128)
[2026-01-15T00:36:21.678+0530][54.073s][info][gc,heap     ] GC(288) Survivor regions: 0->0(16)
[2026-01-15T00:36:21.678+0530][54.073s][info][gc,heap     ] GC(288) Old regions: 2->2
[2026-01-15T00:36:21.678+0530][54.073s][info][gc,heap     ] GC(288) Humongous regions: 228->108
[2026-01-15T00:36:21.678+0530][54.074s][info][gc,metaspace] GC(288) Metaspace: 761K(896K)->761K(896K) NonClass: 711K(768K)->711K(768K) Class: 50K(128K)->50K(128K)
[2026-01-15T00:36:21.678+0530][54.074s][info][gc          ] GC(288) Pause Young (Concurrent Start) (G1 Humongous Allocation) 229M->109M(512M) 3.263ms
[2026-01-15T00:36:21.678+0530][54.074s][info][gc,cpu      ] GC(288) User=0.00s Sys=0.00s Real=0.00s
[2026-01-15T00:36:21.678+0530][54.074s][info][gc          ] GC(289) Concurrent Undo Cycle
[2026-01-15T00:36:21.678+0530][54.074s][info][gc,marking  ] GC(289) Concurrent Clear Claimed Marks
[2026-01-15T00:36:21.678+0530][54.074s][info][gc,marking  ] GC(289) Concurrent Clear Claimed Marks 0.032ms
[2026-01-15T00:36:21.678+0530][54.074s][info][gc,marking  ] GC(289) Concurrent Cleanup for Next Mark
[2026-01-15T00:36:21.678+0530][54.074s][info][gc,marking  ] GC(289) Concurrent Cleanup for Next Mark 0.212ms
[2026-01-15T00:36:21.682+0530][54.074s][info][gc          ] GC(289) Concurrent Undo Cycle 0.524ms
[2026-01-15T00:36:22.050+0530][54.443s][info][gc,start    ] GC(290) Pause Young (Concurrent Start) (G1 Humongous Allocation)
[2026-01-15T00:36:22.050+0530][54.443s][info][gc,task     ] GC(290) Using 8 workers of 8 for evacuation
[2026-01-15T00:36:22.052+0530][54.444s][info][gc,phases   ] GC(290)   Pre Evacuate Collection Set: 0.3ms
[2026-01-15T00:36:22.052+0530][54.445s][info][gc,phases   ] GC(290)   Merge Heap Roots: 0.1ms
[2026-01-15T00:36:22.052+0530][54.445s][info][gc,phases   ] GC(290)   Evacuate Collection Set: 0.3ms
[2026-01-15T00:36:22.052+0530][54.445s][info][gc,phases   ] GC(290)   Post Evacuate Collection Set: 0.8ms
[2026-01-15T00:36:22.052+0530][54.445s][info][gc,phases   ] GC(290)   Other: 0.2ms
[2026-01-15T00:36:22.052+0530][54.445s][info][gc,heap     ] GC(290) Eden regions: 0->0(128)
[2026-01-15T00:36:22.052+0530][54.445s][info][gc,heap     ] GC(290) Survivor regions: 0->0(16)
[2026-01-15T00:36:22.052+0530][54.445s][info][gc,heap     ] GC(290) Old regions: 2->2
[2026-01-15T00:36:22.052+0530][54.445s][info][gc,heap     ] GC(290) Humongous regions: 228->108
[2026-01-15T00:36:22.052+0530][54.445s][info][gc,metaspace] GC(290) Metaspace: 761K(896K)->761K(896K) NonClass: 711K(768K)->711K(768K) Class: 50K(128K)->50K(128K)
[2026-01-15T00:36:22.052+0530][54.445s][info][gc          ] GC(290) Pause Young (Concurrent Start) (G1 Humongous Allocation) 229M->109M(512M) 2.187ms
[2026-01-15T00:36:22.052+0530][54.445s][info][gc,cpu      ] GC(290) User=0.00s Sys=0.00s Real=0.00s
[2026-01-15T00:36:22.052+0530][54.445s][info][gc          ] GC(291) Concurrent Undo Cycle
[2026-01-15T00:36:22.052+0530][54.445s][info][gc,marking  ] GC(291) Concurrent Clear Claimed Marks
[2026-01-15T00:36:22.052+0530][54.445s][info][gc,marking  ] GC(291) Concurrent Clear Claimed Marks 0.040ms
[2026-01-15T00:36:22.052+0530][54.445s][info][gc,marking  ] GC(291) Concurrent Cleanup for Next Mark
[2026-01-15T00:36:22.052+0530][54.445s][info][gc,marking  ] GC(291) Concurrent Cleanup for Next Mark 0.159ms
[2026-01-15T00:36:22.053+0530][54.445s][info][gc          ] GC(291) Concurrent Undo Cycle 0.425ms
[2026-01-15T00:36:22.399+0530][54.793s][info][gc,start    ] GC(292) Pause Young (Concurrent Start) (G1 Humongous Allocation)
[2026-01-15T00:36:22.399+0530][54.793s][info][gc,task     ] GC(292) Using 8 workers of 8 for evacuation
[2026-01-15T00:36:22.399+0530][54.795s][info][gc,phases   ] GC(292)   Pre Evacuate Collection Set: 0.2ms
[2026-01-15T00:36:22.399+0530][54.795s][info][gc,phases   ] GC(292)   Merge Heap Roots: 0.2ms
[2026-01-15T00:36:22.399+0530][54.795s][info][gc,phases   ] GC(292)   Evacuate Collection Set: 0.4ms
[2026-01-15T00:36:22.399+0530][54.795s][info][gc,phases   ] GC(292)   Post Evacuate Collection Set: 0.9ms
[2026-01-15T00:36:22.399+0530][54.795s][info][gc,phases   ] GC(292)   Other: 0.4ms
[2026-01-15T00:36:22.399+0530][54.795s][info][gc,heap     ] GC(292) Eden regions: 0->0(128)
[2026-01-15T00:36:22.399+0530][54.795s][info][gc,heap     ] GC(292) Survivor regions: 0->0(16)
[2026-01-15T00:36:22.399+0530][54.796s][info][gc,heap     ] GC(292) Old regions: 2->2
[2026-01-15T00:36:22.399+0530][54.796s][info][gc,heap     ] GC(292) Humongous regions: 228->108
[2026-01-15T00:36:22.399+0530][54.796s][info][gc,metaspace] GC(292) Metaspace: 761K(896K)->761K(896K) NonClass: 711K(768K)->711K(768K) Class: 50K(128K)->50K(128K)
[2026-01-15T00:36:22.399+0530][54.796s][info][gc          ] GC(292) Pause Young (Concurrent Start) (G1 Humongous Allocation) 229M->109M(512M) 2.938ms
[2026-01-15T00:36:22.399+0530][54.796s][info][gc,cpu      ] GC(292) User=0.00s Sys=0.00s Real=0.00s
[2026-01-15T00:36:22.399+0530][54.796s][info][gc          ] GC(293) Concurrent Undo Cycle
[2026-01-15T00:36:22.399+0530][54.796s][info][gc,marking  ] GC(293) Concurrent Clear Claimed Marks
[2026-01-15T00:36:22.399+0530][54.796s][info][gc,marking  ] GC(293) Concurrent Clear Claimed Marks 0.038ms
[2026-01-15T00:36:22.399+0530][54.796s][info][gc,marking  ] GC(293) Concurrent Cleanup for Next Mark
[2026-01-15T00:36:22.399+0530][54.796s][info][gc,marking  ] GC(293) Concurrent Cleanup for Next Mark 0.257ms
[2026-01-15T00:36:22.404+0530][54.797s][info][gc          ] GC(293) Concurrent Undo Cycle 0.687ms
[2026-01-15T00:36:22.755+0530][55.149s][info][gc,start    ] GC(294) Pause Young (Concurrent Start) (G1 Humongous Allocation)
[2026-01-15T00:36:22.755+0530][55.149s][info][gc,task     ] GC(294) Using 8 workers of 8 for evacuation
[2026-01-15T00:36:22.755+0530][55.151s][info][gc,phases   ] GC(294)   Pre Evacuate Collection Set: 0.4ms
[2026-01-15T00:36:22.755+0530][55.151s][info][gc,phases   ] GC(294)   Merge Heap Roots: 0.2ms
[2026-01-15T00:36:22.755+0530][55.151s][info][gc,phases   ] GC(294)   Evacuate Collection Set: 0.3ms
[2026-01-15T00:36:22.755+0530][55.151s][info][gc,phases   ] GC(294)   Post Evacuate Collection Set: 0.8ms
[2026-01-15T00:36:22.755+0530][55.151s][info][gc,phases   ] GC(294)   Other: 0.2ms
[2026-01-15T00:36:22.755+0530][55.151s][info][gc,heap     ] GC(294) Eden regions: 0->0(128)
[2026-01-15T00:36:22.755+0530][55.151s][info][gc,heap     ] GC(294) Survivor regions: 0->0(16)
[2026-01-15T00:36:22.755+0530][55.151s][info][gc,heap     ] GC(294) Old regions: 2->2
[2026-01-15T00:36:22.755+0530][55.151s][info][gc,heap     ] GC(294) Humongous regions: 228->108
[2026-01-15T00:36:22.755+0530][55.151s][info][gc,metaspace] GC(294) Metaspace: 761K(896K)->761K(896K) NonClass: 711K(768K)->711K(768K) Class: 50K(128K)->50K(128K)
[2026-01-15T00:36:22.755+0530][55.151s][info][gc          ] GC(294) Pause Young (Concurrent Start) (G1 Humongous Allocation) 229M->109M(512M) 2.527ms
[2026-01-15T00:36:22.755+0530][55.151s][info][gc,cpu      ] GC(294) User=0.00s Sys=0.00s Real=0.00s
[2026-01-15T00:36:22.755+0530][55.151s][info][gc          ] GC(295) Concurrent Undo Cycle
[2026-01-15T00:36:22.755+0530][55.151s][info][gc,marking  ] GC(295) Concurrent Clear Claimed Marks
[2026-01-15T00:36:22.755+0530][55.151s][info][gc,marking  ] GC(295) Concurrent Clear Claimed Marks 0.028ms
[2026-01-15T00:36:22.759+0530][55.152s][info][gc,marking  ] GC(295) Concurrent Cleanup for Next Mark
[2026-01-15T00:36:22.759+0530][55.152s][info][gc,marking  ] GC(295) Concurrent Cleanup for Next Mark 0.235ms
[2026-01-15T00:36:22.759+0530][55.152s][info][gc          ] GC(295) Concurrent Undo Cycle 0.551ms
[2026-01-15T00:36:23.131+0530][55.524s][info][gc,start    ] GC(296) Pause Young (Concurrent Start) (G1 Humongous Allocation)
[2026-01-15T00:36:23.132+0530][55.524s][info][gc,task     ] GC(296) Using 8 workers of 8 for evacuation
[2026-01-15T00:36:23.134+0530][55.527s][info][gc,phases   ] GC(296)   Pre Evacuate Collection Set: 0.5ms
[2026-01-15T00:36:23.134+0530][55.527s][info][gc,phases   ] GC(296)   Merge Heap Roots: 0.1ms
[2026-01-15T00:36:23.134+0530][55.527s][info][gc,phases   ] GC(296)   Evacuate Collection Set: 0.4ms
[2026-01-15T00:36:23.134+0530][55.527s][info][gc,phases   ] GC(296)   Post Evacuate Collection Set: 1.2ms
[2026-01-15T00:36:23.134+0530][55.527s][info][gc,phases   ] GC(296)   Other: 0.3ms
[2026-01-15T00:36:23.134+0530][55.527s][info][gc,heap     ] GC(296) Eden regions: 0->0(128)
[2026-01-15T00:36:23.134+0530][55.527s][info][gc,heap     ] GC(296) Survivor regions: 0->0(16)
[2026-01-15T00:36:23.134+0530][55.527s][info][gc,heap     ] GC(296) Old regions: 2->2
[2026-01-15T00:36:23.134+0530][55.527s][info][gc,heap     ] GC(296) Humongous regions: 228->108
[2026-01-15T00:36:23.134+0530][55.528s][info][gc,metaspace] GC(296) Metaspace: 761K(896K)->761K(896K) NonClass: 711K(768K)->711K(768K) Class: 50K(128K)->50K(128K)
[2026-01-15T00:36:23.134+0530][55.528s][info][gc          ] GC(296) Pause Young (Concurrent Start) (G1 Humongous Allocation) 229M->109M(512M) 3.413ms
[2026-01-15T00:36:23.134+0530][55.528s][info][gc,cpu      ] GC(296) User=0.00s Sys=0.00s Real=0.00s
[2026-01-15T00:36:23.134+0530][55.528s][info][gc          ] GC(297) Concurrent Undo Cycle
[2026-01-15T00:36:23.134+0530][55.528s][info][gc,marking  ] GC(297) Concurrent Clear Claimed Marks
[2026-01-15T00:36:23.134+0530][55.528s][info][gc,marking  ] GC(297) Concurrent Clear Claimed Marks 0.040ms
[2026-01-15T00:36:23.134+0530][55.528s][info][gc,marking  ] GC(297) Concurrent Cleanup for Next Mark
[2026-01-15T00:36:23.134+0530][55.528s][info][gc,marking  ] GC(297) Concurrent Cleanup for Next Mark 0.113ms
[2026-01-15T00:36:23.134+0530][55.528s][info][gc          ] GC(297) Concurrent Undo Cycle 0.369ms
[2026-01-15T00:36:23.510+0530][55.903s][info][gc,start    ] GC(298) Pause Young (Concurrent Start) (G1 Humongous Allocation)
[2026-01-15T00:36:23.510+0530][55.903s][info][gc,task     ] GC(298) Using 8 workers of 8 for evacuation
[2026-01-15T00:36:23.510+0530][55.905s][info][gc,phases   ] GC(298)   Pre Evacuate Collection Set: 0.5ms
[2026-01-15T00:36:23.510+0530][55.906s][info][gc,phases   ] GC(298)   Merge Heap Roots: 0.2ms
[2026-01-15T00:36:23.510+0530][55.906s][info][gc,phases   ] GC(298)   Evacuate Collection Set: 0.4ms
[2026-01-15T00:36:23.510+0530][55.906s][info][gc,phases   ] GC(298)   Post Evacuate Collection Set: 1.0ms
[2026-01-15T00:36:23.510+0530][55.906s][info][gc,phases   ] GC(298)   Other: 0.3ms
[2026-01-15T00:36:23.510+0530][55.906s][info][gc,heap     ] GC(298) Eden regions: 0->0(128)
[2026-01-15T00:36:23.510+0530][55.906s][info][gc,heap     ] GC(298) Survivor regions: 0->0(16)
[2026-01-15T00:36:23.510+0530][55.906s][info][gc,heap     ] GC(298) Old regions: 2->2
[2026-01-15T00:36:23.510+0530][55.906s][info][gc,heap     ] GC(298) Humongous regions: 228->108
[2026-01-15T00:36:23.510+0530][55.906s][info][gc,metaspace] GC(298) Metaspace: 761K(896K)->761K(896K) NonClass: 711K(768K)->711K(768K) Class: 50K(128K)->50K(128K)
[2026-01-15T00:36:23.510+0530][55.906s][info][gc          ] GC(298) Pause Young (Concurrent Start) (G1 Humongous Allocation) 229M->109M(512M) 2.883ms
[2026-01-15T00:36:23.510+0530][55.906s][info][gc,cpu      ] GC(298) User=0.00s Sys=0.00s Real=0.00s
[2026-01-15T00:36:23.510+0530][55.906s][info][gc          ] GC(299) Concurrent Undo Cycle
[2026-01-15T00:36:23.510+0530][55.906s][info][gc,marking  ] GC(299) Concurrent Clear Claimed Marks
[2026-01-15T00:36:23.510+0530][55.906s][info][gc,marking  ] GC(299) Concurrent Clear Claimed Marks 0.044ms
[2026-01-15T00:36:23.510+0530][55.906s][info][gc,marking  ] GC(299) Concurrent Cleanup for Next Mark
[2026-01-15T00:36:23.510+0530][55.906s][info][gc,marking  ] GC(299) Concurrent Cleanup for Next Mark 0.127ms
[2026-01-15T00:36:23.510+0530][55.906s][info][gc          ] GC(299) Concurrent Undo Cycle 0.408ms
[2026-01-15T00:36:23.873+0530][56.266s][info][gc,start    ] GC(300) Pause Young (Concurrent Start) (G1 Humongous Allocation)
[2026-01-15T00:36:23.873+0530][56.266s][info][gc,task     ] GC(300) Using 8 workers of 8 for evacuation
[2026-01-15T00:36:23.874+0530][56.268s][info][gc,phases   ] GC(300)   Pre Evacuate Collection Set: 0.4ms
[2026-01-15T00:36:23.874+0530][56.268s][info][gc,phases   ] GC(300)   Merge Heap Roots: 0.1ms
[2026-01-15T00:36:23.874+0530][56.268s][info][gc,phases   ] GC(300)   Evacuate Collection Set: 0.2ms
[2026-01-15T00:36:23.874+0530][56.268s][info][gc,phases   ] GC(300)   Post Evacuate Collection Set: 0.6ms
[2026-01-15T00:36:23.874+0530][56.268s][info][gc,phases   ] GC(300)   Other: 0.2ms
[2026-01-15T00:36:23.874+0530][56.268s][info][gc,heap     ] GC(300) Eden regions: 0->0(128)
[2026-01-15T00:36:23.874+0530][56.268s][info][gc,heap     ] GC(300) Survivor regions: 0->0(16)
[2026-01-15T00:36:23.874+0530][56.268s][info][gc,heap     ] GC(300) Old regions: 2->2
[2026-01-15T00:36:23.874+0530][56.268s][info][gc,heap     ] GC(300) Humongous regions: 228->108
[2026-01-15T00:36:23.874+0530][56.268s][info][gc,metaspace] GC(300) Metaspace: 761K(896K)->761K(896K) NonClass: 711K(768K)->711K(768K) Class: 50K(128K)->50K(128K)
[2026-01-15T00:36:23.874+0530][56.268s][info][gc          ] GC(300) Pause Young (Concurrent Start) (G1 Humongous Allocation) 229M->109M(512M) 2.161ms
[2026-01-15T00:36:23.874+0530][56.268s][info][gc,cpu      ] GC(300) User=0.00s Sys=0.00s Real=0.00s
[2026-01-15T00:36:23.874+0530][56.268s][info][gc          ] GC(301) Concurrent Undo Cycle
[2026-01-15T00:36:23.874+0530][56.269s][info][gc,marking  ] GC(301) Concurrent Clear Claimed Marks
[2026-01-15T00:36:23.874+0530][56.269s][info][gc,marking  ] GC(301) Concurrent Clear Claimed Marks 0.049ms
[2026-01-15T00:36:23.874+0530][56.269s][info][gc,marking  ] GC(301) Concurrent Cleanup for Next Mark
[2026-01-15T00:36:23.874+0530][56.269s][info][gc,marking  ] GC(301) Concurrent Cleanup for Next Mark 0.152ms
[2026-01-15T00:36:23.874+0530][56.269s][info][gc          ] GC(301) Concurrent Undo Cycle 0.535ms
[2026-01-15T00:36:24.238+0530][56.632s][info][gc,start    ] GC(302) Pause Young (Concurrent Start) (G1 Humongous Allocation)
[2026-01-15T00:36:24.240+0530][56.632s][info][gc,task     ] GC(302) Using 8 workers of 8 for evacuation
[2026-01-15T00:36:24.240+0530][56.634s][info][gc,phases   ] GC(302)   Pre Evacuate Collection Set: 0.6ms
[2026-01-15T00:36:24.240+0530][56.634s][info][gc,phases   ] GC(302)   Merge Heap Roots: 0.1ms
[2026-01-15T00:36:24.240+0530][56.634s][info][gc,phases   ] GC(302)   Evacuate Collection Set: 0.3ms
[2026-01-15T00:36:24.240+0530][56.634s][info][gc,phases   ] GC(302)   Post Evacuate Collection Set: 0.6ms
[2026-01-15T00:36:24.240+0530][56.634s][info][gc,phases   ] GC(302)   Other: 0.4ms
[2026-01-15T00:36:24.240+0530][56.635s][info][gc,heap     ] GC(302) Eden regions: 0->0(128)
[2026-01-15T00:36:24.240+0530][56.635s][info][gc,heap     ] GC(302) Survivor regions: 0->0(16)
[2026-01-15T00:36:24.240+0530][56.635s][info][gc,heap     ] GC(302) Old regions: 2->2
[2026-01-15T00:36:24.240+0530][56.635s][info][gc,heap     ] GC(302) Humongous regions: 228->108
[2026-01-15T00:36:24.240+0530][56.635s][info][gc,metaspace] GC(302) Metaspace: 761K(896K)->761K(896K) NonClass: 711K(768K)->711K(768K) Class: 50K(128K)->50K(128K)
[2026-01-15T00:36:24.240+0530][56.635s][info][gc          ] GC(302) Pause Young (Concurrent Start) (G1 Humongous Allocation) 229M->109M(512M) 2.847ms
[2026-01-15T00:36:24.240+0530][56.635s][info][gc,cpu      ] GC(302) User=0.00s Sys=0.00s Real=0.00s
[2026-01-15T00:36:24.240+0530][56.635s][info][gc          ] GC(303) Concurrent Undo Cycle
[2026-01-15T00:36:24.240+0530][56.635s][info][gc,marking  ] GC(303) Concurrent Clear Claimed Marks
[2026-01-15T00:36:24.240+0530][56.635s][info][gc,marking  ] GC(303) Concurrent Clear Claimed Marks 0.035ms
[2026-01-15T00:36:24.240+0530][56.635s][info][gc,marking  ] GC(303) Concurrent Cleanup for Next Mark
[2026-01-15T00:36:24.240+0530][56.635s][info][gc,marking  ] GC(303) Concurrent Cleanup for Next Mark 0.234ms
[2026-01-15T00:36:24.243+0530][56.635s][info][gc          ] GC(303) Concurrent Undo Cycle 0.703ms
[2026-01-15T00:36:24.604+0530][56.996s][info][gc,start    ] GC(304) Pause Young (Concurrent Start) (G1 Humongous Allocation)
[2026-01-15T00:36:24.604+0530][56.997s][info][gc,task     ] GC(304) Using 8 workers of 8 for evacuation
[2026-01-15T00:36:24.604+0530][56.998s][info][gc,phases   ] GC(304)   Pre Evacuate Collection Set: 0.3ms
[2026-01-15T00:36:24.604+0530][56.998s][info][gc,phases   ] GC(304)   Merge Heap Roots: 0.2ms
[2026-01-15T00:36:24.604+0530][56.998s][info][gc,phases   ] GC(304)   Evacuate Collection Set: 0.2ms
[2026-01-15T00:36:24.604+0530][56.998s][info][gc,phases   ] GC(304)   Post Evacuate Collection Set: 0.6ms
[2026-01-15T00:36:24.604+0530][56.998s][info][gc,phases   ] GC(304)   Other: 0.2ms
[2026-01-15T00:36:24.604+0530][56.998s][info][gc,heap     ] GC(304) Eden regions: 0->0(128)
[2026-01-15T00:36:24.604+0530][56.999s][info][gc,heap     ] GC(304) Survivor regions: 0->0(16)
[2026-01-15T00:36:24.604+0530][56.999s][info][gc,heap     ] GC(304) Old regions: 2->2
[2026-01-15T00:36:24.604+0530][56.999s][info][gc,heap     ] GC(304) Humongous regions: 228->108
[2026-01-15T00:36:24.604+0530][56.999s][info][gc,metaspace] GC(304) Metaspace: 761K(896K)->761K(896K) NonClass: 711K(768K)->711K(768K) Class: 50K(128K)->50K(128K)
[2026-01-15T00:36:24.604+0530][56.999s][info][gc          ] GC(304) Pause Young (Concurrent Start) (G1 Humongous Allocation) 229M->109M(512M) 2.369ms
[2026-01-15T00:36:24.604+0530][56.999s][info][gc          ] GC(305) Concurrent Undo Cycle
[2026-01-15T00:36:24.604+0530][56.999s][info][gc,cpu      ] GC(304) User=0.00s Sys=0.00s Real=0.00s
[2026-01-15T00:36:24.604+0530][56.999s][info][gc,marking  ] GC(305) Concurrent Clear Claimed Marks
[2026-01-15T00:36:24.604+0530][56.999s][info][gc,marking  ] GC(305) Concurrent Clear Claimed Marks 0.107ms
[2026-01-15T00:36:24.604+0530][56.999s][info][gc,marking  ] GC(305) Concurrent Cleanup for Next Mark
[2026-01-15T00:36:24.604+0530][56.999s][info][gc,marking  ] GC(305) Concurrent Cleanup for Next Mark 0.171ms
[2026-01-15T00:36:24.604+0530][56.999s][info][gc          ] GC(305) Concurrent Undo Cycle 0.562ms
[2026-01-15T00:36:24.951+0530][57.345s][info][gc,start    ] GC(306) Pause Young (Concurrent Start) (G1 Humongous Allocation)
[2026-01-15T00:36:24.951+0530][57.345s][info][gc,task     ] GC(306) Using 8 workers of 8 for evacuation
[2026-01-15T00:36:24.951+0530][57.346s][info][gc,phases   ] GC(306)   Pre Evacuate Collection Set: 0.3ms
[2026-01-15T00:36:24.951+0530][57.347s][info][gc,phases   ] GC(306)   Merge Heap Roots: 0.1ms
[2026-01-15T00:36:24.954+0530][57.347s][info][gc,phases   ] GC(306)   Evacuate Collection Set: 0.4ms
[2026-01-15T00:36:24.954+0530][57.347s][info][gc,phases   ] GC(306)   Post Evacuate Collection Set: 0.6ms
[2026-01-15T00:36:24.954+0530][57.347s][info][gc,phases   ] GC(306)   Other: 0.2ms
[2026-01-15T00:36:24.954+0530][57.347s][info][gc,heap     ] GC(306) Eden regions: 0->0(128)
[2026-01-15T00:36:24.954+0530][57.347s][info][gc,heap     ] GC(306) Survivor regions: 0->0(16)
[2026-01-15T00:36:24.954+0530][57.347s][info][gc,heap     ] GC(306) Old regions: 2->2
[2026-01-15T00:36:24.954+0530][57.347s][info][gc,heap     ] GC(306) Humongous regions: 228->108
[2026-01-15T00:36:24.954+0530][57.347s][info][gc,metaspace] GC(306) Metaspace: 761K(896K)->761K(896K) NonClass: 711K(768K)->711K(768K) Class: 50K(128K)->50K(128K)
[2026-01-15T00:36:24.954+0530][57.347s][info][gc          ] GC(306) Pause Young (Concurrent Start) (G1 Humongous Allocation) 229M->109M(512M) 1.984ms
[2026-01-15T00:36:24.954+0530][57.347s][info][gc,cpu      ] GC(306) User=0.00s Sys=0.00s Real=0.00s
[2026-01-15T00:36:24.954+0530][57.347s][info][gc          ] GC(307) Concurrent Undo Cycle
[2026-01-15T00:36:24.954+0530][57.347s][info][gc,marking  ] GC(307) Concurrent Clear Claimed Marks
[2026-01-15T00:36:24.954+0530][57.347s][info][gc,marking  ] GC(307) Concurrent Clear Claimed Marks 0.046ms
[2026-01-15T00:36:24.954+0530][57.347s][info][gc,marking  ] GC(307) Concurrent Cleanup for Next Mark
[2026-01-15T00:36:24.954+0530][57.347s][info][gc,marking  ] GC(307) Concurrent Cleanup for Next Mark 0.160ms
[2026-01-15T00:36:24.954+0530][57.347s][info][gc          ] GC(307) Concurrent Undo Cycle 0.464ms
[2026-01-15T00:36:25.309+0530][57.703s][info][gc,start    ] GC(308) Pause Young (Concurrent Start) (G1 Humongous Allocation)
[2026-01-15T00:36:25.309+0530][57.703s][info][gc,task     ] GC(308) Using 8 workers of 8 for evacuation
[2026-01-15T00:36:25.311+0530][57.704s][info][gc,phases   ] GC(308)   Pre Evacuate Collection Set: 0.3ms
[2026-01-15T00:36:25.311+0530][57.704s][info][gc,phases   ] GC(308)   Merge Heap Roots: 0.0ms
[2026-01-15T00:36:25.311+0530][57.704s][info][gc,phases   ] GC(308)   Evacuate Collection Set: 0.2ms
[2026-01-15T00:36:25.311+0530][57.704s][info][gc,phases   ] GC(308)   Post Evacuate Collection Set: 0.3ms
[2026-01-15T00:36:25.311+0530][57.704s][info][gc,phases   ] GC(308)   Other: 0.1ms
[2026-01-15T00:36:25.311+0530][57.704s][info][gc,heap     ] GC(308) Eden regions: 0->0(128)
[2026-01-15T00:36:25.311+0530][57.704s][info][gc,heap     ] GC(308) Survivor regions: 0->0(16)
[2026-01-15T00:36:25.311+0530][57.704s][info][gc,heap     ] GC(308) Old regions: 2->2
[2026-01-15T00:36:25.311+0530][57.704s][info][gc,heap     ] GC(308) Humongous regions: 228->108
[2026-01-15T00:36:25.311+0530][57.704s][info][gc,metaspace] GC(308) Metaspace: 761K(896K)->761K(896K) NonClass: 711K(768K)->711K(768K) Class: 50K(128K)->50K(128K)
[2026-01-15T00:36:25.311+0530][57.704s][info][gc          ] GC(308) Pause Young (Concurrent Start) (G1 Humongous Allocation) 229M->109M(512M) 1.526ms
[2026-01-15T00:36:25.311+0530][57.704s][info][gc,cpu      ] GC(308) User=0.06s Sys=0.00s Real=0.00s
[2026-01-15T00:36:25.311+0530][57.704s][info][gc          ] GC(309) Concurrent Undo Cycle
[2026-01-15T00:36:25.311+0530][57.704s][info][gc,marking  ] GC(309) Concurrent Clear Claimed Marks
[2026-01-15T00:36:25.311+0530][57.704s][info][gc,marking  ] GC(309) Concurrent Clear Claimed Marks 0.021ms
[2026-01-15T00:36:25.311+0530][57.704s][info][gc,marking  ] GC(309) Concurrent Cleanup for Next Mark
[2026-01-15T00:36:25.311+0530][57.705s][info][gc,marking  ] GC(309) Concurrent Cleanup for Next Mark 0.109ms
[2026-01-15T00:36:25.311+0530][57.705s][info][gc          ] GC(309) Concurrent Undo Cycle 0.267ms
[2026-01-15T00:36:25.677+0530][58.070s][info][gc,start    ] GC(310) Pause Young (Concurrent Start) (G1 Humongous Allocation)
[2026-01-15T00:36:25.677+0530][58.070s][info][gc,task     ] GC(310) Using 8 workers of 8 for evacuation
[2026-01-15T00:36:25.678+0530][58.071s][info][gc,phases   ] GC(310)   Pre Evacuate Collection Set: 0.2ms
[2026-01-15T00:36:25.678+0530][58.071s][info][gc,phases   ] GC(310)   Merge Heap Roots: 0.1ms
[2026-01-15T00:36:25.678+0530][58.071s][info][gc,phases   ] GC(310)   Evacuate Collection Set: 0.4ms
[2026-01-15T00:36:25.678+0530][58.071s][info][gc,phases   ] GC(310)   Post Evacuate Collection Set: 0.5ms
[2026-01-15T00:36:25.678+0530][58.071s][info][gc,phases   ] GC(310)   Other: 0.2ms
[2026-01-15T00:36:25.678+0530][58.071s][info][gc,heap     ] GC(310) Eden regions: 0->0(128)
[2026-01-15T00:36:25.678+0530][58.072s][info][gc,heap     ] GC(310) Survivor regions: 0->0(16)
[2026-01-15T00:36:25.678+0530][58.072s][info][gc,heap     ] GC(310) Old regions: 2->2
[2026-01-15T00:36:25.678+0530][58.072s][info][gc,heap     ] GC(310) Humongous regions: 228->108
[2026-01-15T00:36:25.678+0530][58.072s][info][gc,metaspace] GC(310) Metaspace: 761K(896K)->761K(896K) NonClass: 711K(768K)->711K(768K) Class: 50K(128K)->50K(128K)
[2026-01-15T00:36:25.679+0530][58.072s][info][gc          ] GC(310) Pause Young (Concurrent Start) (G1 Humongous Allocation) 229M->109M(512M) 1.902ms
[2026-01-15T00:36:25.679+0530][58.072s][info][gc,cpu      ] GC(310) User=0.00s Sys=0.00s Real=0.00s
[2026-01-15T00:36:25.679+0530][58.072s][info][gc          ] GC(311) Concurrent Undo Cycle
[2026-01-15T00:36:25.679+0530][58.072s][info][gc,marking  ] GC(311) Concurrent Clear Claimed Marks
[2026-01-15T00:36:25.679+0530][58.072s][info][gc,marking  ] GC(311) Concurrent Clear Claimed Marks 0.049ms
[2026-01-15T00:36:25.679+0530][58.072s][info][gc,marking  ] GC(311) Concurrent Cleanup for Next Mark
[2026-01-15T00:36:25.679+0530][58.072s][info][gc,marking  ] GC(311) Concurrent Cleanup for Next Mark 0.173ms
[2026-01-15T00:36:25.679+0530][58.072s][info][gc          ] GC(311) Concurrent Undo Cycle 0.481ms
[2026-01-15T00:36:26.050+0530][58.443s][info][gc,start    ] GC(312) Pause Young (Concurrent Start) (G1 Humongous Allocation)
[2026-01-15T00:36:26.050+0530][58.443s][info][gc,task     ] GC(312) Using 8 workers of 8 for evacuation
[2026-01-15T00:36:26.050+0530][58.446s][info][gc,phases   ] GC(312)   Pre Evacuate Collection Set: 0.7ms
[2026-01-15T00:36:26.050+0530][58.446s][info][gc,phases   ] GC(312)   Merge Heap Roots: 0.2ms
[2026-01-15T00:36:26.050+0530][58.446s][info][gc,phases   ] GC(312)   Evacuate Collection Set: 0.4ms
[2026-01-15T00:36:26.050+0530][58.446s][info][gc,phases   ] GC(312)   Post Evacuate Collection Set: 0.8ms
[2026-01-15T00:36:26.050+0530][58.446s][info][gc,phases   ] GC(312)   Other: 0.2ms
[2026-01-15T00:36:26.050+0530][58.446s][info][gc,heap     ] GC(312) Eden regions: 0->0(128)
[2026-01-15T00:36:26.050+0530][58.446s][info][gc,heap     ] GC(312) Survivor regions: 0->0(16)
[2026-01-15T00:36:26.050+0530][58.446s][info][gc,heap     ] GC(312) Old regions: 2->2
[2026-01-15T00:36:26.050+0530][58.446s][info][gc,heap     ] GC(312) Humongous regions: 228->108
[2026-01-15T00:36:26.050+0530][58.446s][info][gc,metaspace] GC(312) Metaspace: 761K(896K)->761K(896K) NonClass: 711K(768K)->711K(768K) Class: 50K(128K)->50K(128K)
[2026-01-15T00:36:26.050+0530][58.446s][info][gc          ] GC(312) Pause Young (Concurrent Start) (G1 Humongous Allocation) 229M->109M(512M) 3.161ms
[2026-01-15T00:36:26.050+0530][58.446s][info][gc,cpu      ] GC(312) User=0.00s Sys=0.00s Real=0.00s
[2026-01-15T00:36:26.050+0530][58.446s][info][gc          ] GC(313) Concurrent Undo Cycle
[2026-01-15T00:36:26.054+0530][58.447s][info][gc,marking  ] GC(313) Concurrent Clear Claimed Marks
[2026-01-15T00:36:26.054+0530][58.447s][info][gc,marking  ] GC(313) Concurrent Clear Claimed Marks 0.034ms
[2026-01-15T00:36:26.054+0530][58.447s][info][gc,marking  ] GC(313) Concurrent Cleanup for Next Mark
[2026-01-15T00:36:26.054+0530][58.447s][info][gc,marking  ] GC(313) Concurrent Cleanup for Next Mark 0.389ms
[2026-01-15T00:36:26.054+0530][58.447s][info][gc          ] GC(313) Concurrent Undo Cycle 0.904ms
[2026-01-15T00:36:26.423+0530][58.816s][info][gc,start    ] GC(314) Pause Young (Concurrent Start) (G1 Humongous Allocation)
[2026-01-15T00:36:26.423+0530][58.817s][info][gc,task     ] GC(314) Using 8 workers of 8 for evacuation
[2026-01-15T00:36:26.426+0530][58.818s][info][gc,phases   ] GC(314)   Pre Evacuate Collection Set: 0.2ms
[2026-01-15T00:36:26.426+0530][58.819s][info][gc,phases   ] GC(314)   Merge Heap Roots: 0.2ms
[2026-01-15T00:36:26.426+0530][58.819s][info][gc,phases   ] GC(314)   Evacuate Collection Set: 0.5ms
[2026-01-15T00:36:26.426+0530][58.819s][info][gc,phases   ] GC(314)   Post Evacuate Collection Set: 0.7ms
[2026-01-15T00:36:26.426+0530][58.819s][info][gc,phases   ] GC(314)   Other: 0.3ms
[2026-01-15T00:36:26.426+0530][58.819s][info][gc,heap     ] GC(314) Eden regions: 0->0(128)
[2026-01-15T00:36:26.426+0530][58.819s][info][gc,heap     ] GC(314) Survivor regions: 0->0(16)
[2026-01-15T00:36:26.426+0530][58.819s][info][gc,heap     ] GC(314) Old regions: 2->2
[2026-01-15T00:36:26.426+0530][58.819s][info][gc,heap     ] GC(314) Humongous regions: 228->108
[2026-01-15T00:36:26.426+0530][58.819s][info][gc,metaspace] GC(314) Metaspace: 761K(896K)->761K(896K) NonClass: 711K(768K)->711K(768K) Class: 50K(128K)->50K(128K)
[2026-01-15T00:36:26.426+0530][58.819s][info][gc          ] GC(314) Pause Young (Concurrent Start) (G1 Humongous Allocation) 229M->109M(512M) 2.380ms
[2026-01-15T00:36:26.426+0530][58.819s][info][gc,cpu      ] GC(314) User=0.00s Sys=0.00s Real=0.00s
[2026-01-15T00:36:26.426+0530][58.819s][info][gc          ] GC(315) Concurrent Undo Cycle
[2026-01-15T00:36:26.426+0530][58.819s][info][gc,marking  ] GC(315) Concurrent Clear Claimed Marks
[2026-01-15T00:36:26.426+0530][58.819s][info][gc,marking  ] GC(315) Concurrent Clear Claimed Marks 0.036ms
[2026-01-15T00:36:26.426+0530][58.819s][info][gc,marking  ] GC(315) Concurrent Cleanup for Next Mark
[2026-01-15T00:36:26.426+0530][58.819s][info][gc,marking  ] GC(315) Concurrent Cleanup for Next Mark 0.218ms
[2026-01-15T00:36:26.426+0530][58.819s][info][gc          ] GC(315) Concurrent Undo Cycle 0.485ms
[2026-01-15T00:36:26.794+0530][59.187s][info][gc,start    ] GC(316) Pause Young (Concurrent Start) (G1 Humongous Allocation)
[2026-01-15T00:36:26.794+0530][59.187s][info][gc,task     ] GC(316) Using 8 workers of 8 for evacuation
[2026-01-15T00:36:26.794+0530][59.189s][info][gc,phases   ] GC(316)   Pre Evacuate Collection Set: 0.3ms
[2026-01-15T00:36:26.794+0530][59.189s][info][gc,phases   ] GC(316)   Merge Heap Roots: 0.2ms
[2026-01-15T00:36:26.794+0530][59.189s][info][gc,phases   ] GC(316)   Evacuate Collection Set: 0.3ms
[2026-01-15T00:36:26.794+0530][59.189s][info][gc,phases   ] GC(316)   Post Evacuate Collection Set: 0.8ms
[2026-01-15T00:36:26.794+0530][59.189s][info][gc,phases   ] GC(316)   Other: 0.3ms
[2026-01-15T00:36:26.794+0530][59.189s][info][gc,heap     ] GC(316) Eden regions: 0->0(128)
[2026-01-15T00:36:26.794+0530][59.189s][info][gc,heap     ] GC(316) Survivor regions: 0->0(16)
[2026-01-15T00:36:26.794+0530][59.189s][info][gc,heap     ] GC(316) Old regions: 2->2
[2026-01-15T00:36:26.794+0530][59.189s][info][gc,heap     ] GC(316) Humongous regions: 228->108
[2026-01-15T00:36:26.794+0530][59.189s][info][gc,metaspace] GC(316) Metaspace: 761K(896K)->761K(896K) NonClass: 711K(768K)->711K(768K) Class: 50K(128K)->50K(128K)
[2026-01-15T00:36:26.794+0530][59.189s][info][gc          ] GC(316) Pause Young (Concurrent Start) (G1 Humongous Allocation) 229M->109M(512M) 2.460ms
[2026-01-15T00:36:26.794+0530][59.189s][info][gc,cpu      ] GC(316) User=0.03s Sys=0.00s Real=0.00s
[2026-01-15T00:36:26.794+0530][59.190s][info][gc          ] GC(317) Concurrent Undo Cycle
[2026-01-15T00:36:26.794+0530][59.190s][info][gc,marking  ] GC(317) Concurrent Clear Claimed Marks
[2026-01-15T00:36:26.794+0530][59.190s][info][gc,marking  ] GC(317) Concurrent Clear Claimed Marks 0.032ms
[2026-01-15T00:36:26.794+0530][59.190s][info][gc,marking  ] GC(317) Concurrent Cleanup for Next Mark
[2026-01-15T00:36:26.794+0530][59.190s][info][gc,marking  ] GC(317) Concurrent Cleanup for Next Mark 0.144ms
[2026-01-15T00:36:26.794+0530][59.190s][info][gc          ] GC(317) Concurrent Undo Cycle 0.448ms
[2026-01-15T00:36:27.174+0530][59.567s][info][gc,start    ] GC(318) Pause Young (Concurrent Start) (G1 Humongous Allocation)
[2026-01-15T00:36:27.174+0530][59.567s][info][gc,task     ] GC(318) Using 8 workers of 8 for evacuation
[2026-01-15T00:36:27.176+0530][59.569s][info][gc,phases   ] GC(318)   Pre Evacuate Collection Set: 0.3ms
[2026-01-15T00:36:27.176+0530][59.569s][info][gc,phases   ] GC(318)   Merge Heap Roots: 0.1ms
[2026-01-15T00:36:27.176+0530][59.569s][info][gc,phases   ] GC(318)   Evacuate Collection Set: 0.3ms
[2026-01-15T00:36:27.176+0530][59.569s][info][gc,phases   ] GC(318)   Post Evacuate Collection Set: 1.0ms
[2026-01-15T00:36:27.176+0530][59.569s][info][gc,phases   ] GC(318)   Other: 0.1ms
[2026-01-15T00:36:27.176+0530][59.569s][info][gc,heap     ] GC(318) Eden regions: 0->0(128)
[2026-01-15T00:36:27.176+0530][59.569s][info][gc,heap     ] GC(318) Survivor regions: 0->0(16)
[2026-01-15T00:36:27.176+0530][59.569s][info][gc,heap     ] GC(318) Old regions: 2->2
[2026-01-15T00:36:27.176+0530][59.569s][info][gc,heap     ] GC(318) Humongous regions: 228->108
[2026-01-15T00:36:27.176+0530][59.569s][info][gc,metaspace] GC(318) Metaspace: 761K(896K)->761K(896K) NonClass: 711K(768K)->711K(768K) Class: 50K(128K)->50K(128K)
[2026-01-15T00:36:27.176+0530][59.569s][info][gc          ] GC(318) Pause Young (Concurrent Start) (G1 Humongous Allocation) 229M->109M(512M) 2.368ms
[2026-01-15T00:36:27.176+0530][59.570s][info][gc,cpu      ] GC(318) User=0.00s Sys=0.00s Real=0.00s
[2026-01-15T00:36:27.176+0530][59.570s][info][gc          ] GC(319) Concurrent Undo Cycle
[2026-01-15T00:36:27.176+0530][59.570s][info][gc,marking  ] GC(319) Concurrent Clear Claimed Marks
[2026-01-15T00:36:27.176+0530][59.570s][info][gc,marking  ] GC(319) Concurrent Clear Claimed Marks 0.028ms
[2026-01-15T00:36:27.176+0530][59.570s][info][gc,marking  ] GC(319) Concurrent Cleanup for Next Mark
[2026-01-15T00:36:27.176+0530][59.570s][info][gc,marking  ] GC(319) Concurrent Cleanup for Next Mark 0.118ms
[2026-01-15T00:36:27.176+0530][59.570s][info][gc          ] GC(319) Concurrent Undo Cycle 0.405ms
[2026-01-15T00:36:27.538+0530][59.932s][info][gc,start    ] GC(320) Pause Young (Concurrent Start) (G1 Humongous Allocation)
[2026-01-15T00:36:27.538+0530][59.932s][info][gc,task     ] GC(320) Using 8 workers of 8 for evacuation
[2026-01-15T00:36:27.538+0530][59.933s][info][gc,phases   ] GC(320)   Pre Evacuate Collection Set: 0.2ms
[2026-01-15T00:36:27.538+0530][59.934s][info][gc,phases   ] GC(320)   Merge Heap Roots: 0.1ms
[2026-01-15T00:36:27.538+0530][59.934s][info][gc,phases   ] GC(320)   Evacuate Collection Set: 0.5ms
[2026-01-15T00:36:27.538+0530][59.934s][info][gc,phases   ] GC(320)   Post Evacuate Collection Set: 0.8ms
[2026-01-15T00:36:27.538+0530][59.934s][info][gc,phases   ] GC(320)   Other: 0.2ms
[2026-01-15T00:36:27.538+0530][59.934s][info][gc,heap     ] GC(320) Eden regions: 0->0(128)
[2026-01-15T00:36:27.538+0530][59.934s][info][gc,heap     ] GC(320) Survivor regions: 0->0(16)
[2026-01-15T00:36:27.538+0530][59.934s][info][gc,heap     ] GC(320) Old regions: 2->2
[2026-01-15T00:36:27.538+0530][59.934s][info][gc,heap     ] GC(320) Humongous regions: 228->108
[2026-01-15T00:36:27.538+0530][59.934s][info][gc,metaspace] GC(320) Metaspace: 761K(896K)->761K(896K) NonClass: 711K(768K)->711K(768K) Class: 50K(128K)->50K(128K)
[2026-01-15T00:36:27.538+0530][59.934s][info][gc          ] GC(320) Pause Young (Concurrent Start) (G1 Humongous Allocation) 229M->109M(512M) 2.304ms
[2026-01-15T00:36:27.538+0530][59.934s][info][gc,cpu      ] GC(320) User=0.00s Sys=0.00s Real=0.00s
[2026-01-15T00:36:27.538+0530][59.934s][info][gc          ] GC(321) Concurrent Undo Cycle
[2026-01-15T00:36:27.538+0530][59.934s][info][gc,marking  ] GC(321) Concurrent Clear Claimed Marks
[2026-01-15T00:36:27.538+0530][59.934s][info][gc,marking  ] GC(321) Concurrent Clear Claimed Marks 0.031ms
[2026-01-15T00:36:27.538+0530][59.934s][info][gc,marking  ] GC(321) Concurrent Cleanup for Next Mark
[2026-01-15T00:36:27.538+0530][59.934s][info][gc,marking  ] GC(321) Concurrent Cleanup for Next Mark 0.177ms
[2026-01-15T00:36:27.538+0530][59.934s][info][gc          ] GC(321) Concurrent Undo Cycle 0.467ms
[2026-01-15T00:36:27.724+0530][60.117s][info][gc,heap,exit] Heap
[2026-01-15T00:36:27.724+0530][60.117s][info][gc,heap,exit]  garbage-first heap   total 524288K, used 166582K [0x00000000e0000000, 0x0000000100000000)
[2026-01-15T00:36:27.724+0530][60.118s][info][gc,heap,exit]   region size 1024K, 1 young (1024K), 0 survivors (0K)
[2026-01-15T00:36:27.724+0530][60.118s][info][gc,heap,exit]  Metaspace       used 762K, committed 896K, reserved 1114112K
[2026-01-15T00:36:27.724+0530][60.118s][info][gc,heap,exit]   class space    used 50K, committed 128K, reserved 1048576K
