[2026-01-15T01:35:29.923+0530][0.009s][info][gc,init] Initializing The Z Garbage Collector
[2026-01-15T01:35:29.923+0530][0.009s][info][gc,init] Version: 21.0.9+7-LTS-jvmci-23.1-b79 (release)
[2026-01-15T01:35:29.923+0530][0.009s][info][gc,init] Using legacy single-generation mode
[2026-01-15T01:35:29.924+0530][0.009s][info][gc,init] NUMA Support: Disabled
[2026-01-15T01:35:29.924+0530][0.009s][info][gc,init] CPUs: 8 total, 8 available
[2026-01-15T01:35:29.924+0530][0.010s][info][gc,init] Memory: 16167M
[2026-01-15T01:35:29.924+0530][0.010s][info][gc,init] Large Page Support: Disabled
[2026-01-15T01:35:29.924+0530][0.010s][info][gc,init] GC Workers: 2 (dynamic)
[2026-01-15T01:35:29.925+0530][0.011s][info][gc,init] Address Space Type: Contiguous/Unrestricted/Complete
[2026-01-15T01:35:29.925+0530][0.011s][info][gc,init] Address Space Size: 8192M x 3 = 24576M
[2026-01-15T01:35:29.925+0530][0.011s][info][gc,init] Min Capacity: 512M
[2026-01-15T01:35:29.925+0530][0.011s][info][gc,init] Initial Capacity: 512M
[2026-01-15T01:35:29.925+0530][0.011s][info][gc,init] Max Capacity: 512M
[2026-01-15T01:35:29.925+0530][0.011s][info][gc,init] Medium Page Size: 16M
[2026-01-15T01:35:29.925+0530][0.011s][info][gc,init] Pre-touch: Disabled
[2026-01-15T01:35:29.925+0530][0.011s][info][gc,init] Uncommit: Implicitly Disabled (-Xms equals -Xmx)
[2026-01-15T01:35:29.939+0530][0.024s][info][gc,init] Runtime Workers: 5
[2026-01-15T01:35:29.940+0530][0.026s][info][gc     ] Using The Z Garbage Collector
[2026-01-15T01:35:29.940+0530][0.026s][info][gc,metaspace] CDS archive(s) not mapped
[2026-01-15T01:35:29.940+0530][0.026s][info][gc,metaspace] Compressed class space mapped at: 0x0000000080000000-0x00000000c0000000, reserved size: 1073741824
[2026-01-15T01:35:29.940+0530][0.026s][info][gc,metaspace] Narrow klass base: 0x0000000000000000, Narrow klass shift: 0, Narrow klass range: 0xc0000000
[2026-01-15T01:35:30.334+0530][0.419s][info][gc,start    ] GC(0) Garbage Collection (Warmup)
[2026-01-15T01:35:30.334+0530][0.419s][info][gc,task     ] GC(0) Using 2 workers
[2026-01-15T01:35:30.334+0530][0.420s][info][gc,phases   ] GC(0) Pause Mark Start 0.007ms
[2026-01-15T01:35:30.350+0530][0.435s][info][gc,phases   ] GC(0) Concurrent Mark 15.438ms
[2026-01-15T01:35:30.350+0530][0.435s][info][gc,phases   ] GC(0) Pause Mark End 0.020ms
[2026-01-15T01:35:30.350+0530][0.435s][info][gc,phases   ] GC(0) Concurrent Mark Free 0.001ms
[2026-01-15T01:35:30.350+0530][0.436s][info][gc,phases   ] GC(0) Concurrent Process Non-Strong References 0.602ms
[2026-01-15T01:35:30.350+0530][0.436s][info][gc,phases   ] GC(0) Concurrent Reset Relocation Set 0.000ms
[2026-01-15T01:35:30.359+0530][0.444s][info][gc,phases   ] GC(0) Concurrent Select Relocation Set 8.189ms
[2026-01-15T01:35:30.359+0530][0.444s][info][gc,phases   ] GC(0) Pause Relocate Start 0.007ms
[2026-01-15T01:35:30.360+0530][0.446s][info][gc,phases   ] GC(0) Concurrent Relocate 1.130ms
[2026-01-15T01:35:30.360+0530][0.446s][info][gc,load     ] GC(0) Load: 0.00/0.00/0.00
[2026-01-15T01:35:30.360+0530][0.446s][info][gc,mmu      ] GC(0) MMU: 2ms/99.0%, 5ms/99.6%, 10ms/99.7%, 20ms/99.9%, 50ms/99.9%, 100ms/100.0%
[2026-01-15T01:35:30.360+0530][0.446s][info][gc,marking  ] GC(0) Mark: 2 stripe(s), 2 proactive flush(es), 1 terminate flush(es), 0 completion(s), 0 continuation(s) 
[2026-01-15T01:35:30.360+0530][0.446s][info][gc,marking  ] GC(0) Mark Stack Usage: 32M
[2026-01-15T01:35:30.360+0530][0.446s][info][gc,nmethod  ] GC(0) NMethods: 204 registered, 4 unregistered
[2026-01-15T01:35:30.360+0530][0.446s][info][gc,metaspace] GC(0) Metaspace: 5M used, 6M committed, 1088M reserved
[2026-01-15T01:35:30.360+0530][0.446s][info][gc,ref      ] GC(0) Soft: 31 encountered, 0 discovered, 0 enqueued
[2026-01-15T01:35:30.360+0530][0.446s][info][gc,ref      ] GC(0) Weak: 121 encountered, 81 discovered, 30 enqueued
[2026-01-15T01:35:30.360+0530][0.446s][info][gc,ref      ] GC(0) Final: 0 encountered, 0 discovered, 0 enqueued
[2026-01-15T01:35:30.360+0530][0.446s][info][gc,ref      ] GC(0) Phantom: 1 encountered, 1 discovered, 0 enqueued
[2026-01-15T01:35:30.360+0530][0.446s][info][gc,reloc    ] GC(0) Small Pages: 5 / 10M, Empty: 2M, Relocated: 1M, In-Place: 0
[2026-01-15T01:35:30.360+0530][0.446s][info][gc,reloc    ] GC(0) Medium Pages: 3 / 48M, Empty: 0M, Relocated: 0M, In-Place: 0
[2026-01-15T01:35:30.360+0530][0.446s][info][gc,reloc    ] GC(0) Large Pages: 0 / 0M, Empty: 0M, Relocated: 0M, In-Place: 0
[2026-01-15T01:35:30.360+0530][0.446s][info][gc,reloc    ] GC(0) Forwarding Usage: 0M
[2026-01-15T01:35:30.360+0530][0.446s][info][gc,heap     ] GC(0) Min Capacity: 512M(100%)
[2026-01-15T01:35:30.360+0530][0.446s][info][gc,heap     ] GC(0) Max Capacity: 512M(100%)
[2026-01-15T01:35:30.360+0530][0.446s][info][gc,heap     ] GC(0) Soft Max Capacity: 512M(100%)
[2026-01-15T01:35:30.360+0530][0.446s][info][gc,heap     ] GC(0)                Mark Start          Mark End        Relocate Start      Relocate End           High               Low         
[2026-01-15T01:35:30.360+0530][0.446s][info][gc,heap     ] GC(0)  Capacity:      512M (100%)        512M (100%)        512M (100%)        512M (100%)        512M (100%)        512M (100%)   
[2026-01-15T01:35:30.360+0530][0.446s][info][gc,heap     ] GC(0)      Free:      454M (89%)         436M (85%)         438M (86%)         442M (86%)         454M (89%)         436M (85%)    
[2026-01-15T01:35:30.360+0530][0.446s][info][gc,heap     ] GC(0)      Used:       58M (11%)          76M (15%)          74M (14%)          70M (14%)          76M (15%)          58M (11%)    
[2026-01-15T01:35:30.360+0530][0.446s][info][gc,heap     ] GC(0)      Live:         -                32M (6%)           32M (6%)           32M (6%)             -                  -          
[2026-01-15T01:35:30.360+0530][0.446s][info][gc,heap     ] GC(0) Allocated:         -                18M (4%)           18M (4%)           18M (4%)             -                  -          
[2026-01-15T01:35:30.360+0530][0.446s][info][gc,heap     ] GC(0)   Garbage:         -                25M (5%)           23M (5%)           19M (4%)             -                  -          
[2026-01-15T01:35:30.360+0530][0.446s][info][gc,heap     ] GC(0) Reclaimed:         -                  -                 2M (0%)            6M (1%)             -                  -          
[2026-01-15T01:35:30.360+0530][0.446s][info][gc          ] GC(0) Garbage Collection (Warmup) 58M(11%)->70M(14%)
[2026-01-15T01:35:30.632+0530][0.718s][info][gc,start    ] GC(1) Garbage Collection (Warmup)
[2026-01-15T01:35:30.632+0530][0.718s][info][gc,task     ] GC(1) Using 2 workers
[2026-01-15T01:35:30.632+0530][0.718s][info][gc,phases   ] GC(1) Pause Mark Start 0.015ms
[2026-01-15T01:35:30.648+0530][0.734s][info][gc,phases   ] GC(1) Concurrent Mark 15.517ms
[2026-01-15T01:35:30.648+0530][0.734s][info][gc,phases   ] GC(1) Pause Mark End 0.014ms
[2026-01-15T01:35:30.648+0530][0.734s][info][gc,phases   ] GC(1) Concurrent Mark Free 0.001ms
[2026-01-15T01:35:30.648+0530][0.734s][info][gc,phases   ] GC(1) Concurrent Process Non-Strong References 0.396ms
[2026-01-15T01:35:30.648+0530][0.734s][info][gc,phases   ] GC(1) Concurrent Reset Relocation Set 0.001ms
[2026-01-15T01:35:30.650+0530][0.736s][info][gc,phases   ] GC(1) Concurrent Select Relocation Set 1.711ms
[2026-01-15T01:35:30.650+0530][0.736s][info][gc,phases   ] GC(1) Pause Relocate Start 0.009ms
[2026-01-15T01:35:30.653+0530][0.738s][info][gc,phases   ] GC(1) Concurrent Relocate 2.099ms
[2026-01-15T01:35:30.653+0530][0.738s][info][gc,load     ] GC(1) Load: 0.00/0.00/0.00
[2026-01-15T01:35:30.653+0530][0.738s][info][gc,mmu      ] GC(1) MMU: 2ms/99.0%, 5ms/99.6%, 10ms/99.7%, 20ms/99.8%, 50ms/99.9%, 100ms/100.0%
[2026-01-15T01:35:30.653+0530][0.738s][info][gc,marking  ] GC(1) Mark: 2 stripe(s), 1 proactive flush(es), 1 terminate flush(es), 0 completion(s), 0 continuation(s) 
[2026-01-15T01:35:30.653+0530][0.738s][info][gc,marking  ] GC(1) Mark Stack Usage: 32M
[2026-01-15T01:35:30.653+0530][0.738s][info][gc,nmethod  ] GC(1) NMethods: 204 registered, 4 unregistered
[2026-01-15T01:35:30.653+0530][0.739s][info][gc,metaspace] GC(1) Metaspace: 5M used, 6M committed, 1088M reserved
[2026-01-15T01:35:30.653+0530][0.739s][info][gc,ref      ] GC(1) Soft: 31 encountered, 0 discovered, 0 enqueued
[2026-01-15T01:35:30.653+0530][0.739s][info][gc,ref      ] GC(1) Weak: 91 encountered, 36 discovered, 0 enqueued
[2026-01-15T01:35:30.653+0530][0.739s][info][gc,ref      ] GC(1) Final: 0 encountered, 0 discovered, 0 enqueued
[2026-01-15T01:35:30.653+0530][0.739s][info][gc,ref      ] GC(1) Phantom: 1 encountered, 1 discovered, 0 enqueued
[2026-01-15T01:35:30.653+0530][0.739s][info][gc,reloc    ] GC(1) Small Pages: 3 / 6M, Empty: 0M, Relocated: 1M, In-Place: 0
[2026-01-15T01:35:30.653+0530][0.739s][info][gc,reloc    ] GC(1) Medium Pages: 7 / 112M, Empty: 64M, Relocated: 5M, In-Place: 0
[2026-01-15T01:35:30.653+0530][0.739s][info][gc,reloc    ] GC(1) Large Pages: 0 / 0M, Empty: 0M, Relocated: 0M, In-Place: 0
[2026-01-15T01:35:30.653+0530][0.739s][info][gc,reloc    ] GC(1) Forwarding Usage: 0M
[2026-01-15T01:35:30.653+0530][0.739s][info][gc,heap     ] GC(1) Min Capacity: 512M(100%)
[2026-01-15T01:35:30.653+0530][0.739s][info][gc,heap     ] GC(1) Max Capacity: 512M(100%)
[2026-01-15T01:35:30.653+0530][0.739s][info][gc,heap     ] GC(1) Soft Max Capacity: 512M(100%)
[2026-01-15T01:35:30.653+0530][0.739s][info][gc,heap     ] GC(1)                Mark Start          Mark End        Relocate Start      Relocate End           High               Low         
[2026-01-15T01:35:30.653+0530][0.739s][info][gc,heap     ] GC(1)  Capacity:      512M (100%)        512M (100%)        512M (100%)        512M (100%)        512M (100%)        512M (100%)   
[2026-01-15T01:35:30.653+0530][0.739s][info][gc,heap     ] GC(1)      Free:      394M (77%)         394M (77%)         442M (86%)         460M (90%)         460M (90%)         378M (74%)    
[2026-01-15T01:35:30.653+0530][0.739s][info][gc,heap     ] GC(1)      Used:      118M (23%)         118M (23%)          70M (14%)          52M (10%)         134M (26%)          52M (10%)    
[2026-01-15T01:35:30.653+0530][0.739s][info][gc,heap     ] GC(1)      Live:         -                21M (4%)           21M (4%)           21M (4%)             -                  -          
[2026-01-15T01:35:30.653+0530][0.739s][info][gc,heap     ] GC(1) Allocated:         -                 0M (0%)           16M (3%)           17M (4%)             -                  -          
[2026-01-15T01:35:30.653+0530][0.739s][info][gc,heap     ] GC(1)   Garbage:         -                96M (19%)          32M (6%)           12M (3%)             -                  -          
[2026-01-15T01:35:30.653+0530][0.739s][info][gc,heap     ] GC(1) Reclaimed:         -                  -                64M (12%)          83M (16%)            -                  -          
[2026-01-15T01:35:30.653+0530][0.739s][info][gc          ] GC(1) Garbage Collection (Warmup) 118M(23%)->52M(10%)
[2026-01-15T01:35:31.334+0530][1.420s][info][gc,start    ] GC(2) Garbage Collection (Warmup)
[2026-01-15T01:35:31.334+0530][1.420s][info][gc,task     ] GC(2) Using 2 workers
[2026-01-15T01:35:31.334+0530][1.420s][info][gc,phases   ] GC(2) Pause Mark Start 0.014ms
[2026-01-15T01:35:31.350+0530][1.435s][info][gc,phases   ] GC(2) Concurrent Mark 14.535ms
[2026-01-15T01:35:31.350+0530][1.435s][info][gc,phases   ] GC(2) Pause Mark End 0.013ms
[2026-01-15T01:35:31.350+0530][1.435s][info][gc,phases   ] GC(2) Concurrent Mark Free 0.001ms
[2026-01-15T01:35:31.350+0530][1.436s][info][gc,phases   ] GC(2) Concurrent Process Non-Strong References 0.588ms
[2026-01-15T01:35:31.350+0530][1.436s][info][gc,phases   ] GC(2) Concurrent Reset Relocation Set 0.001ms
[2026-01-15T01:35:31.352+0530][1.438s][info][gc,phases   ] GC(2) Concurrent Select Relocation Set 1.824ms
[2026-01-15T01:35:31.352+0530][1.438s][info][gc,phases   ] GC(2) Pause Relocate Start 0.006ms
[2026-01-15T01:35:31.355+0530][1.441s][info][gc,phases   ] GC(2) Concurrent Relocate 3.117ms
[2026-01-15T01:35:31.355+0530][1.441s][info][gc,load     ] GC(2) Load: 0.00/0.00/0.00
[2026-01-15T01:35:31.355+0530][1.441s][info][gc,mmu      ] GC(2) MMU: 2ms/99.0%, 5ms/99.6%, 10ms/99.7%, 20ms/99.8%, 50ms/99.9%, 100ms/100.0%
[2026-01-15T01:35:31.355+0530][1.441s][info][gc,marking  ] GC(2) Mark: 2 stripe(s), 2 proactive flush(es), 1 terminate flush(es), 0 completion(s), 0 continuation(s) 
[2026-01-15T01:35:31.355+0530][1.441s][info][gc,marking  ] GC(2) Mark Stack Usage: 32M
[2026-01-15T01:35:31.355+0530][1.441s][info][gc,nmethod  ] GC(2) NMethods: 206 registered, 4 unregistered
[2026-01-15T01:35:31.355+0530][1.441s][info][gc,metaspace] GC(2) Metaspace: 5M used, 6M committed, 1088M reserved
[2026-01-15T01:35:31.355+0530][1.441s][info][gc,ref      ] GC(2) Soft: 31 encountered, 0 discovered, 0 enqueued
[2026-01-15T01:35:31.355+0530][1.441s][info][gc,ref      ] GC(2) Weak: 91 encountered, 0 discovered, 0 enqueued
[2026-01-15T01:35:31.355+0530][1.441s][info][gc,ref      ] GC(2) Final: 0 encountered, 0 discovered, 0 enqueued
[2026-01-15T01:35:31.355+0530][1.441s][info][gc,ref      ] GC(2) Phantom: 1 encountered, 0 discovered, 0 enqueued
[2026-01-15T01:35:31.355+0530][1.441s][info][gc,reloc    ] GC(2) Small Pages: 2 / 4M, Empty: 0M, Relocated: 1M, In-Place: 0
[2026-01-15T01:35:31.355+0530][1.441s][info][gc,reloc    ] GC(2) Medium Pages: 10 / 160M, Empty: 128M, Relocated: 11M, In-Place: 0
[2026-01-15T01:35:31.355+0530][1.441s][info][gc,reloc    ] GC(2) Large Pages: 0 / 0M, Empty: 0M, Relocated: 0M, In-Place: 0
[2026-01-15T01:35:31.355+0530][1.441s][info][gc,reloc    ] GC(2) Forwarding Usage: 0M
[2026-01-15T01:35:31.355+0530][1.441s][info][gc,heap     ] GC(2) Min Capacity: 512M(100%)
[2026-01-15T01:35:31.355+0530][1.441s][info][gc,heap     ] GC(2) Max Capacity: 512M(100%)
[2026-01-15T01:35:31.355+0530][1.441s][info][gc,heap     ] GC(2) Soft Max Capacity: 512M(100%)
[2026-01-15T01:35:31.355+0530][1.441s][info][gc,heap     ] GC(2)                Mark Start          Mark End        Relocate Start      Relocate End           High               Low         
[2026-01-15T01:35:31.355+0530][1.441s][info][gc,heap     ] GC(2)  Capacity:      512M (100%)        512M (100%)        512M (100%)        512M (100%)        512M (100%)        512M (100%)   
[2026-01-15T01:35:31.355+0530][1.441s][info][gc,heap     ] GC(2)      Free:      348M (68%)         332M (65%)         460M (90%)         478M (93%)         478M (93%)         332M (65%)    
[2026-01-15T01:35:31.355+0530][1.441s][info][gc,heap     ] GC(2)      Used:      164M (32%)         180M (35%)          52M (10%)          34M (7%)          180M (35%)          34M (7%)     
[2026-01-15T01:35:31.355+0530][1.441s][info][gc,heap     ] GC(2)      Live:         -                12M (2%)           12M (2%)           12M (2%)             -                  -          
[2026-01-15T01:35:31.355+0530][1.441s][info][gc,heap     ] GC(2) Allocated:         -                16M (3%)           16M (3%)           16M (3%)             -                  -          
[2026-01-15T01:35:31.355+0530][1.441s][info][gc,heap     ] GC(2)   Garbage:         -               151M (30%)          23M (5%)            5M (1%)             -                  -          
[2026-01-15T01:35:31.355+0530][1.441s][info][gc,heap     ] GC(2) Reclaimed:         -                  -               128M (25%)         146M (29%)            -                  -          
[2026-01-15T01:35:31.355+0530][1.441s][info][gc          ] GC(2) Garbage Collection (Warmup) 164M(32%)->34M(7%)
[2026-01-15T01:35:32.737+0530][2.822s][info][gc,start    ] GC(3) Garbage Collection (Proactive)
[2026-01-15T01:35:32.737+0530][2.823s][info][gc,task     ] GC(3) Using 2 workers
[2026-01-15T01:35:32.737+0530][2.823s][info][gc,phases   ] GC(3) Pause Mark Start 0.008ms
[2026-01-15T01:35:32.753+0530][2.838s][info][gc,phases   ] GC(3) Concurrent Mark 15.376ms
[2026-01-15T01:35:32.753+0530][2.838s][info][gc,phases   ] GC(3) Pause Mark End 0.025ms
[2026-01-15T01:35:32.753+0530][2.839s][info][gc,phases   ] GC(3) Concurrent Mark Free 0.002ms
[2026-01-15T01:35:32.754+0530][2.840s][info][gc,phases   ] GC(3) Concurrent Process Non-Strong References 0.978ms
[2026-01-15T01:35:32.754+0530][2.840s][info][gc,phases   ] GC(3) Concurrent Reset Relocation Set 0.002ms
[2026-01-15T01:35:32.758+0530][2.843s][info][gc,phases   ] GC(3) Concurrent Select Relocation Set 3.091ms
[2026-01-15T01:35:32.758+0530][2.843s][info][gc,phases   ] GC(3) Pause Relocate Start 0.009ms
[2026-01-15T01:35:32.758+0530][2.843s][info][gc,phases   ] GC(3) Concurrent Relocate 0.117ms
[2026-01-15T01:35:32.758+0530][2.843s][info][gc,load     ] GC(3) Load: 0.00/0.00/0.00
[2026-01-15T01:35:32.758+0530][2.843s][info][gc,mmu      ] GC(3) MMU: 2ms/98.7%, 5ms/99.3%, 10ms/99.7%, 20ms/99.8%, 50ms/99.9%, 100ms/100.0%
[2026-01-15T01:35:32.758+0530][2.843s][info][gc,marking  ] GC(3) Mark: 2 stripe(s), 1 proactive flush(es), 1 terminate flush(es), 0 completion(s), 0 continuation(s) 
[2026-01-15T01:35:32.758+0530][2.843s][info][gc,marking  ] GC(3) Mark Stack Usage: 32M
[2026-01-15T01:35:32.758+0530][2.843s][info][gc,nmethod  ] GC(3) NMethods: 206 registered, 4 unregistered
[2026-01-15T01:35:32.758+0530][2.843s][info][gc,metaspace] GC(3) Metaspace: 5M used, 6M committed, 1088M reserved
[2026-01-15T01:35:32.758+0530][2.843s][info][gc,ref      ] GC(3) Soft: 31 encountered, 0 discovered, 0 enqueued
[2026-01-15T01:35:32.758+0530][2.843s][info][gc,ref      ] GC(3) Weak: 91 encountered, 1 discovered, 0 enqueued
[2026-01-15T01:35:32.758+0530][2.843s][info][gc,ref      ] GC(3) Final: 0 encountered, 0 discovered, 0 enqueued
[2026-01-15T01:35:32.758+0530][2.843s][info][gc,ref      ] GC(3) Phantom: 1 encountered, 0 discovered, 0 enqueued
[2026-01-15T01:35:32.758+0530][2.843s][info][gc,reloc    ] GC(3) Small Pages: 1 / 2M, Empty: 0M, Relocated: 0M, In-Place: 0
[2026-01-15T01:35:32.758+0530][2.843s][info][gc,reloc    ] GC(3) Medium Pages: 17 / 272M, Empty: 272M, Relocated: 0M, In-Place: 0
[2026-01-15T01:35:32.758+0530][2.843s][info][gc,reloc    ] GC(3) Large Pages: 0 / 0M, Empty: 0M, Relocated: 0M, In-Place: 0
[2026-01-15T01:35:32.758+0530][2.843s][info][gc,reloc    ] GC(3) Forwarding Usage: 0M
[2026-01-15T01:35:32.758+0530][2.843s][info][gc,heap     ] GC(3) Min Capacity: 512M(100%)
[2026-01-15T01:35:32.758+0530][2.843s][info][gc,heap     ] GC(3) Max Capacity: 512M(100%)
[2026-01-15T01:35:32.758+0530][2.843s][info][gc,heap     ] GC(3) Soft Max Capacity: 512M(100%)
[2026-01-15T01:35:32.758+0530][2.843s][info][gc,heap     ] GC(3)                Mark Start          Mark End        Relocate Start      Relocate End           High               Low         
[2026-01-15T01:35:32.758+0530][2.844s][info][gc,heap     ] GC(3)  Capacity:      512M (100%)        512M (100%)        512M (100%)        512M (100%)        512M (100%)        512M (100%)   
[2026-01-15T01:35:32.758+0530][2.844s][info][gc,heap     ] GC(3)      Free:      238M (46%)         238M (46%)         510M (100%)        510M (100%)        510M (100%)        238M (46%)    
[2026-01-15T01:35:32.758+0530][2.844s][info][gc,heap     ] GC(3)      Used:      274M (54%)         274M (54%)           2M (0%)            2M (0%)          274M (54%)           2M (0%)     
[2026-01-15T01:35:32.758+0530][2.844s][info][gc,heap     ] GC(3)      Live:         -                 1M (0%)            1M (0%)            1M (0%)             -                  -          
[2026-01-15T01:35:32.758+0530][2.844s][info][gc,heap     ] GC(3) Allocated:         -                 0M (0%)            0M (0%)            0M (0%)             -                  -          
[2026-01-15T01:35:32.758+0530][2.844s][info][gc,heap     ] GC(3)   Garbage:         -               272M (53%)           0M (0%)            0M (0%)             -                  -          
[2026-01-15T01:35:32.758+0530][2.844s][info][gc,heap     ] GC(3) Reclaimed:         -                  -               272M (53%)         272M (53%)            -                  -          
[2026-01-15T01:35:32.758+0530][2.844s][info][gc          ] GC(3) Garbage Collection (Proactive) 274M(54%)->2M(0%)
[2026-01-15T01:35:34.138+0530][4.224s][info][gc,start    ] GC(4) Garbage Collection (Proactive)
[2026-01-15T01:35:34.138+0530][4.224s][info][gc,task     ] GC(4) Using 2 workers
[2026-01-15T01:35:34.138+0530][4.224s][info][gc,phases   ] GC(4) Pause Mark Start 0.023ms
[2026-01-15T01:35:34.153+0530][4.239s][info][gc,phases   ] GC(4) Concurrent Mark 14.542ms
[2026-01-15T01:35:34.153+0530][4.239s][info][gc,phases   ] GC(4) Pause Mark End 0.013ms
[2026-01-15T01:35:34.153+0530][4.239s][info][gc,phases   ] GC(4) Concurrent Mark Free 0.001ms
[2026-01-15T01:35:34.153+0530][4.239s][info][gc,phases   ] GC(4) Concurrent Process Non-Strong References 0.284ms
[2026-01-15T01:35:34.153+0530][4.239s][info][gc,phases   ] GC(4) Concurrent Reset Relocation Set 0.000ms
[2026-01-15T01:35:34.154+0530][4.240s][info][gc,phases   ] GC(4) Concurrent Select Relocation Set 1.160ms
[2026-01-15T01:35:34.154+0530][4.240s][info][gc,phases   ] GC(4) Pause Relocate Start 0.004ms
[2026-01-15T01:35:34.154+0530][4.240s][info][gc,phases   ] GC(4) Concurrent Relocate 0.067ms
[2026-01-15T01:35:34.154+0530][4.240s][info][gc,load     ] GC(4) Load: 0.00/0.00/0.00
[2026-01-15T01:35:34.154+0530][4.240s][info][gc,mmu      ] GC(4) MMU: 2ms/98.7%, 5ms/99.3%, 10ms/99.7%, 20ms/99.8%, 50ms/99.9%, 100ms/100.0%
[2026-01-15T01:35:34.154+0530][4.240s][info][gc,marking  ] GC(4) Mark: 2 stripe(s), 2 proactive flush(es), 1 terminate flush(es), 0 completion(s), 0 continuation(s) 
[2026-01-15T01:35:34.154+0530][4.240s][info][gc,marking  ] GC(4) Mark Stack Usage: 32M
[2026-01-15T01:35:34.154+0530][4.240s][info][gc,nmethod  ] GC(4) NMethods: 206 registered, 4 unregistered
[2026-01-15T01:35:34.154+0530][4.240s][info][gc,metaspace] GC(4) Metaspace: 5M used, 6M committed, 1088M reserved
[2026-01-15T01:35:34.154+0530][4.240s][info][gc,ref      ] GC(4) Soft: 31 encountered, 0 discovered, 0 enqueued
[2026-01-15T01:35:34.154+0530][4.240s][info][gc,ref      ] GC(4) Weak: 91 encountered, 1 discovered, 0 enqueued
[2026-01-15T01:35:34.154+0530][4.240s][info][gc,ref      ] GC(4) Final: 0 encountered, 0 discovered, 0 enqueued
[2026-01-15T01:35:34.154+0530][4.240s][info][gc,ref      ] GC(4) Phantom: 1 encountered, 1 discovered, 0 enqueued
[2026-01-15T01:35:34.154+0530][4.240s][info][gc,reloc    ] GC(4) Small Pages: 1 / 2M, Empty: 0M, Relocated: 0M, In-Place: 0
[2026-01-15T01:35:34.154+0530][4.240s][info][gc,reloc    ] GC(4) Medium Pages: 15 / 240M, Empty: 192M, Relocated: 0M, In-Place: 0
[2026-01-15T01:35:34.154+0530][4.240s][info][gc,reloc    ] GC(4) Large Pages: 0 / 0M, Empty: 0M, Relocated: 0M, In-Place: 0
[2026-01-15T01:35:34.154+0530][4.240s][info][gc,reloc    ] GC(4) Forwarding Usage: 0M
[2026-01-15T01:35:34.154+0530][4.241s][info][gc,heap     ] GC(4) Min Capacity: 512M(100%)
[2026-01-15T01:35:34.154+0530][4.241s][info][gc,heap     ] GC(4) Max Capacity: 512M(100%)
[2026-01-15T01:35:34.155+0530][4.241s][info][gc,heap     ] GC(4) Soft Max Capacity: 512M(100%)
[2026-01-15T01:35:34.155+0530][4.241s][info][gc,heap     ] GC(4)                Mark Start          Mark End        Relocate Start      Relocate End           High               Low         
[2026-01-15T01:35:34.155+0530][4.241s][info][gc,heap     ] GC(4)  Capacity:      512M (100%)        512M (100%)        512M (100%)        512M (100%)        512M (100%)        512M (100%)   
[2026-01-15T01:35:34.155+0530][4.241s][info][gc,heap     ] GC(4)      Free:      270M (53%)         254M (50%)         446M (87%)         446M (87%)         446M (87%)         254M (50%)    
[2026-01-15T01:35:34.155+0530][4.241s][info][gc,heap     ] GC(4)      Used:      242M (47%)         258M (50%)          66M (13%)          66M (13%)         258M (50%)          66M (13%)    
[2026-01-15T01:35:34.155+0530][4.241s][info][gc,heap     ] GC(4)      Live:         -                46M (9%)           46M (9%)           46M (9%)             -                  -          
[2026-01-15T01:35:34.155+0530][4.241s][info][gc,heap     ] GC(4) Allocated:         -                16M (3%)           16M (3%)           16M (3%)             -                  -          
[2026-01-15T01:35:34.155+0530][4.241s][info][gc,heap     ] GC(4)   Garbage:         -               195M (38%)           3M (1%)            3M (1%)             -                  -          
[2026-01-15T01:35:34.155+0530][4.241s][info][gc,heap     ] GC(4) Reclaimed:         -                  -               192M (38%)         192M (38%)            -                  -          
[2026-01-15T01:35:34.155+0530][4.241s][info][gc          ] GC(4) Garbage Collection (Proactive) 242M(47%)->66M(13%)
[2026-01-15T01:35:35.432+0530][5.517s][info][gc,start    ] GC(5) Garbage Collection (Proactive)
[2026-01-15T01:35:35.432+0530][5.517s][info][gc,task     ] GC(5) Using 2 workers
[2026-01-15T01:35:35.432+0530][5.517s][info][gc,phases   ] GC(5) Pause Mark Start 0.022ms
[2026-01-15T01:35:35.446+0530][5.532s][info][gc,phases   ] GC(5) Concurrent Mark 14.285ms
[2026-01-15T01:35:35.446+0530][5.532s][info][gc,phases   ] GC(5) Pause Mark End 0.017ms
[2026-01-15T01:35:35.446+0530][5.532s][info][gc,phases   ] GC(5) Concurrent Mark Free 0.001ms
[2026-01-15T01:35:35.446+0530][5.532s][info][gc,phases   ] GC(5) Concurrent Process Non-Strong References 0.382ms
[2026-01-15T01:35:35.446+0530][5.532s][info][gc,phases   ] GC(5) Concurrent Reset Relocation Set 0.001ms
[2026-01-15T01:35:35.446+0530][5.536s][info][gc,phases   ] GC(5) Concurrent Select Relocation Set 3.748ms
[2026-01-15T01:35:35.446+0530][5.536s][info][gc,phases   ] GC(5) Pause Relocate Start 0.010ms
[2026-01-15T01:35:35.446+0530][5.536s][info][gc,phases   ] GC(5) Concurrent Relocate 0.027ms
[2026-01-15T01:35:35.446+0530][5.536s][info][gc,load     ] GC(5) Load: 0.00/0.00/0.00
[2026-01-15T01:35:35.446+0530][5.536s][info][gc,mmu      ] GC(5) MMU: 2ms/98.7%, 5ms/99.3%, 10ms/99.7%, 20ms/99.8%, 50ms/99.9%, 100ms/100.0%
[2026-01-15T01:35:35.446+0530][5.536s][info][gc,marking  ] GC(5) Mark: 2 stripe(s), 1 proactive flush(es), 1 terminate flush(es), 0 completion(s), 0 continuation(s) 
[2026-01-15T01:35:35.446+0530][5.536s][info][gc,marking  ] GC(5) Mark Stack Usage: 32M
[2026-01-15T01:35:35.446+0530][5.536s][info][gc,nmethod  ] GC(5) NMethods: 206 registered, 4 unregistered
[2026-01-15T01:35:35.446+0530][5.536s][info][gc,metaspace] GC(5) Metaspace: 5M used, 6M committed, 1088M reserved
[2026-01-15T01:35:35.446+0530][5.536s][info][gc,ref      ] GC(5) Soft: 31 encountered, 0 discovered, 0 enqueued
[2026-01-15T01:35:35.446+0530][5.536s][info][gc,ref      ] GC(5) Weak: 91 encountered, 0 discovered, 0 enqueued
[2026-01-15T01:35:35.446+0530][5.536s][info][gc,ref      ] GC(5) Final: 0 encountered, 0 discovered, 0 enqueued
[2026-01-15T01:35:35.446+0530][5.536s][info][gc,ref      ] GC(5) Phantom: 1 encountered, 0 discovered, 0 enqueued
[2026-01-15T01:35:35.446+0530][5.536s][info][gc,reloc    ] GC(5) Small Pages: 1 / 2M, Empty: 0M, Relocated: 0M, In-Place: 0
[2026-01-15T01:35:35.446+0530][5.536s][info][gc,reloc    ] GC(5) Medium Pages: 17 / 272M, Empty: 256M, Relocated: 0M, In-Place: 0
[2026-01-15T01:35:35.446+0530][5.536s][info][gc,reloc    ] GC(5) Large Pages: 0 / 0M, Empty: 0M, Relocated: 0M, In-Place: 0
[2026-01-15T01:35:35.446+0530][5.536s][info][gc,reloc    ] GC(5) Forwarding Usage: 0M
[2026-01-15T01:35:35.451+0530][5.536s][info][gc,heap     ] GC(5) Min Capacity: 512M(100%)
[2026-01-15T01:35:35.451+0530][5.536s][info][gc,heap     ] GC(5) Max Capacity: 512M(100%)
[2026-01-15T01:35:35.451+0530][5.536s][info][gc,heap     ] GC(5) Soft Max Capacity: 512M(100%)
[2026-01-15T01:35:35.451+0530][5.537s][info][gc,heap     ] GC(5)                Mark Start          Mark End        Relocate Start      Relocate End           High               Low         
[2026-01-15T01:35:35.451+0530][5.537s][info][gc,heap     ] GC(5)  Capacity:      512M (100%)        512M (100%)        512M (100%)        512M (100%)        512M (100%)        512M (100%)   
[2026-01-15T01:35:35.451+0530][5.537s][info][gc,heap     ] GC(5)      Free:      238M (46%)         222M (43%)         478M (93%)         478M (93%)         478M (93%)         222M (43%)    
[2026-01-15T01:35:35.451+0530][5.537s][info][gc,heap     ] GC(5)      Used:      274M (54%)         290M (57%)          34M (7%)           34M (7%)          290M (57%)          34M (7%)     
[2026-01-15T01:35:35.451+0530][5.537s][info][gc,heap     ] GC(5)      Live:         -                11M (2%)           11M (2%)           11M (2%)             -                  -          
[2026-01-15T01:35:35.451+0530][5.537s][info][gc,heap     ] GC(5) Allocated:         -                16M (3%)           16M (3%)           16M (3%)             -                  -          
[2026-01-15T01:35:35.451+0530][5.537s][info][gc,heap     ] GC(5)   Garbage:         -               262M (51%)           6M (1%)            6M (1%)             -                  -          
[2026-01-15T01:35:35.451+0530][5.537s][info][gc,heap     ] GC(5) Reclaimed:         -                  -               256M (50%)         256M (50%)            -                  -          
[2026-01-15T01:35:35.451+0530][5.537s][info][gc          ] GC(5) Garbage Collection (Proactive) 274M(54%)->34M(7%)
[2026-01-15T01:35:36.737+0530][6.822s][info][gc,start    ] GC(6) Garbage Collection (Proactive)
[2026-01-15T01:35:36.737+0530][6.822s][info][gc,task     ] GC(6) Using 2 workers
[2026-01-15T01:35:36.737+0530][6.822s][info][gc,phases   ] GC(6) Pause Mark Start 0.009ms
[2026-01-15T01:35:36.753+0530][6.838s][info][gc,phases   ] GC(6) Concurrent Mark 15.400ms
[2026-01-15T01:35:36.753+0530][6.838s][info][gc,phases   ] GC(6) Pause Mark End 0.016ms
[2026-01-15T01:35:36.753+0530][6.838s][info][gc,phases   ] GC(6) Concurrent Mark Free 0.001ms
[2026-01-15T01:35:36.753+0530][6.839s][info][gc,phases   ] GC(6) Concurrent Process Non-Strong References 0.558ms
[2026-01-15T01:35:36.753+0530][6.839s][info][gc,phases   ] GC(6) Concurrent Reset Relocation Set 0.001ms
[2026-01-15T01:35:36.753+0530][6.840s][info][gc,phases   ] GC(6) Concurrent Select Relocation Set 1.424ms
[2026-01-15T01:35:36.753+0530][6.840s][info][gc,phases   ] GC(6) Pause Relocate Start 0.007ms
[2026-01-15T01:35:36.753+0530][6.841s][info][gc,phases   ] GC(6) Concurrent Relocate 0.162ms
[2026-01-15T01:35:36.753+0530][6.841s][info][gc,load     ] GC(6) Load: 0.00/0.00/0.00
[2026-01-15T01:35:36.753+0530][6.841s][info][gc,mmu      ] GC(6) MMU: 2ms/98.7%, 5ms/99.3%, 10ms/99.7%, 20ms/99.8%, 50ms/99.9%, 100ms/100.0%
[2026-01-15T01:35:36.753+0530][6.841s][info][gc,marking  ] GC(6) Mark: 2 stripe(s), 1 proactive flush(es), 1 terminate flush(es), 0 completion(s), 0 continuation(s) 
[2026-01-15T01:35:36.753+0530][6.841s][info][gc,marking  ] GC(6) Mark Stack Usage: 32M
[2026-01-15T01:35:36.753+0530][6.841s][info][gc,nmethod  ] GC(6) NMethods: 206 registered, 4 unregistered
[2026-01-15T01:35:36.753+0530][6.841s][info][gc,metaspace] GC(6) Metaspace: 5M used, 6M committed, 1088M reserved
[2026-01-15T01:35:36.753+0530][6.841s][info][gc,ref      ] GC(6) Soft: 31 encountered, 0 discovered, 0 enqueued
[2026-01-15T01:35:36.753+0530][6.841s][info][gc,ref      ] GC(6) Weak: 91 encountered, 1 discovered, 0 enqueued
[2026-01-15T01:35:36.753+0530][6.841s][info][gc,ref      ] GC(6) Final: 0 encountered, 0 discovered, 0 enqueued
[2026-01-15T01:35:36.753+0530][6.841s][info][gc,ref      ] GC(6) Phantom: 1 encountered, 1 discovered, 0 enqueued
[2026-01-15T01:35:36.753+0530][6.841s][info][gc,reloc    ] GC(6) Small Pages: 1 / 2M, Empty: 0M, Relocated: 0M, In-Place: 0
[2026-01-15T01:35:36.753+0530][6.841s][info][gc,reloc    ] GC(6) Medium Pages: 15 / 240M, Empty: 192M, Relocated: 0M, In-Place: 0
[2026-01-15T01:35:36.753+0530][6.841s][info][gc,reloc    ] GC(6) Large Pages: 0 / 0M, Empty: 0M, Relocated: 0M, In-Place: 0
[2026-01-15T01:35:36.753+0530][6.841s][info][gc,reloc    ] GC(6) Forwarding Usage: 0M
[2026-01-15T01:35:36.753+0530][6.841s][info][gc,heap     ] GC(6) Min Capacity: 512M(100%)
[2026-01-15T01:35:36.753+0530][6.841s][info][gc,heap     ] GC(6) Max Capacity: 512M(100%)
[2026-01-15T01:35:36.753+0530][6.841s][info][gc,heap     ] GC(6) Soft Max Capacity: 512M(100%)
[2026-01-15T01:35:36.753+0530][6.841s][info][gc,heap     ] GC(6)                Mark Start          Mark End        Relocate Start      Relocate End           High               Low         
[2026-01-15T01:35:36.753+0530][6.841s][info][gc,heap     ] GC(6)  Capacity:      512M (100%)        512M (100%)        512M (100%)        512M (100%)        512M (100%)        512M (100%)   
[2026-01-15T01:35:36.753+0530][6.841s][info][gc,heap     ] GC(6)      Free:      270M (53%)         254M (50%)         446M (87%)         446M (87%)         446M (87%)         254M (50%)    
[2026-01-15T01:35:36.753+0530][6.841s][info][gc,heap     ] GC(6)      Used:      242M (47%)         258M (50%)          66M (13%)          66M (13%)         258M (50%)          66M (13%)    
[2026-01-15T01:35:36.753+0530][6.841s][info][gc,heap     ] GC(6)      Live:         -                41M (8%)           41M (8%)           41M (8%)             -                  -          
[2026-01-15T01:35:36.753+0530][6.841s][info][gc,heap     ] GC(6) Allocated:         -                16M (3%)           16M (3%)           16M (3%)             -                  -          
[2026-01-15T01:35:36.753+0530][6.841s][info][gc,heap     ] GC(6)   Garbage:         -               200M (39%)           8M (2%)            8M (2%)             -                  -          
[2026-01-15T01:35:36.753+0530][6.841s][info][gc,heap     ] GC(6) Reclaimed:         -                  -               192M (38%)         192M (38%)            -                  -          
[2026-01-15T01:35:36.753+0530][6.841s][info][gc          ] GC(6) Garbage Collection (Proactive) 242M(47%)->66M(13%)
[2026-01-15T01:35:38.035+0530][8.120s][info][gc,start    ] GC(7) Garbage Collection (Proactive)
[2026-01-15T01:35:38.035+0530][8.120s][info][gc,task     ] GC(7) Using 2 workers
[2026-01-15T01:35:38.035+0530][8.121s][info][gc,phases   ] GC(7) Pause Mark Start 0.010ms
[2026-01-15T01:35:38.051+0530][8.137s][info][gc,phases   ] GC(7) Concurrent Mark 16.165ms
[2026-01-15T01:35:38.051+0530][8.137s][info][gc,phases   ] GC(7) Pause Mark End 0.017ms
[2026-01-15T01:35:38.051+0530][8.137s][info][gc,phases   ] GC(7) Concurrent Mark Free 0.001ms
[2026-01-15T01:35:38.051+0530][8.137s][info][gc,phases   ] GC(7) Concurrent Process Non-Strong References 0.391ms
[2026-01-15T01:35:38.051+0530][8.137s][info][gc,phases   ] GC(7) Concurrent Reset Relocation Set 0.000ms
[2026-01-15T01:35:38.051+0530][8.139s][info][gc,phases   ] GC(7) Concurrent Select Relocation Set 1.655ms
[2026-01-15T01:35:38.051+0530][8.139s][info][gc,phases   ] GC(7) Pause Relocate Start 0.007ms
[2026-01-15T01:35:38.051+0530][8.139s][info][gc,phases   ] GC(7) Concurrent Relocate 0.031ms
[2026-01-15T01:35:38.051+0530][8.139s][info][gc,load     ] GC(7) Load: 0.00/0.00/0.00
[2026-01-15T01:35:38.051+0530][8.139s][info][gc,mmu      ] GC(7) MMU: 2ms/98.7%, 5ms/99.3%, 10ms/99.7%, 20ms/99.8%, 50ms/99.9%, 100ms/100.0%
[2026-01-15T01:35:38.051+0530][8.139s][info][gc,marking  ] GC(7) Mark: 2 stripe(s), 1 proactive flush(es), 1 terminate flush(es), 0 completion(s), 0 continuation(s) 
[2026-01-15T01:35:38.051+0530][8.139s][info][gc,marking  ] GC(7) Mark Stack Usage: 32M
[2026-01-15T01:35:38.051+0530][8.139s][info][gc,nmethod  ] GC(7) NMethods: 208 registered, 4 unregistered
[2026-01-15T01:35:38.051+0530][8.139s][info][gc,metaspace] GC(7) Metaspace: 5M used, 6M committed, 1088M reserved
[2026-01-15T01:35:38.051+0530][8.139s][info][gc,ref      ] GC(7) Soft: 31 encountered, 0 discovered, 0 enqueued
[2026-01-15T01:35:38.051+0530][8.139s][info][gc,ref      ] GC(7) Weak: 91 encountered, 0 discovered, 0 enqueued
[2026-01-15T01:35:38.051+0530][8.139s][info][gc,ref      ] GC(7) Final: 0 encountered, 0 discovered, 0 enqueued
[2026-01-15T01:35:38.051+0530][8.139s][info][gc,ref      ] GC(7) Phantom: 1 encountered, 0 discovered, 0 enqueued
[2026-01-15T01:35:38.051+0530][8.139s][info][gc,reloc    ] GC(7) Small Pages: 1 / 2M, Empty: 0M, Relocated: 0M, In-Place: 0
[2026-01-15T01:35:38.051+0530][8.139s][info][gc,reloc    ] GC(7) Medium Pages: 17 / 272M, Empty: 256M, Relocated: 0M, In-Place: 0
[2026-01-15T01:35:38.051+0530][8.139s][info][gc,reloc    ] GC(7) Large Pages: 0 / 0M, Empty: 0M, Relocated: 0M, In-Place: 0
[2026-01-15T01:35:38.051+0530][8.139s][info][gc,reloc    ] GC(7) Forwarding Usage: 0M
[2026-01-15T01:35:38.051+0530][8.140s][info][gc,heap     ] GC(7) Min Capacity: 512M(100%)
[2026-01-15T01:35:38.051+0530][8.140s][info][gc,heap     ] GC(7) Max Capacity: 512M(100%)
[2026-01-15T01:35:38.051+0530][8.140s][info][gc,heap     ] GC(7) Soft Max Capacity: 512M(100%)
[2026-01-15T01:35:38.051+0530][8.140s][info][gc,heap     ] GC(7)                Mark Start          Mark End        Relocate Start      Relocate End           High               Low         
[2026-01-15T01:35:38.051+0530][8.140s][info][gc,heap     ] GC(7)  Capacity:      512M (100%)        512M (100%)        512M (100%)        512M (100%)        512M (100%)        512M (100%)   
[2026-01-15T01:35:38.051+0530][8.140s][info][gc,heap     ] GC(7)      Free:      238M (46%)         238M (46%)         478M (93%)         478M (93%)         478M (93%)         222M (43%)    
[2026-01-15T01:35:38.051+0530][8.140s][info][gc,heap     ] GC(7)      Used:      274M (54%)         274M (54%)          34M (7%)           34M (7%)          290M (57%)          34M (7%)     
[2026-01-15T01:35:38.051+0530][8.140s][info][gc,heap     ] GC(7)      Live:         -                11M (2%)           11M (2%)           11M (2%)             -                  -          
[2026-01-15T01:35:38.051+0530][8.140s][info][gc,heap     ] GC(7) Allocated:         -                 0M (0%)           16M (3%)           16M (3%)             -                  -          
[2026-01-15T01:35:38.051+0530][8.140s][info][gc,heap     ] GC(7)   Garbage:         -               262M (51%)           6M (1%)            6M (1%)             -                  -          
[2026-01-15T01:35:38.051+0530][8.140s][info][gc,heap     ] GC(7) Reclaimed:         -                  -               256M (50%)         256M (50%)            -                  -          
[2026-01-15T01:35:38.051+0530][8.140s][info][gc          ] GC(7) Garbage Collection (Proactive) 274M(54%)->34M(7%)
[2026-01-15T01:35:39.240+0530][9.325s][info][gc,start    ] GC(8) Garbage Collection (Proactive)
[2026-01-15T01:35:39.240+0530][9.325s][info][gc,task     ] GC(8) Using 2 workers
[2026-01-15T01:35:39.240+0530][9.325s][info][gc,phases   ] GC(8) Pause Mark Start 0.009ms
[2026-01-15T01:35:39.256+0530][9.342s][info][gc,phases   ] GC(8) Concurrent Mark 16.421ms
[2026-01-15T01:35:39.256+0530][9.342s][info][gc,phases   ] GC(8) Pause Mark End 0.017ms
[2026-01-15T01:35:39.256+0530][9.342s][info][gc,phases   ] GC(8) Concurrent Mark Free 0.001ms
[2026-01-15T01:35:39.256+0530][9.342s][info][gc,phases   ] GC(8) Concurrent Process Non-Strong References 0.491ms
[2026-01-15T01:35:39.256+0530][9.342s][info][gc,phases   ] GC(8) Concurrent Reset Relocation Set 0.001ms
[2026-01-15T01:35:39.256+0530][9.344s][info][gc,phases   ] GC(8) Concurrent Select Relocation Set 1.387ms
[2026-01-15T01:35:39.256+0530][9.344s][info][gc,phases   ] GC(8) Pause Relocate Start 0.007ms
[2026-01-15T01:35:39.256+0530][9.344s][info][gc,phases   ] GC(8) Concurrent Relocate 0.069ms
[2026-01-15T01:35:39.256+0530][9.344s][info][gc,load     ] GC(8) Load: 0.00/0.00/0.00
[2026-01-15T01:35:39.256+0530][9.344s][info][gc,mmu      ] GC(8) MMU: 2ms/98.7%, 5ms/99.3%, 10ms/99.7%, 20ms/99.8%, 50ms/99.9%, 100ms/100.0%
[2026-01-15T01:35:39.256+0530][9.344s][info][gc,marking  ] GC(8) Mark: 2 stripe(s), 2 proactive flush(es), 1 terminate flush(es), 0 completion(s), 0 continuation(s) 
[2026-01-15T01:35:39.256+0530][9.344s][info][gc,marking  ] GC(8) Mark Stack Usage: 32M
[2026-01-15T01:35:39.256+0530][9.344s][info][gc,nmethod  ] GC(8) NMethods: 210 registered, 4 unregistered
[2026-01-15T01:35:39.256+0530][9.344s][info][gc,metaspace] GC(8) Metaspace: 5M used, 6M committed, 1088M reserved
[2026-01-15T01:35:39.256+0530][9.344s][info][gc,ref      ] GC(8) Soft: 31 encountered, 0 discovered, 0 enqueued
[2026-01-15T01:35:39.256+0530][9.344s][info][gc,ref      ] GC(8) Weak: 91 encountered, 0 discovered, 0 enqueued
[2026-01-15T01:35:39.256+0530][9.344s][info][gc,ref      ] GC(8) Final: 0 encountered, 0 discovered, 0 enqueued
[2026-01-15T01:35:39.256+0530][9.344s][info][gc,ref      ] GC(8) Phantom: 1 encountered, 0 discovered, 0 enqueued
[2026-01-15T01:35:39.256+0530][9.344s][info][gc,reloc    ] GC(8) Small Pages: 1 / 2M, Empty: 0M, Relocated: 0M, In-Place: 0
[2026-01-15T01:35:39.256+0530][9.344s][info][gc,reloc    ] GC(8) Medium Pages: 14 / 224M, Empty: 192M, Relocated: 0M, In-Place: 0
[2026-01-15T01:35:39.256+0530][9.344s][info][gc,reloc    ] GC(8) Large Pages: 0 / 0M, Empty: 0M, Relocated: 0M, In-Place: 0
[2026-01-15T01:35:39.256+0530][9.344s][info][gc,reloc    ] GC(8) Forwarding Usage: 0M
[2026-01-15T01:35:39.256+0530][9.344s][info][gc,heap     ] GC(8) Min Capacity: 512M(100%)
[2026-01-15T01:35:39.256+0530][9.344s][info][gc,heap     ] GC(8) Max Capacity: 512M(100%)
[2026-01-15T01:35:39.256+0530][9.344s][info][gc,heap     ] GC(8) Soft Max Capacity: 512M(100%)
[2026-01-15T01:35:39.256+0530][9.344s][info][gc,heap     ] GC(8)                Mark Start          Mark End        Relocate Start      Relocate End           High               Low         
[2026-01-15T01:35:39.256+0530][9.344s][info][gc,heap     ] GC(8)  Capacity:      512M (100%)        512M (100%)        512M (100%)        512M (100%)        512M (100%)        512M (100%)   
[2026-01-15T01:35:39.256+0530][9.344s][info][gc,heap     ] GC(8)      Free:      286M (56%)         270M (53%)         462M (90%)         462M (90%)         462M (90%)         270M (53%)    
[2026-01-15T01:35:39.256+0530][9.344s][info][gc,heap     ] GC(8)      Used:      226M (44%)         242M (47%)          50M (10%)          50M (10%)         242M (47%)          50M (10%)    
[2026-01-15T01:35:39.256+0530][9.344s][info][gc,heap     ] GC(8)      Live:         -                23M (5%)           23M (5%)           23M (5%)             -                  -          
[2026-01-15T01:35:39.256+0530][9.344s][info][gc,heap     ] GC(8) Allocated:         -                16M (3%)           16M (3%)           16M (3%)             -                  -          
[2026-01-15T01:35:39.256+0530][9.344s][info][gc,heap     ] GC(8)   Garbage:         -               202M (40%)          10M (2%)           10M (2%)             -                  -          
[2026-01-15T01:35:39.256+0530][9.344s][info][gc,heap     ] GC(8) Reclaimed:         -                  -               192M (38%)         192M (38%)            -                  -          
[2026-01-15T01:35:39.256+0530][9.344s][info][gc          ] GC(8) Garbage Collection (Proactive) 226M(44%)->50M(10%)
[2026-01-15T01:35:40.033+0530][10.118s][info][gc,stats    ] === Garbage Collection Statistics =======================================================================================================================
[2026-01-15T01:35:40.033+0530][10.118s][info][gc,stats    ]                                                              Last 10s              Last 10m              Last 10h                Total
[2026-01-15T01:35:40.033+0530][10.118s][info][gc,stats    ]                                                              Avg / Max             Avg / Max             Avg / Max             Avg / Max
[2026-01-15T01:35:40.033+0530][10.118s][info][gc,stats    ]   Collector: Garbage Collection Cycle                     20.220 / 26.488       20.220 / 26.488       20.220 / 26.488       20.220 / 26.488      ms
[2026-01-15T01:35:40.033+0530][10.118s][info][gc,stats    ]  Contention: Mark Segment Reset Contention                     0 / 1                 0 / 1                 0 / 1                 0 / 1           ops/s
[2026-01-15T01:35:40.033+0530][10.118s][info][gc,stats    ]  Contention: Mark SeqNum Reset Contention                      0 / 1                 0 / 1                 0 / 1                 0 / 1           ops/s
[2026-01-15T01:35:40.033+0530][10.118s][info][gc,stats    ]    Critical: Allocation Stall                                  0 / 0                 0 / 0                 0 / 0                 0 / 0           ops/s
[2026-01-15T01:35:40.033+0530][10.118s][info][gc,stats    ]    Critical: Allocation Stall                              0.000 / 0.000         0.000 / 0.000         0.000 / 0.000         0.000 / 0.000       ms
[2026-01-15T01:35:40.033+0530][10.118s][info][gc,stats    ]    Critical: GC Locker Stall                                   0 / 0                 0 / 0                 0 / 0                 0 / 0           ops/s
[2026-01-15T01:35:40.033+0530][10.118s][info][gc,stats    ]    Critical: GC Locker Stall                               0.000 / 0.000         0.000 / 0.000         0.000 / 0.000         0.000 / 0.000       ms
[2026-01-15T01:35:40.033+0530][10.118s][info][gc,stats    ]    Critical: Relocation Stall                                  0 / 0                 0 / 0                 0 / 0                 0 / 0           ops/s
[2026-01-15T01:35:40.033+0530][10.118s][info][gc,stats    ]    Critical: Relocation Stall                              0.000 / 0.000         0.000 / 0.000         0.000 / 0.000         0.000 / 0.000       ms
[2026-01-15T01:35:40.033+0530][10.118s][info][gc,stats    ]      Memory: Allocation Rate                                 177 / 202             177 / 202             177 / 202             177 / 202         MB/s
[2026-01-15T01:35:40.033+0530][10.118s][info][gc,stats    ]      Memory: Defragment                                        0 / 0                 0 / 0                 0 / 0                 0 / 0           ops/s
[2026-01-15T01:35:40.033+0530][10.118s][info][gc,stats    ]      Memory: Out Of Memory                                     0 / 0                 0 / 0                 0 / 0                 0 / 0           ops/s
[2026-01-15T01:35:40.033+0530][10.118s][info][gc,stats    ]      Memory: Page Cache Flush                                  0 / 0                 0 / 0                 0 / 0                 0 / 0           MB/s
[2026-01-15T01:35:40.033+0530][10.118s][info][gc,stats    ]      Memory: Page Cache Hit L1                                 9 / 11                9 / 11                9 / 11                9 / 11          ops/s
[2026-01-15T01:35:40.033+0530][10.118s][info][gc,stats    ]      Memory: Page Cache Hit L2                                 0 / 0                 0 / 0                 0 / 0                 0 / 0           ops/s
[2026-01-15T01:35:40.033+0530][10.118s][info][gc,stats    ]      Memory: Page Cache Hit L3                                 2 / 14                2 / 14                2 / 14                2 / 14          ops/s
[2026-01-15T01:35:40.033+0530][10.118s][info][gc,stats    ]      Memory: Page Cache Miss                                   0 / 1                 0 / 1                 0 / 1                 0 / 1           ops/s
[2026-01-15T01:35:40.033+0530][10.118s][info][gc,stats    ]      Memory: Uncommit                                          0 / 0                 0 / 0                 0 / 0                 0 / 0           MB/s
[2026-01-15T01:35:40.033+0530][10.118s][info][gc,stats    ]      Memory: Undo Object Allocation Failed                     0 / 0                 0 / 0                 0 / 0                 0 / 0           ops/s
[2026-01-15T01:35:40.033+0530][10.118s][info][gc,stats    ]      Memory: Undo Object Allocation Succeeded                  0 / 0                 0 / 0                 0 / 0                 0 / 0           ops/s
[2026-01-15T01:35:40.033+0530][10.118s][info][gc,stats    ]      Memory: Undo Page Allocation                              0 / 0                 0 / 0                 0 / 0                 0 / 0           ops/s
[2026-01-15T01:35:40.033+0530][10.118s][info][gc,stats    ]       Phase: Concurrent Mark                              15.298 / 16.421       15.298 / 16.421       15.298 / 16.421       15.298 / 16.421      ms
[2026-01-15T01:35:40.033+0530][10.118s][info][gc,stats    ]       Phase: Concurrent Mark Continue                      0.000 / 0.000         0.000 / 0.000         0.000 / 0.000         0.000 / 0.000       ms
[2026-01-15T01:35:40.033+0530][10.118s][info][gc,stats    ]       Phase: Concurrent Mark Free                          0.001 / 0.002         0.001 / 0.002         0.001 / 0.002         0.001 / 0.002       ms
[2026-01-15T01:35:40.033+0530][10.118s][info][gc,stats    ]       Phase: Concurrent Process Non-Strong References      0.519 / 0.978         0.519 / 0.978         0.519 / 0.978         0.519 / 0.978       ms
[2026-01-15T01:35:40.033+0530][10.118s][info][gc,stats    ]       Phase: Concurrent Relocate                           0.758 / 3.117         0.758 / 3.117         0.758 / 3.117         0.758 / 3.117       ms
[2026-01-15T01:35:40.033+0530][10.118s][info][gc,stats    ]       Phase: Concurrent Reset Relocation Set               0.001 / 0.002         0.001 / 0.002         0.001 / 0.002         0.001 / 0.002       ms
[2026-01-15T01:35:40.033+0530][10.118s][info][gc,stats    ]       Phase: Concurrent Select Relocation Set              2.688 / 8.189         2.688 / 8.189         2.688 / 8.189         2.688 / 8.189       ms
[2026-01-15T01:35:40.033+0530][10.118s][info][gc,stats    ]       Phase: Pause Mark End                                0.017 / 0.025         0.017 / 0.025         0.017 / 0.025         0.017 / 0.025       ms
[2026-01-15T01:35:40.033+0530][10.118s][info][gc,stats    ]       Phase: Pause Mark Start                              0.013 / 0.023         0.013 / 0.023         0.013 / 0.023         0.013 / 0.023       ms
[2026-01-15T01:35:40.033+0530][10.118s][info][gc,stats    ]       Phase: Pause Relocate Start                          0.007 / 0.010         0.007 / 0.010         0.007 / 0.010         0.007 / 0.010       ms
[2026-01-15T01:35:40.033+0530][10.118s][info][gc,stats    ]    Subphase: Concurrent Classes Purge                      0.011 / 0.026         0.011 / 0.026         0.011 / 0.026         0.011 / 0.026       ms
[2026-01-15T01:35:40.033+0530][10.118s][info][gc,stats    ]    Subphase: Concurrent Classes Unlink                     0.202 / 0.306         0.202 / 0.306         0.202 / 0.306         0.202 / 0.306       ms
[2026-01-15T01:35:40.033+0530][10.118s][info][gc,stats    ]    Subphase: Concurrent Mark                               8.405 / 16.115        8.405 / 16.115        8.405 / 16.115        8.405 / 16.115      ms
[2026-01-15T01:35:40.033+0530][10.118s][info][gc,stats    ]    Subphase: Concurrent Mark Try Flush                     0.110 / 0.221         0.110 / 0.221         0.110 / 0.221         0.110 / 0.221       ms
[2026-01-15T01:35:40.033+0530][10.118s][info][gc,stats    ]    Subphase: Concurrent Mark Try Terminate                 4.412 / 14.609        4.412 / 14.609        4.412 / 14.609        4.412 / 14.609      ms
[2026-01-15T01:35:40.033+0530][10.118s][info][gc,stats    ]    Subphase: Concurrent References Enqueue                 0.001 / 0.003         0.001 / 0.003         0.001 / 0.003         0.001 / 0.003       ms
[2026-01-15T01:35:40.033+0530][10.118s][info][gc,stats    ]    Subphase: Concurrent References Process                 0.057 / 0.140         0.057 / 0.140         0.057 / 0.140         0.057 / 0.140       ms
[2026-01-15T01:35:40.033+0530][10.118s][info][gc,stats    ]    Subphase: Concurrent Roots ClassLoaderDataGraph         0.057 / 0.279         0.057 / 0.279         0.057 / 0.279         0.057 / 0.279       ms
[2026-01-15T01:35:40.033+0530][10.118s][info][gc,stats    ]    Subphase: Concurrent Roots CodeCache                    0.000 / 0.000         0.000 / 0.000         0.000 / 0.000         0.000 / 0.000       ms
[2026-01-15T01:35:40.033+0530][10.118s][info][gc,stats    ]    Subphase: Concurrent Roots JavaThreads                  0.146 / 0.435         0.146 / 0.435         0.146 / 0.435         0.146 / 0.435       ms
[2026-01-15T01:35:40.033+0530][10.118s][info][gc,stats    ]    Subphase: Concurrent Roots OopStorageSet                0.021 / 0.054         0.021 / 0.054         0.021 / 0.054         0.021 / 0.054       ms
[2026-01-15T01:35:40.033+0530][10.118s][info][gc,stats    ]    Subphase: Concurrent Weak Roots OopStorageSet           0.111 / 0.417         0.111 / 0.417         0.111 / 0.417         0.111 / 0.417       ms
[2026-01-15T01:35:40.033+0530][10.118s][info][gc,stats    ]    Subphase: Pause Mark Try Complete                       0.000 / 0.000         0.000 / 0.000         0.000 / 0.000         0.000 / 0.000       ms
[2026-01-15T01:35:40.033+0530][10.118s][info][gc,stats    ]      System: Java Threads                                     11 / 12               11 / 12               11 / 12               11 / 12          threads
[2026-01-15T01:35:40.033+0530][10.118s][info][gc,stats    ] =========================================================================================================================================================
[2026-01-15T01:35:40.327+0530][10.412s][info][gc,start    ] GC(9) Garbage Collection (Proactive)
[2026-01-15T01:35:40.327+0530][10.413s][info][gc,task     ] GC(9) Using 2 workers
[2026-01-15T01:35:40.327+0530][10.413s][info][gc,phases   ] GC(9) Pause Mark Start 0.013ms
[2026-01-15T01:35:40.343+0530][10.429s][info][gc,phases   ] GC(9) Concurrent Mark 15.913ms
[2026-01-15T01:35:40.343+0530][10.429s][info][gc,phases   ] GC(9) Pause Mark End 0.023ms
[2026-01-15T01:35:40.343+0530][10.429s][info][gc,phases   ] GC(9) Concurrent Mark Free 0.001ms
[2026-01-15T01:35:40.343+0530][10.430s][info][gc,phases   ] GC(9) Concurrent Process Non-Strong References 0.642ms
[2026-01-15T01:35:40.343+0530][10.430s][info][gc,phases   ] GC(9) Concurrent Reset Relocation Set 0.001ms
[2026-01-15T01:35:40.343+0530][10.432s][info][gc,phases   ] GC(9) Concurrent Select Relocation Set 1.891ms
[2026-01-15T01:35:40.343+0530][10.432s][info][gc,phases   ] GC(9) Pause Relocate Start 0.010ms
[2026-01-15T01:35:40.343+0530][10.432s][info][gc,phases   ] GC(9) Concurrent Relocate 0.049ms
[2026-01-15T01:35:40.343+0530][10.432s][info][gc,load     ] GC(9) Load: 0.00/0.00/0.00
[2026-01-15T01:35:40.343+0530][10.432s][info][gc,mmu      ] GC(9) MMU: 2ms/98.7%, 5ms/99.3%, 10ms/99.7%, 20ms/99.8%, 50ms/99.9%, 100ms/100.0%
[2026-01-15T01:35:40.343+0530][10.432s][info][gc,marking  ] GC(9) Mark: 2 stripe(s), 1 proactive flush(es), 1 terminate flush(es), 0 completion(s), 0 continuation(s) 
[2026-01-15T01:35:40.343+0530][10.432s][info][gc,marking  ] GC(9) Mark Stack Usage: 32M
[2026-01-15T01:35:40.343+0530][10.432s][info][gc,nmethod  ] GC(9) NMethods: 210 registered, 4 unregistered
[2026-01-15T01:35:40.343+0530][10.432s][info][gc,metaspace] GC(9) Metaspace: 5M used, 6M committed, 1088M reserved
[2026-01-15T01:35:40.343+0530][10.432s][info][gc,ref      ] GC(9) Soft: 31 encountered, 0 discovered, 0 enqueued
[2026-01-15T01:35:40.343+0530][10.432s][info][gc,ref      ] GC(9) Weak: 91 encountered, 0 discovered, 0 enqueued
[2026-01-15T01:35:40.343+0530][10.432s][info][gc,ref      ] GC(9) Final: 0 encountered, 0 discovered, 0 enqueued
[2026-01-15T01:35:40.343+0530][10.432s][info][gc,ref      ] GC(9) Phantom: 1 encountered, 0 discovered, 0 enqueued
[2026-01-15T01:35:40.343+0530][10.432s][info][gc,reloc    ] GC(9) Small Pages: 1 / 2M, Empty: 0M, Relocated: 0M, In-Place: 0
[2026-01-15T01:35:40.343+0530][10.432s][info][gc,reloc    ] GC(9) Medium Pages: 14 / 224M, Empty: 192M, Relocated: 0M, In-Place: 0
[2026-01-15T01:35:40.343+0530][10.432s][info][gc,reloc    ] GC(9) Large Pages: 0 / 0M, Empty: 0M, Relocated: 0M, In-Place: 0
[2026-01-15T01:35:40.343+0530][10.432s][info][gc,reloc    ] GC(9) Forwarding Usage: 0M
[2026-01-15T01:35:40.343+0530][10.432s][info][gc,heap     ] GC(9) Min Capacity: 512M(100%)
[2026-01-15T01:35:40.343+0530][10.432s][info][gc,heap     ] GC(9) Max Capacity: 512M(100%)
[2026-01-15T01:35:40.343+0530][10.432s][info][gc,heap     ] GC(9) Soft Max Capacity: 512M(100%)
[2026-01-15T01:35:40.343+0530][10.432s][info][gc,heap     ] GC(9)                Mark Start          Mark End        Relocate Start      Relocate End           High               Low         
[2026-01-15T01:35:40.343+0530][10.432s][info][gc,heap     ] GC(9)  Capacity:      512M (100%)        512M (100%)        512M (100%)        512M (100%)        512M (100%)        512M (100%)   
[2026-01-15T01:35:40.343+0530][10.432s][info][gc,heap     ] GC(9)      Free:      286M (56%)         286M (56%)         478M (93%)         478M (93%)         478M (93%)         286M (56%)    
[2026-01-15T01:35:40.343+0530][10.432s][info][gc,heap     ] GC(9)      Used:      226M (44%)         226M (44%)          34M (7%)           34M (7%)          226M (44%)          34M (7%)     
[2026-01-15T01:35:40.343+0530][10.432s][info][gc,heap     ] GC(9)      Live:         -                21M (4%)           21M (4%)           21M (4%)             -                  -          
[2026-01-15T01:35:40.343+0530][10.432s][info][gc,heap     ] GC(9) Allocated:         -                 0M (0%)            0M (0%)            0M (0%)             -                  -          
[2026-01-15T01:35:40.343+0530][10.432s][info][gc,heap     ] GC(9)   Garbage:         -               204M (40%)          12M (3%)           12M (3%)             -                  -          
[2026-01-15T01:35:40.343+0530][10.432s][info][gc,heap     ] GC(9) Reclaimed:         -                  -               192M (38%)         192M (38%)            -                  -          
[2026-01-15T01:35:40.343+0530][10.432s][info][gc          ] GC(9) Garbage Collection (Proactive) 226M(44%)->34M(7%)
[2026-01-15T01:35:41.438+0530][11.524s][info][gc,start    ] GC(10) Garbage Collection (Proactive)
[2026-01-15T01:35:41.438+0530][11.524s][info][gc,task     ] GC(10) Using 2 workers
[2026-01-15T01:35:41.438+0530][11.524s][info][gc,phases   ] GC(10) Pause Mark Start 0.010ms
[2026-01-15T01:35:41.454+0530][11.539s][info][gc,phases   ] GC(10) Concurrent Mark 15.062ms
[2026-01-15T01:35:41.454+0530][11.539s][info][gc,phases   ] GC(10) Pause Mark End 0.020ms
[2026-01-15T01:35:41.454+0530][11.539s][info][gc,phases   ] GC(10) Concurrent Mark Free 0.001ms
[2026-01-15T01:35:41.454+0530][11.540s][info][gc,phases   ] GC(10) Concurrent Process Non-Strong References 0.496ms
[2026-01-15T01:35:41.454+0530][11.540s][info][gc,phases   ] GC(10) Concurrent Reset Relocation Set 0.001ms
[2026-01-15T01:35:41.454+0530][11.543s][info][gc,phases   ] GC(10) Concurrent Select Relocation Set 2.835ms
[2026-01-15T01:35:41.454+0530][11.543s][info][gc,phases   ] GC(10) Pause Relocate Start 0.007ms
[2026-01-15T01:35:41.454+0530][11.543s][info][gc,phases   ] GC(10) Concurrent Relocate 0.025ms
[2026-01-15T01:35:41.454+0530][11.543s][info][gc,load     ] GC(10) Load: 0.00/0.00/0.00
[2026-01-15T01:35:41.454+0530][11.543s][info][gc,mmu      ] GC(10) MMU: 2ms/98.7%, 5ms/99.3%, 10ms/99.7%, 20ms/99.8%, 50ms/99.9%, 100ms/100.0%
[2026-01-15T01:35:41.454+0530][11.543s][info][gc,marking  ] GC(10) Mark: 2 stripe(s), 1 proactive flush(es), 1 terminate flush(es), 0 completion(s), 0 continuation(s) 
[2026-01-15T01:35:41.454+0530][11.543s][info][gc,marking  ] GC(10) Mark Stack Usage: 32M
[2026-01-15T01:35:41.454+0530][11.543s][info][gc,nmethod  ] GC(10) NMethods: 210 registered, 4 unregistered
[2026-01-15T01:35:41.454+0530][11.543s][info][gc,metaspace] GC(10) Metaspace: 5M used, 6M committed, 1088M reserved
[2026-01-15T01:35:41.454+0530][11.543s][info][gc,ref      ] GC(10) Soft: 31 encountered, 0 discovered, 0 enqueued
[2026-01-15T01:35:41.454+0530][11.543s][info][gc,ref      ] GC(10) Weak: 91 encountered, 0 discovered, 0 enqueued
[2026-01-15T01:35:41.454+0530][11.543s][info][gc,ref      ] GC(10) Final: 0 encountered, 0 discovered, 0 enqueued
[2026-01-15T01:35:41.454+0530][11.543s][info][gc,ref      ] GC(10) Phantom: 1 encountered, 0 discovered, 0 enqueued
[2026-01-15T01:35:41.454+0530][11.543s][info][gc,reloc    ] GC(10) Small Pages: 1 / 2M, Empty: 0M, Relocated: 0M, In-Place: 0
[2026-01-15T01:35:41.454+0530][11.543s][info][gc,reloc    ] GC(10) Medium Pages: 14 / 224M, Empty: 192M, Relocated: 0M, In-Place: 0
[2026-01-15T01:35:41.454+0530][11.543s][info][gc,reloc    ] GC(10) Large Pages: 0 / 0M, Empty: 0M, Relocated: 0M, In-Place: 0
[2026-01-15T01:35:41.454+0530][11.543s][info][gc,reloc    ] GC(10) Forwarding Usage: 0M
[2026-01-15T01:35:41.454+0530][11.543s][info][gc,heap     ] GC(10) Min Capacity: 512M(100%)
[2026-01-15T01:35:41.454+0530][11.543s][info][gc,heap     ] GC(10) Max Capacity: 512M(100%)
[2026-01-15T01:35:41.454+0530][11.543s][info][gc,heap     ] GC(10) Soft Max Capacity: 512M(100%)
[2026-01-15T01:35:41.454+0530][11.543s][info][gc,heap     ] GC(10)                Mark Start          Mark End        Relocate Start      Relocate End           High               Low         
[2026-01-15T01:35:41.454+0530][11.543s][info][gc,heap     ] GC(10)  Capacity:      512M (100%)        512M (100%)        512M (100%)        512M (100%)        512M (100%)        512M (100%)   
[2026-01-15T01:35:41.454+0530][11.543s][info][gc,heap     ] GC(10)      Free:      286M (56%)         286M (56%)         478M (93%)         478M (93%)         478M (93%)         286M (56%)    
[2026-01-15T01:35:41.454+0530][11.543s][info][gc,heap     ] GC(10)      Used:      226M (44%)         226M (44%)          34M (7%)           34M (7%)          226M (44%)          34M (7%)     
[2026-01-15T01:35:41.454+0530][11.543s][info][gc,heap     ] GC(10)      Live:         -                21M (4%)           21M (4%)           21M (4%)             -                  -          
[2026-01-15T01:35:41.454+0530][11.543s][info][gc,heap     ] GC(10) Allocated:         -                 0M (0%)            0M (0%)            0M (0%)             -                  -          
[2026-01-15T01:35:41.454+0530][11.543s][info][gc,heap     ] GC(10)   Garbage:         -               204M (40%)          12M (3%)           12M (3%)             -                  -          
[2026-01-15T01:35:41.454+0530][11.543s][info][gc,heap     ] GC(10) Reclaimed:         -                  -               192M (38%)         192M (38%)            -                  -          
[2026-01-15T01:35:41.454+0530][11.543s][info][gc          ] GC(10) Garbage Collection (Proactive) 226M(44%)->34M(7%)
[2026-01-15T01:35:42.635+0530][12.721s][info][gc,start    ] GC(11) Garbage Collection (Proactive)
[2026-01-15T01:35:42.635+0530][12.721s][info][gc,task     ] GC(11) Using 2 workers
[2026-01-15T01:35:42.635+0530][12.721s][info][gc,phases   ] GC(11) Pause Mark Start 0.010ms
[2026-01-15T01:35:42.651+0530][12.736s][info][gc,phases   ] GC(11) Concurrent Mark 15.295ms
[2026-01-15T01:35:42.651+0530][12.737s][info][gc,phases   ] GC(11) Pause Mark End 0.024ms
[2026-01-15T01:35:42.651+0530][12.737s][info][gc,phases   ] GC(11) Concurrent Mark Free 0.001ms
[2026-01-15T01:35:42.651+0530][12.737s][info][gc,phases   ] GC(11) Concurrent Process Non-Strong References 0.371ms
[2026-01-15T01:35:42.651+0530][12.737s][info][gc,phases   ] GC(11) Concurrent Reset Relocation Set 0.001ms
[2026-01-15T01:35:42.653+0530][12.740s][info][gc,phases   ] GC(11) Concurrent Select Relocation Set 2.441ms
[2026-01-15T01:35:42.653+0530][12.740s][info][gc,phases   ] GC(11) Pause Relocate Start 0.012ms
[2026-01-15T01:35:42.653+0530][12.740s][info][gc,phases   ] GC(11) Concurrent Relocate 0.022ms
[2026-01-15T01:35:42.653+0530][12.740s][info][gc,load     ] GC(11) Load: 0.00/0.00/0.00
[2026-01-15T01:35:42.653+0530][12.740s][info][gc,mmu      ] GC(11) MMU: 2ms/98.7%, 5ms/99.3%, 10ms/99.6%, 20ms/99.8%, 50ms/99.9%, 100ms/100.0%
[2026-01-15T01:35:42.653+0530][12.740s][info][gc,marking  ] GC(11) Mark: 2 stripe(s), 1 proactive flush(es), 1 terminate flush(es), 0 completion(s), 0 continuation(s) 
[2026-01-15T01:35:42.653+0530][12.740s][info][gc,marking  ] GC(11) Mark Stack Usage: 32M
[2026-01-15T01:35:42.653+0530][12.740s][info][gc,nmethod  ] GC(11) NMethods: 210 registered, 4 unregistered
[2026-01-15T01:35:42.653+0530][12.740s][info][gc,metaspace] GC(11) Metaspace: 5M used, 6M committed, 1088M reserved
[2026-01-15T01:35:42.653+0530][12.740s][info][gc,ref      ] GC(11) Soft: 31 encountered, 0 discovered, 0 enqueued
[2026-01-15T01:35:42.653+0530][12.740s][info][gc,ref      ] GC(11) Weak: 91 encountered, 1 discovered, 0 enqueued
[2026-01-15T01:35:42.653+0530][12.740s][info][gc,ref      ] GC(11) Final: 0 encountered, 0 discovered, 0 enqueued
[2026-01-15T01:35:42.653+0530][12.740s][info][gc,ref      ] GC(11) Phantom: 1 encountered, 1 discovered, 0 enqueued
[2026-01-15T01:35:42.653+0530][12.740s][info][gc,reloc    ] GC(11) Small Pages: 1 / 2M, Empty: 0M, Relocated: 0M, In-Place: 0
[2026-01-15T01:35:42.653+0530][12.740s][info][gc,reloc    ] GC(11) Medium Pages: 15 / 240M, Empty: 192M, Relocated: 0M, In-Place: 0
[2026-01-15T01:35:42.653+0530][12.740s][info][gc,reloc    ] GC(11) Large Pages: 0 / 0M, Empty: 0M, Relocated: 0M, In-Place: 0
[2026-01-15T01:35:42.653+0530][12.740s][info][gc,reloc    ] GC(11) Forwarding Usage: 0M
[2026-01-15T01:35:42.653+0530][12.740s][info][gc,heap     ] GC(11) Min Capacity: 512M(100%)
[2026-01-15T01:35:42.653+0530][12.740s][info][gc,heap     ] GC(11) Max Capacity: 512M(100%)
[2026-01-15T01:35:42.653+0530][12.740s][info][gc,heap     ] GC(11) Soft Max Capacity: 512M(100%)
[2026-01-15T01:35:42.653+0530][12.740s][info][gc,heap     ] GC(11)                Mark Start          Mark End        Relocate Start      Relocate End           High               Low         
[2026-01-15T01:35:42.653+0530][12.740s][info][gc,heap     ] GC(11)  Capacity:      512M (100%)        512M (100%)        512M (100%)        512M (100%)        512M (100%)        512M (100%)   
[2026-01-15T01:35:42.653+0530][12.740s][info][gc,heap     ] GC(11)      Free:      270M (53%)         270M (53%)         446M (87%)         446M (87%)         446M (87%)         254M (50%)    
[2026-01-15T01:35:42.653+0530][12.740s][info][gc,heap     ] GC(11)      Used:      242M (47%)         242M (47%)          66M (13%)          66M (13%)         258M (50%)          66M (13%)    
[2026-01-15T01:35:42.653+0530][12.740s][info][gc,heap     ] GC(11)      Live:         -                31M (6%)           31M (6%)           31M (6%)             -                  -          
[2026-01-15T01:35:42.653+0530][12.740s][info][gc,heap     ] GC(11) Allocated:         -                 0M (0%)           16M (3%)           16M (3%)             -                  -          
[2026-01-15T01:35:42.653+0530][12.740s][info][gc,heap     ] GC(11)   Garbage:         -               210M (41%)          18M (4%)           18M (4%)             -                  -          
[2026-01-15T01:35:42.653+0530][12.740s][info][gc,heap     ] GC(11) Reclaimed:         -                  -               192M (38%)         192M (38%)            -                  -          
[2026-01-15T01:35:42.653+0530][12.740s][info][gc          ] GC(11) Garbage Collection (Proactive) 242M(47%)->66M(13%)
[2026-01-15T01:35:43.737+0530][13.822s][info][gc,start    ] GC(12) Garbage Collection (Proactive)
[2026-01-15T01:35:43.737+0530][13.822s][info][gc,task     ] GC(12) Using 2 workers
[2026-01-15T01:35:43.737+0530][13.822s][info][gc,phases   ] GC(12) Pause Mark Start 0.014ms
[2026-01-15T01:35:43.751+0530][13.837s][info][gc,phases   ] GC(12) Concurrent Mark 14.388ms
[2026-01-15T01:35:43.758+0530][13.845s][info][gc,phases   ] GC(12) Pause Mark End 0.016ms
[2026-01-15T01:35:43.758+0530][13.845s][info][gc,phases   ] GC(12) Concurrent Mark Free 0.001ms
[2026-01-15T01:35:43.758+0530][13.845s][info][gc,phases   ] GC(12) Concurrent Process Non-Strong References 0.358ms
[2026-01-15T01:35:43.758+0530][13.845s][info][gc,phases   ] GC(12) Concurrent Reset Relocation Set 0.000ms
[2026-01-15T01:35:43.758+0530][13.846s][info][gc,phases   ] GC(12) Concurrent Select Relocation Set 1.140ms
[2026-01-15T01:35:43.761+0530][13.846s][info][gc,phases   ] GC(12) Pause Relocate Start 0.006ms
[2026-01-15T01:35:43.761+0530][13.846s][info][gc,phases   ] GC(12) Concurrent Relocate 0.081ms
[2026-01-15T01:35:43.761+0530][13.846s][info][gc,load     ] GC(12) Load: 0.00/0.00/0.00
[2026-01-15T01:35:43.761+0530][13.846s][info][gc,mmu      ] GC(12) MMU: 2ms/98.7%, 5ms/99.3%, 10ms/99.6%, 20ms/99.8%, 50ms/99.9%, 100ms/100.0%
[2026-01-15T01:35:43.761+0530][13.846s][info][gc,marking  ] GC(12) Mark: 2 stripe(s), 1 proactive flush(es), 1 terminate flush(es), 0 completion(s), 0 continuation(s) 
[2026-01-15T01:35:43.761+0530][13.847s][info][gc,marking  ] GC(12) Mark Stack Usage: 32M
[2026-01-15T01:35:43.761+0530][13.847s][info][gc,nmethod  ] GC(12) NMethods: 210 registered, 4 unregistered
[2026-01-15T01:35:43.761+0530][13.847s][info][gc,metaspace] GC(12) Metaspace: 5M used, 6M committed, 1088M reserved
[2026-01-15T01:35:43.761+0530][13.847s][info][gc,ref      ] GC(12) Soft: 31 encountered, 0 discovered, 0 enqueued
[2026-01-15T01:35:43.761+0530][13.847s][info][gc,ref      ] GC(12) Weak: 91 encountered, 1 discovered, 0 enqueued
[2026-01-15T01:35:43.761+0530][13.847s][info][gc,ref      ] GC(12) Final: 0 encountered, 0 discovered, 0 enqueued
[2026-01-15T01:35:43.761+0530][13.847s][info][gc,ref      ] GC(12) Phantom: 1 encountered, 1 discovered, 0 enqueued
[2026-01-15T01:35:43.761+0530][13.847s][info][gc,reloc    ] GC(12) Small Pages: 1 / 2M, Empty: 0M, Relocated: 0M, In-Place: 0
[2026-01-15T01:35:43.761+0530][13.847s][info][gc,reloc    ] GC(12) Medium Pages: 15 / 240M, Empty: 208M, Relocated: 0M, In-Place: 0
[2026-01-15T01:35:43.761+0530][13.847s][info][gc,reloc    ] GC(12) Large Pages: 0 / 0M, Empty: 0M, Relocated: 0M, In-Place: 0
[2026-01-15T01:35:43.761+0530][13.847s][info][gc,reloc    ] GC(12) Forwarding Usage: 0M
[2026-01-15T01:35:43.761+0530][13.847s][info][gc,heap     ] GC(12) Min Capacity: 512M(100%)
[2026-01-15T01:35:43.761+0530][13.847s][info][gc,heap     ] GC(12) Max Capacity: 512M(100%)
[2026-01-15T01:35:43.761+0530][13.847s][info][gc,heap     ] GC(12) Soft Max Capacity: 512M(100%)
[2026-01-15T01:35:43.761+0530][13.847s][info][gc,heap     ] GC(12)                Mark Start          Mark End        Relocate Start      Relocate End           High               Low         
[2026-01-15T01:35:43.761+0530][13.847s][info][gc,heap     ] GC(12)  Capacity:      512M (100%)        512M (100%)        512M (100%)        512M (100%)        512M (100%)        512M (100%)   
[2026-01-15T01:35:43.761+0530][13.847s][info][gc,heap     ] GC(12)      Free:      270M (53%)         254M (50%)         462M (90%)         462M (90%)         462M (90%)         254M (50%)    
[2026-01-15T01:35:43.761+0530][13.847s][info][gc,heap     ] GC(12)      Used:      242M (47%)         258M (50%)          50M (10%)          50M (10%)         258M (50%)          50M (10%)    
[2026-01-15T01:35:43.761+0530][13.847s][info][gc,heap     ] GC(12)      Live:         -                31M (6%)           31M (6%)           31M (6%)             -                  -          
[2026-01-15T01:35:43.761+0530][13.847s][info][gc,heap     ] GC(12) Allocated:         -                16M (3%)           16M (3%)           16M (3%)             -                  -          
[2026-01-15T01:35:43.761+0530][13.847s][info][gc,heap     ] GC(12)   Garbage:         -               210M (41%)           2M (1%)            2M (1%)             -                  -          
[2026-01-15T01:35:43.761+0530][13.847s][info][gc,heap     ] GC(12) Reclaimed:         -                  -               208M (41%)         208M (41%)            -                  -          
[2026-01-15T01:35:43.761+0530][13.847s][info][gc          ] GC(12) Garbage Collection (Proactive) 242M(47%)->50M(10%)
[2026-01-15T01:35:45.433+0530][15.519s][info][gc,start    ] GC(13) Garbage Collection (Proactive)
[2026-01-15T01:35:45.433+0530][15.519s][info][gc,task     ] GC(13) Using 2 workers
[2026-01-15T01:35:45.433+0530][15.519s][info][gc,phases   ] GC(13) Pause Mark Start 0.009ms
[2026-01-15T01:35:45.449+0530][15.534s][info][gc,phases   ] GC(13) Concurrent Mark 15.314ms
[2026-01-15T01:35:45.449+0530][15.535s][info][gc,phases   ] GC(13) Pause Mark End 0.017ms
[2026-01-15T01:35:45.449+0530][15.535s][info][gc,phases   ] GC(13) Concurrent Mark Free 0.001ms
[2026-01-15T01:35:45.449+0530][15.535s][info][gc,phases   ] GC(13) Concurrent Process Non-Strong References 0.535ms
[2026-01-15T01:35:45.449+0530][15.535s][info][gc,phases   ] GC(13) Concurrent Reset Relocation Set 0.000ms
[2026-01-15T01:35:45.451+0530][15.539s][info][gc,phases   ] GC(13) Concurrent Select Relocation Set 3.156ms
[2026-01-15T01:35:45.451+0530][15.539s][info][gc,phases   ] GC(13) Pause Relocate Start 0.010ms
[2026-01-15T01:35:45.451+0530][15.539s][info][gc,phases   ] GC(13) Concurrent Relocate 0.080ms
[2026-01-15T01:35:45.451+0530][15.539s][info][gc,load     ] GC(13) Load: 0.00/0.00/0.00
[2026-01-15T01:35:45.451+0530][15.539s][info][gc,mmu      ] GC(13) MMU: 2ms/98.7%, 5ms/99.3%, 10ms/99.6%, 20ms/99.8%, 50ms/99.9%, 100ms/100.0%
[2026-01-15T01:35:45.451+0530][15.539s][info][gc,marking  ] GC(13) Mark: 2 stripe(s), 1 proactive flush(es), 1 terminate flush(es), 0 completion(s), 0 continuation(s) 
[2026-01-15T01:35:45.451+0530][15.539s][info][gc,marking  ] GC(13) Mark Stack Usage: 32M
[2026-01-15T01:35:45.451+0530][15.539s][info][gc,nmethod  ] GC(13) NMethods: 210 registered, 4 unregistered
[2026-01-15T01:35:45.451+0530][15.539s][info][gc,metaspace] GC(13) Metaspace: 5M used, 6M committed, 1088M reserved
[2026-01-15T01:35:45.451+0530][15.539s][info][gc,ref      ] GC(13) Soft: 31 encountered, 0 discovered, 0 enqueued
[2026-01-15T01:35:45.451+0530][15.539s][info][gc,ref      ] GC(13) Weak: 91 encountered, 0 discovered, 0 enqueued
[2026-01-15T01:35:45.451+0530][15.539s][info][gc,ref      ] GC(13) Final: 0 encountered, 0 discovered, 0 enqueued
[2026-01-15T01:35:45.451+0530][15.539s][info][gc,ref      ] GC(13) Phantom: 1 encountered, 0 discovered, 0 enqueued
[2026-01-15T01:35:45.451+0530][15.539s][info][gc,reloc    ] GC(13) Small Pages: 1 / 2M, Empty: 0M, Relocated: 0M, In-Place: 0
[2026-01-15T01:35:45.451+0530][15.539s][info][gc,reloc    ] GC(13) Medium Pages: 21 / 336M, Empty: 320M, Relocated: 0M, In-Place: 0
[2026-01-15T01:35:45.451+0530][15.539s][info][gc,reloc    ] GC(13) Large Pages: 0 / 0M, Empty: 0M, Relocated: 0M, In-Place: 0
[2026-01-15T01:35:45.451+0530][15.539s][info][gc,reloc    ] GC(13) Forwarding Usage: 0M
[2026-01-15T01:35:45.451+0530][15.539s][info][gc,heap     ] GC(13) Min Capacity: 512M(100%)
[2026-01-15T01:35:45.451+0530][15.539s][info][gc,heap     ] GC(13) Max Capacity: 512M(100%)
[2026-01-15T01:35:45.451+0530][15.539s][info][gc,heap     ] GC(13) Soft Max Capacity: 512M(100%)
[2026-01-15T01:35:45.451+0530][15.539s][info][gc,heap     ] GC(13)                Mark Start          Mark End        Relocate Start      Relocate End           High               Low         
[2026-01-15T01:35:45.451+0530][15.539s][info][gc,heap     ] GC(13)  Capacity:      512M (100%)        512M (100%)        512M (100%)        512M (100%)        512M (100%)        512M (100%)   
[2026-01-15T01:35:45.451+0530][15.539s][info][gc,heap     ] GC(13)      Free:      174M (34%)         174M (34%)         494M (96%)         494M (96%)         494M (96%)         174M (34%)    
[2026-01-15T01:35:45.451+0530][15.539s][info][gc,heap     ] GC(13)      Used:      338M (66%)         338M (66%)          18M (4%)           18M (4%)          338M (66%)          18M (4%)     
[2026-01-15T01:35:45.451+0530][15.539s][info][gc,heap     ] GC(13)      Live:         -                11M (2%)           11M (2%)           11M (2%)             -                  -          
[2026-01-15T01:35:45.451+0530][15.539s][info][gc,heap     ] GC(13) Allocated:         -                 0M (0%)            0M (0%)            0M (0%)             -                  -          
[2026-01-15T01:35:45.451+0530][15.539s][info][gc,heap     ] GC(13)   Garbage:         -               326M (64%)           6M (1%)            6M (1%)             -                  -          
[2026-01-15T01:35:45.451+0530][15.539s][info][gc,heap     ] GC(13) Reclaimed:         -                  -               320M (62%)         320M (62%)            -                  -          
[2026-01-15T01:35:45.451+0530][15.539s][info][gc          ] GC(13) Garbage Collection (Proactive) 338M(66%)->18M(4%)
[2026-01-15T01:35:46.939+0530][17.024s][info][gc,start    ] GC(14) Garbage Collection (Proactive)
[2026-01-15T01:35:46.939+0530][17.024s][info][gc,task     ] GC(14) Using 2 workers
[2026-01-15T01:35:46.939+0530][17.024s][info][gc,phases   ] GC(14) Pause Mark Start 0.006ms
[2026-01-15T01:35:46.955+0530][17.040s][info][gc,phases   ] GC(14) Concurrent Mark 15.693ms
[2026-01-15T01:35:46.955+0530][17.040s][info][gc,phases   ] GC(14) Pause Mark End 0.019ms
[2026-01-15T01:35:46.955+0530][17.040s][info][gc,phases   ] GC(14) Concurrent Mark Free 0.001ms
[2026-01-15T01:35:46.955+0530][17.041s][info][gc,phases   ] GC(14) Concurrent Process Non-Strong References 0.605ms
[2026-01-15T01:35:46.955+0530][17.041s][info][gc,phases   ] GC(14) Concurrent Reset Relocation Set 0.001ms
[2026-01-15T01:35:46.955+0530][17.043s][info][gc,phases   ] GC(14) Concurrent Select Relocation Set 1.573ms
[2026-01-15T01:35:46.955+0530][17.043s][info][gc,phases   ] GC(14) Pause Relocate Start 0.006ms
[2026-01-15T01:35:46.955+0530][17.043s][info][gc,phases   ] GC(14) Concurrent Relocate 0.644ms
[2026-01-15T01:35:46.955+0530][17.043s][info][gc,load     ] GC(14) Load: 0.00/0.00/0.00
[2026-01-15T01:35:46.955+0530][17.043s][info][gc,mmu      ] GC(14) MMU: 2ms/98.7%, 5ms/99.3%, 10ms/99.6%, 20ms/99.8%, 50ms/99.9%, 100ms/100.0%
[2026-01-15T01:35:46.955+0530][17.043s][info][gc,marking  ] GC(14) Mark: 2 stripe(s), 1 proactive flush(es), 1 terminate flush(es), 0 completion(s), 0 continuation(s) 
[2026-01-15T01:35:46.955+0530][17.043s][info][gc,marking  ] GC(14) Mark Stack Usage: 32M
[2026-01-15T01:35:46.955+0530][17.043s][info][gc,nmethod  ] GC(14) NMethods: 214 registered, 4 unregistered
[2026-01-15T01:35:46.955+0530][17.043s][info][gc,metaspace] GC(14) Metaspace: 5M used, 6M committed, 1088M reserved
[2026-01-15T01:35:46.955+0530][17.043s][info][gc,ref      ] GC(14) Soft: 31 encountered, 0 discovered, 0 enqueued
[2026-01-15T01:35:46.955+0530][17.043s][info][gc,ref      ] GC(14) Weak: 91 encountered, 1 discovered, 0 enqueued
[2026-01-15T01:35:46.955+0530][17.043s][info][gc,ref      ] GC(14) Final: 0 encountered, 0 discovered, 0 enqueued
[2026-01-15T01:35:46.955+0530][17.043s][info][gc,ref      ] GC(14) Phantom: 1 encountered, 1 discovered, 0 enqueued
[2026-01-15T01:35:46.955+0530][17.043s][info][gc,reloc    ] GC(14) Small Pages: 2 / 4M, Empty: 0M, Relocated: 1M, In-Place: 0
[2026-01-15T01:35:46.955+0530][17.043s][info][gc,reloc    ] GC(14) Medium Pages: 17 / 272M, Empty: 256M, Relocated: 0M, In-Place: 0
[2026-01-15T01:35:46.955+0530][17.043s][info][gc,reloc    ] GC(14) Large Pages: 0 / 0M, Empty: 0M, Relocated: 0M, In-Place: 0
[2026-01-15T01:35:46.955+0530][17.043s][info][gc,reloc    ] GC(14) Forwarding Usage: 0M
[2026-01-15T01:35:46.955+0530][17.043s][info][gc,heap     ] GC(14) Min Capacity: 512M(100%)
[2026-01-15T01:35:46.955+0530][17.043s][info][gc,heap     ] GC(14) Max Capacity: 512M(100%)
[2026-01-15T01:35:46.955+0530][17.044s][info][gc,heap     ] GC(14) Soft Max Capacity: 512M(100%)
[2026-01-15T01:35:46.955+0530][17.044s][info][gc,heap     ] GC(14)                Mark Start          Mark End        Relocate Start      Relocate End           High               Low         
[2026-01-15T01:35:46.955+0530][17.044s][info][gc,heap     ] GC(14)  Capacity:      512M (100%)        512M (100%)        512M (100%)        512M (100%)        512M (100%)        512M (100%)   
[2026-01-15T01:35:46.955+0530][17.044s][info][gc,heap     ] GC(14)      Free:      236M (46%)         236M (46%)         492M (96%)         494M (96%)         494M (96%)         236M (46%)    
[2026-01-15T01:35:46.955+0530][17.044s][info][gc,heap     ] GC(14)      Used:      276M (54%)         276M (54%)          20M (4%)           18M (4%)          276M (54%)          18M (4%)     
[2026-01-15T01:35:46.955+0530][17.044s][info][gc,heap     ] GC(14)      Live:         -                11M (2%)           11M (2%)           11M (2%)             -                  -          
[2026-01-15T01:35:46.955+0530][17.044s][info][gc,heap     ] GC(14) Allocated:         -                 0M (0%)            0M (0%)            0M (0%)             -                  -          
[2026-01-15T01:35:46.955+0530][17.044s][info][gc,heap     ] GC(14)   Garbage:         -               264M (52%)           8M (2%)            6M (1%)             -                  -          
[2026-01-15T01:35:46.955+0530][17.044s][info][gc,heap     ] GC(14) Reclaimed:         -                  -               256M (50%)         258M (50%)            -                  -          
[2026-01-15T01:35:46.955+0530][17.044s][info][gc          ] GC(14) Garbage Collection (Proactive) 276M(54%)->18M(4%)
[2026-01-15T01:35:48.332+0530][18.418s][info][gc,start    ] GC(15) Garbage Collection (Proactive)
[2026-01-15T01:35:48.332+0530][18.418s][info][gc,task     ] GC(15) Using 2 workers
[2026-01-15T01:35:48.332+0530][18.418s][info][gc,phases   ] GC(15) Pause Mark Start 0.010ms
[2026-01-15T01:35:48.348+0530][18.434s][info][gc,phases   ] GC(15) Concurrent Mark 15.730ms
[2026-01-15T01:35:48.348+0530][18.434s][info][gc,phases   ] GC(15) Pause Mark End 0.014ms
[2026-01-15T01:35:48.348+0530][18.434s][info][gc,phases   ] GC(15) Concurrent Mark Free 0.001ms
[2026-01-15T01:35:48.348+0530][18.435s][info][gc,phases   ] GC(15) Concurrent Process Non-Strong References 0.711ms
[2026-01-15T01:35:48.348+0530][18.435s][info][gc,phases   ] GC(15) Concurrent Reset Relocation Set 0.001ms
[2026-01-15T01:35:48.351+0530][18.437s][info][gc,phases   ] GC(15) Concurrent Select Relocation Set 1.779ms
[2026-01-15T01:35:48.351+0530][18.437s][info][gc,phases   ] GC(15) Pause Relocate Start 0.009ms
[2026-01-15T01:35:48.351+0530][18.437s][info][gc,phases   ] GC(15) Concurrent Relocate 0.037ms
[2026-01-15T01:35:48.351+0530][18.437s][info][gc,load     ] GC(15) Load: 0.00/0.00/0.00
[2026-01-15T01:35:48.351+0530][18.437s][info][gc,mmu      ] GC(15) MMU: 2ms/98.7%, 5ms/99.3%, 10ms/99.6%, 20ms/99.8%, 50ms/99.9%, 100ms/100.0%
[2026-01-15T01:35:48.351+0530][18.437s][info][gc,marking  ] GC(15) Mark: 2 stripe(s), 1 proactive flush(es), 1 terminate flush(es), 0 completion(s), 0 continuation(s) 
[2026-01-15T01:35:48.351+0530][18.437s][info][gc,marking  ] GC(15) Mark Stack Usage: 32M
[2026-01-15T01:35:48.351+0530][18.437s][info][gc,nmethod  ] GC(15) NMethods: 214 registered, 4 unregistered
[2026-01-15T01:35:48.351+0530][18.437s][info][gc,metaspace] GC(15) Metaspace: 5M used, 6M committed, 1088M reserved
[2026-01-15T01:35:48.351+0530][18.437s][info][gc,ref      ] GC(15) Soft: 31 encountered, 0 discovered, 0 enqueued
[2026-01-15T01:35:48.351+0530][18.437s][info][gc,ref      ] GC(15) Weak: 91 encountered, 0 discovered, 0 enqueued
[2026-01-15T01:35:48.351+0530][18.437s][info][gc,ref      ] GC(15) Final: 0 encountered, 0 discovered, 0 enqueued
[2026-01-15T01:35:48.351+0530][18.437s][info][gc,ref      ] GC(15) Phantom: 1 encountered, 0 discovered, 0 enqueued
[2026-01-15T01:35:48.351+0530][18.437s][info][gc,reloc    ] GC(15) Small Pages: 1 / 2M, Empty: 0M, Relocated: 0M, In-Place: 0
[2026-01-15T01:35:48.351+0530][18.437s][info][gc,reloc    ] GC(15) Medium Pages: 16 / 256M, Empty: 192M, Relocated: 0M, In-Place: 0
[2026-01-15T01:35:48.351+0530][18.437s][info][gc,reloc    ] GC(15) Large Pages: 0 / 0M, Empty: 0M, Relocated: 0M, In-Place: 0
[2026-01-15T01:35:48.351+0530][18.437s][info][gc,reloc    ] GC(15) Forwarding Usage: 0M
[2026-01-15T01:35:48.351+0530][18.437s][info][gc,heap     ] GC(15) Min Capacity: 512M(100%)
[2026-01-15T01:35:48.351+0530][18.437s][info][gc,heap     ] GC(15) Max Capacity: 512M(100%)
[2026-01-15T01:35:48.351+0530][18.437s][info][gc,heap     ] GC(15) Soft Max Capacity: 512M(100%)
[2026-01-15T01:35:48.351+0530][18.437s][info][gc,heap     ] GC(15)                Mark Start          Mark End        Relocate Start      Relocate End           High               Low         
[2026-01-15T01:35:48.351+0530][18.437s][info][gc,heap     ] GC(15)  Capacity:      512M (100%)        512M (100%)        512M (100%)        512M (100%)        512M (100%)        512M (100%)   
[2026-01-15T01:35:48.351+0530][18.437s][info][gc,heap     ] GC(15)      Free:      254M (50%)         238M (46%)         430M (84%)         430M (84%)         430M (84%)         238M (46%)    
[2026-01-15T01:35:48.351+0530][18.437s][info][gc,heap     ] GC(15)      Used:      258M (50%)         274M (54%)          82M (16%)          82M (16%)         274M (54%)          82M (16%)    
[2026-01-15T01:35:48.351+0530][18.437s][info][gc,heap     ] GC(15)      Live:         -                51M (10%)          51M (10%)          51M (10%)            -                  -          
[2026-01-15T01:35:48.351+0530][18.437s][info][gc,heap     ] GC(15) Allocated:         -                16M (3%)           16M (3%)           16M (3%)             -                  -          
[2026-01-15T01:35:48.351+0530][18.437s][info][gc,heap     ] GC(15)   Garbage:         -               206M (40%)          14M (3%)           14M (3%)             -                  -          
[2026-01-15T01:35:48.351+0530][18.437s][info][gc,heap     ] GC(15) Reclaimed:         -                  -               192M (38%)         192M (38%)            -                  -          
[2026-01-15T01:35:48.351+0530][18.437s][info][gc          ] GC(15) Garbage Collection (Proactive) 258M(50%)->82M(16%)
[2026-01-15T01:35:49.528+0530][19.614s][info][gc,start    ] GC(16) Garbage Collection (Proactive)
[2026-01-15T01:35:49.528+0530][19.614s][info][gc,task     ] GC(16) Using 2 workers
[2026-01-15T01:35:49.528+0530][19.614s][info][gc,phases   ] GC(16) Pause Mark Start 0.007ms
[2026-01-15T01:35:49.544+0530][19.629s][info][gc,phases   ] GC(16) Concurrent Mark 15.706ms
[2026-01-15T01:35:49.544+0530][19.630s][info][gc,phases   ] GC(16) Pause Mark End 0.019ms
[2026-01-15T01:35:49.544+0530][19.630s][info][gc,phases   ] GC(16) Concurrent Mark Free 0.001ms
[2026-01-15T01:35:49.545+0530][19.630s][info][gc,phases   ] GC(16) Concurrent Process Non-Strong References 0.436ms
[2026-01-15T01:35:49.545+0530][19.630s][info][gc,phases   ] GC(16) Concurrent Reset Relocation Set 0.001ms
[2026-01-15T01:35:49.545+0530][19.633s][info][gc,phases   ] GC(16) Concurrent Select Relocation Set 2.856ms
[2026-01-15T01:35:49.545+0530][19.633s][info][gc,phases   ] GC(16) Pause Relocate Start 0.007ms
[2026-01-15T01:35:49.545+0530][19.634s][info][gc,phases   ] GC(16) Concurrent Relocate 0.912ms
[2026-01-15T01:35:49.545+0530][19.634s][info][gc,load     ] GC(16) Load: 0.00/0.00/0.00
[2026-01-15T01:35:49.545+0530][19.634s][info][gc,mmu      ] GC(16) MMU: 2ms/98.7%, 5ms/99.3%, 10ms/99.6%, 20ms/99.8%, 50ms/99.9%, 100ms/100.0%
[2026-01-15T01:35:49.545+0530][19.634s][info][gc,marking  ] GC(16) Mark: 2 stripe(s), 1 proactive flush(es), 1 terminate flush(es), 0 completion(s), 0 continuation(s) 
[2026-01-15T01:35:49.545+0530][19.634s][info][gc,marking  ] GC(16) Mark Stack Usage: 32M
[2026-01-15T01:35:49.545+0530][19.634s][info][gc,nmethod  ] GC(16) NMethods: 214 registered, 4 unregistered
[2026-01-15T01:35:49.545+0530][19.634s][info][gc,metaspace] GC(16) Metaspace: 5M used, 6M committed, 1088M reserved
[2026-01-15T01:35:49.545+0530][19.634s][info][gc,ref      ] GC(16) Soft: 31 encountered, 0 discovered, 0 enqueued
[2026-01-15T01:35:49.545+0530][19.634s][info][gc,ref      ] GC(16) Weak: 91 encountered, 0 discovered, 0 enqueued
[2026-01-15T01:35:49.545+0530][19.634s][info][gc,ref      ] GC(16) Final: 0 encountered, 0 discovered, 0 enqueued
[2026-01-15T01:35:49.545+0530][19.634s][info][gc,ref      ] GC(16) Phantom: 1 encountered, 0 discovered, 0 enqueued
[2026-01-15T01:35:49.545+0530][19.634s][info][gc,reloc    ] GC(16) Small Pages: 1 / 2M, Empty: 0M, Relocated: 0M, In-Place: 0
[2026-01-15T01:35:49.545+0530][19.634s][info][gc,reloc    ] GC(16) Medium Pages: 18 / 288M, Empty: 256M, Relocated: 10M, In-Place: 0
[2026-01-15T01:35:49.545+0530][19.634s][info][gc,reloc    ] GC(16) Large Pages: 0 / 0M, Empty: 0M, Relocated: 0M, In-Place: 0
[2026-01-15T01:35:49.545+0530][19.634s][info][gc,reloc    ] GC(16) Forwarding Usage: 0M
[2026-01-15T01:35:49.545+0530][19.634s][info][gc,heap     ] GC(16) Min Capacity: 512M(100%)
[2026-01-15T01:35:49.545+0530][19.634s][info][gc,heap     ] GC(16) Max Capacity: 512M(100%)
[2026-01-15T01:35:49.545+0530][19.634s][info][gc,heap     ] GC(16) Soft Max Capacity: 512M(100%)
[2026-01-15T01:35:49.545+0530][19.634s][info][gc,heap     ] GC(16)                Mark Start          Mark End        Relocate Start      Relocate End           High               Low         
[2026-01-15T01:35:49.545+0530][19.634s][info][gc,heap     ] GC(16)  Capacity:      512M (100%)        512M (100%)        512M (100%)        512M (100%)        512M (100%)        512M (100%)   
[2026-01-15T01:35:49.545+0530][19.634s][info][gc,heap     ] GC(16)      Free:      222M (43%)         222M (43%)         478M (93%)         494M (96%)         494M (96%)         222M (43%)    
[2026-01-15T01:35:49.545+0530][19.634s][info][gc,heap     ] GC(16)      Used:      290M (57%)         290M (57%)          34M (7%)           18M (4%)          290M (57%)          18M (4%)     
[2026-01-15T01:35:49.545+0530][19.634s][info][gc,heap     ] GC(16)      Live:         -                11M (2%)           11M (2%)           11M (2%)             -                  -          
[2026-01-15T01:35:49.545+0530][19.634s][info][gc,heap     ] GC(16) Allocated:         -                 0M (0%)            0M (0%)            0M (0%)             -                  -          
[2026-01-15T01:35:49.545+0530][19.634s][info][gc,heap     ] GC(16)   Garbage:         -               278M (54%)          22M (4%)            6M (1%)             -                  -          
[2026-01-15T01:35:49.545+0530][19.634s][info][gc,heap     ] GC(16) Reclaimed:         -                  -               256M (50%)         272M (53%)            -                  -          
[2026-01-15T01:35:49.545+0530][19.634s][info][gc          ] GC(16) Garbage Collection (Proactive) 290M(57%)->18M(4%)
[2026-01-15T01:35:50.034+0530][20.120s][info][gc,stats    ] === Garbage Collection Statistics =======================================================================================================================
[2026-01-15T01:35:50.034+0530][20.120s][info][gc,stats    ]                                                              Last 10s              Last 10m              Last 10h                Total
[2026-01-15T01:35:50.034+0530][20.120s][info][gc,stats    ]                                                              Avg / Max             Avg / Max             Avg / Max             Avg / Max
[2026-01-15T01:35:50.034+0530][20.120s][info][gc,stats    ]   Collector: Garbage Collection Cycle                     20.161 / 24.514       20.193 / 26.488       20.193 / 26.488       20.193 / 26.488      ms
[2026-01-15T01:35:50.034+0530][20.120s][info][gc,stats    ]  Contention: Mark Segment Reset Contention                     0 / 1                 0 / 1                 0 / 1                 0 / 1           ops/s
[2026-01-15T01:35:50.034+0530][20.120s][info][gc,stats    ]  Contention: Mark SeqNum Reset Contention                      0 / 1                 0 / 1                 0 / 1                 0 / 1           ops/s
[2026-01-15T01:35:50.034+0530][20.120s][info][gc,stats    ]    Critical: Allocation Stall                                  0 / 0                 0 / 0                 0 / 0                 0 / 0           ops/s
[2026-01-15T01:35:50.034+0530][20.120s][info][gc,stats    ]    Critical: Allocation Stall                              0.000 / 0.000         0.000 / 0.000         0.000 / 0.000         0.000 / 0.000       ms
[2026-01-15T01:35:50.034+0530][20.120s][info][gc,stats    ]    Critical: GC Locker Stall                                   0 / 0                 0 / 0                 0 / 0                 0 / 0           ops/s
[2026-01-15T01:35:50.034+0530][20.120s][info][gc,stats    ]    Critical: GC Locker Stall                               0.000 / 0.000         0.000 / 0.000         0.000 / 0.000         0.000 / 0.000       ms
[2026-01-15T01:35:50.034+0530][20.120s][info][gc,stats    ]    Critical: Relocation Stall                                  0 / 0                 0 / 0                 0 / 0                 0 / 0           ops/s
[2026-01-15T01:35:50.034+0530][20.120s][info][gc,stats    ]    Critical: Relocation Stall                              0.000 / 0.000         0.000 / 0.000         0.000 / 0.000         0.000 / 0.000       ms
[2026-01-15T01:35:50.034+0530][20.120s][info][gc,stats    ]      Memory: Allocation Rate                                 176 / 192             176 / 202             176 / 202             176 / 202         MB/s
[2026-01-15T01:35:50.034+0530][20.120s][info][gc,stats    ]      Memory: Defragment                                        0 / 0                 0 / 0                 0 / 0                 0 / 0           ops/s
[2026-01-15T01:35:50.034+0530][20.120s][info][gc,stats    ]      Memory: Out Of Memory                                     0 / 0                 0 / 0                 0 / 0                 0 / 0           ops/s
[2026-01-15T01:35:50.034+0530][20.120s][info][gc,stats    ]      Memory: Page Cache Flush                                  0 / 0                 0 / 0                 0 / 0                 0 / 0           MB/s
[2026-01-15T01:35:50.034+0530][20.120s][info][gc,stats    ]      Memory: Page Cache Hit L1                                11 / 13               10 / 13               10 / 13               10 / 13          ops/s
[2026-01-15T01:35:50.034+0530][20.120s][info][gc,stats    ]      Memory: Page Cache Hit L2                                 0 / 0                 0 / 0                 0 / 0                 0 / 0           ops/s
[2026-01-15T01:35:50.034+0530][20.120s][info][gc,stats    ]      Memory: Page Cache Hit L3                                 0 / 3                 1 / 14                1 / 14                1 / 14          ops/s
[2026-01-15T01:35:50.034+0530][20.120s][info][gc,stats    ]      Memory: Page Cache Miss                                   0 / 0                 0 / 1                 0 / 1                 0 / 1           ops/s
[2026-01-15T01:35:50.034+0530][20.120s][info][gc,stats    ]      Memory: Uncommit                                          0 / 0                 0 / 0                 0 / 0                 0 / 0           MB/s
[2026-01-15T01:35:50.034+0530][20.120s][info][gc,stats    ]      Memory: Undo Object Allocation Failed                     0 / 0                 0 / 0                 0 / 0                 0 / 0           ops/s
[2026-01-15T01:35:50.034+0530][20.120s][info][gc,stats    ]      Memory: Undo Object Allocation Succeeded                  0 / 0                 0 / 0                 0 / 0                 0 / 0           ops/s
[2026-01-15T01:35:50.034+0530][20.120s][info][gc,stats    ]      Memory: Undo Page Allocation                              0 / 0                 0 / 0                 0 / 0                 0 / 0           ops/s
[2026-01-15T01:35:50.034+0530][20.120s][info][gc,stats    ]       Phase: Concurrent Mark                              15.388 / 15.913       15.340 / 16.421       15.340 / 16.421       15.340 / 16.421      ms
[2026-01-15T01:35:50.034+0530][20.120s][info][gc,stats    ]       Phase: Concurrent Mark Continue                      0.000 / 0.000         0.000 / 0.000         0.000 / 0.000         0.000 / 0.000       ms
[2026-01-15T01:35:50.034+0530][20.120s][info][gc,stats    ]       Phase: Concurrent Mark Free                          0.001 / 0.001         0.001 / 0.002         0.001 / 0.002         0.001 / 0.002       ms
[2026-01-15T01:35:50.034+0530][20.120s][info][gc,stats    ]       Phase: Concurrent Process Non-Strong References      0.519 / 0.711         0.519 / 0.978         0.519 / 0.978         0.519 / 0.978       ms
[2026-01-15T01:35:50.034+0530][20.120s][info][gc,stats    ]       Phase: Concurrent Relocate                           0.231 / 0.912         0.510 / 3.117         0.510 / 3.117         0.510 / 3.117       ms
[2026-01-15T01:35:50.034+0530][20.120s][info][gc,stats    ]       Phase: Concurrent Reset Relocation Set               0.001 / 0.001         0.001 / 0.002         0.001 / 0.002         0.001 / 0.002       ms
[2026-01-15T01:35:50.034+0530][20.120s][info][gc,stats    ]       Phase: Concurrent Select Relocation Set              2.209 / 3.156         2.462 / 8.189         2.462 / 8.189         2.462 / 8.189       ms
[2026-01-15T01:35:50.034+0530][20.120s][info][gc,stats    ]       Phase: Pause Mark End                                0.019 / 0.024         0.018 / 0.025         0.018 / 0.025         0.018 / 0.025       ms
[2026-01-15T01:35:50.034+0530][20.120s][info][gc,stats    ]       Phase: Pause Mark Start                              0.010 / 0.014         0.011 / 0.023         0.011 / 0.023         0.011 / 0.023       ms
[2026-01-15T01:35:50.034+0530][20.120s][info][gc,stats    ]       Phase: Pause Relocate Start                          0.008 / 0.012         0.008 / 0.012         0.008 / 0.012         0.008 / 0.012       ms
[2026-01-15T01:35:50.034+0530][20.120s][info][gc,stats    ]    Subphase: Concurrent Classes Purge                      0.009 / 0.016         0.010 / 0.026         0.010 / 0.026         0.010 / 0.026       ms
[2026-01-15T01:35:50.034+0530][20.120s][info][gc,stats    ]    Subphase: Concurrent Classes Unlink                     0.192 / 0.271         0.197 / 0.306         0.197 / 0.306         0.197 / 0.306       ms
[2026-01-15T01:35:50.034+0530][20.120s][info][gc,stats    ]    Subphase: Concurrent Mark                               8.223 / 15.404        8.319 / 16.115        8.319 / 16.115        8.319 / 16.115      ms
[2026-01-15T01:35:50.034+0530][20.120s][info][gc,stats    ]    Subphase: Concurrent Mark Try Flush                     0.070 / 0.201         0.093 / 0.221         0.093 / 0.221         0.093 / 0.221       ms
[2026-01-15T01:35:50.034+0530][20.120s][info][gc,stats    ]    Subphase: Concurrent Mark Try Terminate                 4.550 / 14.706        4.477 / 14.706        4.477 / 14.706        4.477 / 14.706      ms
[2026-01-15T01:35:50.034+0530][20.120s][info][gc,stats    ]    Subphase: Concurrent References Enqueue                 0.000 / 0.001         0.001 / 0.003         0.001 / 0.003         0.001 / 0.003       ms
[2026-01-15T01:35:50.034+0530][20.120s][info][gc,stats    ]    Subphase: Concurrent References Process                 0.061 / 0.131         0.059 / 0.140         0.059 / 0.140         0.059 / 0.140       ms
[2026-01-15T01:35:50.034+0530][20.120s][info][gc,stats    ]    Subphase: Concurrent Roots ClassLoaderDataGraph         0.036 / 0.197         0.047 / 0.279         0.047 / 0.279         0.047 / 0.279       ms
[2026-01-15T01:35:50.034+0530][20.120s][info][gc,stats    ]    Subphase: Concurrent Roots CodeCache                    0.000 / 0.000         0.000 / 0.000         0.000 / 0.000         0.000 / 0.000       ms
[2026-01-15T01:35:50.034+0530][20.120s][info][gc,stats    ]    Subphase: Concurrent Roots JavaThreads                  0.148 / 0.316         0.147 / 0.435         0.147 / 0.435         0.147 / 0.435       ms
[2026-01-15T01:35:50.034+0530][20.120s][info][gc,stats    ]    Subphase: Concurrent Roots OopStorageSet                0.009 / 0.017         0.016 / 0.054         0.016 / 0.054         0.016 / 0.054       ms
[2026-01-15T01:35:50.034+0530][20.120s][info][gc,stats    ]    Subphase: Concurrent Weak Roots OopStorageSet           0.100 / 0.290         0.106 / 0.417         0.106 / 0.417         0.106 / 0.417       ms
[2026-01-15T01:35:50.034+0530][20.120s][info][gc,stats    ]    Subphase: Pause Mark Try Complete                       0.000 / 0.000         0.000 / 0.000         0.000 / 0.000         0.000 / 0.000       ms
[2026-01-15T01:35:50.034+0530][20.120s][info][gc,stats    ]      System: Java Threads                                     11 / 11               11 / 12               11 / 12               11 / 12          threads
[2026-01-15T01:35:50.034+0530][20.120s][info][gc,stats    ] =========================================================================================================================================================
[2026-01-15T01:35:50.731+0530][20.817s][info][gc,start    ] GC(17) Garbage Collection (Proactive)
[2026-01-15T01:35:50.731+0530][20.817s][info][gc,task     ] GC(17) Using 2 workers
[2026-01-15T01:35:50.731+0530][20.817s][info][gc,phases   ] GC(17) Pause Mark Start 0.023ms
[2026-01-15T01:35:50.747+0530][20.832s][info][gc,phases   ] GC(17) Concurrent Mark 14.938ms
[2026-01-15T01:35:50.747+0530][20.832s][info][gc,phases   ] GC(17) Pause Mark End 0.017ms
[2026-01-15T01:35:50.747+0530][20.832s][info][gc,phases   ] GC(17) Concurrent Mark Free 0.001ms
[2026-01-15T01:35:50.747+0530][20.833s][info][gc,phases   ] GC(17) Concurrent Process Non-Strong References 0.584ms
[2026-01-15T01:35:50.747+0530][20.833s][info][gc,phases   ] GC(17) Concurrent Reset Relocation Set 0.001ms
[2026-01-15T01:35:50.751+0530][20.836s][info][gc,phases   ] GC(17) Concurrent Select Relocation Set 3.183ms
[2026-01-15T01:35:50.751+0530][20.836s][info][gc,phases   ] GC(17) Pause Relocate Start 0.007ms
[2026-01-15T01:35:50.751+0530][20.836s][info][gc,phases   ] GC(17) Concurrent Relocate 0.069ms
[2026-01-15T01:35:50.751+0530][20.836s][info][gc,load     ] GC(17) Load: 0.00/0.00/0.00
[2026-01-15T01:35:50.751+0530][20.836s][info][gc,mmu      ] GC(17) MMU: 2ms/98.7%, 5ms/99.3%, 10ms/99.6%, 20ms/99.8%, 50ms/99.9%, 100ms/100.0%
[2026-01-15T01:35:50.751+0530][20.836s][info][gc,marking  ] GC(17) Mark: 2 stripe(s), 1 proactive flush(es), 1 terminate flush(es), 0 completion(s), 0 continuation(s) 
[2026-01-15T01:35:50.751+0530][20.836s][info][gc,marking  ] GC(17) Mark Stack Usage: 32M
[2026-01-15T01:35:50.751+0530][20.836s][info][gc,nmethod  ] GC(17) NMethods: 214 registered, 4 unregistered
[2026-01-15T01:35:50.751+0530][20.836s][info][gc,metaspace] GC(17) Metaspace: 5M used, 6M committed, 1088M reserved
[2026-01-15T01:35:50.751+0530][20.836s][info][gc,ref      ] GC(17) Soft: 31 encountered, 0 discovered, 0 enqueued
[2026-01-15T01:35:50.751+0530][20.836s][info][gc,ref      ] GC(17) Weak: 91 encountered, 1 discovered, 0 enqueued
[2026-01-15T01:35:50.751+0530][20.836s][info][gc,ref      ] GC(17) Final: 0 encountered, 0 discovered, 0 enqueued
[2026-01-15T01:35:50.751+0530][20.836s][info][gc,ref      ] GC(17) Phantom: 1 encountered, 1 discovered, 0 enqueued
[2026-01-15T01:35:50.751+0530][20.836s][info][gc,reloc    ] GC(17) Small Pages: 1 / 2M, Empty: 0M, Relocated: 0M, In-Place: 0
[2026-01-15T01:35:50.751+0530][20.836s][info][gc,reloc    ] GC(17) Medium Pages: 15 / 240M, Empty: 192M, Relocated: 0M, In-Place: 0
[2026-01-15T01:35:50.751+0530][20.836s][info][gc,reloc    ] GC(17) Large Pages: 0 / 0M, Empty: 0M, Relocated: 0M, In-Place: 0
[2026-01-15T01:35:50.751+0530][20.836s][info][gc,reloc    ] GC(17) Forwarding Usage: 0M
[2026-01-15T01:35:50.751+0530][20.836s][info][gc,heap     ] GC(17) Min Capacity: 512M(100%)
[2026-01-15T01:35:50.751+0530][20.836s][info][gc,heap     ] GC(17) Max Capacity: 512M(100%)
[2026-01-15T01:35:50.751+0530][20.836s][info][gc,heap     ] GC(17) Soft Max Capacity: 512M(100%)
[2026-01-15T01:35:50.751+0530][20.836s][info][gc,heap     ] GC(17)                Mark Start          Mark End        Relocate Start      Relocate End           High               Low         
[2026-01-15T01:35:50.751+0530][20.837s][info][gc,heap     ] GC(17)  Capacity:      512M (100%)        512M (100%)        512M (100%)        512M (100%)        512M (100%)        512M (100%)   
[2026-01-15T01:35:50.751+0530][20.837s][info][gc,heap     ] GC(17)      Free:      270M (53%)         270M (53%)         462M (90%)         462M (90%)         462M (90%)         270M (53%)    
[2026-01-15T01:35:50.751+0530][20.837s][info][gc,heap     ] GC(17)      Used:      242M (47%)         242M (47%)          50M (10%)          50M (10%)         242M (47%)          50M (10%)    
[2026-01-15T01:35:50.751+0530][20.837s][info][gc,heap     ] GC(17)      Live:         -                31M (6%)           31M (6%)           31M (6%)             -                  -          
[2026-01-15T01:35:50.751+0530][20.837s][info][gc,heap     ] GC(17) Allocated:         -                 0M (0%)            0M (0%)            0M (0%)             -                  -          
[2026-01-15T01:35:50.751+0530][20.837s][info][gc,heap     ] GC(17)   Garbage:         -               210M (41%)          18M (4%)           18M (4%)             -                  -          
[2026-01-15T01:35:50.751+0530][20.837s][info][gc,heap     ] GC(17) Reclaimed:         -                  -               192M (38%)         192M (38%)            -                  -          
[2026-01-15T01:35:50.751+0530][20.837s][info][gc          ] GC(17) Garbage Collection (Proactive) 242M(47%)->50M(10%)
[2026-01-15T01:35:51.930+0530][22.015s][info][gc,start    ] GC(18) Garbage Collection (Proactive)
[2026-01-15T01:35:51.936+0530][22.023s][info][gc,task     ] GC(18) Using 2 workers
[2026-01-15T01:35:51.936+0530][22.023s][info][gc,phases   ] GC(18) Pause Mark Start 0.009ms
[2026-01-15T01:35:51.945+0530][22.031s][info][gc,phases   ] GC(18) Concurrent Mark 7.284ms
[2026-01-15T01:35:51.945+0530][22.031s][info][gc,phases   ] GC(18) Pause Mark End 0.014ms
[2026-01-15T01:35:51.945+0530][22.031s][info][gc,phases   ] GC(18) Concurrent Mark Free 0.001ms
[2026-01-15T01:35:51.945+0530][22.032s][info][gc,phases   ] GC(18) Concurrent Process Non-Strong References 0.529ms
[2026-01-15T01:35:51.945+0530][22.032s][info][gc,phases   ] GC(18) Concurrent Reset Relocation Set 0.000ms
[2026-01-15T01:35:51.945+0530][22.033s][info][gc,phases   ] GC(18) Concurrent Select Relocation Set 1.626ms
[2026-01-15T01:35:51.945+0530][22.034s][info][gc,phases   ] GC(18) Pause Relocate Start 0.007ms
[2026-01-15T01:35:51.945+0530][22.034s][info][gc,phases   ] GC(18) Concurrent Relocate 0.077ms
[2026-01-15T01:35:51.945+0530][22.034s][info][gc,load     ] GC(18) Load: 0.00/0.00/0.00
[2026-01-15T01:35:51.945+0530][22.034s][info][gc,mmu      ] GC(18) MMU: 2ms/98.7%, 5ms/99.3%, 10ms/99.6%, 20ms/99.8%, 50ms/99.9%, 100ms/100.0%
[2026-01-15T01:35:51.945+0530][22.034s][info][gc,marking  ] GC(18) Mark: 2 stripe(s), 1 proactive flush(es), 1 terminate flush(es), 0 completion(s), 0 continuation(s) 
[2026-01-15T01:35:51.945+0530][22.034s][info][gc,marking  ] GC(18) Mark Stack Usage: 32M
[2026-01-15T01:35:51.945+0530][22.034s][info][gc,nmethod  ] GC(18) NMethods: 214 registered, 4 unregistered
[2026-01-15T01:35:51.945+0530][22.034s][info][gc,metaspace] GC(18) Metaspace: 5M used, 6M committed, 1088M reserved
[2026-01-15T01:35:51.945+0530][22.034s][info][gc,ref      ] GC(18) Soft: 31 encountered, 0 discovered, 0 enqueued
[2026-01-15T01:35:51.945+0530][22.034s][info][gc,ref      ] GC(18) Weak: 91 encountered, 0 discovered, 0 enqueued
[2026-01-15T01:35:51.945+0530][22.034s][info][gc,ref      ] GC(18) Final: 0 encountered, 0 discovered, 0 enqueued
[2026-01-15T01:35:51.945+0530][22.034s][info][gc,ref      ] GC(18) Phantom: 1 encountered, 0 discovered, 0 enqueued
[2026-01-15T01:35:51.945+0530][22.034s][info][gc,reloc    ] GC(18) Small Pages: 1 / 2M, Empty: 0M, Relocated: 0M, In-Place: 0
[2026-01-15T01:35:51.945+0530][22.034s][info][gc,reloc    ] GC(18) Medium Pages: 17 / 272M, Empty: 208M, Relocated: 0M, In-Place: 0
[2026-01-15T01:35:51.945+0530][22.034s][info][gc,reloc    ] GC(18) Large Pages: 0 / 0M, Empty: 0M, Relocated: 0M, In-Place: 0
[2026-01-15T01:35:51.945+0530][22.034s][info][gc,reloc    ] GC(18) Forwarding Usage: 0M
[2026-01-15T01:35:51.945+0530][22.034s][info][gc,heap     ] GC(18) Min Capacity: 512M(100%)
[2026-01-15T01:35:51.945+0530][22.034s][info][gc,heap     ] GC(18) Max Capacity: 512M(100%)
[2026-01-15T01:35:51.945+0530][22.034s][info][gc,heap     ] GC(18) Soft Max Capacity: 512M(100%)
[2026-01-15T01:35:51.945+0530][22.034s][info][gc,heap     ] GC(18)                Mark Start          Mark End        Relocate Start      Relocate End           High               Low         
[2026-01-15T01:35:51.945+0530][22.034s][info][gc,heap     ] GC(18)  Capacity:      512M (100%)        512M (100%)        512M (100%)        512M (100%)        512M (100%)        512M (100%)   
[2026-01-15T01:35:51.945+0530][22.034s][info][gc,heap     ] GC(18)      Free:      238M (46%)         238M (46%)         446M (87%)         446M (87%)         446M (87%)         238M (46%)    
[2026-01-15T01:35:51.945+0530][22.034s][info][gc,heap     ] GC(18)      Used:      274M (54%)         274M (54%)          66M (13%)          66M (13%)         274M (54%)          66M (13%)    
[2026-01-15T01:35:51.945+0530][22.034s][info][gc,heap     ] GC(18)      Live:         -                51M (10%)          51M (10%)          51M (10%)            -                  -          
[2026-01-15T01:35:51.945+0530][22.034s][info][gc,heap     ] GC(18) Allocated:         -                 0M (0%)            0M (0%)            0M (0%)             -                  -          
[2026-01-15T01:35:51.945+0530][22.034s][info][gc,heap     ] GC(18)   Garbage:         -               222M (44%)          14M (3%)           14M (3%)             -                  -          
[2026-01-15T01:35:51.949+0530][22.034s][info][gc,heap     ] GC(18) Reclaimed:         -                  -               208M (41%)         208M (41%)            -                  -          
[2026-01-15T01:35:51.949+0530][22.034s][info][gc          ] GC(18) Garbage Collection (Proactive) 274M(54%)->66M(13%)
[2026-01-15T01:35:53.328+0530][23.413s][info][gc,start    ] GC(19) Garbage Collection (Proactive)
[2026-01-15T01:35:53.328+0530][23.413s][info][gc,task     ] GC(19) Using 2 workers
[2026-01-15T01:35:53.328+0530][23.414s][info][gc,phases   ] GC(19) Pause Mark Start 0.009ms
[2026-01-15T01:35:53.343+0530][23.429s][info][gc,phases   ] GC(19) Concurrent Mark 15.306ms
[2026-01-15T01:35:53.343+0530][23.429s][info][gc,phases   ] GC(19) Pause Mark End 0.020ms
[2026-01-15T01:35:53.343+0530][23.429s][info][gc,phases   ] GC(19) Concurrent Mark Free 0.002ms
[2026-01-15T01:35:53.343+0530][23.430s][info][gc,phases   ] GC(19) Concurrent Process Non-Strong References 0.604ms
[2026-01-15T01:35:53.343+0530][23.430s][info][gc,phases   ] GC(19) Concurrent Reset Relocation Set 0.001ms
[2026-01-15T01:35:53.343+0530][23.432s][info][gc,phases   ] GC(19) Concurrent Select Relocation Set 2.119ms
[2026-01-15T01:35:53.343+0530][23.432s][info][gc,phases   ] GC(19) Pause Relocate Start 0.006ms
[2026-01-15T01:35:53.343+0530][23.432s][info][gc,phases   ] GC(19) Concurrent Relocate 0.091ms
[2026-01-15T01:35:53.343+0530][23.432s][info][gc,load     ] GC(19) Load: 0.00/0.00/0.00
[2026-01-15T01:35:53.343+0530][23.432s][info][gc,mmu      ] GC(19) MMU: 2ms/98.7%, 5ms/99.3%, 10ms/99.6%, 20ms/99.8%, 50ms/99.9%, 100ms/100.0%
[2026-01-15T01:35:53.343+0530][23.432s][info][gc,marking  ] GC(19) Mark: 2 stripe(s), 1 proactive flush(es), 1 terminate flush(es), 0 completion(s), 0 continuation(s) 
[2026-01-15T01:35:53.343+0530][23.432s][info][gc,marking  ] GC(19) Mark Stack Usage: 32M
[2026-01-15T01:35:53.343+0530][23.432s][info][gc,nmethod  ] GC(19) NMethods: 214 registered, 4 unregistered
[2026-01-15T01:35:53.343+0530][23.432s][info][gc,metaspace] GC(19) Metaspace: 5M used, 6M committed, 1088M reserved
[2026-01-15T01:35:53.343+0530][23.432s][info][gc,ref      ] GC(19) Soft: 31 encountered, 0 discovered, 0 enqueued
[2026-01-15T01:35:53.343+0530][23.432s][info][gc,ref      ] GC(19) Weak: 91 encountered, 0 discovered, 0 enqueued
[2026-01-15T01:35:53.343+0530][23.432s][info][gc,ref      ] GC(19) Final: 0 encountered, 0 discovered, 0 enqueued
[2026-01-15T01:35:53.343+0530][23.432s][info][gc,ref      ] GC(19) Phantom: 1 encountered, 0 discovered, 0 enqueued
[2026-01-15T01:35:53.343+0530][23.432s][info][gc,reloc    ] GC(19) Small Pages: 1 / 2M, Empty: 0M, Relocated: 0M, In-Place: 0
[2026-01-15T01:35:53.343+0530][23.432s][info][gc,reloc    ] GC(19) Medium Pages: 19 / 304M, Empty: 256M, Relocated: 0M, In-Place: 0
[2026-01-15T01:35:53.343+0530][23.432s][info][gc,reloc    ] GC(19) Large Pages: 0 / 0M, Empty: 0M, Relocated: 0M, In-Place: 0
[2026-01-15T01:35:53.343+0530][23.432s][info][gc,reloc    ] GC(19) Forwarding Usage: 0M
[2026-01-15T01:35:53.343+0530][23.432s][info][gc,heap     ] GC(19) Min Capacity: 512M(100%)
[2026-01-15T01:35:53.343+0530][23.432s][info][gc,heap     ] GC(19) Max Capacity: 512M(100%)
[2026-01-15T01:35:53.343+0530][23.432s][info][gc,heap     ] GC(19) Soft Max Capacity: 512M(100%)
[2026-01-15T01:35:53.343+0530][23.432s][info][gc,heap     ] GC(19)                Mark Start          Mark End        Relocate Start      Relocate End           High               Low         
[2026-01-15T01:35:53.343+0530][23.433s][info][gc,heap     ] GC(19)  Capacity:      512M (100%)        512M (100%)        512M (100%)        512M (100%)        512M (100%)        512M (100%)   
[2026-01-15T01:35:53.343+0530][23.433s][info][gc,heap     ] GC(19)      Free:      206M (40%)         190M (37%)         446M (87%)         446M (87%)         446M (87%)         190M (37%)    
[2026-01-15T01:35:53.343+0530][23.433s][info][gc,heap     ] GC(19)      Used:      306M (60%)         322M (63%)          66M (13%)          66M (13%)         322M (63%)          66M (13%)    
[2026-01-15T01:35:53.343+0530][23.433s][info][gc,heap     ] GC(19)      Live:         -                31M (6%)           31M (6%)           31M (6%)             -                  -          
[2026-01-15T01:35:53.343+0530][23.433s][info][gc,heap     ] GC(19) Allocated:         -                16M (3%)           16M (3%)           16M (3%)             -                  -          
[2026-01-15T01:35:53.343+0530][23.433s][info][gc,heap     ] GC(19)   Garbage:         -               274M (54%)          18M (4%)           18M (4%)             -                  -          
[2026-01-15T01:35:53.343+0530][23.433s][info][gc,heap     ] GC(19) Reclaimed:         -                  -               256M (50%)         256M (50%)            -                  -          
[2026-01-15T01:35:53.343+0530][23.433s][info][gc          ] GC(19) Garbage Collection (Proactive) 306M(60%)->66M(13%)
[2026-01-15T01:35:54.831+0530][24.917s][info][gc,start    ] GC(20) Garbage Collection (Proactive)
[2026-01-15T01:35:54.831+0530][24.917s][info][gc,task     ] GC(20) Using 2 workers
[2026-01-15T01:35:54.831+0530][24.917s][info][gc,phases   ] GC(20) Pause Mark Start 0.009ms
[2026-01-15T01:35:54.847+0530][24.932s][info][gc,phases   ] GC(20) Concurrent Mark 15.145ms
[2026-01-15T01:35:54.847+0530][24.932s][info][gc,phases   ] GC(20) Pause Mark End 0.020ms
[2026-01-15T01:35:54.847+0530][24.933s][info][gc,phases   ] GC(20) Concurrent Mark Free 0.001ms
[2026-01-15T01:35:54.847+0530][24.933s][info][gc,phases   ] GC(20) Concurrent Process Non-Strong References 0.626ms
[2026-01-15T01:35:54.847+0530][24.933s][info][gc,phases   ] GC(20) Concurrent Reset Relocation Set 0.001ms
[2026-01-15T01:35:54.847+0530][24.936s][info][gc,phases   ] GC(20) Concurrent Select Relocation Set 2.246ms
[2026-01-15T01:35:54.847+0530][24.936s][info][gc,phases   ] GC(20) Pause Relocate Start 0.009ms
[2026-01-15T01:35:54.847+0530][24.936s][info][gc,phases   ] GC(20) Concurrent Relocate 0.032ms
[2026-01-15T01:35:54.847+0530][24.936s][info][gc,load     ] GC(20) Load: 0.00/0.00/0.00
[2026-01-15T01:35:54.847+0530][24.936s][info][gc,mmu      ] GC(20) MMU: 2ms/98.7%, 5ms/99.3%, 10ms/99.6%, 20ms/99.8%, 50ms/99.9%, 100ms/100.0%
[2026-01-15T01:35:54.847+0530][24.936s][info][gc,marking  ] GC(20) Mark: 2 stripe(s), 1 proactive flush(es), 1 terminate flush(es), 0 completion(s), 0 continuation(s) 
[2026-01-15T01:35:54.847+0530][24.936s][info][gc,marking  ] GC(20) Mark Stack Usage: 32M
[2026-01-15T01:35:54.847+0530][24.936s][info][gc,nmethod  ] GC(20) NMethods: 214 registered, 4 unregistered
[2026-01-15T01:35:54.847+0530][24.936s][info][gc,metaspace] GC(20) Metaspace: 5M used, 6M committed, 1088M reserved
[2026-01-15T01:35:54.847+0530][24.936s][info][gc,ref      ] GC(20) Soft: 31 encountered, 0 discovered, 0 enqueued
[2026-01-15T01:35:54.847+0530][24.936s][info][gc,ref      ] GC(20) Weak: 91 encountered, 1 discovered, 0 enqueued
[2026-01-15T01:35:54.847+0530][24.936s][info][gc,ref      ] GC(20) Final: 0 encountered, 0 discovered, 0 enqueued
[2026-01-15T01:35:54.847+0530][24.936s][info][gc,ref      ] GC(20) Phantom: 1 encountered, 0 discovered, 0 enqueued
[2026-01-15T01:35:54.847+0530][24.936s][info][gc,reloc    ] GC(20) Small Pages: 1 / 2M, Empty: 0M, Relocated: 0M, In-Place: 0
[2026-01-15T01:35:54.847+0530][24.936s][info][gc,reloc    ] GC(20) Medium Pages: 20 / 320M, Empty: 272M, Relocated: 0M, In-Place: 0
[2026-01-15T01:35:54.847+0530][24.936s][info][gc,reloc    ] GC(20) Large Pages: 0 / 0M, Empty: 0M, Relocated: 0M, In-Place: 0
[2026-01-15T01:35:54.847+0530][24.936s][info][gc,reloc    ] GC(20) Forwarding Usage: 0M
[2026-01-15T01:35:54.847+0530][24.936s][info][gc,heap     ] GC(20) Min Capacity: 512M(100%)
[2026-01-15T01:35:54.847+0530][24.936s][info][gc,heap     ] GC(20) Max Capacity: 512M(100%)
[2026-01-15T01:35:54.847+0530][24.936s][info][gc,heap     ] GC(20) Soft Max Capacity: 512M(100%)
[2026-01-15T01:35:54.847+0530][24.936s][info][gc,heap     ] GC(20)                Mark Start          Mark End        Relocate Start      Relocate End           High               Low         
[2026-01-15T01:35:54.847+0530][24.936s][info][gc,heap     ] GC(20)  Capacity:      512M (100%)        512M (100%)        512M (100%)        512M (100%)        512M (100%)        512M (100%)   
[2026-01-15T01:35:54.847+0530][24.936s][info][gc,heap     ] GC(20)      Free:      190M (37%)         190M (37%)         462M (90%)         462M (90%)         462M (90%)         190M (37%)    
[2026-01-15T01:35:54.847+0530][24.936s][info][gc,heap     ] GC(20)      Used:      322M (63%)         322M (63%)          50M (10%)          50M (10%)         322M (63%)          50M (10%)    
[2026-01-15T01:35:54.847+0530][24.936s][info][gc,heap     ] GC(20)      Live:         -                41M (8%)           41M (8%)           41M (8%)             -                  -          
[2026-01-15T01:35:54.847+0530][24.936s][info][gc,heap     ] GC(20) Allocated:         -                 0M (0%)            0M (0%)            0M (0%)             -                  -          
[2026-01-15T01:35:54.847+0530][24.936s][info][gc,heap     ] GC(20)   Garbage:         -               280M (55%)           8M (2%)            8M (2%)             -                  -          
[2026-01-15T01:35:54.847+0530][24.936s][info][gc,heap     ] GC(20) Reclaimed:         -                  -               272M (53%)         272M (53%)            -                  -          
[2026-01-15T01:35:54.847+0530][24.936s][info][gc          ] GC(20) Garbage Collection (Proactive) 322M(63%)->50M(10%)
[2026-01-15T01:35:56.127+0530][26.212s][info][gc,start    ] GC(21) Garbage Collection (Proactive)
[2026-01-15T01:35:56.127+0530][26.212s][info][gc,task     ] GC(21) Using 2 workers
[2026-01-15T01:35:56.127+0530][26.212s][info][gc,phases   ] GC(21) Pause Mark Start 0.015ms
[2026-01-15T01:35:56.141+0530][26.227s][info][gc,phases   ] GC(21) Concurrent Mark 14.342ms
[2026-01-15T01:35:56.141+0530][26.227s][info][gc,phases   ] GC(21) Pause Mark End 0.023ms
[2026-01-15T01:35:56.141+0530][26.227s][info][gc,phases   ] GC(21) Concurrent Mark Free 0.001ms
[2026-01-15T01:35:56.142+0530][26.227s][info][gc,phases   ] GC(21) Concurrent Process Non-Strong References 0.362ms
[2026-01-15T01:35:56.142+0530][26.227s][info][gc,phases   ] GC(21) Concurrent Reset Relocation Set 0.001ms
[2026-01-15T01:35:56.146+0530][26.232s][info][gc,phases   ] GC(21) Concurrent Select Relocation Set 4.315ms
[2026-01-15T01:35:56.146+0530][26.232s][info][gc,phases   ] GC(21) Pause Relocate Start 0.009ms
[2026-01-15T01:35:56.148+0530][26.233s][info][gc,phases   ] GC(21) Concurrent Relocate 1.572ms
[2026-01-15T01:35:56.148+0530][26.233s][info][gc,load     ] GC(21) Load: 0.00/0.00/0.00
[2026-01-15T01:35:56.148+0530][26.233s][info][gc,mmu      ] GC(21) MMU: 2ms/98.7%, 5ms/99.3%, 10ms/99.6%, 20ms/99.8%, 50ms/99.9%, 100ms/100.0%
[2026-01-15T01:35:56.148+0530][26.233s][info][gc,marking  ] GC(21) Mark: 2 stripe(s), 2 proactive flush(es), 1 terminate flush(es), 0 completion(s), 0 continuation(s) 
[2026-01-15T01:35:56.148+0530][26.234s][info][gc,marking  ] GC(21) Mark Stack Usage: 32M
[2026-01-15T01:35:56.148+0530][26.234s][info][gc,nmethod  ] GC(21) NMethods: 214 registered, 4 unregistered
[2026-01-15T01:35:56.148+0530][26.234s][info][gc,metaspace] GC(21) Metaspace: 5M used, 6M committed, 1088M reserved
[2026-01-15T01:35:56.148+0530][26.234s][info][gc,ref      ] GC(21) Soft: 31 encountered, 0 discovered, 0 enqueued
[2026-01-15T01:35:56.148+0530][26.234s][info][gc,ref      ] GC(21) Weak: 91 encountered, 2 discovered, 0 enqueued
[2026-01-15T01:35:56.148+0530][26.234s][info][gc,ref      ] GC(21) Final: 0 encountered, 0 discovered, 0 enqueued
[2026-01-15T01:35:56.148+0530][26.234s][info][gc,ref      ] GC(21) Phantom: 1 encountered, 1 discovered, 0 enqueued
[2026-01-15T01:35:56.148+0530][26.234s][info][gc,reloc    ] GC(21) Small Pages: 1 / 2M, Empty: 0M, Relocated: 0M, In-Place: 0
[2026-01-15T01:35:56.148+0530][26.234s][info][gc,reloc    ] GC(21) Medium Pages: 18 / 288M, Empty: 256M, Relocated: 13M, In-Place: 0
[2026-01-15T01:35:56.148+0530][26.234s][info][gc,reloc    ] GC(21) Large Pages: 0 / 0M, Empty: 0M, Relocated: 0M, In-Place: 0
[2026-01-15T01:35:56.148+0530][26.234s][info][gc,reloc    ] GC(21) Forwarding Usage: 0M
[2026-01-15T01:35:56.148+0530][26.234s][info][gc,heap     ] GC(21) Min Capacity: 512M(100%)
[2026-01-15T01:35:56.148+0530][26.234s][info][gc,heap     ] GC(21) Max Capacity: 512M(100%)
[2026-01-15T01:35:56.148+0530][26.234s][info][gc,heap     ] GC(21) Soft Max Capacity: 512M(100%)
[2026-01-15T01:35:56.148+0530][26.234s][info][gc,heap     ] GC(21)                Mark Start          Mark End        Relocate Start      Relocate End           High               Low         
[2026-01-15T01:35:56.148+0530][26.234s][info][gc,heap     ] GC(21)  Capacity:      512M (100%)        512M (100%)        512M (100%)        512M (100%)        512M (100%)        512M (100%)   
[2026-01-15T01:35:56.148+0530][26.234s][info][gc,heap     ] GC(21)      Free:      222M (43%)         206M (40%)         462M (90%)         478M (93%)         478M (93%)         206M (40%)    
[2026-01-15T01:35:56.148+0530][26.234s][info][gc,heap     ] GC(21)      Used:      290M (57%)         306M (60%)          50M (10%)          34M (7%)          306M (60%)          34M (7%)     
[2026-01-15T01:35:56.148+0530][26.234s][info][gc,heap     ] GC(21)      Live:         -                14M (3%)           14M (3%)           14M (3%)             -                  -          
[2026-01-15T01:35:56.148+0530][26.234s][info][gc,heap     ] GC(21) Allocated:         -                16M (3%)           16M (3%)           16M (3%)             -                  -          
[2026-01-15T01:35:56.148+0530][26.234s][info][gc,heap     ] GC(21)   Garbage:         -               275M (54%)          19M (4%)            3M (1%)             -                  -          
[2026-01-15T01:35:56.148+0530][26.234s][info][gc,heap     ] GC(21) Reclaimed:         -                  -               256M (50%)         272M (53%)            -                  -          
[2026-01-15T01:35:56.148+0530][26.234s][info][gc          ] GC(21) Garbage Collection (Proactive) 290M(57%)->34M(7%)
[2026-01-15T01:35:57.533+0530][27.619s][info][gc,start    ] GC(22) Garbage Collection (Proactive)
[2026-01-15T01:35:57.533+0530][27.619s][info][gc,task     ] GC(22) Using 2 workers
[2026-01-15T01:35:57.533+0530][27.619s][info][gc,phases   ] GC(22) Pause Mark Start 0.009ms
[2026-01-15T01:35:57.549+0530][27.635s][info][gc,phases   ] GC(22) Concurrent Mark 15.674ms
[2026-01-15T01:35:57.549+0530][27.635s][info][gc,phases   ] GC(22) Pause Mark End 0.018ms
[2026-01-15T01:35:57.549+0530][27.635s][info][gc,phases   ] GC(22) Concurrent Mark Free 0.002ms
[2026-01-15T01:35:57.549+0530][27.636s][info][gc,phases   ] GC(22) Concurrent Process Non-Strong References 0.604ms
[2026-01-15T01:35:57.549+0530][27.636s][info][gc,phases   ] GC(22) Concurrent Reset Relocation Set 0.001ms
[2026-01-15T01:35:57.551+0530][27.638s][info][gc,phases   ] GC(22) Concurrent Select Relocation Set 2.006ms
[2026-01-15T01:35:57.551+0530][27.638s][info][gc,phases   ] GC(22) Pause Relocate Start 0.011ms
[2026-01-15T01:35:57.551+0530][27.638s][info][gc,phases   ] GC(22) Concurrent Relocate 0.082ms
[2026-01-15T01:35:57.551+0530][27.638s][info][gc,load     ] GC(22) Load: 0.00/0.00/0.00
[2026-01-15T01:35:57.551+0530][27.638s][info][gc,mmu      ] GC(22) MMU: 2ms/98.7%, 5ms/99.3%, 10ms/99.6%, 20ms/99.8%, 50ms/99.9%, 100ms/100.0%
[2026-01-15T01:35:57.551+0530][27.638s][info][gc,marking  ] GC(22) Mark: 2 stripe(s), 1 proactive flush(es), 1 terminate flush(es), 0 completion(s), 0 continuation(s) 
[2026-01-15T01:35:57.551+0530][27.638s][info][gc,marking  ] GC(22) Mark Stack Usage: 32M
[2026-01-15T01:35:57.551+0530][27.638s][info][gc,nmethod  ] GC(22) NMethods: 214 registered, 4 unregistered
[2026-01-15T01:35:57.551+0530][27.638s][info][gc,metaspace] GC(22) Metaspace: 5M used, 6M committed, 1088M reserved
[2026-01-15T01:35:57.551+0530][27.638s][info][gc,ref      ] GC(22) Soft: 31 encountered, 0 discovered, 0 enqueued
[2026-01-15T01:35:57.551+0530][27.638s][info][gc,ref      ] GC(22) Weak: 91 encountered, 0 discovered, 0 enqueued
[2026-01-15T01:35:57.551+0530][27.638s][info][gc,ref      ] GC(22) Final: 0 encountered, 0 discovered, 0 enqueued
[2026-01-15T01:35:57.551+0530][27.638s][info][gc,ref      ] GC(22) Phantom: 1 encountered, 0 discovered, 0 enqueued
[2026-01-15T01:35:57.551+0530][27.638s][info][gc,reloc    ] GC(22) Small Pages: 1 / 2M, Empty: 0M, Relocated: 0M, In-Place: 0
[2026-01-15T01:35:57.551+0530][27.638s][info][gc,reloc    ] GC(22) Medium Pages: 17 / 272M, Empty: 272M, Relocated: 0M, In-Place: 0
[2026-01-15T01:35:57.551+0530][27.638s][info][gc,reloc    ] GC(22) Large Pages: 0 / 0M, Empty: 0M, Relocated: 0M, In-Place: 0
[2026-01-15T01:35:57.551+0530][27.638s][info][gc,reloc    ] GC(22) Forwarding Usage: 0M
[2026-01-15T01:35:57.551+0530][27.638s][info][gc,heap     ] GC(22) Min Capacity: 512M(100%)
[2026-01-15T01:35:57.551+0530][27.638s][info][gc,heap     ] GC(22) Max Capacity: 512M(100%)
[2026-01-15T01:35:57.551+0530][27.638s][info][gc,heap     ] GC(22) Soft Max Capacity: 512M(100%)
[2026-01-15T01:35:57.551+0530][27.638s][info][gc,heap     ] GC(22)                Mark Start          Mark End        Relocate Start      Relocate End           High               Low         
[2026-01-15T01:35:57.551+0530][27.638s][info][gc,heap     ] GC(22)  Capacity:      512M (100%)        512M (100%)        512M (100%)        512M (100%)        512M (100%)        512M (100%)   
[2026-01-15T01:35:57.551+0530][27.638s][info][gc,heap     ] GC(22)      Free:      238M (46%)         222M (43%)         494M (96%)         494M (96%)         494M (96%)         222M (43%)    
[2026-01-15T01:35:57.551+0530][27.639s][info][gc,heap     ] GC(22)      Used:      274M (54%)         290M (57%)          18M (4%)           18M (4%)          290M (57%)          18M (4%)     
[2026-01-15T01:35:57.551+0530][27.639s][info][gc,heap     ] GC(22)      Live:         -                 1M (0%)            1M (0%)            1M (0%)             -                  -          
[2026-01-15T01:35:57.551+0530][27.639s][info][gc,heap     ] GC(22) Allocated:         -                16M (3%)           16M (3%)           16M (3%)             -                  -          
[2026-01-15T01:35:57.551+0530][27.639s][info][gc,heap     ] GC(22)   Garbage:         -               272M (53%)           0M (0%)            0M (0%)             -                  -          
[2026-01-15T01:35:57.551+0530][27.639s][info][gc,heap     ] GC(22) Reclaimed:         -                  -               272M (53%)         272M (53%)            -                  -          
[2026-01-15T01:35:57.551+0530][27.639s][info][gc          ] GC(22) Garbage Collection (Proactive) 274M(54%)->18M(4%)
[2026-01-15T01:35:58.837+0530][28.922s][info][gc,start    ] GC(23) Garbage Collection (Proactive)
[2026-01-15T01:35:58.837+0530][28.922s][info][gc,task     ] GC(23) Using 2 workers
[2026-01-15T01:35:58.837+0530][28.923s][info][gc,phases   ] GC(23) Pause Mark Start 0.023ms
[2026-01-15T01:35:58.854+0530][28.939s][info][gc,phases   ] GC(23) Concurrent Mark 16.252ms
[2026-01-15T01:35:58.854+0530][28.939s][info][gc,phases   ] GC(23) Pause Mark End 0.019ms
[2026-01-15T01:35:58.854+0530][28.939s][info][gc,phases   ] GC(23) Concurrent Mark Free 0.001ms
[2026-01-15T01:35:58.854+0530][28.940s][info][gc,phases   ] GC(23) Concurrent Process Non-Strong References 0.539ms
[2026-01-15T01:35:58.854+0530][28.940s][info][gc,phases   ] GC(23) Concurrent Reset Relocation Set 0.001ms
[2026-01-15T01:35:58.854+0530][28.942s][info][gc,phases   ] GC(23) Concurrent Select Relocation Set 1.650ms
[2026-01-15T01:35:58.854+0530][28.942s][info][gc,phases   ] GC(23) Pause Relocate Start 0.007ms
[2026-01-15T01:35:58.854+0530][28.942s][info][gc,phases   ] GC(23) Concurrent Relocate 0.076ms
[2026-01-15T01:35:58.854+0530][28.942s][info][gc,load     ] GC(23) Load: 0.00/0.00/0.00
[2026-01-15T01:35:58.854+0530][28.942s][info][gc,mmu      ] GC(23) MMU: 2ms/98.7%, 5ms/99.3%, 10ms/99.6%, 20ms/99.8%, 50ms/99.9%, 100ms/100.0%
[2026-01-15T01:35:58.854+0530][28.942s][info][gc,marking  ] GC(23) Mark: 2 stripe(s), 2 proactive flush(es), 1 terminate flush(es), 0 completion(s), 0 continuation(s) 
[2026-01-15T01:35:58.854+0530][28.942s][info][gc,marking  ] GC(23) Mark Stack Usage: 32M
[2026-01-15T01:35:58.854+0530][28.942s][info][gc,nmethod  ] GC(23) NMethods: 214 registered, 4 unregistered
[2026-01-15T01:35:58.854+0530][28.942s][info][gc,metaspace] GC(23) Metaspace: 5M used, 6M committed, 1088M reserved
[2026-01-15T01:35:58.854+0530][28.942s][info][gc,ref      ] GC(23) Soft: 31 encountered, 0 discovered, 0 enqueued
[2026-01-15T01:35:58.854+0530][28.942s][info][gc,ref      ] GC(23) Weak: 91 encountered, 1 discovered, 0 enqueued
[2026-01-15T01:35:58.854+0530][28.942s][info][gc,ref      ] GC(23) Final: 0 encountered, 0 discovered, 0 enqueued
[2026-01-15T01:35:58.854+0530][28.942s][info][gc,ref      ] GC(23) Phantom: 1 encountered, 0 discovered, 0 enqueued
[2026-01-15T01:35:58.854+0530][28.942s][info][gc,reloc    ] GC(23) Small Pages: 1 / 2M, Empty: 0M, Relocated: 0M, In-Place: 0
[2026-01-15T01:35:58.854+0530][28.942s][info][gc,reloc    ] GC(23) Medium Pages: 15 / 240M, Empty: 192M, Relocated: 0M, In-Place: 0
[2026-01-15T01:35:58.854+0530][28.942s][info][gc,reloc    ] GC(23) Large Pages: 0 / 0M, Empty: 0M, Relocated: 0M, In-Place: 0
[2026-01-15T01:35:58.854+0530][28.942s][info][gc,reloc    ] GC(23) Forwarding Usage: 0M
[2026-01-15T01:35:58.854+0530][28.942s][info][gc,heap     ] GC(23) Min Capacity: 512M(100%)
[2026-01-15T01:35:58.854+0530][28.942s][info][gc,heap     ] GC(23) Max Capacity: 512M(100%)
[2026-01-15T01:35:58.854+0530][28.942s][info][gc,heap     ] GC(23) Soft Max Capacity: 512M(100%)
[2026-01-15T01:35:58.854+0530][28.942s][info][gc,heap     ] GC(23)                Mark Start          Mark End        Relocate Start      Relocate End           High               Low         
[2026-01-15T01:35:58.854+0530][28.942s][info][gc,heap     ] GC(23)  Capacity:      512M (100%)        512M (100%)        512M (100%)        512M (100%)        512M (100%)        512M (100%)   
[2026-01-15T01:35:58.854+0530][28.942s][info][gc,heap     ] GC(23)      Free:      270M (53%)         254M (50%)         446M (87%)         446M (87%)         446M (87%)         254M (50%)    
[2026-01-15T01:35:58.854+0530][28.942s][info][gc,heap     ] GC(23)      Used:      242M (47%)         258M (50%)          66M (13%)          66M (13%)         258M (50%)          66M (13%)    
[2026-01-15T01:35:58.854+0530][28.942s][info][gc,heap     ] GC(23)      Live:         -                36M (7%)           36M (7%)           36M (7%)             -                  -          
[2026-01-15T01:35:58.854+0530][28.942s][info][gc,heap     ] GC(23) Allocated:         -                16M (3%)           16M (3%)           16M (3%)             -                  -          
[2026-01-15T01:35:58.854+0530][28.942s][info][gc,heap     ] GC(23)   Garbage:         -               205M (40%)          13M (3%)           13M (3%)             -                  -          
[2026-01-15T01:35:58.854+0530][28.942s][info][gc,heap     ] GC(23) Reclaimed:         -                  -               192M (38%)         192M (38%)            -                  -          
[2026-01-15T01:35:58.854+0530][28.942s][info][gc          ] GC(23) Garbage Collection (Proactive) 242M(47%)->66M(13%)
[2026-01-15T01:36:00.041+0530][30.126s][info][gc,stats    ] === Garbage Collection Statistics =======================================================================================================================
[2026-01-15T01:36:00.041+0530][30.126s][info][gc,start    ] GC(24) Garbage Collection (Proactive)
[2026-01-15T01:36:00.041+0530][30.126s][info][gc,stats    ]                                                              Last 10s              Last 10m              Last 10h                Total
[2026-01-15T01:36:00.041+0530][30.126s][info][gc,task     ] GC(24) Using 2 workers
[2026-01-15T01:36:00.041+0530][30.126s][info][gc,stats    ]                                                              Avg / Max             Avg / Max             Avg / Max             Avg / Max
[2026-01-15T01:36:00.041+0530][30.126s][info][gc,stats    ]   Collector: Garbage Collection Cycle                     19.527 / 21.509       19.998 / 26.488       19.998 / 26.488       19.998 / 26.488      ms
[2026-01-15T01:36:00.041+0530][30.126s][info][gc,phases   ] GC(24) Pause Mark Start 0.013ms
[2026-01-15T01:36:00.041+0530][30.126s][info][gc,stats    ]  Contention: Mark Segment Reset Contention                     0 / 0                 0 / 1                 0 / 1                 0 / 1           ops/s
[2026-01-15T01:36:00.041+0530][30.127s][info][gc,stats    ]  Contention: Mark SeqNum Reset Contention                      0 / 0                 0 / 1                 0 / 1                 0 / 1           ops/s
[2026-01-15T01:36:00.041+0530][30.127s][info][gc,stats    ]    Critical: Allocation Stall                                  0 / 0                 0 / 0                 0 / 0                 0 / 0           ops/s
[2026-01-15T01:36:00.041+0530][30.127s][info][gc,stats    ]    Critical: Allocation Stall                              0.000 / 0.000         0.000 / 0.000         0.000 / 0.000         0.000 / 0.000       ms
[2026-01-15T01:36:00.041+0530][30.127s][info][gc,stats    ]    Critical: GC Locker Stall                                   0 / 0                 0 / 0                 0 / 0                 0 / 0           ops/s
[2026-01-15T01:36:00.041+0530][30.127s][info][gc,stats    ]    Critical: GC Locker Stall                               0.000 / 0.000         0.000 / 0.000         0.000 / 0.000         0.000 / 0.000       ms
[2026-01-15T01:36:00.041+0530][30.127s][info][gc,stats    ]    Critical: Relocation Stall                                  0 / 0                 0 / 0                 0 / 0                 0 / 0           ops/s
[2026-01-15T01:36:00.041+0530][30.127s][info][gc,stats    ]    Critical: Relocation Stall                              0.000 / 0.000         0.000 / 0.000         0.000 / 0.000         0.000 / 0.000       ms
[2026-01-15T01:36:00.041+0530][30.127s][info][gc,stats    ]      Memory: Allocation Rate                                 180 / 192             178 / 202             178 / 202             178 / 202         MB/s
[2026-01-15T01:36:00.041+0530][30.127s][info][gc,stats    ]      Memory: Defragment                                        0 / 0                 0 / 0                 0 / 0                 0 / 0           ops/s
[2026-01-15T01:36:00.041+0530][30.127s][info][gc,stats    ]      Memory: Out Of Memory                                     0 / 0                 0 / 0                 0 / 0                 0 / 0           ops/s
[2026-01-15T01:36:00.041+0530][30.127s][info][gc,stats    ]      Memory: Page Cache Flush                                  0 / 0                 0 / 0                 0 / 0                 0 / 0           MB/s
[2026-01-15T01:36:00.041+0530][30.127s][info][gc,stats    ]      Memory: Page Cache Hit L1                                11 / 12               10 / 13               10 / 13               10 / 13          ops/s
[2026-01-15T01:36:00.041+0530][30.127s][info][gc,stats    ]      Memory: Page Cache Hit L2                                 0 / 0                 0 / 0                 0 / 0                 0 / 0           ops/s
[2026-01-15T01:36:00.041+0530][30.127s][info][gc,stats    ]      Memory: Page Cache Hit L3                                 0 / 0                 0 / 14                0 / 14                0 / 14          ops/s
[2026-01-15T01:36:00.041+0530][30.127s][info][gc,stats    ]      Memory: Page Cache Miss                                   0 / 0                 0 / 1                 0 / 1                 0 / 1           ops/s
[2026-01-15T01:36:00.041+0530][30.127s][info][gc,stats    ]      Memory: Uncommit                                          0 / 0                 0 / 0                 0 / 0                 0 / 0           MB/s
[2026-01-15T01:36:00.041+0530][30.127s][info][gc,stats    ]      Memory: Undo Object Allocation Failed                     0 / 0                 0 / 0                 0 / 0                 0 / 0           ops/s
[2026-01-15T01:36:00.041+0530][30.127s][info][gc,stats    ]      Memory: Undo Object Allocation Succeeded                  0 / 0                 0 / 0                 0 / 0                 0 / 0           ops/s
[2026-01-15T01:36:00.041+0530][30.127s][info][gc,stats    ]      Memory: Undo Page Allocation                              0 / 0                 0 / 0                 0 / 0                 0 / 0           ops/s
[2026-01-15T01:36:00.041+0530][30.127s][info][gc,stats    ]       Phase: Concurrent Mark                              14.134 / 16.252       14.988 / 16.421       14.988 / 16.421       14.988 / 16.421      ms
[2026-01-15T01:36:00.041+0530][30.127s][info][gc,stats    ]       Phase: Concurrent Mark Continue                      0.000 / 0.000         0.000 / 0.000         0.000 / 0.000         0.000 / 0.000       ms
[2026-01-15T01:36:00.041+0530][30.127s][info][gc,stats    ]       Phase: Concurrent Mark Free                          0.001 / 0.002         0.001 / 0.002         0.001 / 0.002         0.001 / 0.002       ms
[2026-01-15T01:36:00.041+0530][30.127s][info][gc,stats    ]       Phase: Concurrent Process Non-Strong References      0.550 / 0.626         0.528 / 0.978         0.528 / 0.978         0.528 / 0.978       ms
[2026-01-15T01:36:00.041+0530][30.127s][info][gc,stats    ]       Phase: Concurrent Relocate                           0.286 / 1.572         0.445 / 3.117         0.445 / 3.117         0.445 / 3.117       ms
[2026-01-15T01:36:00.041+0530][30.127s][info][gc,stats    ]       Phase: Concurrent Reset Relocation Set               0.001 / 0.001         0.001 / 0.002         0.001 / 0.002         0.001 / 0.002       ms
[2026-01-15T01:36:00.041+0530][30.127s][info][gc,stats    ]       Phase: Concurrent Select Relocation Set              2.450 / 4.315         2.459 / 8.189         2.459 / 8.189         2.459 / 8.189       ms
[2026-01-15T01:36:00.041+0530][30.127s][info][gc,stats    ]       Phase: Pause Mark End                                0.019 / 0.023         0.018 / 0.025         0.018 / 0.025         0.018 / 0.025       ms
[2026-01-15T01:36:00.041+0530][30.127s][info][gc,stats    ]       Phase: Pause Mark Start                              0.014 / 0.023         0.012 / 0.023         0.012 / 0.023         0.012 / 0.023       ms
[2026-01-15T01:36:00.041+0530][30.127s][info][gc,stats    ]       Phase: Pause Relocate Start                          0.008 / 0.011         0.008 / 0.012         0.008 / 0.012         0.008 / 0.012       ms
[2026-01-15T01:36:00.041+0530][30.127s][info][gc,stats    ]    Subphase: Concurrent Classes Purge                      0.011 / 0.015         0.010 / 0.026         0.010 / 0.026         0.010 / 0.026       ms
[2026-01-15T01:36:00.041+0530][30.127s][info][gc,stats    ]    Subphase: Concurrent Classes Unlink                     0.227 / 0.315         0.206 / 0.315         0.206 / 0.315         0.206 / 0.315       ms
[2026-01-15T01:36:00.041+0530][30.127s][info][gc,stats    ]    Subphase: Concurrent Mark                               7.474 / 15.846        8.073 / 16.115        8.073 / 16.115        8.073 / 16.115      ms
[2026-01-15T01:36:00.041+0530][30.127s][info][gc,stats    ]    Subphase: Concurrent Mark Try Flush                     0.073 / 0.293         0.087 / 0.293         0.087 / 0.293         0.087 / 0.293       ms
[2026-01-15T01:36:00.041+0530][30.127s][info][gc,stats    ]    Subphase: Concurrent Mark Try Terminate                 4.226 / 15.164        4.404 / 15.164        4.404 / 15.164        4.404 / 15.164      ms
[2026-01-15T01:36:00.041+0530][30.127s][info][gc,stats    ]    Subphase: Concurrent References Enqueue                 0.000 / 0.001         0.001 / 0.003         0.001 / 0.003         0.001 / 0.003       ms
[2026-01-15T01:36:00.041+0530][30.127s][info][gc,stats    ]    Subphase: Concurrent References Process                 0.078 / 0.171         0.064 / 0.171         0.064 / 0.171         0.064 / 0.171       ms
[2026-01-15T01:36:00.041+0530][30.127s][info][gc,stats    ]    Subphase: Concurrent Roots ClassLoaderDataGraph         0.029 / 0.068         0.042 / 0.279         0.042 / 0.279         0.042 / 0.279       ms
[2026-01-15T01:36:00.041+0530][30.127s][info][gc,stats    ]    Subphase: Concurrent Roots CodeCache                    0.000 / 0.000         0.000 / 0.000         0.000 / 0.000         0.000 / 0.000       ms
[2026-01-15T01:36:00.041+0530][30.127s][info][gc,stats    ]    Subphase: Concurrent Roots JavaThreads                  0.151 / 0.316         0.148 / 0.435         0.148 / 0.435         0.148 / 0.435       ms
[2026-01-15T01:36:00.041+0530][30.127s][info][gc,stats    ]    Subphase: Concurrent Roots OopStorageSet                0.009 / 0.012         0.014 / 0.054         0.014 / 0.054         0.014 / 0.054       ms
[2026-01-15T01:36:00.041+0530][30.127s][info][gc,stats    ]    Subphase: Concurrent Weak Roots OopStorageSet           0.074 / 0.102         0.097 / 0.417         0.097 / 0.417         0.097 / 0.417       ms
[2026-01-15T01:36:00.041+0530][30.127s][info][gc,stats    ]    Subphase: Pause Mark Try Complete                       0.000 / 0.000         0.000 / 0.000         0.000 / 0.000         0.000 / 0.000       ms
[2026-01-15T01:36:00.041+0530][30.127s][info][gc,stats    ]      System: Java Threads                                     11 / 11               11 / 12               11 / 12               11 / 12          threads
[2026-01-15T01:36:00.041+0530][30.127s][info][gc,stats    ] =========================================================================================================================================================
[2026-01-15T01:36:00.057+0530][30.142s][info][gc,phases   ] GC(24) Concurrent Mark 15.598ms
[2026-01-15T01:36:00.057+0530][30.142s][info][gc,phases   ] GC(24) Pause Mark End 0.020ms
[2026-01-15T01:36:00.057+0530][30.142s][info][gc,phases   ] GC(24) Concurrent Mark Free 0.001ms
[2026-01-15T01:36:00.057+0530][30.143s][info][gc,phases   ] GC(24) Concurrent Process Non-Strong References 0.648ms
[2026-01-15T01:36:00.057+0530][30.143s][info][gc,phases   ] GC(24) Concurrent Reset Relocation Set 0.001ms
[2026-01-15T01:36:00.057+0530][30.146s][info][gc,phases   ] GC(24) Concurrent Select Relocation Set 2.474ms
[2026-01-15T01:36:00.057+0530][30.146s][info][gc,phases   ] GC(24) Pause Relocate Start 0.006ms
[2026-01-15T01:36:00.061+0530][30.147s][info][gc,phases   ] GC(24) Concurrent Relocate 0.897ms
[2026-01-15T01:36:00.061+0530][30.147s][info][gc,load     ] GC(24) Load: 0.00/0.00/0.00
[2026-01-15T01:36:00.061+0530][30.147s][info][gc,mmu      ] GC(24) MMU: 2ms/98.7%, 5ms/99.3%, 10ms/99.6%, 20ms/99.8%, 50ms/99.9%, 100ms/100.0%
[2026-01-15T01:36:00.061+0530][30.147s][info][gc,marking  ] GC(24) Mark: 2 stripe(s), 2 proactive flush(es), 1 terminate flush(es), 0 completion(s), 0 continuation(s) 
[2026-01-15T01:36:00.061+0530][30.147s][info][gc,marking  ] GC(24) Mark Stack Usage: 32M
[2026-01-15T01:36:00.061+0530][30.147s][info][gc,nmethod  ] GC(24) NMethods: 214 registered, 4 unregistered
[2026-01-15T01:36:00.061+0530][30.147s][info][gc,metaspace] GC(24) Metaspace: 5M used, 6M committed, 1088M reserved
[2026-01-15T01:36:00.061+0530][30.147s][info][gc,ref      ] GC(24) Soft: 31 encountered, 0 discovered, 0 enqueued
[2026-01-15T01:36:00.061+0530][30.147s][info][gc,ref      ] GC(24) Weak: 91 encountered, 0 discovered, 0 enqueued
[2026-01-15T01:36:00.061+0530][30.147s][info][gc,ref      ] GC(24) Final: 0 encountered, 0 discovered, 0 enqueued
[2026-01-15T01:36:00.061+0530][30.147s][info][gc,ref      ] GC(24) Phantom: 1 encountered, 1 discovered, 0 enqueued
[2026-01-15T01:36:00.061+0530][30.147s][info][gc,reloc    ] GC(24) Small Pages: 1 / 2M, Empty: 0M, Relocated: 0M, In-Place: 0
[2026-01-15T01:36:00.061+0530][30.147s][info][gc,reloc    ] GC(24) Medium Pages: 17 / 272M, Empty: 192M, Relocated: 9M, In-Place: 0
[2026-01-15T01:36:00.061+0530][30.147s][info][gc,reloc    ] GC(24) Large Pages: 0 / 0M, Empty: 0M, Relocated: 0M, In-Place: 0
[2026-01-15T01:36:00.061+0530][30.147s][info][gc,reloc    ] GC(24) Forwarding Usage: 0M
[2026-01-15T01:36:00.061+0530][30.147s][info][gc,heap     ] GC(24) Min Capacity: 512M(100%)
[2026-01-15T01:36:00.061+0530][30.147s][info][gc,heap     ] GC(24) Max Capacity: 512M(100%)
[2026-01-15T01:36:00.061+0530][30.147s][info][gc,heap     ] GC(24) Soft Max Capacity: 512M(100%)
[2026-01-15T01:36:00.061+0530][30.147s][info][gc,heap     ] GC(24)                Mark Start          Mark End        Relocate Start      Relocate End           High               Low         
[2026-01-15T01:36:00.061+0530][30.147s][info][gc,heap     ] GC(24)  Capacity:      512M (100%)        512M (100%)        512M (100%)        512M (100%)        512M (100%)        512M (100%)   
[2026-01-15T01:36:00.061+0530][30.147s][info][gc,heap     ] GC(24)      Free:      238M (46%)         222M (43%)         414M (81%)         430M (84%)         430M (84%)         222M (43%)    
[2026-01-15T01:36:00.061+0530][30.147s][info][gc,heap     ] GC(24)      Used:      274M (54%)         290M (57%)          98M (19%)          82M (16%)         290M (57%)          82M (16%)    
[2026-01-15T01:36:00.061+0530][30.147s][info][gc,heap     ] GC(24)      Live:         -                55M (11%)          55M (11%)          55M (11%)            -                  -          
[2026-01-15T01:36:00.061+0530][30.147s][info][gc,heap     ] GC(24) Allocated:         -                16M (3%)           16M (3%)           16M (3%)             -                  -          
[2026-01-15T01:36:00.061+0530][30.147s][info][gc,heap     ] GC(24)   Garbage:         -               218M (43%)          26M (5%)           10M (2%)             -                  -          
[2026-01-15T01:36:00.061+0530][30.147s][info][gc,heap     ] GC(24) Reclaimed:         -                  -               192M (38%)         208M (41%)            -                  -          
[2026-01-15T01:36:00.061+0530][30.147s][info][gc          ] GC(24) Garbage Collection (Proactive) 274M(54%)->82M(16%)
[2026-01-15T01:36:01.231+0530][31.317s][info][gc,start    ] GC(25) Garbage Collection (Proactive)
[2026-01-15T01:36:01.231+0530][31.317s][info][gc,task     ] GC(25) Using 2 workers
[2026-01-15T01:36:01.231+0530][31.317s][info][gc,phases   ] GC(25) Pause Mark Start 0.013ms
[2026-01-15T01:36:01.246+0530][31.332s][info][gc,phases   ] GC(25) Concurrent Mark 14.668ms
[2026-01-15T01:36:01.246+0530][31.332s][info][gc,phases   ] GC(25) Pause Mark End 0.015ms
[2026-01-15T01:36:01.246+0530][31.332s][info][gc,phases   ] GC(25) Concurrent Mark Free 0.001ms
[2026-01-15T01:36:01.246+0530][31.333s][info][gc,phases   ] GC(25) Concurrent Process Non-Strong References 0.517ms
[2026-01-15T01:36:01.246+0530][31.333s][info][gc,phases   ] GC(25) Concurrent Reset Relocation Set 0.001ms
[2026-01-15T01:36:01.246+0530][31.335s][info][gc,phases   ] GC(25) Concurrent Select Relocation Set 2.755ms
[2026-01-15T01:36:01.246+0530][31.336s][info][gc,phases   ] GC(25) Pause Relocate Start 0.007ms
[2026-01-15T01:36:01.246+0530][31.336s][info][gc,phases   ] GC(25) Concurrent Relocate 0.083ms
[2026-01-15T01:36:01.246+0530][31.336s][info][gc,load     ] GC(25) Load: 0.00/0.00/0.00
[2026-01-15T01:36:01.246+0530][31.336s][info][gc,mmu      ] GC(25) MMU: 2ms/98.7%, 5ms/99.3%, 10ms/99.6%, 20ms/99.8%, 50ms/99.9%, 100ms/100.0%
[2026-01-15T01:36:01.246+0530][31.336s][info][gc,marking  ] GC(25) Mark: 2 stripe(s), 2 proactive flush(es), 1 terminate flush(es), 0 completion(s), 0 continuation(s) 
[2026-01-15T01:36:01.246+0530][31.336s][info][gc,marking  ] GC(25) Mark Stack Usage: 32M
[2026-01-15T01:36:01.246+0530][31.336s][info][gc,nmethod  ] GC(25) NMethods: 214 registered, 4 unregistered
[2026-01-15T01:36:01.246+0530][31.336s][info][gc,metaspace] GC(25) Metaspace: 5M used, 6M committed, 1088M reserved
[2026-01-15T01:36:01.246+0530][31.336s][info][gc,ref      ] GC(25) Soft: 31 encountered, 0 discovered, 0 enqueued
[2026-01-15T01:36:01.246+0530][31.336s][info][gc,ref      ] GC(25) Weak: 91 encountered, 0 discovered, 0 enqueued
[2026-01-15T01:36:01.246+0530][31.336s][info][gc,ref      ] GC(25) Final: 0 encountered, 0 discovered, 0 enqueued
[2026-01-15T01:36:01.246+0530][31.336s][info][gc,ref      ] GC(25) Phantom: 1 encountered, 0 discovered, 0 enqueued
[2026-01-15T01:36:01.246+0530][31.336s][info][gc,reloc    ] GC(25) Small Pages: 1 / 2M, Empty: 0M, Relocated: 0M, In-Place: 0
[2026-01-15T01:36:01.246+0530][31.336s][info][gc,reloc    ] GC(25) Medium Pages: 17 / 272M, Empty: 256M, Relocated: 0M, In-Place: 0
[2026-01-15T01:36:01.246+0530][31.336s][info][gc,reloc    ] GC(25) Large Pages: 0 / 0M, Empty: 0M, Relocated: 0M, In-Place: 0
[2026-01-15T01:36:01.246+0530][31.336s][info][gc,reloc    ] GC(25) Forwarding Usage: 0M
[2026-01-15T01:36:01.246+0530][31.336s][info][gc,heap     ] GC(25) Min Capacity: 512M(100%)
[2026-01-15T01:36:01.246+0530][31.336s][info][gc,heap     ] GC(25) Max Capacity: 512M(100%)
[2026-01-15T01:36:01.246+0530][31.336s][info][gc,heap     ] GC(25) Soft Max Capacity: 512M(100%)
[2026-01-15T01:36:01.246+0530][31.336s][info][gc,heap     ] GC(25)                Mark Start          Mark End        Relocate Start      Relocate End           High               Low         
[2026-01-15T01:36:01.246+0530][31.336s][info][gc,heap     ] GC(25)  Capacity:      512M (100%)        512M (100%)        512M (100%)        512M (100%)        512M (100%)        512M (100%)   
[2026-01-15T01:36:01.246+0530][31.336s][info][gc,heap     ] GC(25)      Free:      238M (46%)         222M (43%)         478M (93%)         478M (93%)         478M (93%)         222M (43%)    
[2026-01-15T01:36:01.246+0530][31.336s][info][gc,heap     ] GC(25)      Used:      274M (54%)         290M (57%)          34M (7%)           34M (7%)          290M (57%)          34M (7%)     
[2026-01-15T01:36:01.246+0530][31.336s][info][gc,heap     ] GC(25)      Live:         -                 4M (1%)            4M (1%)            4M (1%)             -                  -          
[2026-01-15T01:36:01.246+0530][31.336s][info][gc,heap     ] GC(25) Allocated:         -                16M (3%)           16M (3%)           16M (3%)             -                  -          
[2026-01-15T01:36:01.246+0530][31.336s][info][gc,heap     ] GC(25)   Garbage:         -               269M (53%)          13M (3%)           13M (3%)             -                  -          
[2026-01-15T01:36:01.246+0530][31.336s][info][gc,heap     ] GC(25) Reclaimed:         -                  -               256M (50%)         256M (50%)            -                  -          
[2026-01-15T01:36:01.246+0530][31.336s][info][gc          ] GC(25) Garbage Collection (Proactive) 274M(54%)->34M(7%)
[2026-01-15T01:36:02.435+0530][32.520s][info][gc,start    ] GC(26) Garbage Collection (Proactive)
[2026-01-15T01:36:02.435+0530][32.520s][info][gc,task     ] GC(26) Using 2 workers
[2026-01-15T01:36:02.435+0530][32.520s][info][gc,phases   ] GC(26) Pause Mark Start 0.009ms
[2026-01-15T01:36:02.446+0530][32.532s][info][gc,phases   ] GC(26) Concurrent Mark 11.428ms
[2026-01-15T01:36:02.446+0530][32.532s][info][gc,phases   ] GC(26) Pause Mark End 0.020ms
[2026-01-15T01:36:02.446+0530][32.532s][info][gc,phases   ] GC(26) Concurrent Mark Free 0.002ms
[2026-01-15T01:36:02.446+0530][32.533s][info][gc,phases   ] GC(26) Concurrent Process Non-Strong References 0.566ms
[2026-01-15T01:36:02.446+0530][32.533s][info][gc,phases   ] GC(26) Concurrent Reset Relocation Set 0.001ms
[2026-01-15T01:36:02.449+0530][32.535s][info][gc,phases   ] GC(26) Concurrent Select Relocation Set 1.864ms
[2026-01-15T01:36:02.449+0530][32.535s][info][gc,phases   ] GC(26) Pause Relocate Start 0.008ms
[2026-01-15T01:36:02.450+0530][32.535s][info][gc,phases   ] GC(26) Concurrent Relocate 0.507ms
[2026-01-15T01:36:02.450+0530][32.535s][info][gc,load     ] GC(26) Load: 0.00/0.00/0.00
[2026-01-15T01:36:02.450+0530][32.535s][info][gc,mmu      ] GC(26) MMU: 2ms/98.7%, 5ms/99.3%, 10ms/99.6%, 20ms/99.8%, 50ms/99.9%, 100ms/100.0%
[2026-01-15T01:36:02.450+0530][32.536s][info][gc,marking  ] GC(26) Mark: 2 stripe(s), 1 proactive flush(es), 1 terminate flush(es), 0 completion(s), 0 continuation(s) 
[2026-01-15T01:36:02.450+0530][32.536s][info][gc,marking  ] GC(26) Mark Stack Usage: 32M
[2026-01-15T01:36:02.450+0530][32.536s][info][gc,nmethod  ] GC(26) NMethods: 214 registered, 4 unregistered
[2026-01-15T01:36:02.450+0530][32.536s][info][gc,metaspace] GC(26) Metaspace: 5M used, 6M committed, 1088M reserved
[2026-01-15T01:36:02.450+0530][32.536s][info][gc,ref      ] GC(26) Soft: 31 encountered, 0 discovered, 0 enqueued
[2026-01-15T01:36:02.450+0530][32.536s][info][gc,ref      ] GC(26) Weak: 91 encountered, 0 discovered, 0 enqueued
[2026-01-15T01:36:02.450+0530][32.536s][info][gc,ref      ] GC(26) Final: 0 encountered, 0 discovered, 0 enqueued
[2026-01-15T01:36:02.450+0530][32.536s][info][gc,ref      ] GC(26) Phantom: 1 encountered, 1 discovered, 0 enqueued
[2026-01-15T01:36:02.450+0530][32.536s][info][gc,reloc    ] GC(26) Small Pages: 1 / 2M, Empty: 0M, Relocated: 0M, In-Place: 0
[2026-01-15T01:36:02.450+0530][32.536s][info][gc,reloc    ] GC(26) Medium Pages: 15 / 240M, Empty: 192M, Relocated: 5M, In-Place: 0
[2026-01-15T01:36:02.450+0530][32.536s][info][gc,reloc    ] GC(26) Large Pages: 0 / 0M, Empty: 0M, Relocated: 0M, In-Place: 0
[2026-01-15T01:36:02.450+0530][32.536s][info][gc,reloc    ] GC(26) Forwarding Usage: 0M
[2026-01-15T01:36:02.450+0530][32.536s][info][gc,heap     ] GC(26) Min Capacity: 512M(100%)
[2026-01-15T01:36:02.450+0530][32.536s][info][gc,heap     ] GC(26) Max Capacity: 512M(100%)
[2026-01-15T01:36:02.450+0530][32.536s][info][gc,heap     ] GC(26) Soft Max Capacity: 512M(100%)
[2026-01-15T01:36:02.450+0530][32.536s][info][gc,heap     ] GC(26)                Mark Start          Mark End        Relocate Start      Relocate End           High               Low         
[2026-01-15T01:36:02.450+0530][32.536s][info][gc,heap     ] GC(26)  Capacity:      512M (100%)        512M (100%)        512M (100%)        512M (100%)        512M (100%)        512M (100%)   
[2026-01-15T01:36:02.450+0530][32.536s][info][gc,heap     ] GC(26)      Free:      270M (53%)         270M (53%)         462M (90%)         478M (93%)         478M (93%)         270M (53%)    
[2026-01-15T01:36:02.450+0530][32.536s][info][gc,heap     ] GC(26)      Used:      242M (47%)         242M (47%)          50M (10%)          34M (7%)          242M (47%)          34M (7%)     
[2026-01-15T01:36:02.450+0530][32.536s][info][gc,heap     ] GC(26)      Live:         -                21M (4%)           21M (4%)           21M (4%)             -                  -          
[2026-01-15T01:36:02.450+0530][32.536s][info][gc,heap     ] GC(26) Allocated:         -                 0M (0%)            0M (0%)            0M (0%)             -                  -          
[2026-01-15T01:36:02.450+0530][32.536s][info][gc,heap     ] GC(26)   Garbage:         -               220M (43%)          28M (6%)           12M (3%)             -                  -          
[2026-01-15T01:36:02.450+0530][32.536s][info][gc,heap     ] GC(26) Reclaimed:         -                  -               192M (38%)         208M (41%)            -                  -          
[2026-01-15T01:36:02.450+0530][32.536s][info][gc          ] GC(26) Garbage Collection (Proactive) 242M(47%)->34M(7%)
[2026-01-15T01:36:03.633+0530][33.718s][info][gc,start    ] GC(27) Garbage Collection (Proactive)
[2026-01-15T01:36:03.633+0530][33.718s][info][gc,task     ] GC(27) Using 2 workers
[2026-01-15T01:36:03.633+0530][33.718s][info][gc,phases   ] GC(27) Pause Mark Start 0.016ms
[2026-01-15T01:36:03.646+0530][33.731s][info][gc,phases   ] GC(27) Concurrent Mark 12.879ms
[2026-01-15T01:36:03.646+0530][33.732s][info][gc,phases   ] GC(27) Pause Mark End 0.018ms
[2026-01-15T01:36:03.646+0530][33.732s][info][gc,phases   ] GC(27) Concurrent Mark Free 0.001ms
[2026-01-15T01:36:03.646+0530][33.732s][info][gc,phases   ] GC(27) Concurrent Process Non-Strong References 0.516ms
[2026-01-15T01:36:03.646+0530][33.732s][info][gc,phases   ] GC(27) Concurrent Reset Relocation Set 0.002ms
[2026-01-15T01:36:03.648+0530][33.735s][info][gc,phases   ] GC(27) Concurrent Select Relocation Set 3.219ms
[2026-01-15T01:36:03.648+0530][33.736s][info][gc,phases   ] GC(27) Pause Relocate Start 0.007ms
[2026-01-15T01:36:03.651+0530][33.736s][info][gc,phases   ] GC(27) Concurrent Relocate 0.924ms
[2026-01-15T01:36:03.651+0530][33.737s][info][gc,load     ] GC(27) Load: 0.00/0.00/0.00
[2026-01-15T01:36:03.651+0530][33.737s][info][gc,mmu      ] GC(27) MMU: 2ms/98.7%, 5ms/99.3%, 10ms/99.6%, 20ms/99.8%, 50ms/99.9%, 100ms/100.0%
[2026-01-15T01:36:03.651+0530][33.737s][info][gc,marking  ] GC(27) Mark: 2 stripe(s), 1 proactive flush(es), 1 terminate flush(es), 0 completion(s), 0 continuation(s) 
[2026-01-15T01:36:03.651+0530][33.737s][info][gc,marking  ] GC(27) Mark Stack Usage: 32M
[2026-01-15T01:36:03.651+0530][33.737s][info][gc,nmethod  ] GC(27) NMethods: 357 registered, 16 unregistered
[2026-01-15T01:36:03.651+0530][33.737s][info][gc,metaspace] GC(27) Metaspace: 8M used, 8M committed, 1088M reserved
[2026-01-15T01:36:03.651+0530][33.737s][info][gc,ref      ] GC(27) Soft: 94 encountered, 0 discovered, 0 enqueued
[2026-01-15T01:36:03.651+0530][33.737s][info][gc,ref      ] GC(27) Weak: 207 encountered, 140 discovered, 30 enqueued
[2026-01-15T01:36:03.651+0530][33.737s][info][gc,ref      ] GC(27) Final: 0 encountered, 0 discovered, 0 enqueued
[2026-01-15T01:36:03.651+0530][33.737s][info][gc,ref      ] GC(27) Phantom: 1 encountered, 0 discovered, 0 enqueued
[2026-01-15T01:36:03.651+0530][33.737s][info][gc,reloc    ] GC(27) Small Pages: 4 / 8M, Empty: 0M, Relocated: 1M, In-Place: 0
[2026-01-15T01:36:03.651+0530][33.737s][info][gc,reloc    ] GC(27) Medium Pages: 15 / 240M, Empty: 192M, Relocated: 0M, In-Place: 0
[2026-01-15T01:36:03.651+0530][33.737s][info][gc,reloc    ] GC(27) Large Pages: 0 / 0M, Empty: 0M, Relocated: 0M, In-Place: 0
[2026-01-15T01:36:03.651+0530][33.737s][info][gc,reloc    ] GC(27) Forwarding Usage: 0M
[2026-01-15T01:36:03.651+0530][33.737s][info][gc,heap     ] GC(27) Min Capacity: 512M(100%)
[2026-01-15T01:36:03.651+0530][33.737s][info][gc,heap     ] GC(27) Max Capacity: 512M(100%)
[2026-01-15T01:36:03.651+0530][33.737s][info][gc,heap     ] GC(27) Soft Max Capacity: 512M(100%)
[2026-01-15T01:36:03.651+0530][33.737s][info][gc,heap     ] GC(27)                Mark Start          Mark End        Relocate Start      Relocate End           High               Low         
[2026-01-15T01:36:03.651+0530][33.737s][info][gc,heap     ] GC(27)  Capacity:      512M (100%)        512M (100%)        512M (100%)        512M (100%)        512M (100%)        512M (100%)   
[2026-01-15T01:36:03.651+0530][33.737s][info][gc,heap     ] GC(27)      Free:      264M (52%)         264M (52%)         456M (89%)         460M (90%)         460M (90%)         264M (52%)    
[2026-01-15T01:36:03.651+0530][33.737s][info][gc,heap     ] GC(27)      Used:      248M (48%)         248M (48%)          56M (11%)          52M (10%)         248M (48%)          52M (10%)    
[2026-01-15T01:36:03.651+0530][33.737s][info][gc,heap     ] GC(27)      Live:         -                32M (6%)           32M (6%)           32M (6%)             -                  -          
[2026-01-15T01:36:03.651+0530][33.737s][info][gc,heap     ] GC(27) Allocated:         -                 0M (0%)            0M (0%)            0M (0%)             -                  -          
[2026-01-15T01:36:03.651+0530][33.737s][info][gc,heap     ] GC(27)   Garbage:         -               215M (42%)          23M (5%)           19M (4%)             -                  -          
[2026-01-15T01:36:03.651+0530][33.737s][info][gc,heap     ] GC(27) Reclaimed:         -                  -               192M (38%)         196M (38%)            -                  -          
[2026-01-15T01:36:03.651+0530][33.737s][info][gc          ] GC(27) Garbage Collection (Proactive) 248M(48%)->52M(10%)
[2026-01-15T01:36:04.839+0530][34.925s][info][gc,start    ] GC(28) Garbage Collection (Proactive)
[2026-01-15T01:36:04.839+0530][34.925s][info][gc,task     ] GC(28) Using 2 workers
[2026-01-15T01:36:04.839+0530][34.925s][info][gc,phases   ] GC(28) Pause Mark Start 0.009ms
[2026-01-15T01:36:04.856+0530][34.941s][info][gc,phases   ] GC(28) Concurrent Mark 16.064ms
[2026-01-15T01:36:04.856+0530][34.941s][info][gc,phases   ] GC(28) Pause Mark End 0.019ms
[2026-01-15T01:36:04.856+0530][34.941s][info][gc,phases   ] GC(28) Concurrent Mark Free 0.002ms
[2026-01-15T01:36:04.856+0530][34.942s][info][gc,phases   ] GC(28) Concurrent Process Non-Strong References 0.930ms
[2026-01-15T01:36:04.856+0530][34.943s][info][gc,phases   ] GC(28) Concurrent Reset Relocation Set 0.001ms
[2026-01-15T01:36:04.856+0530][34.944s][info][gc,phases   ] GC(28) Concurrent Select Relocation Set 1.918ms
[2026-01-15T01:36:04.856+0530][34.945s][info][gc,phases   ] GC(28) Pause Relocate Start 0.008ms
[2026-01-15T01:36:04.856+0530][34.945s][info][gc,phases   ] GC(28) Concurrent Relocate 0.120ms
[2026-01-15T01:36:04.856+0530][34.945s][info][gc,load     ] GC(28) Load: 0.00/0.00/0.00
[2026-01-15T01:36:04.856+0530][34.945s][info][gc,mmu      ] GC(28) MMU: 2ms/98.7%, 5ms/99.3%, 10ms/99.6%, 20ms/99.8%, 50ms/99.9%, 100ms/100.0%
[2026-01-15T01:36:04.856+0530][34.945s][info][gc,marking  ] GC(28) Mark: 2 stripe(s), 2 proactive flush(es), 1 terminate flush(es), 0 completion(s), 0 continuation(s) 
[2026-01-15T01:36:04.856+0530][34.945s][info][gc,marking  ] GC(28) Mark Stack Usage: 32M
[2026-01-15T01:36:04.856+0530][34.945s][info][gc,nmethod  ] GC(28) NMethods: 357 registered, 16 unregistered
[2026-01-15T01:36:04.856+0530][34.945s][info][gc,metaspace] GC(28) Metaspace: 8M used, 8M committed, 1088M reserved
[2026-01-15T01:36:04.856+0530][34.945s][info][gc,ref      ] GC(28) Soft: 94 encountered, 0 discovered, 0 enqueued
[2026-01-15T01:36:04.856+0530][34.945s][info][gc,ref      ] GC(28) Weak: 177 encountered, 62 discovered, 0 enqueued
[2026-01-15T01:36:04.856+0530][34.945s][info][gc,ref      ] GC(28) Final: 0 encountered, 0 discovered, 0 enqueued
[2026-01-15T01:36:04.856+0530][34.945s][info][gc,ref      ] GC(28) Phantom: 1 encountered, 0 discovered, 0 enqueued
[2026-01-15T01:36:04.856+0530][34.945s][info][gc,reloc    ] GC(28) Small Pages: 2 / 4M, Empty: 0M, Relocated: 0M, In-Place: 0
[2026-01-15T01:36:04.856+0530][34.945s][info][gc,reloc    ] GC(28) Medium Pages: 16 / 256M, Empty: 208M, Relocated: 0M, In-Place: 0
[2026-01-15T01:36:04.856+0530][34.945s][info][gc,reloc    ] GC(28) Large Pages: 0 / 0M, Empty: 0M, Relocated: 0M, In-Place: 0
[2026-01-15T01:36:04.856+0530][34.945s][info][gc,reloc    ] GC(28) Forwarding Usage: 0M
[2026-01-15T01:36:04.856+0530][34.945s][info][gc,heap     ] GC(28) Min Capacity: 512M(100%)
[2026-01-15T01:36:04.856+0530][34.945s][info][gc,heap     ] GC(28) Max Capacity: 512M(100%)
[2026-01-15T01:36:04.856+0530][34.945s][info][gc,heap     ] GC(28) Soft Max Capacity: 512M(100%)
[2026-01-15T01:36:04.856+0530][34.945s][info][gc,heap     ] GC(28)                Mark Start          Mark End        Relocate Start      Relocate End           High               Low         
[2026-01-15T01:36:04.856+0530][34.945s][info][gc,heap     ] GC(28)  Capacity:      512M (100%)        512M (100%)        512M (100%)        512M (100%)        512M (100%)        512M (100%)   
[2026-01-15T01:36:04.856+0530][34.945s][info][gc,heap     ] GC(28)      Free:      252M (49%)         236M (46%)         444M (87%)         444M (87%)         444M (87%)         236M (46%)    
[2026-01-15T01:36:04.856+0530][34.945s][info][gc,heap     ] GC(28)      Used:      260M (51%)         276M (54%)          68M (13%)          68M (13%)         276M (54%)          68M (13%)    
[2026-01-15T01:36:04.856+0530][34.945s][info][gc,heap     ] GC(28)      Live:         -                42M (8%)           42M (8%)           42M (8%)             -                  -          
[2026-01-15T01:36:04.856+0530][34.945s][info][gc,heap     ] GC(28) Allocated:         -                16M (3%)           16M (3%)           16M (3%)             -                  -          
[2026-01-15T01:36:04.856+0530][34.945s][info][gc,heap     ] GC(28)   Garbage:         -               217M (43%)           9M (2%)            9M (2%)             -                  -          
[2026-01-15T01:36:04.856+0530][34.945s][info][gc,heap     ] GC(28) Reclaimed:         -                  -               208M (41%)         208M (41%)            -                  -          
[2026-01-15T01:36:04.856+0530][34.945s][info][gc          ] GC(28) Garbage Collection (Proactive) 260M(51%)->68M(13%)
[2026-01-15T01:36:06.129+0530][36.215s][info][gc,start    ] GC(29) Garbage Collection (Proactive)
[2026-01-15T01:36:06.129+0530][36.215s][info][gc,task     ] GC(29) Using 2 workers
[2026-01-15T01:36:06.129+0530][36.215s][info][gc,phases   ] GC(29) Pause Mark Start 0.013ms
[2026-01-15T01:36:06.145+0530][36.231s][info][gc,phases   ] GC(29) Concurrent Mark 15.570ms
[2026-01-15T01:36:06.145+0530][36.231s][info][gc,phases   ] GC(29) Pause Mark End 0.019ms
[2026-01-15T01:36:06.145+0530][36.231s][info][gc,phases   ] GC(29) Concurrent Mark Free 0.002ms
[2026-01-15T01:36:06.145+0530][36.232s][info][gc,phases   ] GC(29) Concurrent Process Non-Strong References 0.936ms
[2026-01-15T01:36:06.145+0530][36.232s][info][gc,phases   ] GC(29) Concurrent Reset Relocation Set 0.001ms
[2026-01-15T01:36:06.147+0530][36.235s][info][gc,phases   ] GC(29) Concurrent Select Relocation Set 2.745ms
[2026-01-15T01:36:06.147+0530][36.235s][info][gc,phases   ] GC(29) Pause Relocate Start 0.006ms
[2026-01-15T01:36:06.147+0530][36.235s][info][gc,phases   ] GC(29) Concurrent Relocate 0.106ms
[2026-01-15T01:36:06.147+0530][36.235s][info][gc,load     ] GC(29) Load: 0.00/0.00/0.00
[2026-01-15T01:36:06.147+0530][36.235s][info][gc,mmu      ] GC(29) MMU: 2ms/98.7%, 5ms/99.3%, 10ms/99.6%, 20ms/99.8%, 50ms/99.9%, 100ms/100.0%
[2026-01-15T01:36:06.147+0530][36.235s][info][gc,marking  ] GC(29) Mark: 2 stripe(s), 1 proactive flush(es), 1 terminate flush(es), 0 completion(s), 0 continuation(s) 
[2026-01-15T01:36:06.147+0530][36.235s][info][gc,marking  ] GC(29) Mark Stack Usage: 32M
[2026-01-15T01:36:06.147+0530][36.235s][info][gc,nmethod  ] GC(29) NMethods: 357 registered, 16 unregistered
[2026-01-15T01:36:06.147+0530][36.235s][info][gc,metaspace] GC(29) Metaspace: 8M used, 8M committed, 1088M reserved
[2026-01-15T01:36:06.147+0530][36.235s][info][gc,ref      ] GC(29) Soft: 94 encountered, 0 discovered, 0 enqueued
[2026-01-15T01:36:06.147+0530][36.235s][info][gc,ref      ] GC(29) Weak: 177 encountered, 2 discovered, 0 enqueued
[2026-01-15T01:36:06.147+0530][36.235s][info][gc,ref      ] GC(29) Final: 0 encountered, 0 discovered, 0 enqueued
[2026-01-15T01:36:06.147+0530][36.235s][info][gc,ref      ] GC(29) Phantom: 1 encountered, 0 discovered, 0 enqueued
[2026-01-15T01:36:06.147+0530][36.235s][info][gc,reloc    ] GC(29) Small Pages: 2 / 4M, Empty: 0M, Relocated: 0M, In-Place: 0
[2026-01-15T01:36:06.147+0530][36.235s][info][gc,reloc    ] GC(29) Medium Pages: 17 / 272M, Empty: 256M, Relocated: 0M, In-Place: 0
[2026-01-15T01:36:06.147+0530][36.235s][info][gc,reloc    ] GC(29) Large Pages: 0 / 0M, Empty: 0M, Relocated: 0M, In-Place: 0
[2026-01-15T01:36:06.147+0530][36.235s][info][gc,reloc    ] GC(29) Forwarding Usage: 0M
[2026-01-15T01:36:06.147+0530][36.235s][info][gc,heap     ] GC(29) Min Capacity: 512M(100%)
[2026-01-15T01:36:06.147+0530][36.235s][info][gc,heap     ] GC(29) Max Capacity: 512M(100%)
[2026-01-15T01:36:06.147+0530][36.235s][info][gc,heap     ] GC(29) Soft Max Capacity: 512M(100%)
[2026-01-15T01:36:06.147+0530][36.235s][info][gc,heap     ] GC(29)                Mark Start          Mark End        Relocate Start      Relocate End           High               Low         
[2026-01-15T01:36:06.147+0530][36.235s][info][gc,heap     ] GC(29)  Capacity:      512M (100%)        512M (100%)        512M (100%)        512M (100%)        512M (100%)        512M (100%)   
[2026-01-15T01:36:06.147+0530][36.235s][info][gc,heap     ] GC(29)      Free:      236M (46%)         220M (43%)         476M (93%)         476M (93%)         476M (93%)         220M (43%)    
[2026-01-15T01:36:06.147+0530][36.235s][info][gc,heap     ] GC(29)      Used:      276M (54%)         292M (57%)          36M (7%)           36M (7%)          292M (57%)          36M (7%)     
[2026-01-15T01:36:06.147+0530][36.235s][info][gc,heap     ] GC(29)      Live:         -                12M (2%)           12M (2%)           12M (2%)             -                  -          
[2026-01-15T01:36:06.147+0530][36.235s][info][gc,heap     ] GC(29) Allocated:         -                16M (3%)           16M (3%)           16M (3%)             -                  -          
[2026-01-15T01:36:06.147+0530][36.235s][info][gc,heap     ] GC(29)   Garbage:         -               263M (52%)           7M (2%)            7M (2%)             -                  -          
[2026-01-15T01:36:06.147+0530][36.235s][info][gc,heap     ] GC(29) Reclaimed:         -                  -               256M (50%)         256M (50%)            -                  -          
[2026-01-15T01:36:06.147+0530][36.235s][info][gc          ] GC(29) Garbage Collection (Proactive) 276M(54%)->36M(7%)
[2026-01-15T01:36:07.336+0530][37.421s][info][gc,start    ] GC(30) Garbage Collection (Proactive)
[2026-01-15T01:36:07.336+0530][37.421s][info][gc,task     ] GC(30) Using 2 workers
[2026-01-15T01:36:07.336+0530][37.421s][info][gc,phases   ] GC(30) Pause Mark Start 0.011ms
[2026-01-15T01:36:07.351+0530][37.437s][info][gc,phases   ] GC(30) Concurrent Mark 15.383ms
[2026-01-15T01:36:07.351+0530][37.437s][info][gc,phases   ] GC(30) Pause Mark End 0.013ms
[2026-01-15T01:36:07.351+0530][37.437s][info][gc,phases   ] GC(30) Concurrent Mark Free 0.001ms
[2026-01-15T01:36:07.351+0530][37.438s][info][gc,phases   ] GC(30) Concurrent Process Non-Strong References 0.700ms
[2026-01-15T01:36:07.351+0530][37.438s][info][gc,phases   ] GC(30) Concurrent Reset Relocation Set 0.001ms
[2026-01-15T01:36:07.351+0530][37.439s][info][gc,phases   ] GC(30) Concurrent Select Relocation Set 1.297ms
[2026-01-15T01:36:07.351+0530][37.439s][info][gc,phases   ] GC(30) Pause Relocate Start 0.006ms
[2026-01-15T01:36:07.351+0530][37.439s][info][gc,phases   ] GC(30) Concurrent Relocate 0.091ms
[2026-01-15T01:36:07.351+0530][37.439s][info][gc,load     ] GC(30) Load: 0.00/0.00/0.00
[2026-01-15T01:36:07.351+0530][37.439s][info][gc,mmu      ] GC(30) MMU: 2ms/98.7%, 5ms/99.3%, 10ms/99.6%, 20ms/99.8%, 50ms/99.9%, 100ms/100.0%
[2026-01-15T01:36:07.351+0530][37.439s][info][gc,marking  ] GC(30) Mark: 2 stripe(s), 1 proactive flush(es), 1 terminate flush(es), 0 completion(s), 0 continuation(s) 
[2026-01-15T01:36:07.351+0530][37.439s][info][gc,marking  ] GC(30) Mark Stack Usage: 32M
[2026-01-15T01:36:07.351+0530][37.439s][info][gc,nmethod  ] GC(30) NMethods: 357 registered, 16 unregistered
[2026-01-15T01:36:07.351+0530][37.439s][info][gc,metaspace] GC(30) Metaspace: 8M used, 8M committed, 1088M reserved
[2026-01-15T01:36:07.351+0530][37.439s][info][gc,ref      ] GC(30) Soft: 94 encountered, 0 discovered, 0 enqueued
[2026-01-15T01:36:07.351+0530][37.439s][info][gc,ref      ] GC(30) Weak: 177 encountered, 3 discovered, 0 enqueued
[2026-01-15T01:36:07.351+0530][37.439s][info][gc,ref      ] GC(30) Final: 0 encountered, 0 discovered, 0 enqueued
[2026-01-15T01:36:07.351+0530][37.439s][info][gc,ref      ] GC(30) Phantom: 1 encountered, 1 discovered, 0 enqueued
[2026-01-15T01:36:07.351+0530][37.439s][info][gc,reloc    ] GC(30) Small Pages: 2 / 4M, Empty: 0M, Relocated: 0M, In-Place: 0
[2026-01-15T01:36:07.351+0530][37.439s][info][gc,reloc    ] GC(30) Medium Pages: 15 / 240M, Empty: 192M, Relocated: 0M, In-Place: 0
[2026-01-15T01:36:07.351+0530][37.439s][info][gc,reloc    ] GC(30) Large Pages: 0 / 0M, Empty: 0M, Relocated: 0M, In-Place: 0
[2026-01-15T01:36:07.351+0530][37.439s][info][gc,reloc    ] GC(30) Forwarding Usage: 0M
[2026-01-15T01:36:07.351+0530][37.439s][info][gc,heap     ] GC(30) Min Capacity: 512M(100%)
[2026-01-15T01:36:07.351+0530][37.439s][info][gc,heap     ] GC(30) Max Capacity: 512M(100%)
[2026-01-15T01:36:07.351+0530][37.439s][info][gc,heap     ] GC(30) Soft Max Capacity: 512M(100%)
[2026-01-15T01:36:07.351+0530][37.439s][info][gc,heap     ] GC(30)                Mark Start          Mark End        Relocate Start      Relocate End           High               Low         
[2026-01-15T01:36:07.351+0530][37.439s][info][gc,heap     ] GC(30)  Capacity:      512M (100%)        512M (100%)        512M (100%)        512M (100%)        512M (100%)        512M (100%)   
[2026-01-15T01:36:07.351+0530][37.439s][info][gc,heap     ] GC(30)      Free:      268M (52%)         268M (52%)         460M (90%)         460M (90%)         460M (90%)         268M (52%)    
[2026-01-15T01:36:07.351+0530][37.439s][info][gc,heap     ] GC(30)      Used:      244M (48%)         244M (48%)          52M (10%)          52M (10%)         244M (48%)          52M (10%)    
[2026-01-15T01:36:07.351+0530][37.439s][info][gc,heap     ] GC(30)      Live:         -                32M (6%)           32M (6%)           32M (6%)             -                  -          
[2026-01-15T01:36:07.351+0530][37.439s][info][gc,heap     ] GC(30) Allocated:         -                 0M (0%)            0M (0%)            0M (0%)             -                  -          
[2026-01-15T01:36:07.351+0530][37.439s][info][gc,heap     ] GC(30)   Garbage:         -               211M (41%)          19M (4%)           19M (4%)             -                  -          
[2026-01-15T01:36:07.351+0530][37.439s][info][gc,heap     ] GC(30) Reclaimed:         -                  -               192M (38%)         192M (38%)            -                  -          
[2026-01-15T01:36:07.351+0530][37.439s][info][gc          ] GC(30) Garbage Collection (Proactive) 244M(48%)->52M(10%)
[2026-01-15T01:36:08.540+0530][38.625s][info][gc,start    ] GC(31) Garbage Collection (Proactive)
[2026-01-15T01:36:08.540+0530][38.625s][info][gc,task     ] GC(31) Using 2 workers
[2026-01-15T01:36:08.540+0530][38.625s][info][gc,phases   ] GC(31) Pause Mark Start 0.011ms
[2026-01-15T01:36:08.556+0530][38.641s][info][gc,phases   ] GC(31) Concurrent Mark 15.533ms
[2026-01-15T01:36:08.556+0530][38.641s][info][gc,phases   ] GC(31) Pause Mark End 0.018ms
[2026-01-15T01:36:08.556+0530][38.641s][info][gc,phases   ] GC(31) Concurrent Mark Free 0.001ms
[2026-01-15T01:36:08.556+0530][38.642s][info][gc,phases   ] GC(31) Concurrent Process Non-Strong References 0.513ms
[2026-01-15T01:36:08.556+0530][38.642s][info][gc,phases   ] GC(31) Concurrent Reset Relocation Set 0.000ms
[2026-01-15T01:36:08.556+0530][38.643s][info][gc,phases   ] GC(31) Concurrent Select Relocation Set 1.573ms
[2026-01-15T01:36:08.556+0530][38.643s][info][gc,phases   ] GC(31) Pause Relocate Start 0.006ms
[2026-01-15T01:36:08.556+0530][38.644s][info][gc,phases   ] GC(31) Concurrent Relocate 0.099ms
[2026-01-15T01:36:08.556+0530][38.644s][info][gc,load     ] GC(31) Load: 0.00/0.00/0.00
[2026-01-15T01:36:08.556+0530][38.644s][info][gc,mmu      ] GC(31) MMU: 2ms/98.7%, 5ms/99.3%, 10ms/99.6%, 20ms/99.8%, 50ms/99.9%, 100ms/100.0%
[2026-01-15T01:36:08.556+0530][38.644s][info][gc,marking  ] GC(31) Mark: 2 stripe(s), 2 proactive flush(es), 1 terminate flush(es), 0 completion(s), 0 continuation(s) 
[2026-01-15T01:36:08.556+0530][38.644s][info][gc,marking  ] GC(31) Mark Stack Usage: 32M
[2026-01-15T01:36:08.556+0530][38.644s][info][gc,nmethod  ] GC(31) NMethods: 358 registered, 16 unregistered
[2026-01-15T01:36:08.556+0530][38.644s][info][gc,metaspace] GC(31) Metaspace: 8M used, 8M committed, 1088M reserved
[2026-01-15T01:36:08.556+0530][38.644s][info][gc,ref      ] GC(31) Soft: 94 encountered, 0 discovered, 0 enqueued
[2026-01-15T01:36:08.556+0530][38.644s][info][gc,ref      ] GC(31) Weak: 177 encountered, 3 discovered, 0 enqueued
[2026-01-15T01:36:08.556+0530][38.644s][info][gc,ref      ] GC(31) Final: 0 encountered, 0 discovered, 0 enqueued
[2026-01-15T01:36:08.556+0530][38.644s][info][gc,ref      ] GC(31) Phantom: 1 encountered, 0 discovered, 0 enqueued
[2026-01-15T01:36:08.556+0530][38.644s][info][gc,reloc    ] GC(31) Small Pages: 2 / 4M, Empty: 0M, Relocated: 0M, In-Place: 0
[2026-01-15T01:36:08.556+0530][38.644s][info][gc,reloc    ] GC(31) Medium Pages: 16 / 256M, Empty: 208M, Relocated: 0M, In-Place: 0
[2026-01-15T01:36:08.556+0530][38.644s][info][gc,reloc    ] GC(31) Large Pages: 0 / 0M, Empty: 0M, Relocated: 0M, In-Place: 0
[2026-01-15T01:36:08.556+0530][38.644s][info][gc,reloc    ] GC(31) Forwarding Usage: 0M
[2026-01-15T01:36:08.556+0530][38.644s][info][gc,heap     ] GC(31) Min Capacity: 512M(100%)
[2026-01-15T01:36:08.556+0530][38.644s][info][gc,heap     ] GC(31) Max Capacity: 512M(100%)
[2026-01-15T01:36:08.556+0530][38.644s][info][gc,heap     ] GC(31) Soft Max Capacity: 512M(100%)
[2026-01-15T01:36:08.556+0530][38.644s][info][gc,heap     ] GC(31)                Mark Start          Mark End        Relocate Start      Relocate End           High               Low         
[2026-01-15T01:36:08.556+0530][38.644s][info][gc,heap     ] GC(31)  Capacity:      512M (100%)        512M (100%)        512M (100%)        512M (100%)        512M (100%)        512M (100%)   
[2026-01-15T01:36:08.556+0530][38.644s][info][gc,heap     ] GC(31)      Free:      252M (49%)         236M (46%)         444M (87%)         444M (87%)         444M (87%)         236M (46%)    
[2026-01-15T01:36:08.556+0530][38.644s][info][gc,heap     ] GC(31)      Used:      260M (51%)         276M (54%)          68M (13%)          68M (13%)         276M (54%)          68M (13%)    
[2026-01-15T01:36:08.556+0530][38.644s][info][gc,heap     ] GC(31)      Live:         -                46M (9%)           46M (9%)           46M (9%)             -                  -          
[2026-01-15T01:36:08.556+0530][38.644s][info][gc,heap     ] GC(31) Allocated:         -                16M (3%)           16M (3%)           16M (3%)             -                  -          
[2026-01-15T01:36:08.556+0530][38.644s][info][gc,heap     ] GC(31)   Garbage:         -               213M (42%)           5M (1%)            5M (1%)             -                  -          
[2026-01-15T01:36:08.556+0530][38.644s][info][gc,heap     ] GC(31) Reclaimed:         -                  -               208M (41%)         208M (41%)            -                  -          
[2026-01-15T01:36:08.556+0530][38.644s][info][gc          ] GC(31) Garbage Collection (Proactive) 260M(51%)->68M(13%)
[2026-01-15T01:36:09.638+0530][39.723s][info][gc,start    ] GC(32) Garbage Collection (Proactive)
[2026-01-15T01:36:09.638+0530][39.723s][info][gc,task     ] GC(32) Using 2 workers
[2026-01-15T01:36:09.638+0530][39.723s][info][gc,phases   ] GC(32) Pause Mark Start 0.009ms
[2026-01-15T01:36:09.654+0530][39.739s][info][gc,phases   ] GC(32) Concurrent Mark 16.035ms
[2026-01-15T01:36:09.654+0530][39.739s][info][gc,phases   ] GC(32) Pause Mark End 0.017ms
[2026-01-15T01:36:09.661+0530][39.747s][info][gc,phases   ] GC(32) Concurrent Mark Free 0.001ms
[2026-01-15T01:36:09.661+0530][39.747s][info][gc,phases   ] GC(32) Concurrent Process Non-Strong References 0.572ms
[2026-01-15T01:36:09.661+0530][39.747s][info][gc,phases   ] GC(32) Concurrent Reset Relocation Set 0.000ms
[2026-01-15T01:36:09.661+0530][39.749s][info][gc,phases   ] GC(32) Concurrent Select Relocation Set 1.638ms
[2026-01-15T01:36:09.664+0530][39.749s][info][gc,phases   ] GC(32) Pause Relocate Start 0.008ms
[2026-01-15T01:36:09.664+0530][39.749s][info][gc,phases   ] GC(32) Concurrent Relocate 0.103ms
[2026-01-15T01:36:09.664+0530][39.749s][info][gc,load     ] GC(32) Load: 0.00/0.00/0.00
[2026-01-15T01:36:09.664+0530][39.749s][info][gc,mmu      ] GC(32) MMU: 2ms/98.7%, 5ms/99.3%, 10ms/99.6%, 20ms/99.8%, 50ms/99.9%, 100ms/100.0%
[2026-01-15T01:36:09.664+0530][39.749s][info][gc,marking  ] GC(32) Mark: 2 stripe(s), 1 proactive flush(es), 1 terminate flush(es), 0 completion(s), 0 continuation(s) 
[2026-01-15T01:36:09.664+0530][39.749s][info][gc,marking  ] GC(32) Mark Stack Usage: 32M
[2026-01-15T01:36:09.664+0530][39.749s][info][gc,nmethod  ] GC(32) NMethods: 358 registered, 16 unregistered
[2026-01-15T01:36:09.664+0530][39.749s][info][gc,metaspace] GC(32) Metaspace: 8M used, 8M committed, 1088M reserved
[2026-01-15T01:36:09.664+0530][39.750s][info][gc,ref      ] GC(32) Soft: 94 encountered, 0 discovered, 0 enqueued
[2026-01-15T01:36:09.664+0530][39.750s][info][gc,ref      ] GC(32) Weak: 177 encountered, 2 discovered, 0 enqueued
[2026-01-15T01:36:09.664+0530][39.750s][info][gc,ref      ] GC(32) Final: 0 encountered, 0 discovered, 0 enqueued
[2026-01-15T01:36:09.664+0530][39.750s][info][gc,ref      ] GC(32) Phantom: 1 encountered, 0 discovered, 0 enqueued
[2026-01-15T01:36:09.664+0530][39.750s][info][gc,reloc    ] GC(32) Small Pages: 2 / 4M, Empty: 0M, Relocated: 0M, In-Place: 0
[2026-01-15T01:36:09.664+0530][39.750s][info][gc,reloc    ] GC(32) Medium Pages: 15 / 240M, Empty: 192M, Relocated: 0M, In-Place: 0
[2026-01-15T01:36:09.664+0530][39.750s][info][gc,reloc    ] GC(32) Large Pages: 0 / 0M, Empty: 0M, Relocated: 0M, In-Place: 0
[2026-01-15T01:36:09.664+0530][39.750s][info][gc,reloc    ] GC(32) Forwarding Usage: 0M
[2026-01-15T01:36:09.664+0530][39.750s][info][gc,heap     ] GC(32) Min Capacity: 512M(100%)
[2026-01-15T01:36:09.664+0530][39.750s][info][gc,heap     ] GC(32) Max Capacity: 512M(100%)
[2026-01-15T01:36:09.664+0530][39.750s][info][gc,heap     ] GC(32) Soft Max Capacity: 512M(100%)
[2026-01-15T01:36:09.664+0530][39.750s][info][gc,heap     ] GC(32)                Mark Start          Mark End        Relocate Start      Relocate End           High               Low         
[2026-01-15T01:36:09.664+0530][39.750s][info][gc,heap     ] GC(32)  Capacity:      512M (100%)        512M (100%)        512M (100%)        512M (100%)        512M (100%)        512M (100%)   
[2026-01-15T01:36:09.664+0530][39.750s][info][gc,heap     ] GC(32)      Free:      268M (52%)         268M (52%)         460M (90%)         460M (90%)         460M (90%)         268M (52%)    
[2026-01-15T01:36:09.664+0530][39.750s][info][gc,heap     ] GC(32)      Used:      244M (48%)         244M (48%)          52M (10%)          52M (10%)         244M (48%)          52M (10%)    
[2026-01-15T01:36:09.664+0530][39.750s][info][gc,heap     ] GC(32)      Live:         -                42M (8%)           42M (8%)           42M (8%)             -                  -          
[2026-01-15T01:36:09.664+0530][39.750s][info][gc,heap     ] GC(32) Allocated:         -                 0M (0%)            0M (0%)            0M (0%)             -                  -          
[2026-01-15T01:36:09.664+0530][39.750s][info][gc,heap     ] GC(32)   Garbage:         -               201M (39%)           9M (2%)            9M (2%)             -                  -          
[2026-01-15T01:36:09.664+0530][39.750s][info][gc,heap     ] GC(32) Reclaimed:         -                  -               192M (38%)         192M (38%)            -                  -          
[2026-01-15T01:36:09.664+0530][39.750s][info][gc          ] GC(32) Garbage Collection (Proactive) 244M(48%)->52M(10%)
[2026-01-15T01:36:10.031+0530][40.117s][info][gc,stats    ] === Garbage Collection Statistics =======================================================================================================================
[2026-01-15T01:36:10.031+0530][40.117s][info][gc,stats    ]                                                              Last 10s              Last 10m              Last 10h                Total
[2026-01-15T01:36:10.031+0530][40.117s][info][gc,stats    ]                                                              Avg / Max             Avg / Max             Avg / Max             Avg / Max
[2026-01-15T01:36:10.031+0530][40.117s][info][gc,stats    ]   Collector: Garbage Collection Cycle                     19.636 / 26.500       19.899 / 26.500       19.899 / 26.500       19.899 / 26.500      ms
[2026-01-15T01:36:10.031+0530][40.117s][info][gc,stats    ]  Contention: Mark Segment Reset Contention                     0 / 1                 0 / 1                 0 / 1                 0 / 1           ops/s
[2026-01-15T01:36:10.031+0530][40.117s][info][gc,stats    ]  Contention: Mark SeqNum Reset Contention                      0 / 1                 0 / 1                 0 / 1                 0 / 1           ops/s
[2026-01-15T01:36:10.031+0530][40.117s][info][gc,stats    ]    Critical: Allocation Stall                                  0 / 0                 0 / 0                 0 / 0                 0 / 0           ops/s
[2026-01-15T01:36:10.031+0530][40.117s][info][gc,stats    ]    Critical: Allocation Stall                              0.000 / 0.000         0.000 / 0.000         0.000 / 0.000         0.000 / 0.000       ms
[2026-01-15T01:36:10.031+0530][40.117s][info][gc,stats    ]    Critical: GC Locker Stall                                   0 / 0                 0 / 0                 0 / 0                 0 / 0           ops/s
[2026-01-15T01:36:10.031+0530][40.117s][info][gc,stats    ]    Critical: GC Locker Stall                               0.000 / 0.000         0.000 / 0.000         0.000 / 0.000         0.000 / 0.000       ms
[2026-01-15T01:36:10.031+0530][40.117s][info][gc,stats    ]    Critical: Relocation Stall                                  0 / 0                 0 / 0                 0 / 0                 0 / 0           ops/s
[2026-01-15T01:36:10.031+0530][40.117s][info][gc,stats    ]    Critical: Relocation Stall                              0.000 / 0.000         0.000 / 0.000         0.000 / 0.000         0.000 / 0.000       ms
[2026-01-15T01:36:10.031+0530][40.117s][info][gc,stats    ]      Memory: Allocation Rate                                 178 / 192             178 / 202             178 / 202             178 / 202         MB/s
[2026-01-15T01:36:10.031+0530][40.117s][info][gc,stats    ]      Memory: Defragment                                        0 / 0                 0 / 0                 0 / 0                 0 / 0           ops/s
[2026-01-15T01:36:10.031+0530][40.117s][info][gc,stats    ]      Memory: Out Of Memory                                     0 / 0                 0 / 0                 0 / 0                 0 / 0           ops/s
[2026-01-15T01:36:10.031+0530][40.117s][info][gc,stats    ]      Memory: Page Cache Flush                                  0 / 0                 0 / 0                 0 / 0                 0 / 0           MB/s
[2026-01-15T01:36:10.031+0530][40.117s][info][gc,stats    ]      Memory: Page Cache Hit L1                                11 / 15               11 / 15               11 / 15               11 / 15          ops/s
[2026-01-15T01:36:10.031+0530][40.117s][info][gc,stats    ]      Memory: Page Cache Hit L2                                 0 / 0                 0 / 0                 0 / 0                 0 / 0           ops/s
[2026-01-15T01:36:10.031+0530][40.117s][info][gc,stats    ]      Memory: Page Cache Hit L3                                 0 / 0                 0 / 14                0 / 14                0 / 14          ops/s
[2026-01-15T01:36:10.031+0530][40.117s][info][gc,stats    ]      Memory: Page Cache Miss                                   0 / 0                 0 / 1                 0 / 1                 0 / 1           ops/s
[2026-01-15T01:36:10.031+0530][40.117s][info][gc,stats    ]      Memory: Uncommit                                          0 / 0                 0 / 0                 0 / 0                 0 / 0           MB/s
[2026-01-15T01:36:10.031+0530][40.117s][info][gc,stats    ]      Memory: Undo Object Allocation Failed                     0 / 0                 0 / 0                 0 / 0                 0 / 0           ops/s
[2026-01-15T01:36:10.031+0530][40.117s][info][gc,stats    ]      Memory: Undo Object Allocation Succeeded                  0 / 0                 0 / 0                 0 / 0                 0 / 0           ops/s
[2026-01-15T01:36:10.031+0530][40.117s][info][gc,stats    ]      Memory: Undo Page Allocation                              0 / 0                 0 / 0                 0 / 0                 0 / 0           ops/s
[2026-01-15T01:36:10.031+0530][40.117s][info][gc,stats    ]       Phase: Concurrent Mark                              14.795 / 16.064       14.936 / 16.421       14.936 / 16.421       14.936 / 16.421      ms
[2026-01-15T01:36:10.031+0530][40.117s][info][gc,stats    ]       Phase: Concurrent Mark Continue                      0.000 / 0.000         0.000 / 0.000         0.000 / 0.000         0.000 / 0.000       ms
[2026-01-15T01:36:10.031+0530][40.117s][info][gc,stats    ]       Phase: Concurrent Mark Free                          0.001 / 0.002         0.001 / 0.002         0.001 / 0.002         0.001 / 0.002       ms
[2026-01-15T01:36:10.031+0530][40.117s][info][gc,stats    ]       Phase: Concurrent Process Non-Strong References      0.655 / 0.936         0.563 / 0.978         0.563 / 0.978         0.563 / 0.978       ms
[2026-01-15T01:36:10.031+0530][40.117s][info][gc,stats    ]       Phase: Concurrent Relocate                           0.326 / 0.924         0.412 / 3.117         0.412 / 3.117         0.412 / 3.117       ms
[2026-01-15T01:36:10.031+0530][40.117s][info][gc,stats    ]       Phase: Concurrent Reset Relocation Set               0.001 / 0.002         0.001 / 0.002         0.001 / 0.002         0.001 / 0.002       ms
[2026-01-15T01:36:10.031+0530][40.117s][info][gc,stats    ]       Phase: Concurrent Select Relocation Set              2.165 / 3.219         2.378 / 8.189         2.378 / 8.189         2.378 / 8.189       ms
[2026-01-15T01:36:10.031+0530][40.117s][info][gc,stats    ]       Phase: Pause Mark End                                0.018 / 0.020         0.018 / 0.025         0.018 / 0.025         0.018 / 0.025       ms
[2026-01-15T01:36:10.031+0530][40.118s][info][gc,stats    ]       Phase: Pause Mark Start                              0.012 / 0.016         0.012 / 0.023         0.012 / 0.023         0.012 / 0.023       ms
[2026-01-15T01:36:10.031+0530][40.118s][info][gc,stats    ]       Phase: Pause Relocate Start                          0.007 / 0.008         0.008 / 0.012         0.008 / 0.012         0.008 / 0.012       ms
[2026-01-15T01:36:10.031+0530][40.118s][info][gc,stats    ]    Subphase: Concurrent Classes Purge                      0.011 / 0.024         0.010 / 0.026         0.010 / 0.026         0.010 / 0.026       ms
[2026-01-15T01:36:10.031+0530][40.118s][info][gc,stats    ]    Subphase: Concurrent Classes Unlink                     0.281 / 0.436         0.226 / 0.436         0.226 / 0.436         0.226 / 0.436       ms
[2026-01-15T01:36:10.031+0530][40.118s][info][gc,stats    ]    Subphase: Concurrent Mark                               8.326 / 15.690        8.142 / 16.115        8.142 / 16.115        8.142 / 16.115      ms
[2026-01-15T01:36:10.031+0530][40.118s][info][gc,stats    ]    Subphase: Concurrent Mark Try Flush                     0.066 / 0.165         0.081 / 0.293         0.081 / 0.293         0.081 / 0.293       ms
[2026-01-15T01:36:10.031+0530][40.118s][info][gc,stats    ]    Subphase: Concurrent Mark Try Terminate                 4.095 / 14.584        4.319 / 15.164        4.319 / 15.164        4.319 / 15.164      ms
[2026-01-15T01:36:10.031+0530][40.118s][info][gc,stats    ]    Subphase: Concurrent References Enqueue                 0.001 / 0.004         0.001 / 0.004         0.001 / 0.004         0.001 / 0.004       ms
[2026-01-15T01:36:10.032+0530][40.118s][info][gc,stats    ]    Subphase: Concurrent References Process                 0.088 / 0.168         0.071 / 0.171         0.071 / 0.171         0.071 / 0.171       ms
[2026-01-15T01:36:10.032+0530][40.118s][info][gc,stats    ]    Subphase: Concurrent Roots ClassLoaderDataGraph         0.049 / 0.191         0.044 / 0.279         0.044 / 0.279         0.044 / 0.279       ms
[2026-01-15T01:36:10.032+0530][40.118s][info][gc,stats    ]    Subphase: Concurrent Roots CodeCache                    0.000 / 0.000         0.000 / 0.000         0.000 / 0.000         0.000 / 0.000       ms
[2026-01-15T01:36:10.032+0530][40.118s][info][gc,stats    ]    Subphase: Concurrent Roots JavaThreads                  0.166 / 0.422         0.153 / 0.435         0.153 / 0.435         0.153 / 0.435       ms
[2026-01-15T01:36:10.032+0530][40.118s][info][gc,stats    ]    Subphase: Concurrent Roots OopStorageSet                0.013 / 0.056         0.013 / 0.056         0.013 / 0.056         0.013 / 0.056       ms
[2026-01-15T01:36:10.032+0530][40.118s][info][gc,stats    ]    Subphase: Concurrent Weak Roots OopStorageSet           0.114 / 0.281         0.102 / 0.417         0.102 / 0.417         0.102 / 0.417       ms
[2026-01-15T01:36:10.032+0530][40.118s][info][gc,stats    ]    Subphase: Pause Mark Try Complete                       0.000 / 0.000         0.000 / 0.000         0.000 / 0.000         0.000 / 0.000       ms
[2026-01-15T01:36:10.032+0530][40.118s][info][gc,stats    ]      System: Java Threads                                     11 / 13               11 / 13               11 / 13               11 / 13          threads
[2026-01-15T01:36:10.032+0530][40.118s][info][gc,stats    ] =========================================================================================================================================================
[2026-01-15T01:36:11.535+0530][41.620s][info][gc,start    ] GC(33) Garbage Collection (Proactive)
[2026-01-15T01:36:11.535+0530][41.620s][info][gc,task     ] GC(33) Using 2 workers
[2026-01-15T01:36:11.535+0530][41.620s][info][gc,phases   ] GC(33) Pause Mark Start 0.011ms
[2026-01-15T01:36:11.551+0530][41.636s][info][gc,phases   ] GC(33) Concurrent Mark 15.663ms
[2026-01-15T01:36:11.551+0530][41.636s][info][gc,phases   ] GC(33) Pause Mark End 0.015ms
[2026-01-15T01:36:11.551+0530][41.636s][info][gc,phases   ] GC(33) Concurrent Mark Free 0.001ms
[2026-01-15T01:36:11.551+0530][41.637s][info][gc,phases   ] GC(33) Concurrent Process Non-Strong References 0.508ms
[2026-01-15T01:36:11.551+0530][41.637s][info][gc,phases   ] GC(33) Concurrent Reset Relocation Set 0.000ms
[2026-01-15T01:36:11.551+0530][41.638s][info][gc,phases   ] GC(33) Concurrent Select Relocation Set 1.756ms
[2026-01-15T01:36:11.551+0530][41.638s][info][gc,phases   ] GC(33) Pause Relocate Start 0.007ms
[2026-01-15T01:36:11.551+0530][41.639s][info][gc,phases   ] GC(33) Concurrent Relocate 0.088ms
[2026-01-15T01:36:11.551+0530][41.639s][info][gc,load     ] GC(33) Load: 0.00/0.00/0.00
[2026-01-15T01:36:11.551+0530][41.639s][info][gc,mmu      ] GC(33) MMU: 2ms/98.7%, 5ms/99.3%, 10ms/99.6%, 20ms/99.8%, 50ms/99.9%, 100ms/100.0%
[2026-01-15T01:36:11.551+0530][41.639s][info][gc,marking  ] GC(33) Mark: 2 stripe(s), 2 proactive flush(es), 1 terminate flush(es), 0 completion(s), 0 continuation(s) 
[2026-01-15T01:36:11.551+0530][41.639s][info][gc,marking  ] GC(33) Mark Stack Usage: 32M
[2026-01-15T01:36:11.551+0530][41.639s][info][gc,nmethod  ] GC(33) NMethods: 358 registered, 16 unregistered
[2026-01-15T01:36:11.551+0530][41.639s][info][gc,metaspace] GC(33) Metaspace: 8M used, 8M committed, 1088M reserved
[2026-01-15T01:36:11.551+0530][41.639s][info][gc,ref      ] GC(33) Soft: 94 encountered, 0 discovered, 0 enqueued
[2026-01-15T01:36:11.551+0530][41.639s][info][gc,ref      ] GC(33) Weak: 177 encountered, 1 discovered, 0 enqueued
[2026-01-15T01:36:11.551+0530][41.639s][info][gc,ref      ] GC(33) Final: 0 encountered, 0 discovered, 0 enqueued
[2026-01-15T01:36:11.551+0530][41.639s][info][gc,ref      ] GC(33) Phantom: 1 encountered, 0 discovered, 0 enqueued
[2026-01-15T01:36:11.551+0530][41.639s][info][gc,reloc    ] GC(33) Small Pages: 2 / 4M, Empty: 0M, Relocated: 0M, In-Place: 0
[2026-01-15T01:36:11.551+0530][41.639s][info][gc,reloc    ] GC(33) Medium Pages: 23 / 368M, Empty: 320M, Relocated: 0M, In-Place: 0
[2026-01-15T01:36:11.551+0530][41.639s][info][gc,reloc    ] GC(33) Large Pages: 0 / 0M, Empty: 0M, Relocated: 0M, In-Place: 0
[2026-01-15T01:36:11.551+0530][41.639s][info][gc,reloc    ] GC(33) Forwarding Usage: 0M
[2026-01-15T01:36:11.551+0530][41.639s][info][gc,heap     ] GC(33) Min Capacity: 512M(100%)
[2026-01-15T01:36:11.551+0530][41.639s][info][gc,heap     ] GC(33) Max Capacity: 512M(100%)
[2026-01-15T01:36:11.551+0530][41.639s][info][gc,heap     ] GC(33) Soft Max Capacity: 512M(100%)
[2026-01-15T01:36:11.551+0530][41.639s][info][gc,heap     ] GC(33)                Mark Start          Mark End        Relocate Start      Relocate End           High               Low         
[2026-01-15T01:36:11.551+0530][41.639s][info][gc,heap     ] GC(33)  Capacity:      512M (100%)        512M (100%)        512M (100%)        512M (100%)        512M (100%)        512M (100%)   
[2026-01-15T01:36:11.551+0530][41.639s][info][gc,heap     ] GC(33)      Free:      140M (27%)         124M (24%)         444M (87%)         444M (87%)         444M (87%)         124M (24%)    
[2026-01-15T01:36:11.551+0530][41.639s][info][gc,heap     ] GC(33)      Used:      372M (73%)         388M (76%)          68M (13%)          68M (13%)         388M (76%)          68M (13%)    
[2026-01-15T01:36:11.551+0530][41.639s][info][gc,heap     ] GC(33)      Live:         -                42M (8%)           42M (8%)           42M (8%)             -                  -          
[2026-01-15T01:36:11.551+0530][41.639s][info][gc,heap     ] GC(33) Allocated:         -                16M (3%)           16M (3%)           16M (3%)             -                  -          
[2026-01-15T01:36:11.551+0530][41.639s][info][gc,heap     ] GC(33)   Garbage:         -               329M (64%)           9M (2%)            9M (2%)             -                  -          
[2026-01-15T01:36:11.551+0530][41.639s][info][gc,heap     ] GC(33) Reclaimed:         -                  -               320M (62%)         320M (62%)            -                  -          
[2026-01-15T01:36:11.551+0530][41.639s][info][gc          ] GC(33) Garbage Collection (Proactive) 372M(73%)->68M(13%)
[2026-01-15T01:36:13.131+0530][43.217s][info][gc,start    ] GC(34) Garbage Collection (Proactive)
[2026-01-15T01:36:13.131+0530][43.217s][info][gc,task     ] GC(34) Using 2 workers
[2026-01-15T01:36:13.131+0530][43.217s][info][gc,phases   ] GC(34) Pause Mark Start 0.015ms
[2026-01-15T01:36:13.147+0530][43.232s][info][gc,phases   ] GC(34) Concurrent Mark 15.022ms
[2026-01-15T01:36:13.147+0530][43.232s][info][gc,phases   ] GC(34) Pause Mark End 0.022ms
[2026-01-15T01:36:13.147+0530][43.232s][info][gc,phases   ] GC(34) Concurrent Mark Free 0.001ms
[2026-01-15T01:36:13.147+0530][43.233s][info][gc,phases   ] GC(34) Concurrent Process Non-Strong References 0.847ms
[2026-01-15T01:36:13.147+0530][43.233s][info][gc,phases   ] GC(34) Concurrent Reset Relocation Set 0.000ms
[2026-01-15T01:36:13.147+0530][43.236s][info][gc,phases   ] GC(34) Concurrent Select Relocation Set 2.187ms
[2026-01-15T01:36:13.147+0530][43.236s][info][gc,phases   ] GC(34) Pause Relocate Start 0.008ms
[2026-01-15T01:36:13.147+0530][43.236s][info][gc,phases   ] GC(34) Concurrent Relocate 0.061ms
[2026-01-15T01:36:13.147+0530][43.236s][info][gc,load     ] GC(34) Load: 0.00/0.00/0.00
[2026-01-15T01:36:13.147+0530][43.236s][info][gc,mmu      ] GC(34) MMU: 2ms/98.7%, 5ms/99.3%, 10ms/99.6%, 20ms/99.8%, 50ms/99.9%, 100ms/100.0%
[2026-01-15T01:36:13.147+0530][43.236s][info][gc,marking  ] GC(34) Mark: 2 stripe(s), 1 proactive flush(es), 1 terminate flush(es), 0 completion(s), 0 continuation(s) 
[2026-01-15T01:36:13.147+0530][43.236s][info][gc,marking  ] GC(34) Mark Stack Usage: 32M
[2026-01-15T01:36:13.147+0530][43.236s][info][gc,nmethod  ] GC(34) NMethods: 358 registered, 16 unregistered
[2026-01-15T01:36:13.147+0530][43.236s][info][gc,metaspace] GC(34) Metaspace: 8M used, 8M committed, 1088M reserved
[2026-01-15T01:36:13.147+0530][43.236s][info][gc,ref      ] GC(34) Soft: 94 encountered, 0 discovered, 0 enqueued
[2026-01-15T01:36:13.147+0530][43.236s][info][gc,ref      ] GC(34) Weak: 177 encountered, 1 discovered, 0 enqueued
[2026-01-15T01:36:13.147+0530][43.236s][info][gc,ref      ] GC(34) Final: 0 encountered, 0 discovered, 0 enqueued
[2026-01-15T01:36:13.147+0530][43.236s][info][gc,ref      ] GC(34) Phantom: 1 encountered, 0 discovered, 0 enqueued
[2026-01-15T01:36:13.147+0530][43.236s][info][gc,reloc    ] GC(34) Small Pages: 2 / 4M, Empty: 0M, Relocated: 0M, In-Place: 0
[2026-01-15T01:36:13.147+0530][43.236s][info][gc,reloc    ] GC(34) Medium Pages: 21 / 336M, Empty: 336M, Relocated: 0M, In-Place: 0
[2026-01-15T01:36:13.147+0530][43.236s][info][gc,reloc    ] GC(34) Large Pages: 0 / 0M, Empty: 0M, Relocated: 0M, In-Place: 0
[2026-01-15T01:36:13.147+0530][43.236s][info][gc,reloc    ] GC(34) Forwarding Usage: 0M
[2026-01-15T01:36:13.147+0530][43.236s][info][gc,heap     ] GC(34) Min Capacity: 512M(100%)
[2026-01-15T01:36:13.147+0530][43.236s][info][gc,heap     ] GC(34) Max Capacity: 512M(100%)
[2026-01-15T01:36:13.147+0530][43.236s][info][gc,heap     ] GC(34) Soft Max Capacity: 512M(100%)
[2026-01-15T01:36:13.147+0530][43.236s][info][gc,heap     ] GC(34)                Mark Start          Mark End        Relocate Start      Relocate End           High               Low         
[2026-01-15T01:36:13.147+0530][43.236s][info][gc,heap     ] GC(34)  Capacity:      512M (100%)        512M (100%)        512M (100%)        512M (100%)        512M (100%)        512M (100%)   
[2026-01-15T01:36:13.147+0530][43.236s][info][gc,heap     ] GC(34)      Free:      172M (34%)         156M (30%)         492M (96%)         492M (96%)         492M (96%)         156M (30%)    
[2026-01-15T01:36:13.147+0530][43.236s][info][gc,heap     ] GC(34)      Used:      340M (66%)         356M (70%)          20M (4%)           20M (4%)          356M (70%)          20M (4%)     
[2026-01-15T01:36:13.147+0530][43.236s][info][gc,heap     ] GC(34)      Live:         -                 2M (0%)            2M (0%)            2M (0%)             -                  -          
[2026-01-15T01:36:13.147+0530][43.236s][info][gc,heap     ] GC(34) Allocated:         -                16M (3%)           16M (3%)           16M (3%)             -                  -          
[2026-01-15T01:36:13.147+0530][43.236s][info][gc,heap     ] GC(34)   Garbage:         -               337M (66%)           1M (0%)            1M (0%)             -                  -          
[2026-01-15T01:36:13.147+0530][43.236s][info][gc,heap     ] GC(34) Reclaimed:         -                  -               336M (66%)         336M (66%)            -                  -          
[2026-01-15T01:36:13.147+0530][43.236s][info][gc          ] GC(34) Garbage Collection (Proactive) 340M(66%)->20M(4%)
[2026-01-15T01:36:14.438+0530][44.523s][info][gc,start    ] GC(35) Garbage Collection (Proactive)
[2026-01-15T01:36:14.438+0530][44.523s][info][gc,task     ] GC(35) Using 2 workers
[2026-01-15T01:36:14.438+0530][44.523s][info][gc,phases   ] GC(35) Pause Mark Start 0.010ms
[2026-01-15T01:36:14.454+0530][44.539s][info][gc,phases   ] GC(35) Concurrent Mark 16.203ms
[2026-01-15T01:36:14.454+0530][44.540s][info][gc,phases   ] GC(35) Pause Mark End 0.013ms
[2026-01-15T01:36:14.454+0530][44.540s][info][gc,phases   ] GC(35) Concurrent Mark Free 0.001ms
[2026-01-15T01:36:14.454+0530][44.541s][info][gc,phases   ] GC(35) Concurrent Process Non-Strong References 1.414ms
[2026-01-15T01:36:14.454+0530][44.541s][info][gc,phases   ] GC(35) Concurrent Reset Relocation Set 0.000ms
[2026-01-15T01:36:14.454+0530][44.544s][info][gc,phases   ] GC(35) Concurrent Select Relocation Set 2.489ms
[2026-01-15T01:36:14.454+0530][44.544s][info][gc,phases   ] GC(35) Pause Relocate Start 0.012ms
[2026-01-15T01:36:14.454+0530][44.544s][info][gc,phases   ] GC(35) Concurrent Relocate 0.080ms
[2026-01-15T01:36:14.459+0530][44.544s][info][gc,load     ] GC(35) Load: 0.00/0.00/0.00
[2026-01-15T01:36:14.459+0530][44.544s][info][gc,mmu      ] GC(35) MMU: 2ms/98.7%, 5ms/99.3%, 10ms/99.6%, 20ms/99.8%, 50ms/99.9%, 100ms/100.0%
[2026-01-15T01:36:14.459+0530][44.544s][info][gc,marking  ] GC(35) Mark: 2 stripe(s), 1 proactive flush(es), 1 terminate flush(es), 0 completion(s), 0 continuation(s) 
[2026-01-15T01:36:14.459+0530][44.544s][info][gc,marking  ] GC(35) Mark Stack Usage: 32M
[2026-01-15T01:36:14.459+0530][44.544s][info][gc,nmethod  ] GC(35) NMethods: 358 registered, 16 unregistered
[2026-01-15T01:36:14.459+0530][44.544s][info][gc,metaspace] GC(35) Metaspace: 8M used, 8M committed, 1088M reserved
[2026-01-15T01:36:14.459+0530][44.544s][info][gc,ref      ] GC(35) Soft: 94 encountered, 0 discovered, 0 enqueued
[2026-01-15T01:36:14.459+0530][44.544s][info][gc,ref      ] GC(35) Weak: 177 encountered, 2 discovered, 0 enqueued
[2026-01-15T01:36:14.459+0530][44.544s][info][gc,ref      ] GC(35) Final: 0 encountered, 0 discovered, 0 enqueued
[2026-01-15T01:36:14.459+0530][44.544s][info][gc,ref      ] GC(35) Phantom: 1 encountered, 0 discovered, 0 enqueued
[2026-01-15T01:36:14.459+0530][44.544s][info][gc,reloc    ] GC(35) Small Pages: 2 / 4M, Empty: 0M, Relocated: 0M, In-Place: 0
[2026-01-15T01:36:14.459+0530][44.544s][info][gc,reloc    ] GC(35) Medium Pages: 14 / 224M, Empty: 192M, Relocated: 0M, In-Place: 0
[2026-01-15T01:36:14.459+0530][44.544s][info][gc,reloc    ] GC(35) Large Pages: 0 / 0M, Empty: 0M, Relocated: 0M, In-Place: 0
[2026-01-15T01:36:14.459+0530][44.544s][info][gc,reloc    ] GC(35) Forwarding Usage: 0M
[2026-01-15T01:36:14.459+0530][44.544s][info][gc,heap     ] GC(35) Min Capacity: 512M(100%)
[2026-01-15T01:36:14.459+0530][44.544s][info][gc,heap     ] GC(35) Max Capacity: 512M(100%)
[2026-01-15T01:36:14.459+0530][44.544s][info][gc,heap     ] GC(35) Soft Max Capacity: 512M(100%)
[2026-01-15T01:36:14.459+0530][44.544s][info][gc,heap     ] GC(35)                Mark Start          Mark End        Relocate Start      Relocate End           High               Low         
[2026-01-15T01:36:14.459+0530][44.544s][info][gc,heap     ] GC(35)  Capacity:      512M (100%)        512M (100%)        512M (100%)        512M (100%)        512M (100%)        512M (100%)   
[2026-01-15T01:36:14.459+0530][44.544s][info][gc,heap     ] GC(35)      Free:      284M (55%)         268M (52%)         460M (90%)         460M (90%)         460M (90%)         268M (52%)    
[2026-01-15T01:36:14.459+0530][44.544s][info][gc,heap     ] GC(35)      Used:      228M (45%)         244M (48%)          52M (10%)          52M (10%)         244M (48%)          52M (10%)    
[2026-01-15T01:36:14.459+0530][44.544s][info][gc,heap     ] GC(35)      Live:         -                32M (6%)           32M (6%)           32M (6%)             -                  -          
[2026-01-15T01:36:14.459+0530][44.544s][info][gc,heap     ] GC(35) Allocated:         -                16M (3%)           16M (3%)           16M (3%)             -                  -          
[2026-01-15T01:36:14.459+0530][44.544s][info][gc,heap     ] GC(35)   Garbage:         -               195M (38%)           3M (1%)            3M (1%)             -                  -          
[2026-01-15T01:36:14.459+0530][44.544s][info][gc,heap     ] GC(35) Reclaimed:         -                  -               192M (38%)         192M (38%)            -                  -          
[2026-01-15T01:36:14.459+0530][44.544s][info][gc          ] GC(35) Garbage Collection (Proactive) 228M(45%)->52M(10%)
[2026-01-15T01:36:15.739+0530][45.824s][info][gc,start    ] GC(36) Garbage Collection (Proactive)
[2026-01-15T01:36:15.739+0530][45.825s][info][gc,task     ] GC(36) Using 2 workers
[2026-01-15T01:36:15.739+0530][45.825s][info][gc,phases   ] GC(36) Pause Mark Start 0.008ms
[2026-01-15T01:36:15.756+0530][45.841s][info][gc,phases   ] GC(36) Concurrent Mark 16.308ms
[2026-01-15T01:36:15.756+0530][45.841s][info][gc,phases   ] GC(36) Pause Mark End 0.020ms
[2026-01-15T01:36:15.756+0530][45.841s][info][gc,phases   ] GC(36) Concurrent Mark Free 0.001ms
[2026-01-15T01:36:15.756+0530][45.842s][info][gc,phases   ] GC(36) Concurrent Process Non-Strong References 0.511ms
[2026-01-15T01:36:15.756+0530][45.842s][info][gc,phases   ] GC(36) Concurrent Reset Relocation Set 0.001ms
[2026-01-15T01:36:15.760+0530][45.845s][info][gc,phases   ] GC(36) Concurrent Select Relocation Set 3.195ms
[2026-01-15T01:36:15.760+0530][45.845s][info][gc,phases   ] GC(36) Pause Relocate Start 0.011ms
[2026-01-15T01:36:15.760+0530][45.845s][info][gc,phases   ] GC(36) Concurrent Relocate 0.021ms
[2026-01-15T01:36:15.760+0530][45.845s][info][gc,load     ] GC(36) Load: 0.00/0.00/0.00
[2026-01-15T01:36:15.760+0530][45.845s][info][gc,mmu      ] GC(36) MMU: 2ms/98.7%, 5ms/99.3%, 10ms/99.6%, 20ms/99.8%, 50ms/99.9%, 100ms/100.0%
[2026-01-15T01:36:15.760+0530][45.845s][info][gc,marking  ] GC(36) Mark: 2 stripe(s), 1 proactive flush(es), 1 terminate flush(es), 0 completion(s), 0 continuation(s) 
[2026-01-15T01:36:15.760+0530][45.845s][info][gc,marking  ] GC(36) Mark Stack Usage: 32M
[2026-01-15T01:36:15.760+0530][45.845s][info][gc,nmethod  ] GC(36) NMethods: 358 registered, 16 unregistered
[2026-01-15T01:36:15.760+0530][45.845s][info][gc,metaspace] GC(36) Metaspace: 8M used, 8M committed, 1088M reserved
[2026-01-15T01:36:15.760+0530][45.845s][info][gc,ref      ] GC(36) Soft: 94 encountered, 0 discovered, 0 enqueued
[2026-01-15T01:36:15.760+0530][45.845s][info][gc,ref      ] GC(36) Weak: 177 encountered, 0 discovered, 0 enqueued
[2026-01-15T01:36:15.760+0530][45.845s][info][gc,ref      ] GC(36) Final: 0 encountered, 0 discovered, 0 enqueued
[2026-01-15T01:36:15.760+0530][45.845s][info][gc,ref      ] GC(36) Phantom: 1 encountered, 0 discovered, 0 enqueued
[2026-01-15T01:36:15.760+0530][45.845s][info][gc,reloc    ] GC(36) Small Pages: 2 / 4M, Empty: 0M, Relocated: 0M, In-Place: 0
[2026-01-15T01:36:15.760+0530][45.845s][info][gc,reloc    ] GC(36) Medium Pages: 16 / 256M, Empty: 256M, Relocated: 0M, In-Place: 0
[2026-01-15T01:36:15.760+0530][45.845s][info][gc,reloc    ] GC(36) Large Pages: 0 / 0M, Empty: 0M, Relocated: 0M, In-Place: 0
[2026-01-15T01:36:15.760+0530][45.845s][info][gc,reloc    ] GC(36) Forwarding Usage: 0M
[2026-01-15T01:36:15.760+0530][45.845s][info][gc,heap     ] GC(36) Min Capacity: 512M(100%)
[2026-01-15T01:36:15.760+0530][45.845s][info][gc,heap     ] GC(36) Max Capacity: 512M(100%)
[2026-01-15T01:36:15.760+0530][45.845s][info][gc,heap     ] GC(36) Soft Max Capacity: 512M(100%)
[2026-01-15T01:36:15.760+0530][45.845s][info][gc,heap     ] GC(36)                Mark Start          Mark End        Relocate Start      Relocate End           High               Low         
[2026-01-15T01:36:15.760+0530][45.845s][info][gc,heap     ] GC(36)  Capacity:      512M (100%)        512M (100%)        512M (100%)        512M (100%)        512M (100%)        512M (100%)   
[2026-01-15T01:36:15.760+0530][45.845s][info][gc,heap     ] GC(36)      Free:      252M (49%)         236M (46%)         492M (96%)         492M (96%)         492M (96%)         236M (46%)    
[2026-01-15T01:36:15.760+0530][45.845s][info][gc,heap     ] GC(36)      Used:      260M (51%)         276M (54%)          20M (4%)           20M (4%)          276M (54%)          20M (4%)     
[2026-01-15T01:36:15.760+0530][45.845s][info][gc,heap     ] GC(36)      Live:         -                 2M (0%)            2M (0%)            2M (0%)             -                  -          
[2026-01-15T01:36:15.760+0530][45.845s][info][gc,heap     ] GC(36) Allocated:         -                16M (3%)           16M (3%)           16M (3%)             -                  -          
[2026-01-15T01:36:15.760+0530][45.845s][info][gc,heap     ] GC(36)   Garbage:         -               257M (50%)           1M (0%)            1M (0%)             -                  -          
[2026-01-15T01:36:15.760+0530][45.845s][info][gc,heap     ] GC(36) Reclaimed:         -                  -               256M (50%)         256M (50%)            -                  -          
[2026-01-15T01:36:15.760+0530][45.845s][info][gc          ] GC(36) Garbage Collection (Proactive) 260M(51%)->20M(4%)
[2026-01-15T01:36:17.030+0530][47.115s][info][gc,start    ] GC(37) Garbage Collection (Proactive)
[2026-01-15T01:36:17.030+0530][47.116s][info][gc,task     ] GC(37) Using 2 workers
[2026-01-15T01:36:17.030+0530][47.116s][info][gc,phases   ] GC(37) Pause Mark Start 0.007ms
[2026-01-15T01:36:17.046+0530][47.132s][info][gc,phases   ] GC(37) Concurrent Mark 15.930ms
[2026-01-15T01:36:17.046+0530][47.132s][info][gc,phases   ] GC(37) Pause Mark End 0.016ms
[2026-01-15T01:36:17.046+0530][47.132s][info][gc,phases   ] GC(37) Concurrent Mark Free 0.002ms
[2026-01-15T01:36:17.046+0530][47.133s][info][gc,phases   ] GC(37) Concurrent Process Non-Strong References 0.673ms
[2026-01-15T01:36:17.046+0530][47.133s][info][gc,phases   ] GC(37) Concurrent Reset Relocation Set 0.001ms
[2026-01-15T01:36:17.046+0530][47.134s][info][gc,phases   ] GC(37) Concurrent Select Relocation Set 1.542ms
[2026-01-15T01:36:17.046+0530][47.134s][info][gc,phases   ] GC(37) Pause Relocate Start 0.007ms
[2026-01-15T01:36:17.046+0530][47.134s][info][gc,phases   ] GC(37) Concurrent Relocate 0.097ms
[2026-01-15T01:36:17.046+0530][47.134s][info][gc,load     ] GC(37) Load: 0.00/0.00/0.00
[2026-01-15T01:36:17.046+0530][47.134s][info][gc,mmu      ] GC(37) MMU: 2ms/98.7%, 5ms/99.3%, 10ms/99.6%, 20ms/99.8%, 50ms/99.9%, 100ms/100.0%
[2026-01-15T01:36:17.046+0530][47.135s][info][gc,marking  ] GC(37) Mark: 2 stripe(s), 1 proactive flush(es), 1 terminate flush(es), 0 completion(s), 0 continuation(s) 
[2026-01-15T01:36:17.046+0530][47.135s][info][gc,marking  ] GC(37) Mark Stack Usage: 32M
[2026-01-15T01:36:17.046+0530][47.135s][info][gc,nmethod  ] GC(37) NMethods: 358 registered, 16 unregistered
[2026-01-15T01:36:17.046+0530][47.135s][info][gc,metaspace] GC(37) Metaspace: 8M used, 8M committed, 1088M reserved
[2026-01-15T01:36:17.046+0530][47.135s][info][gc,ref      ] GC(37) Soft: 94 encountered, 0 discovered, 0 enqueued
[2026-01-15T01:36:17.046+0530][47.135s][info][gc,ref      ] GC(37) Weak: 177 encountered, 1 discovered, 0 enqueued
[2026-01-15T01:36:17.046+0530][47.135s][info][gc,ref      ] GC(37) Final: 0 encountered, 0 discovered, 0 enqueued
[2026-01-15T01:36:17.046+0530][47.135s][info][gc,ref      ] GC(37) Phantom: 1 encountered, 0 discovered, 0 enqueued
[2026-01-15T01:36:17.046+0530][47.135s][info][gc,reloc    ] GC(37) Small Pages: 2 / 4M, Empty: 0M, Relocated: 0M, In-Place: 0
[2026-01-15T01:36:17.046+0530][47.135s][info][gc,reloc    ] GC(37) Medium Pages: 14 / 224M, Empty: 192M, Relocated: 0M, In-Place: 0
[2026-01-15T01:36:17.046+0530][47.135s][info][gc,reloc    ] GC(37) Large Pages: 0 / 0M, Empty: 0M, Relocated: 0M, In-Place: 0
[2026-01-15T01:36:17.046+0530][47.135s][info][gc,reloc    ] GC(37) Forwarding Usage: 0M
[2026-01-15T01:36:17.046+0530][47.135s][info][gc,heap     ] GC(37) Min Capacity: 512M(100%)
[2026-01-15T01:36:17.046+0530][47.135s][info][gc,heap     ] GC(37) Max Capacity: 512M(100%)
[2026-01-15T01:36:17.046+0530][47.135s][info][gc,heap     ] GC(37) Soft Max Capacity: 512M(100%)
[2026-01-15T01:36:17.046+0530][47.135s][info][gc,heap     ] GC(37)                Mark Start          Mark End        Relocate Start      Relocate End           High               Low         
[2026-01-15T01:36:17.046+0530][47.135s][info][gc,heap     ] GC(37)  Capacity:      512M (100%)        512M (100%)        512M (100%)        512M (100%)        512M (100%)        512M (100%)   
[2026-01-15T01:36:17.046+0530][47.135s][info][gc,heap     ] GC(37)      Free:      284M (55%)         284M (55%)         476M (93%)         476M (93%)         476M (93%)         284M (55%)    
[2026-01-15T01:36:17.046+0530][47.135s][info][gc,heap     ] GC(37)      Used:      228M (45%)         228M (45%)          36M (7%)           36M (7%)          228M (45%)          36M (7%)     
[2026-01-15T01:36:17.046+0530][47.135s][info][gc,heap     ] GC(37)      Live:         -                32M (6%)           32M (6%)           32M (6%)             -                  -          
[2026-01-15T01:36:17.046+0530][47.135s][info][gc,heap     ] GC(37) Allocated:         -                 0M (0%)            0M (0%)            0M (0%)             -                  -          
[2026-01-15T01:36:17.046+0530][47.135s][info][gc,heap     ] GC(37)   Garbage:         -               195M (38%)           3M (1%)            3M (1%)             -                  -          
[2026-01-15T01:36:17.046+0530][47.135s][info][gc,heap     ] GC(37) Reclaimed:         -                  -               192M (38%)         192M (38%)            -                  -          
[2026-01-15T01:36:17.046+0530][47.135s][info][gc          ] GC(37) Garbage Collection (Proactive) 228M(45%)->36M(7%)
[2026-01-15T01:36:18.231+0530][48.317s][info][gc,start    ] GC(38) Garbage Collection (Proactive)
[2026-01-15T01:36:18.231+0530][48.317s][info][gc,task     ] GC(38) Using 2 workers
[2026-01-15T01:36:18.232+0530][48.317s][info][gc,phases   ] GC(38) Pause Mark Start 0.012ms
[2026-01-15T01:36:18.246+0530][48.331s][info][gc,phases   ] GC(38) Concurrent Mark 14.306ms
[2026-01-15T01:36:18.246+0530][48.331s][info][gc,phases   ] GC(38) Pause Mark End 0.020ms
[2026-01-15T01:36:18.246+0530][48.332s][info][gc,phases   ] GC(38) Concurrent Mark Free 0.001ms
[2026-01-15T01:36:18.248+0530][48.333s][info][gc,phases   ] GC(38) Concurrent Process Non-Strong References 1.166ms
[2026-01-15T01:36:18.248+0530][48.333s][info][gc,phases   ] GC(38) Concurrent Reset Relocation Set 0.000ms
[2026-01-15T01:36:18.249+0530][48.335s][info][gc,phases   ] GC(38) Concurrent Select Relocation Set 1.811ms
[2026-01-15T01:36:18.249+0530][48.335s][info][gc,phases   ] GC(38) Pause Relocate Start 0.007ms
[2026-01-15T01:36:18.249+0530][48.335s][info][gc,phases   ] GC(38) Concurrent Relocate 0.068ms
[2026-01-15T01:36:18.250+0530][48.335s][info][gc,load     ] GC(38) Load: 0.00/0.00/0.00
[2026-01-15T01:36:18.250+0530][48.335s][info][gc,mmu      ] GC(38) MMU: 2ms/98.7%, 5ms/99.3%, 10ms/99.6%, 20ms/99.8%, 50ms/99.9%, 100ms/100.0%
[2026-01-15T01:36:18.250+0530][48.335s][info][gc,marking  ] GC(38) Mark: 2 stripe(s), 2 proactive flush(es), 1 terminate flush(es), 0 completion(s), 0 continuation(s) 
[2026-01-15T01:36:18.250+0530][48.335s][info][gc,marking  ] GC(38) Mark Stack Usage: 32M
[2026-01-15T01:36:18.250+0530][48.335s][info][gc,nmethod  ] GC(38) NMethods: 358 registered, 16 unregistered
[2026-01-15T01:36:18.250+0530][48.335s][info][gc,metaspace] GC(38) Metaspace: 8M used, 8M committed, 1088M reserved
[2026-01-15T01:36:18.250+0530][48.335s][info][gc,ref      ] GC(38) Soft: 94 encountered, 0 discovered, 0 enqueued
[2026-01-15T01:36:18.250+0530][48.335s][info][gc,ref      ] GC(38) Weak: 177 encountered, 2 discovered, 0 enqueued
[2026-01-15T01:36:18.250+0530][48.335s][info][gc,ref      ] GC(38) Final: 0 encountered, 0 discovered, 0 enqueued
[2026-01-15T01:36:18.250+0530][48.335s][info][gc,ref      ] GC(38) Phantom: 1 encountered, 0 discovered, 0 enqueued
[2026-01-15T01:36:18.250+0530][48.335s][info][gc,reloc    ] GC(38) Small Pages: 2 / 4M, Empty: 0M, Relocated: 0M, In-Place: 0
[2026-01-15T01:36:18.250+0530][48.335s][info][gc,reloc    ] GC(38) Medium Pages: 15 / 240M, Empty: 192M, Relocated: 0M, In-Place: 0
[2026-01-15T01:36:18.250+0530][48.335s][info][gc,reloc    ] GC(38) Large Pages: 0 / 0M, Empty: 0M, Relocated: 0M, In-Place: 0
[2026-01-15T01:36:18.250+0530][48.335s][info][gc,reloc    ] GC(38) Forwarding Usage: 0M
[2026-01-15T01:36:18.250+0530][48.335s][info][gc,heap     ] GC(38) Min Capacity: 512M(100%)
[2026-01-15T01:36:18.250+0530][48.335s][info][gc,heap     ] GC(38) Max Capacity: 512M(100%)
[2026-01-15T01:36:18.250+0530][48.335s][info][gc,heap     ] GC(38) Soft Max Capacity: 512M(100%)
[2026-01-15T01:36:18.250+0530][48.335s][info][gc,heap     ] GC(38)                Mark Start          Mark End        Relocate Start      Relocate End           High               Low         
[2026-01-15T01:36:18.250+0530][48.335s][info][gc,heap     ] GC(38)  Capacity:      512M (100%)        512M (100%)        512M (100%)        512M (100%)        512M (100%)        512M (100%)   
[2026-01-15T01:36:18.250+0530][48.335s][info][gc,heap     ] GC(38)      Free:      268M (52%)         252M (49%)         444M (87%)         444M (87%)         444M (87%)         252M (49%)    
[2026-01-15T01:36:18.250+0530][48.335s][info][gc,heap     ] GC(38)      Used:      244M (48%)         260M (51%)          68M (13%)          68M (13%)         260M (51%)          68M (13%)    
[2026-01-15T01:36:18.250+0530][48.335s][info][gc,heap     ] GC(38)      Live:         -                44M (9%)           44M (9%)           44M (9%)             -                  -          
[2026-01-15T01:36:18.250+0530][48.335s][info][gc,heap     ] GC(38) Allocated:         -                16M (3%)           16M (3%)           16M (3%)             -                  -          
[2026-01-15T01:36:18.250+0530][48.335s][info][gc,heap     ] GC(38)   Garbage:         -               199M (39%)           7M (2%)            7M (2%)             -                  -          
[2026-01-15T01:36:18.250+0530][48.335s][info][gc,heap     ] GC(38) Reclaimed:         -                  -               192M (38%)         192M (38%)            -                  -          
[2026-01-15T01:36:18.250+0530][48.335s][info][gc          ] GC(38) Garbage Collection (Proactive) 244M(48%)->68M(13%)
[2026-01-15T01:36:19.340+0530][49.425s][info][gc,start    ] GC(39) Garbage Collection (Proactive)
[2026-01-15T01:36:19.340+0530][49.425s][info][gc,task     ] GC(39) Using 2 workers
[2026-01-15T01:36:19.340+0530][49.425s][info][gc,phases   ] GC(39) Pause Mark Start 0.008ms
[2026-01-15T01:36:19.356+0530][49.441s][info][gc,phases   ] GC(39) Concurrent Mark 15.806ms
[2026-01-15T01:36:19.356+0530][49.441s][info][gc,phases   ] GC(39) Pause Mark End 0.016ms
[2026-01-15T01:36:19.356+0530][49.441s][info][gc,phases   ] GC(39) Concurrent Mark Free 0.005ms
[2026-01-15T01:36:19.356+0530][49.443s][info][gc,phases   ] GC(39) Concurrent Process Non-Strong References 1.226ms
[2026-01-15T01:36:19.356+0530][49.443s][info][gc,phases   ] GC(39) Concurrent Reset Relocation Set 0.001ms
[2026-01-15T01:36:19.356+0530][49.444s][info][gc,phases   ] GC(39) Concurrent Select Relocation Set 1.555ms
[2026-01-15T01:36:19.356+0530][49.444s][info][gc,phases   ] GC(39) Pause Relocate Start 0.006ms
[2026-01-15T01:36:19.356+0530][49.445s][info][gc,phases   ] GC(39) Concurrent Relocate 0.029ms
[2026-01-15T01:36:19.356+0530][49.445s][info][gc,load     ] GC(39) Load: 0.00/0.00/0.00
[2026-01-15T01:36:19.356+0530][49.445s][info][gc,mmu      ] GC(39) MMU: 2ms/98.7%, 5ms/99.3%, 10ms/99.6%, 20ms/99.8%, 50ms/99.9%, 100ms/100.0%
[2026-01-15T01:36:19.356+0530][49.445s][info][gc,marking  ] GC(39) Mark: 2 stripe(s), 1 proactive flush(es), 1 terminate flush(es), 0 completion(s), 0 continuation(s) 
[2026-01-15T01:36:19.356+0530][49.445s][info][gc,marking  ] GC(39) Mark Stack Usage: 32M
[2026-01-15T01:36:19.356+0530][49.445s][info][gc,nmethod  ] GC(39) NMethods: 358 registered, 16 unregistered
[2026-01-15T01:36:19.356+0530][49.445s][info][gc,metaspace] GC(39) Metaspace: 8M used, 8M committed, 1088M reserved
[2026-01-15T01:36:19.356+0530][49.445s][info][gc,ref      ] GC(39) Soft: 94 encountered, 0 discovered, 0 enqueued
[2026-01-15T01:36:19.356+0530][49.445s][info][gc,ref      ] GC(39) Weak: 177 encountered, 0 discovered, 0 enqueued
[2026-01-15T01:36:19.356+0530][49.445s][info][gc,ref      ] GC(39) Final: 0 encountered, 0 discovered, 0 enqueued
[2026-01-15T01:36:19.356+0530][49.445s][info][gc,ref      ] GC(39) Phantom: 1 encountered, 0 discovered, 0 enqueued
[2026-01-15T01:36:19.356+0530][49.445s][info][gc,reloc    ] GC(39) Small Pages: 2 / 4M, Empty: 0M, Relocated: 0M, In-Place: 0
[2026-01-15T01:36:19.356+0530][49.445s][info][gc,reloc    ] GC(39) Medium Pages: 15 / 240M, Empty: 192M, Relocated: 0M, In-Place: 0
[2026-01-15T01:36:19.356+0530][49.445s][info][gc,reloc    ] GC(39) Large Pages: 0 / 0M, Empty: 0M, Relocated: 0M, In-Place: 0
[2026-01-15T01:36:19.356+0530][49.445s][info][gc,reloc    ] GC(39) Forwarding Usage: 0M
[2026-01-15T01:36:19.356+0530][49.445s][info][gc,heap     ] GC(39) Min Capacity: 512M(100%)
[2026-01-15T01:36:19.356+0530][49.445s][info][gc,heap     ] GC(39) Max Capacity: 512M(100%)
[2026-01-15T01:36:19.356+0530][49.445s][info][gc,heap     ] GC(39) Soft Max Capacity: 512M(100%)
[2026-01-15T01:36:19.356+0530][49.445s][info][gc,heap     ] GC(39)                Mark Start          Mark End        Relocate Start      Relocate End           High               Low         
[2026-01-15T01:36:19.356+0530][49.445s][info][gc,heap     ] GC(39)  Capacity:      512M (100%)        512M (100%)        512M (100%)        512M (100%)        512M (100%)        512M (100%)   
[2026-01-15T01:36:19.356+0530][49.445s][info][gc,heap     ] GC(39)      Free:      268M (52%)         252M (49%)         444M (87%)         444M (87%)         444M (87%)         252M (49%)    
[2026-01-15T01:36:19.356+0530][49.445s][info][gc,heap     ] GC(39)      Used:      244M (48%)         260M (51%)          68M (13%)          68M (13%)         260M (51%)          68M (13%)    
[2026-01-15T01:36:19.356+0530][49.445s][info][gc,heap     ] GC(39)      Live:         -                42M (8%)           42M (8%)           42M (8%)             -                  -          
[2026-01-15T01:36:19.356+0530][49.445s][info][gc,heap     ] GC(39) Allocated:         -                16M (3%)           16M (3%)           16M (3%)             -                  -          
[2026-01-15T01:36:19.356+0530][49.445s][info][gc,heap     ] GC(39)   Garbage:         -               201M (39%)           9M (2%)            9M (2%)             -                  -          
[2026-01-15T01:36:19.356+0530][49.445s][info][gc,heap     ] GC(39) Reclaimed:         -                  -               192M (38%)         192M (38%)            -                  -          
[2026-01-15T01:36:19.356+0530][49.445s][info][gc          ] GC(39) Garbage Collection (Proactive) 244M(48%)->68M(13%)
[2026-01-15T01:36:20.038+0530][50.124s][info][gc,stats    ] === Garbage Collection Statistics =======================================================================================================================
[2026-01-15T01:36:20.038+0530][50.124s][info][gc,stats    ]                                                              Last 10s              Last 10m              Last 10h                Total
[2026-01-15T01:36:20.038+0530][50.124s][info][gc,stats    ]                                                              Avg / Max             Avg / Max             Avg / Max             Avg / Max
[2026-01-15T01:36:20.038+0530][50.124s][info][gc,stats    ]   Collector: Garbage Collection Cycle                     19.491 / 20.979       19.828 / 26.500       19.828 / 26.500       19.828 / 26.500      ms
[2026-01-15T01:36:20.038+0530][50.124s][info][gc,stats    ]  Contention: Mark Segment Reset Contention                     0 / 1                 0 / 1                 0 / 1                 0 / 1           ops/s
[2026-01-15T01:36:20.038+0530][50.124s][info][gc,stats    ]  Contention: Mark SeqNum Reset Contention                      0 / 1                 0 / 1                 0 / 1                 0 / 1           ops/s
[2026-01-15T01:36:20.038+0530][50.124s][info][gc,stats    ]    Critical: Allocation Stall                                  0 / 0                 0 / 0                 0 / 0                 0 / 0           ops/s
[2026-01-15T01:36:20.038+0530][50.124s][info][gc,stats    ]    Critical: Allocation Stall                              0.000 / 0.000         0.000 / 0.000         0.000 / 0.000         0.000 / 0.000       ms
[2026-01-15T01:36:20.038+0530][50.124s][info][gc,stats    ]    Critical: GC Locker Stall                                   0 / 0                 0 / 0                 0 / 0                 0 / 0           ops/s
[2026-01-15T01:36:20.038+0530][50.124s][info][gc,stats    ]    Critical: GC Locker Stall                               0.000 / 0.000         0.000 / 0.000         0.000 / 0.000         0.000 / 0.000       ms
[2026-01-15T01:36:20.038+0530][50.124s][info][gc,stats    ]    Critical: Relocation Stall                                  0 / 0                 0 / 0                 0 / 0                 0 / 0           ops/s
[2026-01-15T01:36:20.038+0530][50.124s][info][gc,stats    ]    Critical: Relocation Stall                              0.000 / 0.000         0.000 / 0.000         0.000 / 0.000         0.000 / 0.000       ms
[2026-01-15T01:36:20.038+0530][50.124s][info][gc,stats    ]      Memory: Allocation Rate                                 174 / 176             177 / 202             177 / 202             177 / 202         MB/s
[2026-01-15T01:36:20.038+0530][50.124s][info][gc,stats    ]      Memory: Defragment                                        0 / 0                 0 / 0                 0 / 0                 0 / 0           ops/s
[2026-01-15T01:36:20.038+0530][50.124s][info][gc,stats    ]      Memory: Out Of Memory                                     0 / 0                 0 / 0                 0 / 0                 0 / 0           ops/s
[2026-01-15T01:36:20.038+0530][50.124s][info][gc,stats    ]      Memory: Page Cache Flush                                  0 / 0                 0 / 0                 0 / 0                 0 / 0           MB/s
[2026-01-15T01:36:20.038+0530][50.124s][info][gc,stats    ]      Memory: Page Cache Hit L1                                10 / 11               10 / 15               10 / 15               10 / 15          ops/s
[2026-01-15T01:36:20.038+0530][50.124s][info][gc,stats    ]      Memory: Page Cache Hit L2                                 0 / 0                 0 / 0                 0 / 0                 0 / 0           ops/s
[2026-01-15T01:36:20.038+0530][50.124s][info][gc,stats    ]      Memory: Page Cache Hit L3                                 0 / 3                 0 / 14                0 / 14                0 / 14          ops/s
[2026-01-15T01:36:20.038+0530][50.124s][info][gc,stats    ]      Memory: Page Cache Miss                                   0 / 0                 0 / 1                 0 / 1                 0 / 1           ops/s
[2026-01-15T01:36:20.038+0530][50.124s][info][gc,stats    ]      Memory: Uncommit                                          0 / 0                 0 / 0                 0 / 0                 0 / 0           MB/s
[2026-01-15T01:36:20.038+0530][50.124s][info][gc,stats    ]      Memory: Undo Object Allocation Failed                     0 / 0                 0 / 0                 0 / 0                 0 / 0           ops/s
[2026-01-15T01:36:20.038+0530][50.124s][info][gc,stats    ]      Memory: Undo Object Allocation Succeeded                  0 / 0                 0 / 0                 0 / 0                 0 / 0           ops/s
[2026-01-15T01:36:20.038+0530][50.124s][info][gc,stats    ]      Memory: Undo Page Allocation                              0 / 0                 0 / 0                 0 / 0                 0 / 0           ops/s
[2026-01-15T01:36:20.038+0530][50.124s][info][gc,stats    ]       Phase: Concurrent Mark                              15.605 / 16.308       15.053 / 16.421       15.053 / 16.421       15.053 / 16.421      ms
[2026-01-15T01:36:20.038+0530][50.124s][info][gc,stats    ]       Phase: Concurrent Mark Continue                      0.000 / 0.000         0.000 / 0.000         0.000 / 0.000         0.000 / 0.000       ms
[2026-01-15T01:36:20.038+0530][50.124s][info][gc,stats    ]       Phase: Concurrent Mark Free                          0.002 / 0.005         0.001 / 0.005         0.001 / 0.005         0.001 / 0.005       ms
[2026-01-15T01:36:20.038+0530][50.124s][info][gc,stats    ]       Phase: Concurrent Process Non-Strong References      0.906 / 1.414         0.623 / 1.414         0.623 / 1.414         0.623 / 1.414       ms
[2026-01-15T01:36:20.038+0530][50.124s][info][gc,stats    ]       Phase: Concurrent Relocate                           0.063 / 0.097         0.351 / 3.117         0.351 / 3.117         0.351 / 3.117       ms
[2026-01-15T01:36:20.038+0530][50.124s][info][gc,stats    ]       Phase: Concurrent Reset Relocation Set               0.000 / 0.001         0.001 / 0.002         0.001 / 0.002         0.001 / 0.002       ms
[2026-01-15T01:36:20.038+0530][50.124s][info][gc,stats    ]       Phase: Concurrent Select Relocation Set              2.076 / 3.195         2.325 / 8.189         2.325 / 8.189         2.325 / 8.189       ms
[2026-01-15T01:36:20.038+0530][50.124s][info][gc,stats    ]       Phase: Pause Mark End                                0.017 / 0.022         0.018 / 0.025         0.018 / 0.025         0.018 / 0.025       ms
[2026-01-15T01:36:20.038+0530][50.124s][info][gc,stats    ]       Phase: Pause Mark Start                              0.010 / 0.015         0.012 / 0.023         0.012 / 0.023         0.012 / 0.023       ms
[2026-01-15T01:36:20.038+0530][50.124s][info][gc,stats    ]       Phase: Pause Relocate Start                          0.009 / 0.012         0.008 / 0.012         0.008 / 0.012         0.008 / 0.012       ms
[2026-01-15T01:36:20.038+0530][50.124s][info][gc,stats    ]    Subphase: Concurrent Classes Purge                      0.009 / 0.012         0.010 / 0.026         0.010 / 0.026         0.010 / 0.026       ms
[2026-01-15T01:36:20.038+0530][50.124s][info][gc,stats    ]    Subphase: Concurrent Classes Unlink                     0.519 / 1.077         0.278 / 1.077         0.278 / 1.077         0.278 / 1.077       ms
[2026-01-15T01:36:20.038+0530][50.124s][info][gc,stats    ]    Subphase: Concurrent Mark                               8.675 / 16.039        8.235 / 16.115        8.235 / 16.115        8.235 / 16.115      ms
[2026-01-15T01:36:20.038+0530][50.124s][info][gc,stats    ]    Subphase: Concurrent Mark Try Flush                     0.051 / 0.115         0.076 / 0.293         0.076 / 0.293         0.076 / 0.293       ms
[2026-01-15T01:36:20.038+0530][50.124s][info][gc,stats    ]    Subphase: Concurrent Mark Try Terminate                 4.463 / 14.801        4.345 / 15.164        4.345 / 15.164        4.345 / 15.164      ms
[2026-01-15T01:36:20.038+0530][50.124s][info][gc,stats    ]    Subphase: Concurrent References Enqueue                 0.000 / 0.001         0.001 / 0.004         0.001 / 0.004         0.001 / 0.004       ms
[2026-01-15T01:36:20.038+0530][50.124s][info][gc,stats    ]    Subphase: Concurrent References Process                 0.053 / 0.125         0.068 / 0.171         0.068 / 0.171         0.068 / 0.171       ms
[2026-01-15T01:36:20.038+0530][50.124s][info][gc,stats    ]    Subphase: Concurrent Roots ClassLoaderDataGraph         0.041 / 0.150         0.043 / 0.279         0.043 / 0.279         0.043 / 0.279       ms
[2026-01-15T01:36:20.038+0530][50.124s][info][gc,stats    ]    Subphase: Concurrent Roots CodeCache                    0.000 / 0.000         0.000 / 0.000         0.000 / 0.000         0.000 / 0.000       ms
[2026-01-15T01:36:20.038+0530][50.124s][info][gc,stats    ]    Subphase: Concurrent Roots JavaThreads                  0.152 / 0.391         0.153 / 0.435         0.153 / 0.435         0.153 / 0.435       ms
[2026-01-15T01:36:20.038+0530][50.124s][info][gc,stats    ]    Subphase: Concurrent Roots OopStorageSet                0.010 / 0.024         0.013 / 0.056         0.013 / 0.056         0.013 / 0.056       ms
[2026-01-15T01:36:20.038+0530][50.124s][info][gc,stats    ]    Subphase: Concurrent Weak Roots OopStorageSet           0.152 / 0.311         0.110 / 0.417         0.110 / 0.417         0.110 / 0.417       ms
[2026-01-15T01:36:20.038+0530][50.124s][info][gc,stats    ]    Subphase: Pause Mark Try Complete                       0.000 / 0.000         0.000 / 0.000         0.000 / 0.000         0.000 / 0.000       ms
[2026-01-15T01:36:20.038+0530][50.124s][info][gc,stats    ]      System: Java Threads                                     11 / 11               11 / 13               11 / 13               11 / 13          threads
[2026-01-15T01:36:20.038+0530][50.124s][info][gc,stats    ] =========================================================================================================================================================
[2026-01-15T01:36:20.436+0530][50.521s][info][gc,start    ] GC(40) Garbage Collection (Proactive)
[2026-01-15T01:36:20.436+0530][50.521s][info][gc,task     ] GC(40) Using 2 workers
[2026-01-15T01:36:20.436+0530][50.522s][info][gc,phases   ] GC(40) Pause Mark Start 0.010ms
[2026-01-15T01:36:20.450+0530][50.536s][info][gc,phases   ] GC(40) Concurrent Mark 13.924ms
[2026-01-15T01:36:20.450+0530][50.536s][info][gc,phases   ] GC(40) Pause Mark End 0.024ms
[2026-01-15T01:36:20.450+0530][50.536s][info][gc,phases   ] GC(40) Concurrent Mark Free 0.001ms
[2026-01-15T01:36:20.450+0530][50.536s][info][gc,phases   ] GC(40) Concurrent Process Non-Strong References 0.365ms
[2026-01-15T01:36:20.450+0530][50.536s][info][gc,phases   ] GC(40) Concurrent Reset Relocation Set 0.000ms
[2026-01-15T01:36:20.452+0530][50.538s][info][gc,phases   ] GC(40) Concurrent Select Relocation Set 1.770ms
[2026-01-15T01:36:20.452+0530][50.538s][info][gc,phases   ] GC(40) Pause Relocate Start 0.005ms
[2026-01-15T01:36:20.453+0530][50.538s][info][gc,phases   ] GC(40) Concurrent Relocate 0.094ms
[2026-01-15T01:36:20.453+0530][50.538s][info][gc,load     ] GC(40) Load: 0.00/0.00/0.00
[2026-01-15T01:36:20.453+0530][50.538s][info][gc,mmu      ] GC(40) MMU: 2ms/98.7%, 5ms/99.3%, 10ms/99.6%, 20ms/99.8%, 50ms/99.9%, 100ms/100.0%
[2026-01-15T01:36:20.453+0530][50.538s][info][gc,marking  ] GC(40) Mark: 2 stripe(s), 2 proactive flush(es), 1 terminate flush(es), 0 completion(s), 0 continuation(s) 
[2026-01-15T01:36:20.453+0530][50.538s][info][gc,marking  ] GC(40) Mark Stack Usage: 32M
[2026-01-15T01:36:20.453+0530][50.538s][info][gc,nmethod  ] GC(40) NMethods: 358 registered, 16 unregistered
[2026-01-15T01:36:20.453+0530][50.538s][info][gc,metaspace] GC(40) Metaspace: 8M used, 8M committed, 1088M reserved
[2026-01-15T01:36:20.453+0530][50.538s][info][gc,ref      ] GC(40) Soft: 94 encountered, 0 discovered, 0 enqueued
[2026-01-15T01:36:20.453+0530][50.538s][info][gc,ref      ] GC(40) Weak: 177 encountered, 0 discovered, 0 enqueued
[2026-01-15T01:36:20.453+0530][50.538s][info][gc,ref      ] GC(40) Final: 0 encountered, 0 discovered, 0 enqueued
[2026-01-15T01:36:20.453+0530][50.538s][info][gc,ref      ] GC(40) Phantom: 1 encountered, 0 discovered, 0 enqueued
[2026-01-15T01:36:20.453+0530][50.538s][info][gc,reloc    ] GC(40) Small Pages: 2 / 4M, Empty: 0M, Relocated: 0M, In-Place: 0
[2026-01-15T01:36:20.453+0530][50.538s][info][gc,reloc    ] GC(40) Medium Pages: 15 / 240M, Empty: 192M, Relocated: 0M, In-Place: 0
[2026-01-15T01:36:20.453+0530][50.538s][info][gc,reloc    ] GC(40) Large Pages: 0 / 0M, Empty: 0M, Relocated: 0M, In-Place: 0
[2026-01-15T01:36:20.453+0530][50.538s][info][gc,reloc    ] GC(40) Forwarding Usage: 0M
[2026-01-15T01:36:20.453+0530][50.538s][info][gc,heap     ] GC(40) Min Capacity: 512M(100%)
[2026-01-15T01:36:20.453+0530][50.538s][info][gc,heap     ] GC(40) Max Capacity: 512M(100%)
[2026-01-15T01:36:20.453+0530][50.538s][info][gc,heap     ] GC(40) Soft Max Capacity: 512M(100%)
[2026-01-15T01:36:20.453+0530][50.538s][info][gc,heap     ] GC(40)                Mark Start          Mark End        Relocate Start      Relocate End           High               Low         
[2026-01-15T01:36:20.453+0530][50.538s][info][gc,heap     ] GC(40)  Capacity:      512M (100%)        512M (100%)        512M (100%)        512M (100%)        512M (100%)        512M (100%)   
[2026-01-15T01:36:20.453+0530][50.538s][info][gc,heap     ] GC(40)      Free:      268M (52%)         252M (49%)         444M (87%)         444M (87%)         444M (87%)         252M (49%)    
[2026-01-15T01:36:20.453+0530][50.538s][info][gc,heap     ] GC(40)      Used:      244M (48%)         260M (51%)          68M (13%)          68M (13%)         260M (51%)          68M (13%)    
[2026-01-15T01:36:20.453+0530][50.538s][info][gc,heap     ] GC(40)      Live:         -                37M (7%)           37M (7%)           37M (7%)             -                  -          
[2026-01-15T01:36:20.453+0530][50.538s][info][gc,heap     ] GC(40) Allocated:         -                16M (3%)           16M (3%)           16M (3%)             -                  -          
[2026-01-15T01:36:20.453+0530][50.538s][info][gc,heap     ] GC(40)   Garbage:         -               206M (40%)          14M (3%)           14M (3%)             -                  -          
[2026-01-15T01:36:20.453+0530][50.538s][info][gc,heap     ] GC(40) Reclaimed:         -                  -               192M (38%)         192M (38%)            -                  -          
[2026-01-15T01:36:20.453+0530][50.538s][info][gc          ] GC(40) Garbage Collection (Proactive) 244M(48%)->68M(13%)
[2026-01-15T01:36:21.530+0530][51.616s][info][gc,start    ] GC(41) Garbage Collection (Proactive)
[2026-01-15T01:36:21.530+0530][51.616s][info][gc,task     ] GC(41) Using 2 workers
[2026-01-15T01:36:21.530+0530][51.616s][info][gc,phases   ] GC(41) Pause Mark Start 0.009ms
[2026-01-15T01:36:21.546+0530][51.631s][info][gc,phases   ] GC(41) Concurrent Mark 15.525ms
[2026-01-15T01:36:21.546+0530][51.632s][info][gc,phases   ] GC(41) Pause Mark End 0.017ms
[2026-01-15T01:36:21.546+0530][51.632s][info][gc,phases   ] GC(41) Concurrent Mark Free 0.001ms
[2026-01-15T01:36:21.546+0530][51.632s][info][gc,phases   ] GC(41) Concurrent Process Non-Strong References 0.533ms
[2026-01-15T01:36:21.546+0530][51.632s][info][gc,phases   ] GC(41) Concurrent Reset Relocation Set 0.001ms
[2026-01-15T01:36:21.546+0530][51.634s][info][gc,phases   ] GC(41) Concurrent Select Relocation Set 1.470ms
[2026-01-15T01:36:21.546+0530][51.634s][info][gc,phases   ] GC(41) Pause Relocate Start 0.007ms
[2026-01-15T01:36:21.546+0530][51.634s][info][gc,phases   ] GC(41) Concurrent Relocate 0.134ms
[2026-01-15T01:36:21.546+0530][51.634s][info][gc,load     ] GC(41) Load: 0.00/0.00/0.00
[2026-01-15T01:36:21.546+0530][51.634s][info][gc,mmu      ] GC(41) MMU: 2ms/98.7%, 5ms/99.3%, 10ms/99.6%, 20ms/99.8%, 50ms/99.9%, 100ms/100.0%
[2026-01-15T01:36:21.546+0530][51.634s][info][gc,marking  ] GC(41) Mark: 2 stripe(s), 2 proactive flush(es), 1 terminate flush(es), 0 completion(s), 0 continuation(s) 
[2026-01-15T01:36:21.546+0530][51.634s][info][gc,marking  ] GC(41) Mark Stack Usage: 32M
[2026-01-15T01:36:21.546+0530][51.634s][info][gc,nmethod  ] GC(41) NMethods: 358 registered, 16 unregistered
[2026-01-15T01:36:21.546+0530][51.634s][info][gc,metaspace] GC(41) Metaspace: 8M used, 8M committed, 1088M reserved
[2026-01-15T01:36:21.546+0530][51.634s][info][gc,ref      ] GC(41) Soft: 94 encountered, 0 discovered, 0 enqueued
[2026-01-15T01:36:21.546+0530][51.634s][info][gc,ref      ] GC(41) Weak: 177 encountered, 1 discovered, 0 enqueued
[2026-01-15T01:36:21.546+0530][51.634s][info][gc,ref      ] GC(41) Final: 0 encountered, 0 discovered, 0 enqueued
[2026-01-15T01:36:21.546+0530][51.634s][info][gc,ref      ] GC(41) Phantom: 1 encountered, 0 discovered, 0 enqueued
[2026-01-15T01:36:21.546+0530][51.634s][info][gc,reloc    ] GC(41) Small Pages: 2 / 4M, Empty: 0M, Relocated: 0M, In-Place: 0
[2026-01-15T01:36:21.546+0530][51.634s][info][gc,reloc    ] GC(41) Medium Pages: 15 / 240M, Empty: 192M, Relocated: 0M, In-Place: 0
[2026-01-15T01:36:21.546+0530][51.634s][info][gc,reloc    ] GC(41) Large Pages: 0 / 0M, Empty: 0M, Relocated: 0M, In-Place: 0
[2026-01-15T01:36:21.546+0530][51.634s][info][gc,reloc    ] GC(41) Forwarding Usage: 0M
[2026-01-15T01:36:21.546+0530][51.634s][info][gc,heap     ] GC(41) Min Capacity: 512M(100%)
[2026-01-15T01:36:21.546+0530][51.634s][info][gc,heap     ] GC(41) Max Capacity: 512M(100%)
[2026-01-15T01:36:21.546+0530][51.634s][info][gc,heap     ] GC(41) Soft Max Capacity: 512M(100%)
[2026-01-15T01:36:21.546+0530][51.634s][info][gc,heap     ] GC(41)                Mark Start          Mark End        Relocate Start      Relocate End           High               Low         
[2026-01-15T01:36:21.546+0530][51.634s][info][gc,heap     ] GC(41)  Capacity:      512M (100%)        512M (100%)        512M (100%)        512M (100%)        512M (100%)        512M (100%)   
[2026-01-15T01:36:21.546+0530][51.634s][info][gc,heap     ] GC(41)      Free:      268M (52%)         252M (49%)         444M (87%)         444M (87%)         444M (87%)         252M (49%)    
[2026-01-15T01:36:21.546+0530][51.634s][info][gc,heap     ] GC(41)      Used:      244M (48%)         260M (51%)          68M (13%)          68M (13%)         260M (51%)          68M (13%)    
[2026-01-15T01:36:21.546+0530][51.634s][info][gc,heap     ] GC(41)      Live:         -                33M (6%)           33M (6%)           33M (6%)             -                  -          
[2026-01-15T01:36:21.546+0530][51.634s][info][gc,heap     ] GC(41) Allocated:         -                16M (3%)           16M (3%)           16M (3%)             -                  -          
[2026-01-15T01:36:21.546+0530][51.634s][info][gc,heap     ] GC(41)   Garbage:         -               210M (41%)          18M (4%)           18M (4%)             -                  -          
[2026-01-15T01:36:21.546+0530][51.634s][info][gc,heap     ] GC(41) Reclaimed:         -                  -               192M (38%)         192M (38%)            -                  -          
[2026-01-15T01:36:21.546+0530][51.634s][info][gc          ] GC(41) Garbage Collection (Proactive) 244M(48%)->68M(13%)
[2026-01-15T01:36:22.631+0530][52.716s][info][gc,start    ] GC(42) Garbage Collection (Proactive)
[2026-01-15T01:36:22.631+0530][52.716s][info][gc,task     ] GC(42) Using 2 workers
[2026-01-15T01:36:22.631+0530][52.717s][info][gc,phases   ] GC(42) Pause Mark Start 0.010ms
[2026-01-15T01:36:22.646+0530][52.732s][info][gc,phases   ] GC(42) Concurrent Mark 15.190ms
[2026-01-15T01:36:22.646+0530][52.732s][info][gc,phases   ] GC(42) Pause Mark End 0.016ms
[2026-01-15T01:36:22.646+0530][52.732s][info][gc,phases   ] GC(42) Concurrent Mark Free 0.001ms
[2026-01-15T01:36:22.646+0530][52.733s][info][gc,phases   ] GC(42) Concurrent Process Non-Strong References 1.332ms
[2026-01-15T01:36:22.646+0530][52.733s][info][gc,phases   ] GC(42) Concurrent Reset Relocation Set 0.000ms
[2026-01-15T01:36:22.646+0530][52.735s][info][gc,phases   ] GC(42) Concurrent Select Relocation Set 1.552ms
[2026-01-15T01:36:22.646+0530][52.735s][info][gc,phases   ] GC(42) Pause Relocate Start 0.005ms
[2026-01-15T01:36:22.646+0530][52.735s][info][gc,phases   ] GC(42) Concurrent Relocate 0.249ms
[2026-01-15T01:36:22.646+0530][52.735s][info][gc,load     ] GC(42) Load: 0.00/0.00/0.00
[2026-01-15T01:36:22.646+0530][52.735s][info][gc,mmu      ] GC(42) MMU: 2ms/98.7%, 5ms/99.3%, 10ms/99.6%, 20ms/99.8%, 50ms/99.9%, 100ms/100.0%
[2026-01-15T01:36:22.646+0530][52.735s][info][gc,marking  ] GC(42) Mark: 2 stripe(s), 2 proactive flush(es), 1 terminate flush(es), 0 completion(s), 0 continuation(s) 
[2026-01-15T01:36:22.646+0530][52.735s][info][gc,marking  ] GC(42) Mark Stack Usage: 32M
[2026-01-15T01:36:22.646+0530][52.735s][info][gc,nmethod  ] GC(42) NMethods: 358 registered, 16 unregistered
[2026-01-15T01:36:22.646+0530][52.735s][info][gc,metaspace] GC(42) Metaspace: 8M used, 8M committed, 1088M reserved
[2026-01-15T01:36:22.646+0530][52.735s][info][gc,ref      ] GC(42) Soft: 94 encountered, 0 discovered, 0 enqueued
[2026-01-15T01:36:22.646+0530][52.735s][info][gc,ref      ] GC(42) Weak: 177 encountered, 3 discovered, 0 enqueued
[2026-01-15T01:36:22.646+0530][52.735s][info][gc,ref      ] GC(42) Final: 0 encountered, 0 discovered, 0 enqueued
[2026-01-15T01:36:22.646+0530][52.735s][info][gc,ref      ] GC(42) Phantom: 1 encountered, 0 discovered, 0 enqueued
[2026-01-15T01:36:22.646+0530][52.735s][info][gc,reloc    ] GC(42) Small Pages: 2 / 4M, Empty: 0M, Relocated: 0M, In-Place: 0
[2026-01-15T01:36:22.646+0530][52.735s][info][gc,reloc    ] GC(42) Medium Pages: 16 / 256M, Empty: 192M, Relocated: 2M, In-Place: 0
[2026-01-15T01:36:22.646+0530][52.735s][info][gc,reloc    ] GC(42) Large Pages: 0 / 0M, Empty: 0M, Relocated: 0M, In-Place: 0
[2026-01-15T01:36:22.646+0530][52.735s][info][gc,reloc    ] GC(42) Forwarding Usage: 0M
[2026-01-15T01:36:22.646+0530][52.736s][info][gc,heap     ] GC(42) Min Capacity: 512M(100%)
[2026-01-15T01:36:22.646+0530][52.736s][info][gc,heap     ] GC(42) Max Capacity: 512M(100%)
[2026-01-15T01:36:22.646+0530][52.736s][info][gc,heap     ] GC(42) Soft Max Capacity: 512M(100%)
[2026-01-15T01:36:22.646+0530][52.736s][info][gc,heap     ] GC(42)                Mark Start          Mark End        Relocate Start      Relocate End           High               Low         
[2026-01-15T01:36:22.646+0530][52.736s][info][gc,heap     ] GC(42)  Capacity:      512M (100%)        512M (100%)        512M (100%)        512M (100%)        512M (100%)        512M (100%)   
[2026-01-15T01:36:22.646+0530][52.736s][info][gc,heap     ] GC(42)      Free:      252M (49%)         236M (46%)         428M (84%)         444M (87%)         444M (87%)         236M (46%)    
[2026-01-15T01:36:22.646+0530][52.736s][info][gc,heap     ] GC(42)      Used:      260M (51%)         276M (54%)          84M (16%)          68M (13%)         276M (54%)          68M (13%)    
[2026-01-15T01:36:22.646+0530][52.736s][info][gc,heap     ] GC(42)      Live:         -                34M (7%)           34M (7%)           34M (7%)             -                  -          
[2026-01-15T01:36:22.646+0530][52.736s][info][gc,heap     ] GC(42) Allocated:         -                16M (3%)           16M (3%)           16M (3%)             -                  -          
[2026-01-15T01:36:22.646+0530][52.736s][info][gc,heap     ] GC(42)   Garbage:         -               225M (44%)          33M (7%)           17M (3%)             -                  -          
[2026-01-15T01:36:22.646+0530][52.736s][info][gc,heap     ] GC(42) Reclaimed:         -                  -               192M (38%)         208M (41%)            -                  -          
[2026-01-15T01:36:22.646+0530][52.736s][info][gc          ] GC(42) Garbage Collection (Proactive) 260M(51%)->68M(13%)
[2026-01-15T01:36:23.727+0530][53.812s][info][gc,start    ] GC(43) Garbage Collection (Proactive)
[2026-01-15T01:36:23.727+0530][53.812s][info][gc,task     ] GC(43) Using 2 workers
[2026-01-15T01:36:23.727+0530][53.812s][info][gc,phases   ] GC(43) Pause Mark Start 0.011ms
[2026-01-15T01:36:23.742+0530][53.828s][info][gc,phases   ] GC(43) Concurrent Mark 15.485ms
[2026-01-15T01:36:23.742+0530][53.828s][info][gc,phases   ] GC(43) Pause Mark End 0.016ms
[2026-01-15T01:36:23.742+0530][53.828s][info][gc,phases   ] GC(43) Concurrent Mark Free 0.002ms
[2026-01-15T01:36:23.743+0530][53.828s][info][gc,phases   ] GC(43) Concurrent Process Non-Strong References 0.488ms
[2026-01-15T01:36:23.743+0530][53.829s][info][gc,phases   ] GC(43) Concurrent Reset Relocation Set 0.001ms
[2026-01-15T01:36:23.745+0530][53.831s][info][gc,phases   ] GC(43) Concurrent Select Relocation Set 2.909ms
[2026-01-15T01:36:23.745+0530][53.832s][info][gc,phases   ] GC(43) Pause Relocate Start 0.010ms
[2026-01-15T01:36:23.745+0530][53.832s][info][gc,phases   ] GC(43) Concurrent Relocate 0.031ms
[2026-01-15T01:36:23.745+0530][53.832s][info][gc,load     ] GC(43) Load: 0.00/0.00/0.00
[2026-01-15T01:36:23.745+0530][53.832s][info][gc,mmu      ] GC(43) MMU: 2ms/98.7%, 5ms/99.3%, 10ms/99.6%, 20ms/99.8%, 50ms/99.9%, 100ms/100.0%
[2026-01-15T01:36:23.745+0530][53.832s][info][gc,marking  ] GC(43) Mark: 2 stripe(s), 1 proactive flush(es), 1 terminate flush(es), 0 completion(s), 0 continuation(s) 
[2026-01-15T01:36:23.745+0530][53.832s][info][gc,marking  ] GC(43) Mark Stack Usage: 32M
[2026-01-15T01:36:23.745+0530][53.832s][info][gc,nmethod  ] GC(43) NMethods: 358 registered, 16 unregistered
[2026-01-15T01:36:23.745+0530][53.832s][info][gc,metaspace] GC(43) Metaspace: 8M used, 8M committed, 1088M reserved
[2026-01-15T01:36:23.745+0530][53.832s][info][gc,ref      ] GC(43) Soft: 94 encountered, 0 discovered, 0 enqueued
[2026-01-15T01:36:23.745+0530][53.832s][info][gc,ref      ] GC(43) Weak: 177 encountered, 0 discovered, 0 enqueued
[2026-01-15T01:36:23.745+0530][53.832s][info][gc,ref      ] GC(43) Final: 0 encountered, 0 discovered, 0 enqueued
[2026-01-15T01:36:23.745+0530][53.832s][info][gc,ref      ] GC(43) Phantom: 1 encountered, 0 discovered, 0 enqueued
[2026-01-15T01:36:23.745+0530][53.832s][info][gc,reloc    ] GC(43) Small Pages: 2 / 4M, Empty: 0M, Relocated: 0M, In-Place: 0
[2026-01-15T01:36:23.745+0530][53.832s][info][gc,reloc    ] GC(43) Medium Pages: 15 / 240M, Empty: 192M, Relocated: 0M, In-Place: 0
[2026-01-15T01:36:23.745+0530][53.832s][info][gc,reloc    ] GC(43) Large Pages: 0 / 0M, Empty: 0M, Relocated: 0M, In-Place: 0
[2026-01-15T01:36:23.745+0530][53.832s][info][gc,reloc    ] GC(43) Forwarding Usage: 0M
[2026-01-15T01:36:23.745+0530][53.832s][info][gc,heap     ] GC(43) Min Capacity: 512M(100%)
[2026-01-15T01:36:23.745+0530][53.832s][info][gc,heap     ] GC(43) Max Capacity: 512M(100%)
[2026-01-15T01:36:23.745+0530][53.832s][info][gc,heap     ] GC(43) Soft Max Capacity: 512M(100%)
[2026-01-15T01:36:23.745+0530][53.832s][info][gc,heap     ] GC(43)                Mark Start          Mark End        Relocate Start      Relocate End           High               Low         
[2026-01-15T01:36:23.745+0530][53.832s][info][gc,heap     ] GC(43)  Capacity:      512M (100%)        512M (100%)        512M (100%)        512M (100%)        512M (100%)        512M (100%)   
[2026-01-15T01:36:23.745+0530][53.832s][info][gc,heap     ] GC(43)      Free:      268M (52%)         252M (49%)         444M (87%)         444M (87%)         444M (87%)         252M (49%)    
[2026-01-15T01:36:23.745+0530][53.832s][info][gc,heap     ] GC(43)      Used:      244M (48%)         260M (51%)          68M (13%)          68M (13%)         260M (51%)          68M (13%)    
[2026-01-15T01:36:23.745+0530][53.832s][info][gc,heap     ] GC(43)      Live:         -                32M (6%)           32M (6%)           32M (6%)             -                  -          
[2026-01-15T01:36:23.745+0530][53.832s][info][gc,heap     ] GC(43) Allocated:         -                16M (3%)           16M (3%)           16M (3%)             -                  -          
[2026-01-15T01:36:23.745+0530][53.832s][info][gc,heap     ] GC(43)   Garbage:         -               211M (41%)          19M (4%)           19M (4%)             -                  -          
[2026-01-15T01:36:23.745+0530][53.832s][info][gc,heap     ] GC(43) Reclaimed:         -                  -               192M (38%)         192M (38%)            -                  -          
[2026-01-15T01:36:23.745+0530][53.832s][info][gc          ] GC(43) Garbage Collection (Proactive) 244M(48%)->68M(13%)
[2026-01-15T01:36:24.936+0530][55.021s][info][gc,start    ] GC(44) Garbage Collection (Proactive)
[2026-01-15T01:36:24.936+0530][55.021s][info][gc,task     ] GC(44) Using 2 workers
[2026-01-15T01:36:24.936+0530][55.021s][info][gc,phases   ] GC(44) Pause Mark Start 0.022ms
[2026-01-15T01:36:24.951+0530][55.036s][info][gc,phases   ] GC(44) Concurrent Mark 15.207ms
[2026-01-15T01:36:24.951+0530][55.037s][info][gc,phases   ] GC(44) Pause Mark End 0.015ms
[2026-01-15T01:36:24.951+0530][55.037s][info][gc,phases   ] GC(44) Concurrent Mark Free 0.001ms
[2026-01-15T01:36:24.951+0530][55.037s][info][gc,phases   ] GC(44) Concurrent Process Non-Strong References 0.450ms
[2026-01-15T01:36:24.951+0530][55.037s][info][gc,phases   ] GC(44) Concurrent Reset Relocation Set 0.000ms
[2026-01-15T01:36:24.951+0530][55.039s][info][gc,phases   ] GC(44) Concurrent Select Relocation Set 1.720ms
[2026-01-15T01:36:24.951+0530][55.039s][info][gc,phases   ] GC(44) Pause Relocate Start 0.007ms
[2026-01-15T01:36:24.951+0530][55.039s][info][gc,phases   ] GC(44) Concurrent Relocate 0.124ms
[2026-01-15T01:36:24.951+0530][55.039s][info][gc,load     ] GC(44) Load: 0.00/0.00/0.00
[2026-01-15T01:36:24.951+0530][55.039s][info][gc,mmu      ] GC(44) MMU: 2ms/98.7%, 5ms/99.3%, 10ms/99.6%, 20ms/99.8%, 50ms/99.9%, 100ms/100.0%
[2026-01-15T01:36:24.951+0530][55.039s][info][gc,marking  ] GC(44) Mark: 2 stripe(s), 2 proactive flush(es), 1 terminate flush(es), 0 completion(s), 0 continuation(s) 
[2026-01-15T01:36:24.951+0530][55.039s][info][gc,marking  ] GC(44) Mark Stack Usage: 32M
[2026-01-15T01:36:24.951+0530][55.039s][info][gc,nmethod  ] GC(44) NMethods: 358 registered, 16 unregistered
[2026-01-15T01:36:24.951+0530][55.039s][info][gc,metaspace] GC(44) Metaspace: 8M used, 8M committed, 1088M reserved
[2026-01-15T01:36:24.951+0530][55.039s][info][gc,ref      ] GC(44) Soft: 94 encountered, 0 discovered, 0 enqueued
[2026-01-15T01:36:24.951+0530][55.039s][info][gc,ref      ] GC(44) Weak: 177 encountered, 1 discovered, 0 enqueued
[2026-01-15T01:36:24.951+0530][55.039s][info][gc,ref      ] GC(44) Final: 0 encountered, 0 discovered, 0 enqueued
[2026-01-15T01:36:24.951+0530][55.039s][info][gc,ref      ] GC(44) Phantom: 1 encountered, 0 discovered, 0 enqueued
[2026-01-15T01:36:24.951+0530][55.039s][info][gc,reloc    ] GC(44) Small Pages: 2 / 4M, Empty: 0M, Relocated: 0M, In-Place: 0
[2026-01-15T01:36:24.951+0530][55.039s][info][gc,reloc    ] GC(44) Medium Pages: 16 / 256M, Empty: 208M, Relocated: 0M, In-Place: 0
[2026-01-15T01:36:24.951+0530][55.039s][info][gc,reloc    ] GC(44) Large Pages: 0 / 0M, Empty: 0M, Relocated: 0M, In-Place: 0
[2026-01-15T01:36:24.951+0530][55.039s][info][gc,reloc    ] GC(44) Forwarding Usage: 0M
[2026-01-15T01:36:24.951+0530][55.039s][info][gc,heap     ] GC(44) Min Capacity: 512M(100%)
[2026-01-15T01:36:24.951+0530][55.039s][info][gc,heap     ] GC(44) Max Capacity: 512M(100%)
[2026-01-15T01:36:24.951+0530][55.039s][info][gc,heap     ] GC(44) Soft Max Capacity: 512M(100%)
[2026-01-15T01:36:24.951+0530][55.039s][info][gc,heap     ] GC(44)                Mark Start          Mark End        Relocate Start      Relocate End           High               Low         
[2026-01-15T01:36:24.951+0530][55.039s][info][gc,heap     ] GC(44)  Capacity:      512M (100%)        512M (100%)        512M (100%)        512M (100%)        512M (100%)        512M (100%)   
[2026-01-15T01:36:24.951+0530][55.039s][info][gc,heap     ] GC(44)      Free:      252M (49%)         236M (46%)         444M (87%)         444M (87%)         444M (87%)         236M (46%)    
[2026-01-15T01:36:24.951+0530][55.039s][info][gc,heap     ] GC(44)      Used:      260M (51%)         276M (54%)          68M (13%)          68M (13%)         276M (54%)          68M (13%)    
[2026-01-15T01:36:24.951+0530][55.039s][info][gc,heap     ] GC(44)      Live:         -                45M (9%)           45M (9%)           45M (9%)             -                  -          
[2026-01-15T01:36:24.951+0530][55.039s][info][gc,heap     ] GC(44) Allocated:         -                16M (3%)           16M (3%)           16M (3%)             -                  -          
[2026-01-15T01:36:24.951+0530][55.039s][info][gc,heap     ] GC(44)   Garbage:         -               214M (42%)           6M (1%)            6M (1%)             -                  -          
[2026-01-15T01:36:24.951+0530][55.039s][info][gc,heap     ] GC(44) Reclaimed:         -                  -               208M (41%)         208M (41%)            -                  -          
[2026-01-15T01:36:24.951+0530][55.039s][info][gc          ] GC(44) Garbage Collection (Proactive) 260M(51%)->68M(13%)
[2026-01-15T01:36:26.033+0530][56.118s][info][gc,start    ] GC(45) Garbage Collection (Proactive)
[2026-01-15T01:36:26.033+0530][56.118s][info][gc,task     ] GC(45) Using 2 workers
[2026-01-15T01:36:26.033+0530][56.118s][info][gc,phases   ] GC(45) Pause Mark Start 0.011ms
[2026-01-15T01:36:26.049+0530][56.134s][info][gc,phases   ] GC(45) Concurrent Mark 15.802ms
[2026-01-15T01:36:26.049+0530][56.134s][info][gc,phases   ] GC(45) Pause Mark End 0.017ms
[2026-01-15T01:36:26.049+0530][56.135s][info][gc,phases   ] GC(45) Concurrent Mark Free 0.002ms
[2026-01-15T01:36:26.049+0530][56.135s][info][gc,phases   ] GC(45) Concurrent Process Non-Strong References 0.435ms
[2026-01-15T01:36:26.049+0530][56.135s][info][gc,phases   ] GC(45) Concurrent Reset Relocation Set 0.000ms
[2026-01-15T01:36:26.051+0530][56.138s][info][gc,phases   ] GC(45) Concurrent Select Relocation Set 3.203ms
[2026-01-15T01:36:26.051+0530][56.138s][info][gc,phases   ] GC(45) Pause Relocate Start 0.007ms
[2026-01-15T01:36:26.051+0530][56.139s][info][gc,phases   ] GC(45) Concurrent Relocate 0.115ms
[2026-01-15T01:36:26.051+0530][56.139s][info][gc,load     ] GC(45) Load: 0.00/0.00/0.00
[2026-01-15T01:36:26.051+0530][56.139s][info][gc,mmu      ] GC(45) MMU: 2ms/98.7%, 5ms/99.3%, 10ms/99.6%, 20ms/99.8%, 50ms/99.9%, 100ms/100.0%
[2026-01-15T01:36:26.051+0530][56.139s][info][gc,marking  ] GC(45) Mark: 2 stripe(s), 2 proactive flush(es), 1 terminate flush(es), 0 completion(s), 0 continuation(s) 
[2026-01-15T01:36:26.051+0530][56.139s][info][gc,marking  ] GC(45) Mark Stack Usage: 32M
[2026-01-15T01:36:26.051+0530][56.139s][info][gc,nmethod  ] GC(45) NMethods: 358 registered, 16 unregistered
[2026-01-15T01:36:26.051+0530][56.139s][info][gc,metaspace] GC(45) Metaspace: 8M used, 8M committed, 1088M reserved
[2026-01-15T01:36:26.051+0530][56.139s][info][gc,ref      ] GC(45) Soft: 94 encountered, 0 discovered, 0 enqueued
[2026-01-15T01:36:26.051+0530][56.139s][info][gc,ref      ] GC(45) Weak: 177 encountered, 1 discovered, 0 enqueued
[2026-01-15T01:36:26.051+0530][56.139s][info][gc,ref      ] GC(45) Final: 0 encountered, 0 discovered, 0 enqueued
[2026-01-15T01:36:26.051+0530][56.139s][info][gc,ref      ] GC(45) Phantom: 1 encountered, 0 discovered, 0 enqueued
[2026-01-15T01:36:26.051+0530][56.139s][info][gc,reloc    ] GC(45) Small Pages: 2 / 4M, Empty: 0M, Relocated: 0M, In-Place: 0
[2026-01-15T01:36:26.051+0530][56.139s][info][gc,reloc    ] GC(45) Medium Pages: 15 / 240M, Empty: 192M, Relocated: 0M, In-Place: 0
[2026-01-15T01:36:26.051+0530][56.139s][info][gc,reloc    ] GC(45) Large Pages: 0 / 0M, Empty: 0M, Relocated: 0M, In-Place: 0
[2026-01-15T01:36:26.051+0530][56.139s][info][gc,reloc    ] GC(45) Forwarding Usage: 0M
[2026-01-15T01:36:26.051+0530][56.139s][info][gc,heap     ] GC(45) Min Capacity: 512M(100%)
[2026-01-15T01:36:26.051+0530][56.139s][info][gc,heap     ] GC(45) Max Capacity: 512M(100%)
[2026-01-15T01:36:26.051+0530][56.139s][info][gc,heap     ] GC(45) Soft Max Capacity: 512M(100%)
[2026-01-15T01:36:26.051+0530][56.139s][info][gc,heap     ] GC(45)                Mark Start          Mark End        Relocate Start      Relocate End           High               Low         
[2026-01-15T01:36:26.051+0530][56.139s][info][gc,heap     ] GC(45)  Capacity:      512M (100%)        512M (100%)        512M (100%)        512M (100%)        512M (100%)        512M (100%)   
[2026-01-15T01:36:26.051+0530][56.139s][info][gc,heap     ] GC(45)      Free:      268M (52%)         252M (49%)         444M (87%)         444M (87%)         444M (87%)         252M (49%)    
[2026-01-15T01:36:26.051+0530][56.139s][info][gc,heap     ] GC(45)      Used:      244M (48%)         260M (51%)          68M (13%)          68M (13%)         260M (51%)          68M (13%)    
[2026-01-15T01:36:26.051+0530][56.139s][info][gc,heap     ] GC(45)      Live:         -                45M (9%)           45M (9%)           45M (9%)             -                  -          
[2026-01-15T01:36:26.051+0530][56.139s][info][gc,heap     ] GC(45) Allocated:         -                16M (3%)           16M (3%)           16M (3%)             -                  -          
[2026-01-15T01:36:26.051+0530][56.139s][info][gc,heap     ] GC(45)   Garbage:         -               198M (39%)           6M (1%)            6M (1%)             -                  -          
[2026-01-15T01:36:26.051+0530][56.139s][info][gc,heap     ] GC(45) Reclaimed:         -                  -               192M (38%)         192M (38%)            -                  -          
[2026-01-15T01:36:26.051+0530][56.139s][info][gc          ] GC(45) Garbage Collection (Proactive) 244M(48%)->68M(13%)
[2026-01-15T01:36:27.235+0530][57.320s][info][gc,start    ] GC(46) Garbage Collection (Proactive)
[2026-01-15T01:36:27.235+0530][57.320s][info][gc,task     ] GC(46) Using 2 workers
[2026-01-15T01:36:27.235+0530][57.320s][info][gc,phases   ] GC(46) Pause Mark Start 0.009ms
[2026-01-15T01:36:27.250+0530][57.336s][info][gc,phases   ] GC(46) Concurrent Mark 15.504ms
[2026-01-15T01:36:27.250+0530][57.336s][info][gc,phases   ] GC(46) Pause Mark End 0.016ms
[2026-01-15T01:36:27.250+0530][57.336s][info][gc,phases   ] GC(46) Concurrent Mark Free 0.001ms
[2026-01-15T01:36:27.251+0530][57.337s][info][gc,phases   ] GC(46) Concurrent Process Non-Strong References 0.954ms
[2026-01-15T01:36:27.251+0530][57.337s][info][gc,phases   ] GC(46) Concurrent Reset Relocation Set 0.001ms
[2026-01-15T01:36:27.251+0530][57.338s][info][gc,phases   ] GC(46) Concurrent Select Relocation Set 1.235ms
[2026-01-15T01:36:27.251+0530][57.338s][info][gc,phases   ] GC(46) Pause Relocate Start 0.006ms
[2026-01-15T01:36:27.251+0530][57.339s][info][gc,phases   ] GC(46) Concurrent Relocate 0.073ms
[2026-01-15T01:36:27.251+0530][57.339s][info][gc,load     ] GC(46) Load: 0.00/0.00/0.00
[2026-01-15T01:36:27.251+0530][57.339s][info][gc,mmu      ] GC(46) MMU: 2ms/98.7%, 5ms/99.3%, 10ms/99.6%, 20ms/99.8%, 50ms/99.9%, 100ms/100.0%
[2026-01-15T01:36:27.251+0530][57.339s][info][gc,marking  ] GC(46) Mark: 2 stripe(s), 1 proactive flush(es), 1 terminate flush(es), 0 completion(s), 0 continuation(s) 
[2026-01-15T01:36:27.251+0530][57.339s][info][gc,marking  ] GC(46) Mark Stack Usage: 32M
[2026-01-15T01:36:27.251+0530][57.339s][info][gc,nmethod  ] GC(46) NMethods: 358 registered, 16 unregistered
[2026-01-15T01:36:27.251+0530][57.339s][info][gc,metaspace] GC(46) Metaspace: 8M used, 8M committed, 1088M reserved
[2026-01-15T01:36:27.251+0530][57.339s][info][gc,ref      ] GC(46) Soft: 94 encountered, 0 discovered, 0 enqueued
[2026-01-15T01:36:27.251+0530][57.339s][info][gc,ref      ] GC(46) Weak: 177 encountered, 1 discovered, 0 enqueued
[2026-01-15T01:36:27.251+0530][57.339s][info][gc,ref      ] GC(46) Final: 0 encountered, 0 discovered, 0 enqueued
[2026-01-15T01:36:27.251+0530][57.339s][info][gc,ref      ] GC(46) Phantom: 1 encountered, 0 discovered, 0 enqueued
[2026-01-15T01:36:27.251+0530][57.339s][info][gc,reloc    ] GC(46) Small Pages: 2 / 4M, Empty: 0M, Relocated: 0M, In-Place: 0
[2026-01-15T01:36:27.251+0530][57.339s][info][gc,reloc    ] GC(46) Medium Pages: 17 / 272M, Empty: 272M, Relocated: 0M, In-Place: 0
[2026-01-15T01:36:27.251+0530][57.339s][info][gc,reloc    ] GC(46) Large Pages: 0 / 0M, Empty: 0M, Relocated: 0M, In-Place: 0
[2026-01-15T01:36:27.251+0530][57.339s][info][gc,reloc    ] GC(46) Forwarding Usage: 0M
[2026-01-15T01:36:27.251+0530][57.339s][info][gc,heap     ] GC(46) Min Capacity: 512M(100%)
[2026-01-15T01:36:27.251+0530][57.339s][info][gc,heap     ] GC(46) Max Capacity: 512M(100%)
[2026-01-15T01:36:27.251+0530][57.339s][info][gc,heap     ] GC(46) Soft Max Capacity: 512M(100%)
[2026-01-15T01:36:27.251+0530][57.339s][info][gc,heap     ] GC(46)                Mark Start          Mark End        Relocate Start      Relocate End           High               Low         
[2026-01-15T01:36:27.251+0530][57.339s][info][gc,heap     ] GC(46)  Capacity:      512M (100%)        512M (100%)        512M (100%)        512M (100%)        512M (100%)        512M (100%)   
[2026-01-15T01:36:27.251+0530][57.339s][info][gc,heap     ] GC(46)      Free:      236M (46%)         236M (46%)         508M (99%)         508M (99%)         508M (99%)         236M (46%)    
[2026-01-15T01:36:27.251+0530][57.339s][info][gc,heap     ] GC(46)      Used:      276M (54%)         276M (54%)           4M (1%)            4M (1%)          276M (54%)           4M (1%)     
[2026-01-15T01:36:27.251+0530][57.339s][info][gc,heap     ] GC(46)      Live:         -                 2M (0%)            2M (0%)            2M (0%)             -                  -          
[2026-01-15T01:36:27.251+0530][57.339s][info][gc,heap     ] GC(46) Allocated:         -                 0M (0%)            0M (0%)            0M (0%)             -                  -          
[2026-01-15T01:36:27.251+0530][57.339s][info][gc,heap     ] GC(46)   Garbage:         -               273M (54%)           1M (0%)            1M (0%)             -                  -          
[2026-01-15T01:36:27.251+0530][57.339s][info][gc,heap     ] GC(46) Reclaimed:         -                  -               272M (53%)         272M (53%)            -                  -          
[2026-01-15T01:36:27.251+0530][57.339s][info][gc          ] GC(46) Garbage Collection (Proactive) 276M(54%)->4M(1%)
[2026-01-15T01:36:28.431+0530][58.516s][info][gc,start    ] GC(47) Garbage Collection (Proactive)
[2026-01-15T01:36:28.431+0530][58.516s][info][gc,task     ] GC(47) Using 2 workers
[2026-01-15T01:36:28.431+0530][58.516s][info][gc,phases   ] GC(47) Pause Mark Start 0.013ms
[2026-01-15T01:36:28.445+0530][58.530s][info][gc,phases   ] GC(47) Concurrent Mark 13.770ms
[2026-01-15T01:36:28.445+0530][58.530s][info][gc,phases   ] GC(47) Pause Mark End 0.015ms
[2026-01-15T01:36:28.445+0530][58.530s][info][gc,phases   ] GC(47) Concurrent Mark Free 0.001ms
[2026-01-15T01:36:28.445+0530][58.531s][info][gc,phases   ] GC(47) Concurrent Process Non-Strong References 0.859ms
[2026-01-15T01:36:28.445+0530][58.531s][info][gc,phases   ] GC(47) Concurrent Reset Relocation Set 0.001ms
[2026-01-15T01:36:28.445+0530][58.533s][info][gc,phases   ] GC(47) Concurrent Select Relocation Set 1.388ms
[2026-01-15T01:36:28.445+0530][58.533s][info][gc,phases   ] GC(47) Pause Relocate Start 0.006ms
[2026-01-15T01:36:28.445+0530][58.533s][info][gc,phases   ] GC(47) Concurrent Relocate 0.070ms
[2026-01-15T01:36:28.445+0530][58.533s][info][gc,load     ] GC(47) Load: 0.00/0.00/0.00
[2026-01-15T01:36:28.445+0530][58.533s][info][gc,mmu      ] GC(47) MMU: 2ms/98.7%, 5ms/99.3%, 10ms/99.6%, 20ms/99.8%, 50ms/99.9%, 100ms/100.0%
[2026-01-15T01:36:28.445+0530][58.533s][info][gc,marking  ] GC(47) Mark: 2 stripe(s), 1 proactive flush(es), 1 terminate flush(es), 0 completion(s), 0 continuation(s) 
[2026-01-15T01:36:28.445+0530][58.533s][info][gc,marking  ] GC(47) Mark Stack Usage: 32M
[2026-01-15T01:36:28.445+0530][58.533s][info][gc,nmethod  ] GC(47) NMethods: 358 registered, 16 unregistered
[2026-01-15T01:36:28.445+0530][58.533s][info][gc,metaspace] GC(47) Metaspace: 8M used, 8M committed, 1088M reserved
[2026-01-15T01:36:28.445+0530][58.533s][info][gc,ref      ] GC(47) Soft: 94 encountered, 0 discovered, 0 enqueued
[2026-01-15T01:36:28.445+0530][58.533s][info][gc,ref      ] GC(47) Weak: 177 encountered, 2 discovered, 0 enqueued
[2026-01-15T01:36:28.445+0530][58.533s][info][gc,ref      ] GC(47) Final: 0 encountered, 0 discovered, 0 enqueued
[2026-01-15T01:36:28.445+0530][58.533s][info][gc,ref      ] GC(47) Phantom: 1 encountered, 1 discovered, 0 enqueued
[2026-01-15T01:36:28.445+0530][58.533s][info][gc,reloc    ] GC(47) Small Pages: 2 / 4M, Empty: 0M, Relocated: 0M, In-Place: 0
[2026-01-15T01:36:28.445+0530][58.533s][info][gc,reloc    ] GC(47) Medium Pages: 13 / 208M, Empty: 192M, Relocated: 0M, In-Place: 0
[2026-01-15T01:36:28.445+0530][58.533s][info][gc,reloc    ] GC(47) Large Pages: 0 / 0M, Empty: 0M, Relocated: 0M, In-Place: 0
[2026-01-15T01:36:28.445+0530][58.533s][info][gc,reloc    ] GC(47) Forwarding Usage: 0M
[2026-01-15T01:36:28.445+0530][58.533s][info][gc,heap     ] GC(47) Min Capacity: 512M(100%)
[2026-01-15T01:36:28.445+0530][58.533s][info][gc,heap     ] GC(47) Max Capacity: 512M(100%)
[2026-01-15T01:36:28.445+0530][58.533s][info][gc,heap     ] GC(47) Soft Max Capacity: 512M(100%)
[2026-01-15T01:36:28.445+0530][58.533s][info][gc,heap     ] GC(47)                Mark Start          Mark End        Relocate Start      Relocate End           High               Low         
[2026-01-15T01:36:28.445+0530][58.533s][info][gc,heap     ] GC(47)  Capacity:      512M (100%)        512M (100%)        512M (100%)        512M (100%)        512M (100%)        512M (100%)   
[2026-01-15T01:36:28.445+0530][58.533s][info][gc,heap     ] GC(47)      Free:      300M (59%)         284M (55%)         476M (93%)         476M (93%)         476M (93%)         284M (55%)    
[2026-01-15T01:36:28.445+0530][58.533s][info][gc,heap     ] GC(47)      Used:      212M (41%)         228M (45%)          36M (7%)           36M (7%)          228M (45%)          36M (7%)     
[2026-01-15T01:36:28.445+0530][58.533s][info][gc,heap     ] GC(47)      Live:         -                12M (2%)           12M (2%)           12M (2%)             -                  -          
[2026-01-15T01:36:28.445+0530][58.533s][info][gc,heap     ] GC(47) Allocated:         -                16M (3%)           16M (3%)           16M (3%)             -                  -          
[2026-01-15T01:36:28.445+0530][58.533s][info][gc,heap     ] GC(47)   Garbage:         -               199M (39%)           7M (2%)            7M (2%)             -                  -          
[2026-01-15T01:36:28.445+0530][58.533s][info][gc,heap     ] GC(47) Reclaimed:         -                  -               192M (38%)         192M (38%)            -                  -          
[2026-01-15T01:36:28.445+0530][58.533s][info][gc          ] GC(47) Garbage Collection (Proactive) 212M(41%)->36M(7%)
[2026-01-15T01:36:29.537+0530][59.623s][info][gc,start    ] GC(48) Garbage Collection (Proactive)
[2026-01-15T01:36:29.537+0530][59.623s][info][gc,task     ] GC(48) Using 2 workers
[2026-01-15T01:36:29.537+0530][59.623s][info][gc,phases   ] GC(48) Pause Mark Start 0.009ms
[2026-01-15T01:36:29.554+0530][59.639s][info][gc,phases   ] GC(48) Concurrent Mark 16.392ms
[2026-01-15T01:36:29.554+0530][59.640s][info][gc,phases   ] GC(48) Pause Mark End 0.019ms
[2026-01-15T01:36:29.554+0530][59.640s][info][gc,phases   ] GC(48) Concurrent Mark Free 0.002ms
[2026-01-15T01:36:29.554+0530][59.641s][info][gc,phases   ] GC(48) Concurrent Process Non-Strong References 0.682ms
[2026-01-15T01:36:29.554+0530][59.641s][info][gc,phases   ] GC(48) Concurrent Reset Relocation Set 0.001ms
[2026-01-15T01:36:29.554+0530][59.643s][info][gc,phases   ] GC(48) Concurrent Select Relocation Set 2.310ms
[2026-01-15T01:36:29.554+0530][59.643s][info][gc,phases   ] GC(48) Pause Relocate Start 0.010ms
[2026-01-15T01:36:29.554+0530][59.643s][info][gc,phases   ] GC(48) Concurrent Relocate 0.094ms
[2026-01-15T01:36:29.554+0530][59.643s][info][gc,load     ] GC(48) Load: 0.00/0.00/0.00
[2026-01-15T01:36:29.554+0530][59.643s][info][gc,mmu      ] GC(48) MMU: 2ms/98.7%, 5ms/99.3%, 10ms/99.6%, 20ms/99.8%, 50ms/99.9%, 100ms/100.0%
[2026-01-15T01:36:29.554+0530][59.643s][info][gc,marking  ] GC(48) Mark: 2 stripe(s), 1 proactive flush(es), 1 terminate flush(es), 0 completion(s), 0 continuation(s) 
[2026-01-15T01:36:29.554+0530][59.643s][info][gc,marking  ] GC(48) Mark Stack Usage: 32M
[2026-01-15T01:36:29.554+0530][59.643s][info][gc,nmethod  ] GC(48) NMethods: 358 registered, 16 unregistered
[2026-01-15T01:36:29.554+0530][59.643s][info][gc,metaspace] GC(48) Metaspace: 8M used, 8M committed, 1088M reserved
[2026-01-15T01:36:29.554+0530][59.643s][info][gc,ref      ] GC(48) Soft: 94 encountered, 0 discovered, 0 enqueued
[2026-01-15T01:36:29.554+0530][59.643s][info][gc,ref      ] GC(48) Weak: 177 encountered, 1 discovered, 0 enqueued
[2026-01-15T01:36:29.554+0530][59.643s][info][gc,ref      ] GC(48) Final: 0 encountered, 0 discovered, 0 enqueued
[2026-01-15T01:36:29.554+0530][59.643s][info][gc,ref      ] GC(48) Phantom: 1 encountered, 1 discovered, 0 enqueued
[2026-01-15T01:36:29.554+0530][59.643s][info][gc,reloc    ] GC(48) Small Pages: 2 / 4M, Empty: 0M, Relocated: 0M, In-Place: 0
[2026-01-15T01:36:29.554+0530][59.644s][info][gc,reloc    ] GC(48) Medium Pages: 13 / 208M, Empty: 192M, Relocated: 0M, In-Place: 0
[2026-01-15T01:36:29.554+0530][59.644s][info][gc,reloc    ] GC(48) Large Pages: 0 / 0M, Empty: 0M, Relocated: 0M, In-Place: 0
[2026-01-15T01:36:29.554+0530][59.644s][info][gc,reloc    ] GC(48) Forwarding Usage: 0M
[2026-01-15T01:36:29.554+0530][59.644s][info][gc,heap     ] GC(48) Min Capacity: 512M(100%)
[2026-01-15T01:36:29.554+0530][59.644s][info][gc,heap     ] GC(48) Max Capacity: 512M(100%)
[2026-01-15T01:36:29.554+0530][59.644s][info][gc,heap     ] GC(48) Soft Max Capacity: 512M(100%)
[2026-01-15T01:36:29.554+0530][59.644s][info][gc,heap     ] GC(48)                Mark Start          Mark End        Relocate Start      Relocate End           High               Low         
[2026-01-15T01:36:29.554+0530][59.644s][info][gc,heap     ] GC(48)  Capacity:      512M (100%)        512M (100%)        512M (100%)        512M (100%)        512M (100%)        512M (100%)   
[2026-01-15T01:36:29.554+0530][59.644s][info][gc,heap     ] GC(48)      Free:      300M (59%)         284M (55%)         476M (93%)         476M (93%)         476M (93%)         284M (55%)    
[2026-01-15T01:36:29.554+0530][59.644s][info][gc,heap     ] GC(48)      Used:      212M (41%)         228M (45%)          36M (7%)           36M (7%)          228M (45%)          36M (7%)     
[2026-01-15T01:36:29.554+0530][59.644s][info][gc,heap     ] GC(48)      Live:         -                12M (2%)           12M (2%)           12M (2%)             -                  -          
[2026-01-15T01:36:29.554+0530][59.644s][info][gc,heap     ] GC(48) Allocated:         -                16M (3%)           16M (3%)           16M (3%)             -                  -          
[2026-01-15T01:36:29.554+0530][59.644s][info][gc,heap     ] GC(48)   Garbage:         -               199M (39%)           7M (2%)            7M (2%)             -                  -          
[2026-01-15T01:36:29.554+0530][59.644s][info][gc,heap     ] GC(48) Reclaimed:         -                  -               192M (38%)         192M (38%)            -                  -          
[2026-01-15T01:36:29.554+0530][59.644s][info][gc          ] GC(48) Garbage Collection (Proactive) 212M(41%)->36M(7%)
[2026-01-15T01:36:30.030+0530][60.115s][info][gc,stats    ] === Garbage Collection Statistics =======================================================================================================================
[2026-01-15T01:36:30.030+0530][60.116s][info][gc,stats    ]                                                              Last 10s              Last 10m              Last 10h                Total
[2026-01-15T01:36:30.030+0530][60.116s][info][gc,stats    ]                                                              Avg / Max             Avg / Max             Avg / Max             Avg / Max
[2026-01-15T01:36:30.030+0530][60.116s][info][gc,stats    ]   Collector: Garbage Collection Cycle                     18.763 / 20.568       19.632 / 26.500       19.632 / 26.500       19.632 / 26.500      ms
[2026-01-15T01:36:30.030+0530][60.116s][info][gc,stats    ]  Contention: Mark Segment Reset Contention                     0 / 1                 0 / 1                 0 / 1                 0 / 1           ops/s
[2026-01-15T01:36:30.030+0530][60.116s][info][gc,stats    ]  Contention: Mark SeqNum Reset Contention                      0 / 2                 0 / 2                 0 / 2                 0 / 2           ops/s
[2026-01-15T01:36:30.030+0530][60.116s][info][gc,stats    ]    Critical: Allocation Stall                                  0 / 0                 0 / 0                 0 / 0                 0 / 0           ops/s
[2026-01-15T01:36:30.030+0530][60.116s][info][gc,stats    ]    Critical: Allocation Stall                              0.000 / 0.000         0.000 / 0.000         0.000 / 0.000         0.000 / 0.000       ms
[2026-01-15T01:36:30.030+0530][60.116s][info][gc,stats    ]    Critical: GC Locker Stall                                   0 / 0                 0 / 0                 0 / 0                 0 / 0           ops/s
[2026-01-15T01:36:30.030+0530][60.116s][info][gc,stats    ]    Critical: GC Locker Stall                               0.000 / 0.000         0.000 / 0.000         0.000 / 0.000         0.000 / 0.000       ms
[2026-01-15T01:36:30.030+0530][60.116s][info][gc,stats    ]    Critical: Relocation Stall                                  0 / 0                 0 / 0                 0 / 0                 0 / 0           ops/s
[2026-01-15T01:36:30.030+0530][60.116s][info][gc,stats    ]    Critical: Relocation Stall                              0.000 / 0.000         0.000 / 0.000         0.000 / 0.000         0.000 / 0.000       ms
[2026-01-15T01:36:30.030+0530][60.116s][info][gc,stats    ]      Memory: Allocation Rate                                 177 / 192             177 / 202             177 / 202             177 / 202         MB/s
[2026-01-15T01:36:30.030+0530][60.116s][info][gc,stats    ]      Memory: Defragment                                        0 / 0                 0 / 0                 0 / 0                 0 / 0           ops/s
[2026-01-15T01:36:30.030+0530][60.116s][info][gc,stats    ]      Memory: Out Of Memory                                     0 / 0                 0 / 0                 0 / 0                 0 / 0           ops/s
[2026-01-15T01:36:30.030+0530][60.116s][info][gc,stats    ]      Memory: Page Cache Flush                                  0 / 0                 0 / 0                 0 / 0                 0 / 0           MB/s
[2026-01-15T01:36:30.030+0530][60.116s][info][gc,stats    ]      Memory: Page Cache Hit L1                                11 / 13               10 / 15               10 / 15               10 / 15          ops/s
[2026-01-15T01:36:30.030+0530][60.116s][info][gc,stats    ]      Memory: Page Cache Hit L2                                 0 / 0                 0 / 0                 0 / 0                 0 / 0           ops/s
[2026-01-15T01:36:30.030+0530][60.116s][info][gc,stats    ]      Memory: Page Cache Hit L3                                 0 / 0                 0 / 14                0 / 14                0 / 14          ops/s
[2026-01-15T01:36:30.030+0530][60.116s][info][gc,stats    ]      Memory: Page Cache Miss                                   0 / 0                 0 / 1                 0 / 1                 0 / 1           ops/s
[2026-01-15T01:36:30.030+0530][60.116s][info][gc,stats    ]      Memory: Uncommit                                          0 / 0                 0 / 0                 0 / 0                 0 / 0           MB/s
[2026-01-15T01:36:30.031+0530][60.116s][info][gc,stats    ]      Memory: Undo Object Allocation Failed                     0 / 0                 0 / 0                 0 / 0                 0 / 0           ops/s
[2026-01-15T01:36:30.031+0530][60.116s][info][gc,stats    ]      Memory: Undo Object Allocation Succeeded                  0 / 0                 0 / 0                 0 / 0                 0 / 0           ops/s
[2026-01-15T01:36:30.031+0530][60.116s][info][gc,stats    ]      Memory: Undo Page Allocation                              0 / 0                 0 / 0                 0 / 0                 0 / 0           ops/s
[2026-01-15T01:36:30.031+0530][60.116s][info][gc,stats    ]       Phase: Concurrent Mark                              15.200 / 16.392       15.080 / 16.421       15.080 / 16.421       15.080 / 16.421      ms
[2026-01-15T01:36:30.031+0530][60.116s][info][gc,stats    ]       Phase: Concurrent Mark Continue                      0.000 / 0.000         0.000 / 0.000         0.000 / 0.000         0.000 / 0.000       ms
[2026-01-15T01:36:30.031+0530][60.116s][info][gc,stats    ]       Phase: Concurrent Mark Free                          0.001 / 0.002         0.001 / 0.005         0.001 / 0.005         0.001 / 0.005       ms
[2026-01-15T01:36:30.031+0530][60.116s][info][gc,stats    ]       Phase: Concurrent Process Non-Strong References      0.678 / 1.332         0.633 / 1.414         0.633 / 1.414         0.633 / 1.414       ms
[2026-01-15T01:36:30.031+0530][60.116s][info][gc,stats    ]       Phase: Concurrent Relocate                           0.109 / 0.249         0.307 / 3.117         0.307 / 3.117         0.307 / 3.117       ms
[2026-01-15T01:36:30.031+0530][60.117s][info][gc,stats    ]       Phase: Concurrent Reset Relocation Set               0.000 / 0.001         0.001 / 0.002         0.001 / 0.002         0.001 / 0.002       ms
[2026-01-15T01:36:30.031+0530][60.117s][info][gc,stats    ]       Phase: Concurrent Select Relocation Set              1.951 / 3.203         2.257 / 8.189         2.257 / 8.189         2.257 / 8.189       ms
[2026-01-15T01:36:30.031+0530][60.117s][info][gc,stats    ]       Phase: Pause Mark End                                0.017 / 0.024         0.018 / 0.025         0.018 / 0.025         0.018 / 0.025       ms
[2026-01-15T01:36:30.031+0530][60.117s][info][gc,stats    ]       Phase: Pause Mark Start                              0.011 / 0.022         0.012 / 0.023         0.012 / 0.023         0.012 / 0.023       ms
[2026-01-15T01:36:30.031+0530][60.117s][info][gc,stats    ]       Phase: Pause Relocate Start                          0.007 / 0.010         0.008 / 0.012         0.008 / 0.012         0.008 / 0.012       ms
[2026-01-15T01:36:30.031+0530][60.117s][info][gc,stats    ]    Subphase: Concurrent Classes Purge                      0.007 / 0.010         0.010 / 0.026         0.010 / 0.026         0.010 / 0.026       ms
[2026-01-15T01:36:30.031+0530][60.117s][info][gc,stats    ]    Subphase: Concurrent Classes Unlink                     0.336 / 0.797         0.288 / 1.077         0.288 / 1.077         0.288 / 1.077       ms
[2026-01-15T01:36:30.031+0530][60.117s][info][gc,stats    ]    Subphase: Concurrent Mark                               8.424 / 15.937        8.270 / 16.115        8.270 / 16.115        8.270 / 16.115      ms
[2026-01-15T01:36:30.031+0530][60.117s][info][gc,stats    ]    Subphase: Concurrent Mark Try Flush                     0.055 / 0.150         0.072 / 0.293         0.072 / 0.293         0.072 / 0.293       ms
[2026-01-15T01:36:30.031+0530][60.117s][info][gc,stats    ]    Subphase: Concurrent Mark Try Terminate                 4.296 / 14.052        4.336 / 15.164        4.336 / 15.164        4.336 / 15.164      ms
[2026-01-15T01:36:30.031+0530][60.117s][info][gc,stats    ]    Subphase: Concurrent References Enqueue                 0.000 / 0.000         0.001 / 0.004         0.001 / 0.004         0.001 / 0.004       ms
[2026-01-15T01:36:30.031+0530][60.117s][info][gc,stats    ]    Subphase: Concurrent References Process                 0.065 / 0.149         0.067 / 0.171         0.067 / 0.171         0.067 / 0.171       ms
[2026-01-15T01:36:30.031+0530][60.117s][info][gc,stats    ]    Subphase: Concurrent Roots ClassLoaderDataGraph         0.043 / 0.130         0.043 / 0.279         0.043 / 0.279         0.043 / 0.279       ms
[2026-01-15T01:36:30.031+0530][60.117s][info][gc,stats    ]    Subphase: Concurrent Roots CodeCache                    0.000 / 0.000         0.000 / 0.000         0.000 / 0.000         0.000 / 0.000       ms
[2026-01-15T01:36:30.031+0530][60.117s][info][gc,stats    ]    Subphase: Concurrent Roots JavaThreads                  0.145 / 0.293         0.151 / 0.435         0.151 / 0.435         0.151 / 0.435       ms
[2026-01-15T01:36:30.031+0530][60.117s][info][gc,stats    ]    Subphase: Concurrent Roots OopStorageSet                0.009 / 0.014         0.012 / 0.056         0.012 / 0.056         0.012 / 0.056       ms
[2026-01-15T01:36:30.031+0530][60.117s][info][gc,stats    ]    Subphase: Concurrent Weak Roots OopStorageSet           0.132 / 0.256         0.114 / 0.417         0.114 / 0.417         0.114 / 0.417       ms
[2026-01-15T01:36:30.031+0530][60.117s][info][gc,stats    ]    Subphase: Pause Mark Try Complete                       0.000 / 0.000         0.000 / 0.000         0.000 / 0.000         0.000 / 0.000       ms
[2026-01-15T01:36:30.031+0530][60.117s][info][gc,stats    ]      System: Java Threads                                     11 / 11               11 / 13               11 / 13               11 / 13          threads
[2026-01-15T01:36:30.031+0530][60.117s][info][gc,stats    ] =========================================================================================================================================================
[2026-01-15T01:36:30.181+0530][60.266s][info][gc,heap,exit] Heap
[2026-01-15T01:36:30.181+0530][60.266s][info][gc,heap,exit]  ZHeap           used 136M, capacity 512M, max capacity 512M
[2026-01-15T01:36:30.181+0530][60.266s][info][gc,heap,exit]  Metaspace       used 8294K, committed 8512K, reserved 1114112K
[2026-01-15T01:36:30.181+0530][60.266s][info][gc,heap,exit]   class space    used 660K, committed 768K, reserved 1048576K
